<?xml version="1.0"?>
<link_info>
   <banner>TI ARM Linker PC v5.1.6</banner>
   <copyright>Copyright (c) 1996-2014 Texas Instruments Incorporated</copyright>
   <link_time>0x5538a8cf</link_time>
   <link_errors>0x0</link_errors>
   <output_file>getting_started_with_wlan_station.out</output_file>
   <entry_point>
      <name>_c_int00</name>
      <address>0xaaf5</address>
   </entry_point>
   <input_file_list>
      <input_file id="fl-2">
         <path>.\uart\</path>
         <kind>object</kind>
         <file>uart.obj</file>
         <name>uart.obj</name>
      </input_file>
      <input_file id="fl-3">
         <path>.\src\</path>
         <kind>object</kind>
         <file>externals.obj</file>
         <name>externals.obj</name>
      </input_file>
      <input_file id="fl-4">
         <path>.\src\</path>
         <kind>object</kind>
         <file>gpio.obj</file>
         <name>gpio.obj</name>
      </input_file>
      <input_file id="fl-5">
         <path>.\src\</path>
         <kind>object</kind>
         <file>i2c.obj</file>
         <name>i2c.obj</name>
      </input_file>
      <input_file id="fl-6">
         <path>.\src\</path>
         <kind>object</kind>
         <file>interruptHandlers.obj</file>
         <name>interruptHandlers.obj</name>
      </input_file>
      <input_file id="fl-7">
         <path>.\src\</path>
         <kind>object</kind>
         <file>lightsManager.obj</file>
         <name>lightsManager.obj</name>
      </input_file>
      <input_file id="fl-8">
         <path>.\src\</path>
         <kind>object</kind>
         <file>main.obj</file>
         <name>main.obj</name>
      </input_file>
      <input_file id="fl-9">
         <path>.\src\</path>
         <kind>object</kind>
         <file>phone.obj</file>
         <name>phone.obj</name>
      </input_file>
      <input_file id="fl-a">
         <path>.\src\</path>
         <kind>object</kind>
         <file>server.obj</file>
         <name>server.obj</name>
      </input_file>
      <input_file id="fl-b">
         <path>.\src\</path>
         <kind>object</kind>
         <file>startup_ccs.obj</file>
         <name>startup_ccs.obj</name>
      </input_file>
      <input_file id="fl-c">
         <path>.\src\</path>
         <kind>object</kind>
         <file>wrapper.obj</file>
         <name>wrapper.obj</name>
      </input_file>
      <input_file id="fl-d">
         <path>.\spi\</path>
         <kind>object</kind>
         <file>spi.obj</file>
         <name>spi.obj</name>
      </input_file>
      <input_file id="fl-e">
         <path>.\simplelink\source\</path>
         <kind>object</kind>
         <file>device.obj</file>
         <name>device.obj</name>
      </input_file>
      <input_file id="fl-f">
         <path>.\simplelink\source\</path>
         <kind>object</kind>
         <file>driver.obj</file>
         <name>driver.obj</name>
      </input_file>
      <input_file id="fl-10">
         <path>.\simplelink\source\</path>
         <kind>object</kind>
         <file>flowcont.obj</file>
         <name>flowcont.obj</name>
      </input_file>
      <input_file id="fl-11">
         <path>.\simplelink\source\</path>
         <kind>object</kind>
         <file>fs.obj</file>
         <name>fs.obj</name>
      </input_file>
      <input_file id="fl-12">
         <path>.\simplelink\source\</path>
         <kind>object</kind>
         <file>netapp.obj</file>
         <name>netapp.obj</name>
      </input_file>
      <input_file id="fl-13">
         <path>.\simplelink\source\</path>
         <kind>object</kind>
         <file>netcfg.obj</file>
         <name>netcfg.obj</name>
      </input_file>
      <input_file id="fl-14">
         <path>.\simplelink\source\</path>
         <kind>object</kind>
         <file>nonos.obj</file>
         <name>nonos.obj</name>
      </input_file>
      <input_file id="fl-15">
         <path>.\simplelink\source\</path>
         <kind>object</kind>
         <file>socket.obj</file>
         <name>socket.obj</name>
      </input_file>
      <input_file id="fl-16">
         <path>.\simplelink\source\</path>
         <kind>object</kind>
         <file>spawn.obj</file>
         <name>spawn.obj</name>
      </input_file>
      <input_file id="fl-17">
         <path>.\simplelink\source\</path>
         <kind>object</kind>
         <file>wlan.obj</file>
         <name>wlan.obj</name>
      </input_file>
      <input_file id="fl-18">
         <path>.\cli_uart\</path>
         <kind>object</kind>
         <file>cli_uart.obj</file>
         <name>cli_uart.obj</name>
      </input_file>
      <input_file id="fl-19">
         <path>.\board\</path>
         <kind>object</kind>
         <file>board.obj</file>
         <name>board.obj</name>
      </input_file>
      <input_file id="fl-1a">
         <path>.\FreeRTOS\Source\</path>
         <kind>object</kind>
         <file>croutine.obj</file>
         <name>croutine.obj</name>
      </input_file>
      <input_file id="fl-1b">
         <path>.\FreeRTOS\Source\</path>
         <kind>object</kind>
         <file>list.obj</file>
         <name>list.obj</name>
      </input_file>
      <input_file id="fl-1c">
         <path>.\FreeRTOS\Source\</path>
         <kind>object</kind>
         <file>queue.obj</file>
         <name>queue.obj</name>
      </input_file>
      <input_file id="fl-1d">
         <path>.\FreeRTOS\Source\</path>
         <kind>object</kind>
         <file>tasks.obj</file>
         <name>tasks.obj</name>
      </input_file>
      <input_file id="fl-1e">
         <path>.\FreeRTOS\Source\portable\MemMang\</path>
         <kind>object</kind>
         <file>heap_4.obj</file>
         <name>heap_4.obj</name>
      </input_file>
      <input_file id="fl-1f">
         <path>.\FreeRTOS\Source\portable\CCS4\ARM_CM3\</path>
         <kind>object</kind>
         <file>port.obj</file>
         <name>port.obj</name>
      </input_file>
      <input_file id="fl-20">
         <path>.\FreeRTOS\Source\portable\CCS4\ARM_CM3\</path>
         <kind>object</kind>
         <file>portasm.obj</file>
         <name>portasm.obj</name>
      </input_file>
      <input_file id="fl-14e">
         <path>c:\ti\ccsv6\tools\compiler\arm_5.1.6\lib\</path>
         <kind>archive</kind>
         <file>rtsv7M4_T_le_v4SPD16_eabi.lib</file>
         <name>boot.obj</name>
      </input_file>
      <input_file id="fl-14f">
         <path>c:\ti\ccsv6\tools\compiler\arm_5.1.6\lib\</path>
         <kind>archive</kind>
         <file>rtsv7M4_T_le_v4SPD16_eabi.lib</file>
         <name>copy_decompress_none.obj</name>
      </input_file>
      <input_file id="fl-150">
         <path>c:\ti\ccsv6\tools\compiler\arm_5.1.6\lib\</path>
         <kind>archive</kind>
         <file>rtsv7M4_T_le_v4SPD16_eabi.lib</file>
         <name>copy_decompress_rle.obj</name>
      </input_file>
      <input_file id="fl-151">
         <path>c:\ti\ccsv6\tools\compiler\arm_5.1.6\lib\</path>
         <kind>archive</kind>
         <file>rtsv7M4_T_le_v4SPD16_eabi.lib</file>
         <name>copy_zero_init.obj</name>
      </input_file>
      <input_file id="fl-152">
         <path>c:\ti\ccsv6\tools\compiler\arm_5.1.6\lib\</path>
         <kind>archive</kind>
         <file>rtsv7M4_T_le_v4SPD16_eabi.lib</file>
         <name>exit.obj</name>
      </input_file>
      <input_file id="fl-153">
         <path>c:\ti\ccsv6\tools\compiler\arm_5.1.6\lib\</path>
         <kind>archive</kind>
         <file>rtsv7M4_T_le_v4SPD16_eabi.lib</file>
         <name>memcmp.obj</name>
      </input_file>
      <input_file id="fl-154">
         <path>c:\ti\ccsv6\tools\compiler\arm_5.1.6\lib\</path>
         <kind>archive</kind>
         <file>rtsv7M4_T_le_v4SPD16_eabi.lib</file>
         <name>memcpy_t2.obj</name>
      </input_file>
      <input_file id="fl-155">
         <path>c:\ti\ccsv6\tools\compiler\arm_5.1.6\lib\</path>
         <kind>archive</kind>
         <file>rtsv7M4_T_le_v4SPD16_eabi.lib</file>
         <name>memset_t2.obj</name>
      </input_file>
      <input_file id="fl-156">
         <path>c:\ti\ccsv6\tools\compiler\arm_5.1.6\lib\</path>
         <kind>archive</kind>
         <file>rtsv7M4_T_le_v4SPD16_eabi.lib</file>
         <name>sprintf.obj</name>
      </input_file>
      <input_file id="fl-157">
         <path>c:\ti\ccsv6\tools\compiler\arm_5.1.6\lib\</path>
         <kind>archive</kind>
         <file>rtsv7M4_T_le_v4SPD16_eabi.lib</file>
         <name>stkdepth_vars.obj</name>
      </input_file>
      <input_file id="fl-158">
         <path>c:\ti\ccsv6\tools\compiler\arm_5.1.6\lib\</path>
         <kind>archive</kind>
         <file>rtsv7M4_T_le_v4SPD16_eabi.lib</file>
         <name>strcat.obj</name>
      </input_file>
      <input_file id="fl-159">
         <path>c:\ti\ccsv6\tools\compiler\arm_5.1.6\lib\</path>
         <kind>archive</kind>
         <file>rtsv7M4_T_le_v4SPD16_eabi.lib</file>
         <name>strlen.obj</name>
      </input_file>
      <input_file id="fl-15a">
         <path>c:\ti\ccsv6\tools\compiler\arm_5.1.6\lib\</path>
         <kind>archive</kind>
         <file>rtsv7M4_T_le_v4SPD16_eabi.lib</file>
         <name>strncpy.obj</name>
      </input_file>
      <input_file id="fl-15b">
         <path>c:\ti\ccsv6\tools\compiler\arm_5.1.6\lib\</path>
         <kind>archive</kind>
         <file>rtsv7M4_T_le_v4SPD16_eabi.lib</file>
         <name>_lock.obj</name>
      </input_file>
      <input_file id="fl-15c">
         <path>c:\ti\ccsv6\tools\compiler\arm_5.1.6\lib\</path>
         <kind>archive</kind>
         <file>rtsv7M4_T_le_v4SPD16_eabi.lib</file>
         <name>_printfi.obj</name>
      </input_file>
      <input_file id="fl-15d">
         <path>c:\ti\ccsv6\tools\compiler\arm_5.1.6\lib\</path>
         <kind>archive</kind>
         <file>rtsv7M4_T_le_v4SPD16_eabi.lib</file>
         <name>args_main.obj</name>
      </input_file>
      <input_file id="fl-15e">
         <path>c:\ti\ccsv6\tools\compiler\arm_5.1.6\lib\</path>
         <kind>archive</kind>
         <file>rtsv7M4_T_le_v4SPD16_eabi.lib</file>
         <name>atoi.obj</name>
      </input_file>
      <input_file id="fl-15f">
         <path>c:\ti\ccsv6\tools\compiler\arm_5.1.6\lib\</path>
         <kind>archive</kind>
         <file>rtsv7M4_T_le_v4SPD16_eabi.lib</file>
         <name>auto_init.obj</name>
      </input_file>
      <input_file id="fl-160">
         <path>c:\ti\ccsv6\tools\compiler\arm_5.1.6\lib\</path>
         <kind>archive</kind>
         <file>rtsv7M4_T_le_v4SPD16_eabi.lib</file>
         <name>cpy_tbl.obj</name>
      </input_file>
      <input_file id="fl-161">
         <path>c:\ti\ccsv6\tools\compiler\arm_5.1.6\lib\</path>
         <kind>archive</kind>
         <file>rtsv7M4_T_le_v4SPD16_eabi.lib</file>
         <name>ctype.obj</name>
      </input_file>
      <input_file id="fl-162">
         <path>c:\ti\ccsv6\tools\compiler\arm_5.1.6\lib\</path>
         <kind>archive</kind>
         <file>rtsv7M4_T_le_v4SPD16_eabi.lib</file>
         <name>fd_add_t2.obj</name>
      </input_file>
      <input_file id="fl-163">
         <path>c:\ti\ccsv6\tools\compiler\arm_5.1.6\lib\</path>
         <kind>archive</kind>
         <file>rtsv7M4_T_le_v4SPD16_eabi.lib</file>
         <name>fd_cmp_t2.obj</name>
      </input_file>
      <input_file id="fl-164">
         <path>c:\ti\ccsv6\tools\compiler\arm_5.1.6\lib\</path>
         <kind>archive</kind>
         <file>rtsv7M4_T_le_v4SPD16_eabi.lib</file>
         <name>fd_div_t2.obj</name>
      </input_file>
      <input_file id="fl-165">
         <path>c:\ti\ccsv6\tools\compiler\arm_5.1.6\lib\</path>
         <kind>archive</kind>
         <file>rtsv7M4_T_le_v4SPD16_eabi.lib</file>
         <name>fd_mul_t2.obj</name>
      </input_file>
      <input_file id="fl-166">
         <path>c:\ti\ccsv6\tools\compiler\arm_5.1.6\lib\</path>
         <kind>archive</kind>
         <file>rtsv7M4_T_le_v4SPD16_eabi.lib</file>
         <name>fd_toi_t2.obj</name>
      </input_file>
      <input_file id="fl-167">
         <path>c:\ti\ccsv6\tools\compiler\arm_5.1.6\lib\</path>
         <kind>archive</kind>
         <file>rtsv7M4_T_le_v4SPD16_eabi.lib</file>
         <name>i_tofd_t2.obj</name>
      </input_file>
      <input_file id="fl-168">
         <path>c:\ti\ccsv6\tools\compiler\arm_5.1.6\lib\</path>
         <kind>archive</kind>
         <file>rtsv7M4_T_le_v4SPD16_eabi.lib</file>
         <name>ll_mul_t2.obj</name>
      </input_file>
      <input_file id="fl-169">
         <path>c:\ti\ccsv6\tools\compiler\arm_5.1.6\lib\</path>
         <kind>archive</kind>
         <file>rtsv7M4_T_le_v4SPD16_eabi.lib</file>
         <name>ltoa.obj</name>
      </input_file>
      <input_file id="fl-16a">
         <path>c:\ti\ccsv6\tools\compiler\arm_5.1.6\lib\</path>
         <kind>archive</kind>
         <file>rtsv7M4_T_le_v4SPD16_eabi.lib</file>
         <name>memccpy.obj</name>
      </input_file>
      <input_file id="fl-16b">
         <path>c:\ti\ccsv6\tools\compiler\arm_5.1.6\lib\</path>
         <kind>archive</kind>
         <file>rtsv7M4_T_le_v4SPD16_eabi.lib</file>
         <name>ull_div_t2.obj</name>
      </input_file>
      <input_file id="fl-16c">
         <path>c:\ti\ccsv6\tools\compiler\arm_5.1.6\lib\</path>
         <kind>archive</kind>
         <file>rtsv7M4_T_le_v4SPD16_eabi.lib</file>
         <name>xdclass.obj</name>
      </input_file>
      <input_file id="fl-16d">
         <path>c:\ti\ccsv6\tools\compiler\arm_5.1.6\lib\</path>
         <kind>archive</kind>
         <file>rtsv7M4_T_le_v4SPD16_eabi.lib</file>
         <name>xdtest.obj</name>
      </input_file>
      <input_file id="fl-16e">
         <path>C:\ti\TivaWare_C_Series-2.1.0.12573\driverlib\ccs\Debug\</path>
         <kind>archive</kind>
         <file>driverlib.lib</file>
         <name>uart.obj</name>
      </input_file>
      <input_file id="fl-16f">
         <path>C:\ti\TivaWare_C_Series-2.1.0.12573\driverlib\ccs\Debug\</path>
         <kind>archive</kind>
         <file>driverlib.lib</file>
         <name>sysctl.obj</name>
      </input_file>
      <input_file id="fl-170">
         <path>C:\ti\TivaWare_C_Series-2.1.0.12573\driverlib\ccs\Debug\</path>
         <kind>archive</kind>
         <file>driverlib.lib</file>
         <name>ssi.obj</name>
      </input_file>
      <input_file id="fl-171">
         <path>C:\ti\TivaWare_C_Series-2.1.0.12573\driverlib\ccs\Debug\</path>
         <kind>archive</kind>
         <file>driverlib.lib</file>
         <name>interrupt.obj</name>
      </input_file>
      <input_file id="fl-172">
         <path>C:\ti\TivaWare_C_Series-2.1.0.12573\driverlib\ccs\Debug\</path>
         <kind>archive</kind>
         <file>driverlib.lib</file>
         <name>gpio.obj</name>
      </input_file>
      <input_file id="fl-173">
         <path>C:\ti\TivaWare_C_Series-2.1.0.12573\driverlib\ccs\Debug\</path>
         <kind>archive</kind>
         <file>driverlib.lib</file>
         <name>fpu.obj</name>
      </input_file>
      <input_file id="fl-174">
         <path>C:\ti\TivaWare_C_Series-2.1.0.12573\driverlib\ccs\Debug\</path>
         <kind>archive</kind>
         <file>driverlib.lib</file>
         <name>cpu.obj</name>
      </input_file>
   </input_file_list>
   <object_component_list>
      <object_component id="oc-d">
         <name>.intvecs</name>
         <load_address>0x0</load_address>
         <run_address>0x0</run_address>
         <size>0xf0</size>
         <input_file_ref idref="fl-b"/>
      </object_component>
      <object_component id="oc-29f">
         <name>.text</name>
         <load_address>0xf0</load_address>
         <run_address>0xf0</run_address>
         <size>0x2020</size>
         <input_file_ref idref="fl-f"/>
      </object_component>
      <object_component id="oc-7e">
         <name>.text</name>
         <load_address>0x2110</load_address>
         <run_address>0x2110</run_address>
         <size>0xee4</size>
         <input_file_ref idref="fl-1d"/>
      </object_component>
      <object_component id="oc-2f6">
         <name>.text</name>
         <load_address>0x2ff4</load_address>
         <run_address>0x2ff4</run_address>
         <size>0xed4</size>
         <input_file_ref idref="fl-15"/>
      </object_component>
      <object_component id="oc-259">
         <name>.text</name>
         <load_address>0x3ec8</load_address>
         <run_address>0x3ec8</run_address>
         <size>0xec0</size>
         <input_file_ref idref="fl-15c"/>
      </object_component>
      <object_component id="oc-1f9">
         <name>.text</name>
         <load_address>0x4d88</load_address>
         <run_address>0x4d88</run_address>
         <size>0xb44</size>
         <input_file_ref idref="fl-12"/>
      </object_component>
      <object_component id="oc-1ed">
         <name>.text</name>
         <load_address>0x58cc</load_address>
         <run_address>0x58cc</run_address>
         <size>0xab8</size>
         <input_file_ref idref="fl-17"/>
      </object_component>
      <object_component id="oc-f8">
         <name>.text</name>
         <load_address>0x6384</load_address>
         <run_address>0x6384</run_address>
         <size>0x880</size>
         <input_file_ref idref="fl-8"/>
      </object_component>
      <object_component id="oc-df">
         <name>.text</name>
         <load_address>0x6c04</load_address>
         <run_address>0x6c04</run_address>
         <size>0x6f8</size>
         <input_file_ref idref="fl-1c"/>
      </object_component>
      <object_component id="oc-1e1">
         <name>.text</name>
         <load_address>0x72fc</load_address>
         <run_address>0x72fc</run_address>
         <size>0x5b4</size>
         <input_file_ref idref="fl-e"/>
      </object_component>
      <object_component id="oc-3f">
         <name>.text</name>
         <load_address>0x78b0</load_address>
         <run_address>0x78b0</run_address>
         <size>0x4a8</size>
         <input_file_ref idref="fl-6"/>
      </object_component>
      <object_component id="oc-207">
         <name>.text</name>
         <load_address>0x7d58</load_address>
         <run_address>0x7d58</run_address>
         <size>0x480</size>
         <input_file_ref idref="fl-7"/>
      </object_component>
      <object_component id="oc-30a">
         <name>.text</name>
         <load_address>0x81d8</load_address>
         <run_address>0x81d8</run_address>
         <size>0x3c4</size>
         <input_file_ref idref="fl-9"/>
      </object_component>
      <object_component id="oc-14a">
         <name>.text</name>
         <load_address>0x859c</load_address>
         <run_address>0x859c</run_address>
         <size>0x2dc</size>
         <input_file_ref idref="fl-1e"/>
      </object_component>
      <object_component id="oc-e5">
         <name>.text</name>
         <load_address>0x8878</load_address>
         <run_address>0x8878</run_address>
         <size>0x2cc</size>
         <input_file_ref idref="fl-3"/>
      </object_component>
      <object_component id="oc-20d">
         <name>.text</name>
         <load_address>0x8b44</load_address>
         <run_address>0x8b44</run_address>
         <size>0x2c8</size>
         <input_file_ref idref="fl-a"/>
      </object_component>
      <object_component id="oc-1b3">
         <name>.text</name>
         <load_address>0x8e0c</load_address>
         <run_address>0x8e0c</run_address>
         <size>0x284</size>
         <input_file_ref idref="fl-4"/>
      </object_component>
      <object_component id="oc-1b9">
         <name>.text</name>
         <load_address>0x9090</load_address>
         <run_address>0x9090</run_address>
         <size>0x228</size>
         <input_file_ref idref="fl-5"/>
      </object_component>
      <object_component id="oc-2a5">
         <name>.text</name>
         <load_address>0x92b8</load_address>
         <run_address>0x92b8</run_address>
         <size>0x204</size>
         <input_file_ref idref="fl-d"/>
      </object_component>
      <object_component id="oc-32c">
         <name>.text</name>
         <load_address>0x94bc</load_address>
         <run_address>0x94bc</run_address>
         <size>0x1f4</size>
         <input_file_ref idref="fl-16b"/>
      </object_component>
      <object_component id="oc-35a">
         <name>.text</name>
         <load_address>0x96b0</load_address>
         <run_address>0x96b0</run_address>
         <size>0x1b6</size>
         <input_file_ref idref="fl-162"/>
      </object_component>
      <object_component id="oc-340">
         <name>.text</name>
         <load_address>0x9866</load_address>
         <run_address>0x9866</run_address>
         <size>0x136</size>
         <input_file_ref idref="fl-164"/>
      </object_component>
      <object_component id="oc-3cf">
         <name>.text:GPIOPadConfigSet</name>
         <load_address>0x999c</load_address>
         <run_address>0x999c</run_address>
         <size>0x130</size>
         <input_file_ref idref="fl-172"/>
      </object_component>
      <object_component id="oc-1e7">
         <name>.text</name>
         <load_address>0x9acc</load_address>
         <run_address>0x9acc</run_address>
         <size>0x130</size>
         <input_file_ref idref="fl-14"/>
      </object_component>
      <object_component id="oc-11d">
         <name>.text</name>
         <load_address>0x9bfc</load_address>
         <run_address>0x9bfc</run_address>
         <size>0x12e</size>
         <input_file_ref idref="fl-1b"/>
      </object_component>
      <object_component id="oc-1d8">
         <name>.text</name>
         <load_address>0x9d2c</load_address>
         <run_address>0x9d2c</run_address>
         <size>0x120</size>
         <input_file_ref idref="fl-18"/>
      </object_component>
      <object_component id="oc-3b7">
         <name>.text:SysCtlClockGet</name>
         <load_address>0x9e4c</load_address>
         <run_address>0x9e4c</run_address>
         <size>0x118</size>
         <input_file_ref idref="fl-16f"/>
      </object_component>
      <object_component id="oc-1f3">
         <name>.text</name>
         <load_address>0x9f64</load_address>
         <run_address>0x9f64</run_address>
         <size>0x110</size>
         <input_file_ref idref="fl-13"/>
      </object_component>
      <object_component id="oc-39">
         <name>.text</name>
         <load_address>0xa074</load_address>
         <run_address>0xa074</run_address>
         <size>0x100</size>
         <input_file_ref idref="fl-19"/>
      </object_component>
      <object_component id="oc-33b">
         <name>.text</name>
         <load_address>0xa174</load_address>
         <run_address>0xa174</run_address>
         <size>0xfc</size>
         <input_file_ref idref="fl-165"/>
      </object_component>
      <object_component id="oc-a3">
         <name>.text:SysCtlClockSet</name>
         <load_address>0xa270</load_address>
         <run_address>0xa270</run_address>
         <size>0xf0</size>
         <input_file_ref idref="fl-16f"/>
      </object_component>
      <object_component id="oc-33">
         <name>.text</name>
         <load_address>0xa360</load_address>
         <run_address>0xa360</run_address>
         <size>0xe4</size>
         <input_file_ref idref="fl-1f"/>
      </object_component>
      <object_component id="oc-5d">
         <name>.text</name>
         <load_address>0xa444</load_address>
         <run_address>0xa444</run_address>
         <size>0x9c</size>
         <input_file_ref idref="fl-154"/>
      </object_component>
      <object_component id="oc-48">
         <name>.text</name>
         <load_address>0xa4e0</load_address>
         <run_address>0xa4e0</run_address>
         <size>0x94</size>
         <input_file_ref idref="fl-15f"/>
      </object_component>
      <object_component id="oc-2fe">
         <name>.text</name>
         <load_address>0xa574</load_address>
         <run_address>0xa574</run_address>
         <size>0x8c</size>
         <input_file_ref idref="fl-c"/>
      </object_component>
      <object_component id="oc-2e">
         <name>.text</name>
         <load_address>0xa600</load_address>
         <run_address>0xa600</run_address>
         <size>0x8a</size>
         <input_file_ref idref="fl-20"/>
      </object_component>
      <object_component id="oc-336">
         <name>.text:__aeabi_cdcmple</name>
         <load_address>0xa68a</load_address>
         <run_address>0xa68a</run_address>
         <size>0x86</size>
         <input_file_ref idref="fl-163"/>
      </object_component>
      <object_component id="oc-345">
         <name>.text:__aeabi_cdrcmple</name>
         <load_address>0xa710</load_address>
         <run_address>0xa710</run_address>
         <size>0x86</size>
         <input_file_ref idref="fl-163"/>
      </object_component>
      <object_component id="oc-395">
         <name>.text</name>
         <load_address>0xa798</load_address>
         <run_address>0xa798</run_address>
         <size>0x80</size>
         <input_file_ref idref="fl-10"/>
      </object_component>
      <object_component id="oc-150">
         <name>.text</name>
         <load_address>0xa818</load_address>
         <run_address>0xa818</run_address>
         <size>0x78</size>
         <input_file_ref idref="fl-155"/>
      </object_component>
      <object_component id="oc-3db">
         <name>.text:IntEnable</name>
         <load_address>0xa890</load_address>
         <run_address>0xa890</run_address>
         <size>0x60</size>
         <input_file_ref idref="fl-171"/>
      </object_component>
      <object_component id="oc-156">
         <name>.text</name>
         <load_address>0xa8f0</load_address>
         <run_address>0xa8f0</run_address>
         <size>0x60</size>
         <input_file_ref idref="fl-156"/>
      </object_component>
      <object_component id="oc-70">
         <name>.text</name>
         <load_address>0xa950</load_address>
         <run_address>0xa950</run_address>
         <size>0x5e</size>
         <input_file_ref idref="fl-150"/>
      </object_component>
      <object_component id="oc-34f">
         <name>.text</name>
         <load_address>0xa9ae</load_address>
         <run_address>0xa9ae</run_address>
         <size>0x5a</size>
         <input_file_ref idref="fl-169"/>
      </object_component>
      <object_component id="oc-3d5">
         <name>.text:GPIOIntTypeSet</name>
         <load_address>0xaa08</load_address>
         <run_address>0xaa08</run_address>
         <size>0x56</size>
         <input_file_ref idref="fl-172"/>
      </object_component>
      <object_component id="oc-36b">
         <name>.text</name>
         <load_address>0xaa60</load_address>
         <run_address>0xaa60</run_address>
         <size>0x4c</size>
         <input_file_ref idref="fl-15e"/>
      </object_component>
      <object_component id="oc-293">
         <name>.text:GPIOPinConfigure</name>
         <load_address>0xaaac</load_address>
         <run_address>0xaaac</run_address>
         <size>0x48</size>
         <input_file_ref idref="fl-172"/>
      </object_component>
      <object_component id="oc-10">
         <name>.text</name>
         <load_address>0xaaf4</load_address>
         <run_address>0xaaf4</run_address>
         <size>0x48</size>
         <input_file_ref idref="fl-14e"/>
      </object_component>
      <object_component id="oc-34a">
         <name>.text</name>
         <load_address>0xab3c</load_address>
         <run_address>0xab3c</run_address>
         <size>0x48</size>
         <input_file_ref idref="fl-166"/>
      </object_component>
      <object_component id="oc-f1">
         <name>.text</name>
         <load_address>0xab84</load_address>
         <run_address>0xab84</run_address>
         <size>0x44</size>
         <input_file_ref idref="fl-160"/>
      </object_component>
      <object_component id="oc-53">
         <name>.text</name>
         <load_address>0xabc8</load_address>
         <run_address>0xabc8</run_address>
         <size>0x44</size>
         <input_file_ref idref="fl-152"/>
      </object_component>
      <object_component id="oc-43e">
         <name>.text</name>
         <load_address>0xac0c</load_address>
         <run_address>0xac0c</run_address>
         <size>0x44</size>
         <input_file_ref idref="fl-16d"/>
      </object_component>
      <object_component id="oc-3bd">
         <name>.text:SSIConfigSetExpClk</name>
         <load_address>0xac50</load_address>
         <run_address>0xac50</run_address>
         <size>0x42</size>
         <input_file_ref idref="fl-170"/>
      </object_component>
      <object_component id="oc-3ab">
         <name>.text:SysCtlPeripheralEnable</name>
         <load_address>0xac94</load_address>
         <run_address>0xac94</run_address>
         <size>0x34</size>
         <input_file_ref idref="fl-16f"/>
      </object_component>
      <object_component id="oc-142">
         <name>.text</name>
         <load_address>0xacc8</load_address>
         <run_address>0xacc8</run_address>
         <size>0x30</size>
         <input_file_ref idref="fl-15a"/>
      </object_component>
      <object_component id="oc-355">
         <name>.text</name>
         <load_address>0xacf8</load_address>
         <run_address>0xacf8</run_address>
         <size>0x2e</size>
         <input_file_ref idref="fl-167"/>
      </object_component>
      <object_component id="oc-468">
         <name>.text:GPIODirModeSet</name>
         <load_address>0xad26</load_address>
         <run_address>0xad26</run_address>
         <size>0x2a</size>
         <input_file_ref idref="fl-172"/>
      </object_component>
      <object_component id="oc-134">
         <name>.text</name>
         <load_address>0xad50</load_address>
         <run_address>0xad50</run_address>
         <size>0x22</size>
         <input_file_ref idref="fl-153"/>
      </object_component>
      <object_component id="oc-365">
         <name>.text</name>
         <load_address>0xad72</load_address>
         <run_address>0xad72</run_address>
         <size>0x1c</size>
         <input_file_ref idref="fl-16a"/>
      </object_component>
      <object_component id="oc-12d">
         <name>.text</name>
         <load_address>0xad8e</load_address>
         <run_address>0xad8e</run_address>
         <size>0x1a</size>
         <input_file_ref idref="fl-158"/>
      </object_component>
      <object_component id="oc-4d">
         <name>.text</name>
         <load_address>0xada8</load_address>
         <run_address>0xada8</run_address>
         <size>0x18</size>
         <input_file_ref idref="fl-15d"/>
      </object_component>
      <object_component id="oc-331">
         <name>.text</name>
         <load_address>0xadc0</load_address>
         <run_address>0xadc0</run_address>
         <size>0x18</size>
         <input_file_ref idref="fl-168"/>
      </object_component>
      <object_component id="oc-226">
         <name>.text</name>
         <load_address>0xadd8</load_address>
         <run_address>0xadd8</run_address>
         <size>0x14</size>
         <input_file_ref idref="fl-15b"/>
      </object_component>
      <object_component id="oc-28d">
         <name>.text</name>
         <load_address>0xadec</load_address>
         <run_address>0xadec</run_address>
         <size>0x14</size>
         <input_file_ref idref="fl-159"/>
      </object_component>
      <object_component id="oc-3c9">
         <name>.text:GPIOPinTypeGPIOInput</name>
         <load_address>0xae00</load_address>
         <run_address>0xae00</run_address>
         <size>0x12</size>
         <input_file_ref idref="fl-172"/>
      </object_component>
      <object_component id="oc-3b1">
         <name>.text:GPIOPinTypeSSI</name>
         <load_address>0xae12</load_address>
         <run_address>0xae12</run_address>
         <size>0x12</size>
         <input_file_ref idref="fl-172"/>
      </object_component>
      <object_component id="oc-3f3">
         <name>.text:SSIDataGetNonBlocking</name>
         <load_address>0xae24</load_address>
         <run_address>0xae24</run_address>
         <size>0x12</size>
         <input_file_ref idref="fl-170"/>
      </object_component>
      <object_component id="oc-1b">
         <name>.text:decompress:ZI</name>
         <load_address>0xae36</load_address>
         <run_address>0xae36</run_address>
         <size>0x12</size>
         <input_file_ref idref="fl-151"/>
      </object_component>
      <object_component id="oc-35f">
         <name>.text</name>
         <load_address>0xae48</load_address>
         <run_address>0xae48</run_address>
         <size>0x12</size>
         <input_file_ref idref="fl-16c"/>
      </object_component>
      <object_component id="oc-97">
         <name>.text:FPUEnable</name>
         <load_address>0xae5c</load_address>
         <run_address>0xae5c</run_address>
         <size>0x10</size>
         <input_file_ref idref="fl-173"/>
      </object_component>
      <object_component id="oc-9d">
         <name>.text:FPULazyStackingEnable</name>
         <load_address>0xae6c</load_address>
         <run_address>0xae6c</run_address>
         <size>0x10</size>
         <input_file_ref idref="fl-173"/>
      </object_component>
      <object_component id="oc-af">
         <name>.text:GPIOIntDisable</name>
         <load_address>0xae7c</load_address>
         <run_address>0xae7c</run_address>
         <size>0xe</size>
         <input_file_ref idref="fl-172"/>
      </object_component>
      <object_component id="oc-b5">
         <name>.text:GPIOIntStatus</name>
         <load_address>0xae8a</load_address>
         <run_address>0xae8a</run_address>
         <size>0xe</size>
         <input_file_ref idref="fl-172"/>
      </object_component>
      <object_component id="oc-3ed">
         <name>.text:SSIDataPutNonBlocking</name>
         <load_address>0xae98</load_address>
         <run_address>0xae98</run_address>
         <size>0xe</size>
         <input_file_ref idref="fl-170"/>
      </object_component>
      <object_component id="oc-15">
         <name>.text:decompress:none</name>
         <load_address>0xaea6</load_address>
         <run_address>0xaea6</run_address>
         <size>0xe</size>
         <input_file_ref idref="fl-14f"/>
      </object_component>
      <object_component id="oc-47e">
         <name>.text:CPUcpsie</name>
         <load_address>0xaeb4</load_address>
         <run_address>0xaeb4</run_address>
         <size>0xc</size>
         <input_file_ref idref="fl-174"/>
      </object_component>
      <object_component id="oc-a9">
         <name>.text:GPIOIntEnable</name>
         <load_address>0xaec0</load_address>
         <run_address>0xaec0</run_address>
         <size>0xc</size>
         <input_file_ref idref="fl-172"/>
      </object_component>
      <object_component id="oc-28">
         <name>.text</name>
         <load_address>0xaecc</load_address>
         <run_address>0xaecc</run_address>
         <size>0xc</size>
         <input_file_ref idref="fl-b"/>
      </object_component>
      <object_component id="oc-3e1">
         <name>.text:IntMasterEnable</name>
         <load_address>0xaed8</load_address>
         <run_address>0xaed8</run_address>
         <size>0xa</size>
         <input_file_ref idref="fl-171"/>
      </object_component>
      <object_component id="oc-3c3">
         <name>.text:SSIEnable</name>
         <load_address>0xaee2</load_address>
         <run_address>0xaee2</run_address>
         <size>0xa</size>
         <input_file_ref idref="fl-170"/>
      </object_component>
      <object_component id="oc-c1">
         <name>.text:UARTIntStatus</name>
         <load_address>0xaeec</load_address>
         <run_address>0xaeec</run_address>
         <size>0xa</size>
         <input_file_ref idref="fl-16e"/>
      </object_component>
      <object_component id="oc-bb">
         <name>.text:GPIOIntClear</name>
         <load_address>0xaef6</load_address>
         <run_address>0xaef6</run_address>
         <size>0x6</size>
         <input_file_ref idref="fl-172"/>
      </object_component>
      <object_component id="oc-3e7">
         <name>.text:GPIOPinWrite</name>
         <load_address>0xaefc</load_address>
         <run_address>0xaefc</run_address>
         <size>0x6</size>
         <input_file_ref idref="fl-172"/>
      </object_component>
      <object_component id="oc-17d">
         <name>.text:SysCtlDelay</name>
         <load_address>0xaf02</load_address>
         <run_address>0xaf02</run_address>
         <size>0x6</size>
         <input_file_ref idref="fl-16f"/>
      </object_component>
      <object_component id="oc-21">
         <name>.text:decompress:rle24</name>
         <load_address>0xaf08</load_address>
         <run_address>0xaf08</run_address>
         <size>0x6</size>
         <input_file_ref idref="fl-150"/>
      </object_component>
      <object_component id="oc-c7">
         <name>.text:UARTIntClear</name>
         <load_address>0xaf0e</load_address>
         <run_address>0xaf0e</run_address>
         <size>0x4</size>
         <input_file_ref idref="fl-16e"/>
      </object_component>
      <object_component id="oc-447">
         <name>.const:.string:_ctypes_</name>
         <load_address>0xaf14</load_address>
         <run_address>0xaf14</run_address>
         <size>0x102</size>
         <input_file_ref idref="fl-161"/>
      </object_component>
      <object_component id="oc-2d1">
         <name>.const:$P$T0$1</name>
         <load_address>0xb018</load_address>
         <run_address>0xb018</run_address>
         <size>0xb0</size>
         <input_file_ref idref="fl-17"/>
      </object_component>
      <object_component id="oc-38a">
         <name>.const:g_pui32GPIOBaseAddrs</name>
         <load_address>0xb0c8</load_address>
         <run_address>0xb0c8</run_address>
         <size>0x90</size>
         <input_file_ref idref="fl-172"/>
      </object_component>
      <object_component id="oc-479">
         <name>.const</name>
         <load_address>0xb158</load_address>
         <run_address>0xb158</run_address>
         <size>0x70</size>
         <input_file_ref idref="fl-171"/>
      </object_component>
      <object_component id="oc-46f">
         <name>.const:g_pui32Xtals</name>
         <load_address>0xb1c8</load_address>
         <run_address>0xb1c8</run_address>
         <size>0x6c</size>
         <input_file_ref idref="fl-16f"/>
      </object_component>
      <object_component id="oc-2d4">
         <name>.const</name>
         <load_address>0xb234</load_address>
         <run_address>0xb234</run_address>
         <size>0x3c</size>
         <input_file_ref idref="fl-17"/>
      </object_component>
      <object_component id="oc-3a1">
         <name>.const:_SlActionLookupTable</name>
         <load_address>0xb270</load_address>
         <run_address>0xb270</run_address>
         <size>0x38</size>
         <input_file_ref idref="fl-f"/>
      </object_component>
      <object_component id="oc-41d">
         <name>.const</name>
         <load_address>0xb2a8</load_address>
         <run_address>0xb2a8</run_address>
         <size>0x34</size>
         <input_file_ref idref="fl-15"/>
      </object_component>
      <object_component id="oc-1ff">
         <name>.const:$P$T0$1</name>
         <load_address>0xb2dc</load_address>
         <run_address>0xb2dc</run_address>
         <size>0x2c</size>
         <input_file_ref idref="fl-8"/>
      </object_component>
      <object_component id="oc-2e8">
         <name>.const</name>
         <load_address>0xb308</load_address>
         <run_address>0xb308</run_address>
         <size>0x28</size>
         <input_file_ref idref="fl-12"/>
      </object_component>
      <object_component id="oc-202">
         <name>.const</name>
         <load_address>0xb330</load_address>
         <run_address>0xb330</run_address>
         <size>0x20</size>
         <input_file_ref idref="fl-8"/>
      </object_component>
      <object_component id="oc-141">
         <name>.const:.string</name>
         <load_address>0xb350</load_address>
         <run_address>0xb350</run_address>
         <size>0x14</size>
         <input_file_ref idref="fl-1d"/>
      </object_component>
      <object_component id="oc-2ae">
         <name>.const</name>
         <load_address>0xb364</load_address>
         <run_address>0xb364</run_address>
         <size>0x14</size>
         <input_file_ref idref="fl-e"/>
      </object_component>
      <object_component id="oc-39e">
         <name>.const</name>
         <load_address>0xb378</load_address>
         <run_address>0xb378</run_address>
         <size>0x14</size>
         <input_file_ref idref="fl-f"/>
      </object_component>
      <object_component id="oc-2de">
         <name>.const</name>
         <load_address>0xb38c</load_address>
         <run_address>0xb38c</run_address>
         <size>0x8</size>
         <input_file_ref idref="fl-13"/>
      </object_component>
      <object_component id="oc-24d">
         <name>.const</name>
         <load_address>0xb394</load_address>
         <run_address>0xb394</run_address>
         <size>0x4</size>
         <input_file_ref idref="fl-1e"/>
      </object_component>
      <object_component id="oc-4c8">
         <name>.cinit..data.load</name>
         <load_address>0xb398</load_address>
         <run_address>0xb398</run_address>
         <size>0xa4</size>
      </object_component>
      <object_component id="oc-4c6">
         <name>__TI_handler_table</name>
         <load_address>0xb43c</load_address>
         <run_address>0xb43c</run_address>
         <size>0xc</size>
      </object_component>
      <object_component id="oc-4c9">
         <name>.cinit..bss.load</name>
         <load_address>0xb448</load_address>
         <run_address>0xb448</run_address>
         <size>0x8</size>
      </object_component>
      <object_component id="oc-4c7">
         <name>__TI_cinit_table</name>
         <load_address>0xb450</load_address>
         <run_address>0xb450</run_address>
         <size>0x10</size>
      </object_component>
      <object_component id="oc-59">
         <name>.data</name>
         <load_address>0x20005500</load_address>
         <run_address>0x20005500</run_address>
         <size>0x4</size>
         <input_file_ref idref="fl-157"/>
      </object_component>
      <object_component id="oc-84">
         <name>.data</name>
         <load_address>0x20005478</load_address>
         <run_address>0x20005478</run_address>
         <size>0x38</size>
         <input_file_ref idref="fl-1d"/>
      </object_component>
      <object_component id="oc-88">
         <name>.data</name>
         <load_address>0x200054fc</load_address>
         <run_address>0x200054fc</run_address>
         <size>0x4</size>
         <input_file_ref idref="fl-1f"/>
      </object_component>
      <object_component id="oc-cd">
         <name>.data</name>
         <load_address>0x200054f8</load_address>
         <run_address>0x200054f8</run_address>
         <size>0x4</size>
         <input_file_ref idref="fl-19"/>
      </object_component>
      <object_component id="oc-d9">
         <name>.data</name>
         <load_address>0x200054c0</load_address>
         <run_address>0x200054c0</run_address>
         <size>0x10</size>
         <input_file_ref idref="fl-6"/>
      </object_component>
      <object_component id="oc-100">
         <name>.data</name>
         <load_address>0x200054e8</load_address>
         <run_address>0x200054e8</run_address>
         <size>0x8</size>
         <input_file_ref idref="fl-15b"/>
      </object_component>
      <object_component id="oc-103">
         <name>.data</name>
         <load_address>0x200054f0</load_address>
         <run_address>0x200054f0</run_address>
         <size>0x8</size>
         <input_file_ref idref="fl-152"/>
      </object_component>
      <object_component id="oc-1de">
         <name>.data</name>
         <load_address>0x200054d0</load_address>
         <run_address>0x200054d0</run_address>
         <size>0xa</size>
         <input_file_ref idref="fl-7"/>
      </object_component>
      <object_component id="oc-24a">
         <name>.data</name>
         <load_address>0x200054b0</load_address>
         <run_address>0x200054b0</run_address>
         <size>0x10</size>
         <input_file_ref idref="fl-1e"/>
      </object_component>
      <object_component id="oc-2ab">
         <name>.data</name>
         <load_address>0x200054dc</load_address>
         <run_address>0x200054dc</run_address>
         <size>0x9</size>
         <input_file_ref idref="fl-f"/>
      </object_component>
      <object_component id="oc-305">
         <name>.data:header</name>
         <load_address>0x200053fc</load_address>
         <run_address>0x200053fc</run_address>
         <size>0x7a</size>
         <input_file_ref idref="fl-7"/>
      </object_component>
      <object_component id="oc-dc">
         <name>.bss:lightsData</name>
         <uninitialized>true</uninitialized>
         <run_address>0x20004f84</run_address>
         <size>0x6c</size>
         <input_file_ref idref="fl-7"/>
      </object_component>
      <object_component id="oc-123">
         <name>.bss:pxReadyTasksLists</name>
         <uninitialized>true</uninitialized>
         <run_address>0x20004ff0</run_address>
         <size>0x64</size>
         <input_file_ref idref="fl-1d"/>
      </object_component>
      <object_component id="oc-161">
         <name>.bss:pcStatusString</name>
         <uninitialized>true</uninitialized>
         <run_address>0x200050a4</run_address>
         <size>0x34</size>
         <input_file_ref idref="fl-1d"/>
      </object_component>
      <object_component id="oc-1a4">
         <name>.bss:xQueueRegistry</name>
         <uninitialized>true</uninitialized>
         <run_address>0x20005054</run_address>
         <size>0x50</size>
         <input_file_ref idref="fl-1c"/>
      </object_component>
      <object_component id="oc-253">
         <name>.bss:ucHeap</name>
         <uninitialized>true</uninitialized>
         <run_address>0x20000000</run_address>
         <size>0x4e20</size>
         <input_file_ref idref="fl-1e"/>
      </object_component>
      <object_component id="oc-2c7">
         <name>.bss:g__SlNonOsCB</name>
         <uninitialized>true</uninitialized>
         <run_address>0x200050d8</run_address>
         <size>0x28</size>
         <input_file_ref idref="fl-14"/>
      </object_component>
      <object_component id="oc-39b">
         <name>.bss:g_StatMem</name>
         <uninitialized>true</uninitialized>
         <run_address>0x20004e20</run_address>
         <size>0x164</size>
         <input_file_ref idref="fl-f"/>
      </object_component>
      <object_component id="oc-42c">
         <name>.common:data</name>
         <uninitialized>true</uninitialized>
         <run_address>0x20005100</run_address>
         <size>0x14</size>
      </object_component>
      <object_component id="oc-42e">
         <name>.common:networking_sem</name>
         <uninitialized>true</uninitialized>
         <run_address>0x20005184</run_address>
         <size>0x4</size>
      </object_component>
      <object_component id="oc-42d">
         <name>.common:updateLight_sem</name>
         <uninitialized>true</uninitialized>
         <run_address>0x2000519c</run_address>
         <size>0x4</size>
      </object_component>
      <object_component id="oc-299">
         <name>.common:g_ucUARTBuffer</name>
         <uninitialized>true</uninitialized>
         <run_address>0x20005180</run_address>
         <size>0x4</size>
      </object_component>
      <object_component id="oc-d0">
         <name>.common:IntIsMasked</name>
         <uninitialized>true</uninitialized>
         <run_address>0x200051a0</run_address>
         <size>0x1</size>
      </object_component>
      <object_component id="oc-15c">
         <name>.common:xDelayedTaskList1</name>
         <uninitialized>true</uninitialized>
         <run_address>0x20005114</run_address>
         <size>0x14</size>
      </object_component>
      <object_component id="oc-15d">
         <name>.common:xDelayedTaskList2</name>
         <uninitialized>true</uninitialized>
         <run_address>0x20005128</run_address>
         <size>0x14</size>
      </object_component>
      <object_component id="oc-148">
         <name>.common:pxDelayedTaskList</name>
         <uninitialized>true</uninitialized>
         <run_address>0x20005194</run_address>
         <size>0x4</size>
      </object_component>
      <object_component id="oc-149">
         <name>.common:pxOverflowDelayedTaskList</name>
         <uninitialized>true</uninitialized>
         <run_address>0x20005198</run_address>
         <size>0x4</size>
      </object_component>
      <object_component id="oc-155">
         <name>.common:xPendingReadyList</name>
         <uninitialized>true</uninitialized>
         <run_address>0x2000513c</run_address>
         <size>0x14</size>
      </object_component>
      <object_component id="oc-160">
         <name>.common:xTasksWaitingTermination</name>
         <uninitialized>true</uninitialized>
         <run_address>0x20005164</run_address>
         <size>0x14</size>
      </object_component>
      <object_component id="oc-15f">
         <name>.common:xSuspendedTaskList</name>
         <uninitialized>true</uninitialized>
         <run_address>0x20005150</run_address>
         <size>0x14</size>
      </object_component>
      <object_component id="oc-13e">
         <name>.common:pcTraceBuffer</name>
         <uninitialized>true</uninitialized>
         <run_address>0x20005188</run_address>
         <size>0x4</size>
      </object_component>
      <object_component id="oc-13f">
         <name>.common:pcTraceBufferStart</name>
         <uninitialized>true</uninitialized>
         <run_address>0x20005190</run_address>
         <size>0x4</size>
      </object_component>
      <object_component id="oc-140">
         <name>.common:pcTraceBufferEnd</name>
         <uninitialized>true</uninitialized>
         <run_address>0x2000518c</run_address>
         <size>0x4</size>
      </object_component>
      <object_component id="oc-256">
         <name>.common:xStart</name>
         <uninitialized>true</uninitialized>
         <run_address>0x20005178</run_address>
         <size>0x8</size>
      </object_component>
      <object_component id="oc-27">
         <name>.stack</name>
         <uninitialized>true</uninitialized>
         <run_address>0x200051a4</run_address>
         <size>0x0</size>
         <input_file_ref idref="fl-14e"/>
      </object_component>
      <object_component id="oc-4ca">
         <name>.stack</name>
         <uninitialized>true</uninitialized>
         <run_address>0x200051a4</run_address>
         <size>0x0</size>
      </object_component>
      <object_component id="oc-e">
         <name>.debug_info</name>
         <load_address>0x0</load_address>
         <run_address>0x0</run_address>
         <size>0xef</size>
         <input_file_ref idref="fl-b"/>
      </object_component>
      <object_component id="oc-11">
         <name>.debug_info</name>
         <load_address>0xef</load_address>
         <run_address>0xef</run_address>
         <size>0xf3</size>
         <input_file_ref idref="fl-14e"/>
      </object_component>
      <object_component id="oc-19">
         <name>.debug_info</name>
         <load_address>0x1e2</load_address>
         <run_address>0x1e2</run_address>
         <size>0x194</size>
         <input_file_ref idref="fl-14f"/>
      </object_component>
      <object_component id="oc-1c">
         <name>.debug_info</name>
         <load_address>0x376</load_address>
         <run_address>0x376</run_address>
         <size>0x16a</size>
         <input_file_ref idref="fl-151"/>
      </object_component>
      <object_component id="oc-23">
         <name>.debug_info</name>
         <load_address>0x4e0</load_address>
         <run_address>0x4e0</run_address>
         <size>0x18e</size>
         <input_file_ref idref="fl-150"/>
      </object_component>
      <object_component id="oc-29">
         <name>.debug_info</name>
         <load_address>0x66e</load_address>
         <run_address>0x66e</run_address>
         <size>0x21a</size>
         <input_file_ref idref="fl-b"/>
      </object_component>
      <object_component id="oc-2f">
         <name>.debug_info</name>
         <load_address>0x888</load_address>
         <run_address>0x888</run_address>
         <size>0x178</size>
         <input_file_ref idref="fl-20"/>
      </object_component>
      <object_component id="oc-34">
         <name>.debug_info</name>
         <load_address>0xa00</load_address>
         <run_address>0xa00</run_address>
         <size>0x7a1</size>
         <input_file_ref idref="fl-1f"/>
      </object_component>
      <object_component id="oc-3a">
         <name>.debug_info</name>
         <load_address>0x11a1</load_address>
         <run_address>0x11a1</run_address>
         <size>0x6e4</size>
         <input_file_ref idref="fl-19"/>
      </object_component>
      <object_component id="oc-40">
         <name>.debug_info</name>
         <load_address>0x1885</load_address>
         <run_address>0x1885</run_address>
         <size>0x2a4</size>
         <input_file_ref idref="fl-6"/>
      </object_component>
      <object_component id="oc-47">
         <name>.debug_info</name>
         <load_address>0x1b29</load_address>
         <run_address>0x1b29</run_address>
         <size>0x22f</size>
         <input_file_ref idref="fl-b"/>
      </object_component>
      <object_component id="oc-4b">
         <name>.debug_info</name>
         <load_address>0x1d58</load_address>
         <run_address>0x1d58</run_address>
         <size>0x13d</size>
         <input_file_ref idref="fl-15f"/>
      </object_component>
      <object_component id="oc-51">
         <name>.debug_info</name>
         <load_address>0x1e95</load_address>
         <run_address>0x1e95</run_address>
         <size>0x11c</size>
         <input_file_ref idref="fl-15d"/>
      </object_component>
      <object_component id="oc-56">
         <name>.debug_info</name>
         <load_address>0x1fb1</load_address>
         <run_address>0x1fb1</run_address>
         <size>0x1c2</size>
         <input_file_ref idref="fl-152"/>
      </object_component>
      <object_component id="oc-5a">
         <name>.debug_info</name>
         <load_address>0x2173</load_address>
         <run_address>0x2173</run_address>
         <size>0xbe</size>
         <input_file_ref idref="fl-157"/>
      </object_component>
      <object_component id="oc-5f">
         <name>.debug_info</name>
         <load_address>0x2231</load_address>
         <run_address>0x2231</run_address>
         <size>0xcc</size>
         <input_file_ref idref="fl-154"/>
      </object_component>
      <object_component id="oc-63">
         <name>.debug_info</name>
         <load_address>0x22fd</load_address>
         <run_address>0x22fd</run_address>
         <size>0x46</size>
         <input_file_ref idref="fl-14f"/>
      </object_component>
      <object_component id="oc-68">
         <name>.debug_info</name>
         <load_address>0x2343</load_address>
         <run_address>0x2343</run_address>
         <size>0xf2</size>
         <input_file_ref idref="fl-14f"/>
      </object_component>
      <object_component id="oc-6a">
         <name>.debug_info</name>
         <load_address>0x2435</load_address>
         <run_address>0x2435</run_address>
         <size>0x46</size>
         <input_file_ref idref="fl-151"/>
      </object_component>
      <object_component id="oc-6f">
         <name>.debug_info</name>
         <load_address>0x247b</load_address>
         <run_address>0x247b</run_address>
         <size>0xad</size>
         <input_file_ref idref="fl-151"/>
      </object_component>
      <object_component id="oc-72">
         <name>.debug_info</name>
         <load_address>0x2528</load_address>
         <run_address>0x2528</run_address>
         <size>0x1ef</size>
         <input_file_ref idref="fl-150"/>
      </object_component>
      <object_component id="oc-77">
         <name>.debug_info</name>
         <load_address>0x2717</load_address>
         <run_address>0x2717</run_address>
         <size>0xb7</size>
         <input_file_ref idref="fl-150"/>
      </object_component>
      <object_component id="oc-78">
         <name>.debug_info</name>
         <load_address>0x27ce</load_address>
         <run_address>0x27ce</run_address>
         <size>0x39</size>
         <input_file_ref idref="fl-150"/>
      </object_component>
      <object_component id="oc-7f">
         <name>.debug_info</name>
         <load_address>0x2807</load_address>
         <run_address>0x2807</run_address>
         <size>0x2e97</size>
         <input_file_ref idref="fl-1d"/>
      </object_component>
      <object_component id="oc-85">
         <name>.debug_info</name>
         <load_address>0x569e</load_address>
         <run_address>0x569e</run_address>
         <size>0x345</size>
         <input_file_ref idref="fl-1d"/>
      </object_component>
      <object_component id="oc-89">
         <name>.debug_info</name>
         <load_address>0x59e3</load_address>
         <run_address>0x59e3</run_address>
         <size>0x113</size>
         <input_file_ref idref="fl-1f"/>
      </object_component>
      <object_component id="oc-8c">
         <name>.debug_info</name>
         <load_address>0x5af6</load_address>
         <run_address>0x5af6</run_address>
         <size>0x21c</size>
         <input_file_ref idref="fl-1f"/>
      </object_component>
      <object_component id="oc-8d">
         <name>.debug_info</name>
         <load_address>0x5d12</load_address>
         <run_address>0x5d12</run_address>
         <size>0x2c</size>
         <input_file_ref idref="fl-3"/>
      </object_component>
      <object_component id="oc-92">
         <name>.debug_info</name>
         <load_address>0x5d3e</load_address>
         <run_address>0x5d3e</run_address>
         <size>0x84</size>
         <input_file_ref idref="fl-2"/>
      </object_component>
      <object_component id="oc-98">
         <name>.debug_info</name>
         <load_address>0x5dc2</load_address>
         <run_address>0x5dc2</run_address>
         <size>0x171</size>
         <input_file_ref idref="fl-173"/>
      </object_component>
      <object_component id="oc-9f">
         <name>.debug_info</name>
         <load_address>0x5f33</load_address>
         <run_address>0x5f33</run_address>
         <size>0x189</size>
         <input_file_ref idref="fl-173"/>
      </object_component>
      <object_component id="oc-a7">
         <name>.debug_info</name>
         <load_address>0x60bc</load_address>
         <run_address>0x60bc</run_address>
         <size>0x363</size>
         <input_file_ref idref="fl-16f"/>
      </object_component>
      <object_component id="oc-ad">
         <name>.debug_info</name>
         <load_address>0x641f</load_address>
         <run_address>0x641f</run_address>
         <size>0x1f3</size>
         <input_file_ref idref="fl-172"/>
      </object_component>
      <object_component id="oc-b3">
         <name>.debug_info</name>
         <load_address>0x6612</load_address>
         <run_address>0x6612</run_address>
         <size>0x1f5</size>
         <input_file_ref idref="fl-172"/>
      </object_component>
      <object_component id="oc-b8">
         <name>.debug_info</name>
         <load_address>0x6807</load_address>
         <run_address>0x6807</run_address>
         <size>0x1e3</size>
         <input_file_ref idref="fl-172"/>
      </object_component>
      <object_component id="oc-bf">
         <name>.debug_info</name>
         <load_address>0x69ea</load_address>
         <run_address>0x69ea</run_address>
         <size>0x1f1</size>
         <input_file_ref idref="fl-172"/>
      </object_component>
      <object_component id="oc-c5">
         <name>.debug_info</name>
         <load_address>0x6bdb</load_address>
         <run_address>0x6bdb</run_address>
         <size>0x1e3</size>
         <input_file_ref idref="fl-16e"/>
      </object_component>
      <object_component id="oc-cb">
         <name>.debug_info</name>
         <load_address>0x6dbe</load_address>
         <run_address>0x6dbe</run_address>
         <size>0x1f1</size>
         <input_file_ref idref="fl-16e"/>
      </object_component>
      <object_component id="oc-ce">
         <name>.debug_info</name>
         <load_address>0x6faf</load_address>
         <run_address>0x6faf</run_address>
         <size>0xf3</size>
         <input_file_ref idref="fl-19"/>
      </object_component>
      <object_component id="oc-d1">
         <name>.debug_info</name>
         <load_address>0x70a2</load_address>
         <run_address>0x70a2</run_address>
         <size>0x4cd</size>
         <input_file_ref idref="fl-19"/>
      </object_component>
      <object_component id="oc-d4">
         <name>.debug_info</name>
         <load_address>0x756f</load_address>
         <run_address>0x756f</run_address>
         <size>0x2c</size>
         <input_file_ref idref="fl-3"/>
      </object_component>
      <object_component id="oc-da">
         <name>.debug_info</name>
         <load_address>0x759b</load_address>
         <run_address>0x759b</run_address>
         <size>0xf3</size>
         <input_file_ref idref="fl-6"/>
      </object_component>
      <object_component id="oc-dd">
         <name>.debug_info</name>
         <load_address>0x768e</load_address>
         <run_address>0x768e</run_address>
         <size>0xed</size>
         <input_file_ref idref="fl-7"/>
      </object_component>
      <object_component id="oc-e0">
         <name>.debug_info</name>
         <load_address>0x777b</load_address>
         <run_address>0x777b</run_address>
         <size>0x1e00</size>
         <input_file_ref idref="fl-1c"/>
      </object_component>
      <object_component id="oc-e6">
         <name>.debug_info</name>
         <load_address>0x957b</load_address>
         <run_address>0x957b</run_address>
         <size>0x567</size>
         <input_file_ref idref="fl-3"/>
      </object_component>
      <object_component id="oc-ec">
         <name>.debug_info</name>
         <load_address>0x9ae2</load_address>
         <run_address>0x9ae2</run_address>
         <size>0x752</size>
         <input_file_ref idref="fl-7"/>
      </object_component>
      <object_component id="oc-f5">
         <name>.debug_info</name>
         <load_address>0xa234</load_address>
         <run_address>0xa234</run_address>
         <size>0x14b</size>
         <input_file_ref idref="fl-160"/>
      </object_component>
      <object_component id="oc-f9">
         <name>.debug_info</name>
         <load_address>0xa37f</load_address>
         <run_address>0xa37f</run_address>
         <size>0xf09</size>
         <input_file_ref idref="fl-8"/>
      </object_component>
      <object_component id="oc-ff">
         <name>.debug_info</name>
         <load_address>0xb288</load_address>
         <run_address>0xb288</run_address>
         <size>0x11b</size>
         <input_file_ref idref="fl-15d"/>
      </object_component>
      <object_component id="oc-101">
         <name>.debug_info</name>
         <load_address>0xb3a3</load_address>
         <run_address>0xb3a3</run_address>
         <size>0xc8</size>
         <input_file_ref idref="fl-15b"/>
      </object_component>
      <object_component id="oc-104">
         <name>.debug_info</name>
         <load_address>0xb46b</load_address>
         <run_address>0xb46b</run_address>
         <size>0xeb</size>
         <input_file_ref idref="fl-152"/>
      </object_component>
      <object_component id="oc-107">
         <name>.debug_info</name>
         <load_address>0xb556</load_address>
         <run_address>0xb556</run_address>
         <size>0x146</size>
         <input_file_ref idref="fl-152"/>
      </object_component>
      <object_component id="oc-10c">
         <name>.debug_info</name>
         <load_address>0xb69c</load_address>
         <run_address>0xb69c</run_address>
         <size>0x2c</size>
         <input_file_ref idref="fl-14f"/>
      </object_component>
      <object_component id="oc-113">
         <name>.debug_info</name>
         <load_address>0xb6c8</load_address>
         <run_address>0xb6c8</run_address>
         <size>0x2c</size>
         <input_file_ref idref="fl-3"/>
      </object_component>
      <object_component id="oc-11e">
         <name>.debug_info</name>
         <load_address>0xb6f4</load_address>
         <run_address>0xb6f4</run_address>
         <size>0x4fb</size>
         <input_file_ref idref="fl-1b"/>
      </object_component>
      <object_component id="oc-124">
         <name>.debug_info</name>
         <load_address>0xbbef</load_address>
         <run_address>0xbbef</run_address>
         <size>0xfe</size>
         <input_file_ref idref="fl-1d"/>
      </object_component>
      <object_component id="oc-127">
         <name>.debug_info</name>
         <load_address>0xbced</load_address>
         <run_address>0xbced</run_address>
         <size>0x84a</size>
         <input_file_ref idref="fl-1d"/>
      </object_component>
      <object_component id="oc-131">
         <name>.debug_info</name>
         <load_address>0xc537</load_address>
         <run_address>0xc537</run_address>
         <size>0x189</size>
         <input_file_ref idref="fl-158"/>
      </object_component>
      <object_component id="oc-135">
         <name>.debug_info</name>
         <load_address>0xc6c0</load_address>
         <run_address>0xc6c0</run_address>
         <size>0x1a0</size>
         <input_file_ref idref="fl-153"/>
      </object_component>
      <object_component id="oc-143">
         <name>.debug_info</name>
         <load_address>0xc860</load_address>
         <run_address>0xc860</run_address>
         <size>0x182</size>
         <input_file_ref idref="fl-15a"/>
      </object_component>
      <object_component id="oc-14b">
         <name>.debug_info</name>
         <load_address>0xc9e2</load_address>
         <run_address>0xc9e2</run_address>
         <size>0x80f</size>
         <input_file_ref idref="fl-1e"/>
      </object_component>
      <object_component id="oc-151">
         <name>.debug_info</name>
         <load_address>0xd1f1</load_address>
         <run_address>0xd1f1</run_address>
         <size>0xfc</size>
         <input_file_ref idref="fl-155"/>
      </object_component>
      <object_component id="oc-157">
         <name>.debug_info</name>
         <load_address>0xd2ed</load_address>
         <run_address>0xd2ed</run_address>
         <size>0x2b5</size>
         <input_file_ref idref="fl-156"/>
      </object_component>
      <object_component id="oc-162">
         <name>.debug_info</name>
         <load_address>0xd5a2</load_address>
         <run_address>0xd5a2</run_address>
         <size>0xf8</size>
         <input_file_ref idref="fl-1d"/>
      </object_component>
      <object_component id="oc-165">
         <name>.debug_info</name>
         <load_address>0xd69a</load_address>
         <run_address>0xd69a</run_address>
         <size>0x16d</size>
         <input_file_ref idref="fl-3"/>
      </object_component>
      <object_component id="oc-16a">
         <name>.debug_info</name>
         <load_address>0xd807</load_address>
         <run_address>0xd807</run_address>
         <size>0x2c</size>
         <input_file_ref idref="fl-3"/>
      </object_component>
      <object_component id="oc-175">
         <name>.debug_info</name>
         <load_address>0xd833</load_address>
         <run_address>0xd833</run_address>
         <size>0x14c</size>
         <input_file_ref idref="fl-3"/>
      </object_component>
      <object_component id="oc-17a">
         <name>.debug_info</name>
         <load_address>0xd97f</load_address>
         <run_address>0xd97f</run_address>
         <size>0x59c</size>
         <input_file_ref idref="fl-3"/>
      </object_component>
      <object_component id="oc-17f">
         <name>.debug_info</name>
         <load_address>0xdf1b</load_address>
         <run_address>0xdf1b</run_address>
         <size>0x18b</size>
         <input_file_ref idref="fl-16e"/>
      </object_component>
      <object_component id="oc-184">
         <name>.debug_info</name>
         <load_address>0xe0a6</load_address>
         <run_address>0xe0a6</run_address>
         <size>0x226</size>
         <input_file_ref idref="fl-16f"/>
      </object_component>
      <object_component id="oc-186">
         <name>.debug_info</name>
         <load_address>0xe2cc</load_address>
         <run_address>0xe2cc</run_address>
         <size>0x1d7</size>
         <input_file_ref idref="fl-172"/>
      </object_component>
      <object_component id="oc-189">
         <name>.debug_info</name>
         <load_address>0xe4a3</load_address>
         <run_address>0xe4a3</run_address>
         <size>0x90</size>
         <input_file_ref idref="fl-16e"/>
      </object_component>
      <object_component id="oc-190">
         <name>.debug_info</name>
         <load_address>0xe533</load_address>
         <run_address>0xe533</run_address>
         <size>0x1ce</size>
         <input_file_ref idref="fl-16e"/>
      </object_component>
      <object_component id="oc-196">
         <name>.debug_info</name>
         <load_address>0xe701</load_address>
         <run_address>0xe701</run_address>
         <size>0x60f</size>
         <input_file_ref idref="fl-3"/>
      </object_component>
      <object_component id="oc-19b">
         <name>.debug_info</name>
         <load_address>0xed10</load_address>
         <run_address>0xed10</run_address>
         <size>0x6c8</size>
         <input_file_ref idref="fl-3"/>
      </object_component>
      <object_component id="oc-1a5">
         <name>.debug_info</name>
         <load_address>0xf3d8</load_address>
         <run_address>0xf3d8</run_address>
         <size>0xf9</size>
         <input_file_ref idref="fl-1c"/>
      </object_component>
      <object_component id="oc-1a8">
         <name>.debug_info</name>
         <load_address>0xf4d1</load_address>
         <run_address>0xf4d1</run_address>
         <size>0x174</size>
         <input_file_ref idref="fl-1c"/>
      </object_component>
      <object_component id="oc-1ad">
         <name>.debug_info</name>
         <load_address>0xf645</load_address>
         <run_address>0xf645</run_address>
         <size>0x5c8</size>
         <input_file_ref idref="fl-1c"/>
      </object_component>
      <object_component id="oc-1ae">
         <name>.debug_info</name>
         <load_address>0xfc0d</load_address>
         <run_address>0xfc0d</run_address>
         <size>0x110</size>
         <input_file_ref idref="fl-1b"/>
      </object_component>
      <object_component id="oc-1b4">
         <name>.debug_info</name>
         <load_address>0xfd1d</load_address>
         <run_address>0xfd1d</run_address>
         <size>0xa01</size>
         <input_file_ref idref="fl-4"/>
      </object_component>
      <object_component id="oc-1ba">
         <name>.debug_info</name>
         <load_address>0x1071e</load_address>
         <run_address>0x1071e</run_address>
         <size>0x7a2</size>
         <input_file_ref idref="fl-5"/>
      </object_component>
      <object_component id="oc-1c2">
         <name>.debug_info</name>
         <load_address>0x10ec0</load_address>
         <run_address>0x10ec0</run_address>
         <size>0x827</size>
         <input_file_ref idref="fl-3"/>
      </object_component>
      <object_component id="oc-1c7">
         <name>.debug_info</name>
         <load_address>0x116e7</load_address>
         <run_address>0x116e7</run_address>
         <size>0x119</size>
         <input_file_ref idref="fl-3"/>
      </object_component>
      <object_component id="oc-1cc">
         <name>.debug_info</name>
         <load_address>0x11800</load_address>
         <run_address>0x11800</run_address>
         <size>0x2c</size>
         <input_file_ref idref="fl-3"/>
      </object_component>
      <object_component id="oc-1d1">
         <name>.debug_info</name>
         <load_address>0x1182c</load_address>
         <run_address>0x1182c</run_address>
         <size>0x2c</size>
         <input_file_ref idref="fl-3"/>
      </object_component>
      <object_component id="oc-1d7">
         <name>.debug_info</name>
         <load_address>0x11858</load_address>
         <run_address>0x11858</run_address>
         <size>0x148</size>
         <input_file_ref idref="fl-160"/>
      </object_component>
      <object_component id="oc-1d9">
         <name>.debug_info</name>
         <load_address>0x119a0</load_address>
         <run_address>0x119a0</run_address>
         <size>0x2f0</size>
         <input_file_ref idref="fl-18"/>
      </object_component>
      <object_component id="oc-1df">
         <name>.debug_info</name>
         <load_address>0x11c90</load_address>
         <run_address>0x11c90</run_address>
         <size>0x154</size>
         <input_file_ref idref="fl-7"/>
      </object_component>
      <object_component id="oc-1e2">
         <name>.debug_info</name>
         <load_address>0x11de4</load_address>
         <run_address>0x11de4</run_address>
         <size>0x11ee</size>
         <input_file_ref idref="fl-e"/>
      </object_component>
      <object_component id="oc-1e8">
         <name>.debug_info</name>
         <load_address>0x12fd2</load_address>
         <run_address>0x12fd2</run_address>
         <size>0x4e3</size>
         <input_file_ref idref="fl-14"/>
      </object_component>
      <object_component id="oc-1ee">
         <name>.debug_info</name>
         <load_address>0x134b5</load_address>
         <run_address>0x134b5</run_address>
         <size>0x1c62</size>
         <input_file_ref idref="fl-17"/>
      </object_component>
      <object_component id="oc-1f4">
         <name>.debug_info</name>
         <load_address>0x15117</load_address>
         <run_address>0x15117</run_address>
         <size>0x429</size>
         <input_file_ref idref="fl-13"/>
      </object_component>
      <object_component id="oc-1fa">
         <name>.debug_info</name>
         <load_address>0x15540</load_address>
         <run_address>0x15540</run_address>
         <size>0x2262</size>
         <input_file_ref idref="fl-12"/>
      </object_component>
      <object_component id="oc-200">
         <name>.debug_info</name>
         <load_address>0x177a2</load_address>
         <run_address>0x177a2</run_address>
         <size>0xde</size>
         <input_file_ref idref="fl-8"/>
      </object_component>
      <object_component id="oc-203">
         <name>.debug_info</name>
         <load_address>0x17880</load_address>
         <run_address>0x17880</run_address>
         <size>0xfd</size>
         <input_file_ref idref="fl-8"/>
      </object_component>
      <object_component id="oc-208">
         <name>.debug_info</name>
         <load_address>0x1797d</load_address>
         <run_address>0x1797d</run_address>
         <size>0x675</size>
         <input_file_ref idref="fl-7"/>
      </object_component>
      <object_component id="oc-20e">
         <name>.debug_info</name>
         <load_address>0x17ff2</load_address>
         <run_address>0x17ff2</run_address>
         <size>0x4e6</size>
         <input_file_ref idref="fl-a"/>
      </object_component>
      <object_component id="oc-214">
         <name>.debug_info</name>
         <load_address>0x184d8</load_address>
         <run_address>0x184d8</run_address>
         <size>0xab3</size>
         <input_file_ref idref="fl-8"/>
      </object_component>
      <object_component id="oc-215">
         <name>.debug_info</name>
         <load_address>0x18f8b</load_address>
         <run_address>0x18f8b</run_address>
         <size>0x30f</size>
         <input_file_ref idref="fl-3"/>
      </object_component>
      <object_component id="oc-21a">
         <name>.debug_info</name>
         <load_address>0x1929a</load_address>
         <run_address>0x1929a</run_address>
         <size>0x92b</size>
         <input_file_ref idref="fl-3"/>
      </object_component>
      <object_component id="oc-221">
         <name>.debug_info</name>
         <load_address>0x19bc5</load_address>
         <run_address>0x19bc5</run_address>
         <size>0x5e</size>
         <input_file_ref idref="fl-15d"/>
      </object_component>
      <object_component id="oc-22a">
         <name>.debug_info</name>
         <load_address>0x19c23</load_address>
         <run_address>0x19c23</run_address>
         <size>0x1d4</size>
         <input_file_ref idref="fl-15b"/>
      </object_component>
      <object_component id="oc-22e">
         <name>.debug_info</name>
         <load_address>0x19df7</load_address>
         <run_address>0x19df7</run_address>
         <size>0xd9</size>
         <input_file_ref idref="fl-15b"/>
      </object_component>
      <object_component id="oc-235">
         <name>.debug_info</name>
         <load_address>0x19ed0</load_address>
         <run_address>0x19ed0</run_address>
         <size>0x159</size>
         <input_file_ref idref="fl-1b"/>
      </object_component>
      <object_component id="oc-23a">
         <name>.debug_info</name>
         <load_address>0x1a029</load_address>
         <run_address>0x1a029</run_address>
         <size>0xe8</size>
         <input_file_ref idref="fl-1d"/>
      </object_component>
      <object_component id="oc-23f">
         <name>.debug_info</name>
         <load_address>0x1a111</load_address>
         <run_address>0x1a111</run_address>
         <size>0xc8</size>
         <input_file_ref idref="fl-1d"/>
      </object_component>
      <object_component id="oc-245">
         <name>.debug_info</name>
         <load_address>0x1a1d9</load_address>
         <run_address>0x1a1d9</run_address>
         <size>0xaa</size>
         <input_file_ref idref="fl-158"/>
      </object_component>
      <object_component id="oc-247">
         <name>.debug_info</name>
[...]
         <value>0x265d</value>
         <object_component_ref idref="oc-7e"/>
      </symbol>
      <symbol id="sm-b9d">
         <name>uxTaskGetStackHighWaterMark</name>
         <value>0x2e7f</value>
         <object_component_ref idref="oc-7e"/>
      </symbol>
      <symbol id="sm-b9e">
         <name>vTaskPriorityDisinherit</name>
         <value>0x2f6d</value>
         <object_component_ref idref="oc-7e"/>
      </symbol>
      <symbol id="sm-b9f">
         <name>vTaskDelayUntil</name>
         <value>0x2295</value>
         <object_component_ref idref="oc-7e"/>
      </symbol>
      <symbol id="sm-ba0">
         <name>vTaskEndScheduler</name>
         <value>0x26a3</value>
         <object_component_ref idref="oc-7e"/>
      </symbol>
      <symbol id="sm-ba1">
         <name>vTaskMissedYield</name>
         <value>0x2c19</value>
         <object_component_ref idref="oc-7e"/>
      </symbol>
      <symbol id="sm-ba2">
         <name>uxTaskGetNumberOfTasks</name>
         <value>0x27a1</value>
         <object_component_ref idref="oc-7e"/>
      </symbol>
      <symbol id="sm-ba3">
         <name>uxTaskPriorityGet</name>
         <value>0x23a9</value>
         <object_component_ref idref="oc-7e"/>
      </symbol>
      <symbol id="sm-ba4">
         <name>xTaskResumeAll</name>
         <value>0x26bf</value>
         <object_component_ref idref="oc-7e"/>
      </symbol>
      <symbol id="sm-ba5">
         <name>xTaskGetTickCount</name>
         <value>0x278d</value>
         <object_component_ref idref="oc-7e"/>
      </symbol>
      <symbol id="sm-ba6">
         <name>xTaskGenericCreate</name>
         <value>0x2111</value>
         <object_component_ref idref="oc-7e"/>
      </symbol>
      <symbol id="sm-ba7">
         <name>vTaskDelete</name>
         <value>0x222d</value>
         <object_component_ref idref="oc-7e"/>
      </symbol>
      <symbol id="sm-ba8">
         <name>pxCurrentTCB</name>
         <value>0x20005478</value>
         <object_component_ref idref="oc-84"/>
      </symbol>
      <symbol id="sm-ba9">
         <name>vTaskSuspend</name>
         <value>0x24cd</value>
         <object_component_ref idref="oc-7e"/>
      </symbol>
      <symbol id="sm-baa">
         <name>vTaskResume</name>
         <value>0x2575</value>
         <object_component_ref idref="oc-7e"/>
      </symbol>
      <symbol id="sm-bab">
         <name>vTaskSetTimeOutState</name>
         <value>0x2b81</value>
         <object_component_ref idref="oc-7e"/>
      </symbol>
      <symbol id="sm-bac">
         <name>vTaskIncrementTick</name>
         <value>0x28ad</value>
         <object_component_ref idref="oc-7e"/>
      </symbol>
      <symbol id="sm-bad">
         <name>vTaskSwitchContext</name>
         <value>0x2959</value>
         <object_component_ref idref="oc-7e"/>
      </symbol>
      <symbol id="sm-bae">
         <name>xTaskResumeFromISR</name>
         <value>0x25e5</value>
         <object_component_ref idref="oc-7e"/>
      </symbol>
      <symbol id="sm-baf">
         <name>ulTaskEndTrace</name>
         <value>0x2879</value>
         <object_component_ref idref="oc-7e"/>
      </symbol>
      <symbol id="sm-bb0">
         <name>xTaskGetCurrentTaskHandle</name>
         <value>0x2ec1</value>
         <object_component_ref idref="oc-7e"/>
      </symbol>
      <symbol id="sm-bb1">
         <name>xTaskRemoveFromEventList</name>
         <value>0x2afd</value>
         <object_component_ref idref="oc-7e"/>
      </symbol>
      <symbol id="sm-bb2">
         <name>xTaskIsTaskSuspended</name>
         <value>0x2525</value>
         <object_component_ref idref="oc-7e"/>
      </symbol>
      <symbol id="sm-c06">
         <name>vPortInitialiseBlocks</name>
         <value>0x870f</value>
         <object_component_ref idref="oc-14a"/>
      </symbol>
      <symbol id="sm-c07">
         <name>xPortGetFreeHeapSize</name>
         <value>0x8703</value>
         <object_component_ref idref="oc-14a"/>
      </symbol>
      <symbol id="sm-c08">
         <name>pvPortMalloc</name>
         <value>0x859d</value>
         <object_component_ref idref="oc-14a"/>
      </symbol>
      <symbol id="sm-c09">
         <name>vPortFree</name>
         <value>0x86ad</value>
         <object_component_ref idref="oc-14a"/>
      </symbol>
      <symbol id="sm-c0a">
         <name>xPortGetMinimumEverFreeHeapSize</name>
         <value>0x8709</value>
         <object_component_ref idref="oc-14a"/>
      </symbol>
      <symbol id="sm-c2d">
         <name>vPortEndScheduler</name>
         <value>0xa3d1</value>
         <object_component_ref idref="oc-33"/>
      </symbol>
      <symbol id="sm-c2e">
         <name>xPortSysTickHandler</name>
         <value>0xa403</value>
         <object_component_ref idref="oc-33"/>
      </symbol>
      <symbol id="sm-c2f">
         <name>vPortYieldFromISR</name>
         <value>0xa3d3</value>
         <object_component_ref idref="oc-33"/>
      </symbol>
      <symbol id="sm-c30">
         <name>pxPortInitialiseStack</name>
         <value>0xa361</value>
         <object_component_ref idref="oc-33"/>
      </symbol>
      <symbol id="sm-c31">
         <name>vPortExitCritical</name>
         <value>0xa3ed</value>
         <object_component_ref idref="oc-33"/>
      </symbol>
      <symbol id="sm-c32">
         <name>xPortStartScheduler</name>
         <value>0xa3a9</value>
         <object_component_ref idref="oc-33"/>
      </symbol>
      <symbol id="sm-c33">
         <name>vPortEnterCritical</name>
         <value>0xa3dd</value>
         <object_component_ref idref="oc-33"/>
      </symbol>
      <symbol id="sm-c44">
         <name>vPortStartFirstTask</name>
         <value>0xa67d</value>
         <object_component_ref idref="oc-2e"/>
      </symbol>
      <symbol id="sm-c45">
         <name>xPortPendSVHandler</name>
         <value>0xa621</value>
         <object_component_ref idref="oc-2e"/>
      </symbol>
      <symbol id="sm-c46">
         <name>vPortClearInterruptMask</name>
         <value>0xa613</value>
         <object_component_ref idref="oc-2e"/>
      </symbol>
      <symbol id="sm-c47">
         <name>vPortSetInterruptMask</name>
         <value>0xa605</value>
         <object_component_ref idref="oc-2e"/>
      </symbol>
      <symbol id="sm-c48">
         <name>vPortSVCHandler</name>
         <value>0xa65d</value>
         <object_component_ref idref="oc-2e"/>
      </symbol>
      <symbol id="sm-c58">
         <name>_c_int00</name>
         <value>0xaaf5</value>
         <object_component_ref idref="oc-10"/>
      </symbol>
      <symbol id="sm-c59">
         <name>__stack</name>
         <value>0x200051a4</value>
         <object_component_ref idref="oc-27"/>
      </symbol>
      <symbol id="sm-c70">
         <name>__TI_decompress_none</name>
         <value>0xaea7</value>
         <object_component_ref idref="oc-15"/>
      </symbol>
      <symbol id="sm-c94">
         <name>__TI_decompress_rle24</name>
         <value>0xaf09</value>
         <object_component_ref idref="oc-21"/>
      </symbol>
      <symbol id="sm-ca8">
         <name>__TI_zero_init</name>
         <value>0xae37</value>
         <object_component_ref idref="oc-1b"/>
      </symbol>
      <symbol id="sm-cc7">
         <name>C$$EXIT</name>
         <value>0xabc9</value>
         <object_component_ref idref="oc-53"/>
      </symbol>
      <symbol id="sm-cc8">
         <name>abort</name>
         <value>0xabcd</value>
         <object_component_ref idref="oc-53"/>
      </symbol>
      <symbol id="sm-cc9">
         <name>exit</name>
         <value>0xabd5</value>
         <object_component_ref idref="oc-53"/>
      </symbol>
      <symbol id="sm-cca">
         <name>__TI_dtors_ptr</name>
         <value>0x200054f4</value>
         <object_component_ref idref="oc-103"/>
      </symbol>
      <symbol id="sm-ccb">
         <name>__TI_cleanup_ptr</name>
         <value>0x200054f0</value>
         <object_component_ref idref="oc-103"/>
      </symbol>
      <symbol id="sm-cdb">
         <name>memcmp</name>
         <value>0xad51</value>
         <object_component_ref idref="oc-134"/>
      </symbol>
      <symbol id="sm-cf6">
         <name>memcpy</name>
         <value>0xa445</value>
         <object_component_ref idref="oc-5d"/>
      </symbol>
      <symbol id="sm-cf7">
         <name>__aeabi_memcpy</name>
         <value>0xa445</value>
         <object_component_ref idref="oc-5d"/>
      </symbol>
      <symbol id="sm-cf8">
         <name>__aeabi_memcpy8</name>
         <value>0xa445</value>
         <object_component_ref idref="oc-5d"/>
      </symbol>
      <symbol id="sm-cf9">
         <name>__aeabi_memcpy4</name>
         <value>0xa445</value>
         <object_component_ref idref="oc-5d"/>
      </symbol>
      <symbol id="sm-d08">
         <name>__aeabi_memset</name>
         <value>0xa81b</value>
         <object_component_ref idref="oc-150"/>
      </symbol>
      <symbol id="sm-d09">
         <name>memset</name>
         <value>0xa821</value>
         <object_component_ref idref="oc-150"/>
      </symbol>
      <symbol id="sm-d0a">
         <name>__aeabi_memset8</name>
         <value>0xa81b</value>
         <object_component_ref idref="oc-150"/>
      </symbol>
      <symbol id="sm-d0b">
         <name>__aeabi_memset4</name>
         <value>0xa81b</value>
         <object_component_ref idref="oc-150"/>
      </symbol>
      <symbol id="sm-d0c">
         <name>__aeabi_memclr8</name>
         <value>0xa819</value>
         <object_component_ref idref="oc-150"/>
      </symbol>
      <symbol id="sm-d0d">
         <name>__aeabi_memclr4</name>
         <value>0xa819</value>
         <object_component_ref idref="oc-150"/>
      </symbol>
      <symbol id="sm-d0e">
         <name>__aeabi_memclr</name>
         <value>0xa819</value>
         <object_component_ref idref="oc-150"/>
      </symbol>
      <symbol id="sm-d27">
         <name>sprintf</name>
         <value>0xa8f1</value>
         <object_component_ref idref="oc-156"/>
      </symbol>
      <symbol id="sm-d2f">
         <name>main_func_sp</name>
         <value>0x20005500</value>
         <object_component_ref idref="oc-59"/>
      </symbol>
      <symbol id="sm-d3f">
         <name>strcat</name>
         <value>0xad8f</value>
         <object_component_ref idref="oc-12d"/>
      </symbol>
      <symbol id="sm-d4d">
         <name>strlen</name>
         <value>0xaded</value>
         <object_component_ref idref="oc-28d"/>
      </symbol>
      <symbol id="sm-d5d">
         <name>strncpy</name>
         <value>0xacc9</value>
         <object_component_ref idref="oc-142"/>
      </symbol>
      <symbol id="sm-d76">
         <name>_nop</name>
         <value>0xade7</value>
         <object_component_ref idref="oc-226"/>
      </symbol>
      <symbol id="sm-d77">
         <name>_lock</name>
         <value>0x200054e8</value>
         <object_component_ref idref="oc-100"/>
      </symbol>
      <symbol id="sm-d78">
         <name>_unlock</name>
         <value>0x200054ec</value>
         <object_component_ref idref="oc-100"/>
      </symbol>
      <symbol id="sm-d79">
         <name>_register_lock</name>
         <value>0xaddf</value>
         <object_component_ref idref="oc-226"/>
      </symbol>
      <symbol id="sm-d7a">
         <name>_register_unlock</name>
         <value>0xadd9</value>
         <object_component_ref idref="oc-226"/>
      </symbol>
      <symbol id="sm-e66">
         <name>__TI_printfi</name>
         <value>0x4a7f</value>
         <object_component_ref idref="oc-259"/>
      </symbol>
      <symbol id="sm-e7a">
         <name>_args_main</name>
         <value>0xada9</value>
         <object_component_ref idref="oc-4d"/>
      </symbol>
      <symbol id="sm-e90">
         <name>atoi</name>
         <value>0xaa61</value>
         <object_component_ref idref="oc-36b"/>
      </symbol>
      <symbol id="sm-ead">
         <name>__TI_auto_init</name>
         <value>0xa4e1</value>
         <object_component_ref idref="oc-48"/>
      </symbol>
      <symbol id="sm-ec6">
         <name>copy_in</name>
         <value>0xab85</value>
         <object_component_ref idref="oc-f1"/>
      </symbol>
      <symbol id="sm-ed1">
         <name>_ctypes_</name>
         <value>0xaf14</value>
         <object_component_ref idref="oc-447"/>
      </symbol>
      <symbol id="sm-ee8">
         <name>__aeabi_dsub</name>
         <value>0x96b1</value>
         <object_component_ref idref="oc-35a"/>
      </symbol>
      <symbol id="sm-ee9">
         <name>__aeabi_dadd</name>
         <value>0x96bb</value>
         <object_component_ref idref="oc-35a"/>
      </symbol>
      <symbol id="sm-f0b">
         <name>__aeabi_cdcmpeq</name>
         <value>0xa68b</value>
         <object_component_ref idref="oc-336"/>
      </symbol>
      <symbol id="sm-f0c">
         <name>__aeabi_cdcmple</name>
         <value>0xa68b</value>
         <object_component_ref idref="oc-336"/>
      </symbol>
      <symbol id="sm-f0d">
         <name>__aeabi_cdrcmple</name>
         <value>0xa711</value>
         <object_component_ref idref="oc-345"/>
      </symbol>
      <symbol id="sm-f21">
         <name>__aeabi_ddiv</name>
         <value>0x9867</value>
         <object_component_ref idref="oc-340"/>
      </symbol>
      <symbol id="sm-f2c">
         <name>__aeabi_dmul</name>
         <value>0xa175</value>
         <object_component_ref idref="oc-33b"/>
      </symbol>
      <symbol id="sm-f36">
         <name>__aeabi_d2iz</name>
         <value>0xab3d</value>
         <object_component_ref idref="oc-34a"/>
      </symbol>
      <symbol id="sm-f40">
         <name>__aeabi_i2d</name>
         <value>0xacf9</value>
         <object_component_ref idref="oc-355"/>
      </symbol>
      <symbol id="sm-f49">
         <name>__aeabi_lmul</name>
         <value>0xadc1</value>
         <object_component_ref idref="oc-331"/>
      </symbol>
      <symbol id="sm-f58">
         <name>ltoa</name>
         <value>0xa9af</value>
         <object_component_ref idref="oc-34f"/>
      </symbol>
      <symbol id="sm-f68">
         <name>memccpy</name>
         <value>0xad73</value>
         <object_component_ref idref="oc-365"/>
      </symbol>
      <symbol id="sm-f84">
         <name>__aeabi_uldivmod</name>
         <value>0x94bd</value>
         <object_component_ref idref="oc-32c"/>
      </symbol>
      <symbol id="sm-f8e">
         <name>_Dclass</name>
         <value>0xae49</value>
         <object_component_ref idref="oc-35f"/>
      </symbol>
      <symbol id="sm-fa0">
         <name>_Dtest</name>
         <value>0xac0d</value>
         <object_component_ref idref="oc-43e"/>
      </symbol>
      <symbol id="sm-fbf">
         <name>UARTIntClear</name>
         <value>0xaf0f</value>
         <object_component_ref idref="oc-c7"/>
      </symbol>
      <symbol id="sm-fc0">
         <name>UARTIntStatus</name>
         <value>0xaeed</value>
         <object_component_ref idref="oc-c1"/>
      </symbol>
      <symbol id="sm-101b">
         <name>SysCtlClockSet</name>
         <value>0xa271</value>
         <object_component_ref idref="oc-a3"/>
      </symbol>
      <symbol id="sm-101c">
         <name>SysCtlDelay</name>
         <value>0xaf03</value>
         <object_component_ref idref="oc-17d"/>
      </symbol>
      <symbol id="sm-101d">
         <name>SysCtlPeripheralEnable</name>
         <value>0xac95</value>
         <object_component_ref idref="oc-3ab"/>
      </symbol>
      <symbol id="sm-101e">
         <name>SysCtlClockGet</name>
         <value>0x9e4d</value>
         <object_component_ref idref="oc-3b7"/>
      </symbol>
      <symbol id="sm-1048">
         <name>SSIDataGetNonBlocking</name>
         <value>0xae25</value>
         <object_component_ref idref="oc-3f3"/>
      </symbol>
      <symbol id="sm-1049">
         <name>SSIDataPutNonBlocking</name>
         <value>0xae99</value>
         <object_component_ref idref="oc-3ed"/>
      </symbol>
      <symbol id="sm-104a">
         <name>SSIConfigSetExpClk</name>
         <value>0xac51</value>
         <object_component_ref idref="oc-3bd"/>
      </symbol>
      <symbol id="sm-104b">
         <name>SSIEnable</name>
         <value>0xaee3</value>
         <object_component_ref idref="oc-3c3"/>
      </symbol>
      <symbol id="sm-1079">
         <name>IntEnable</name>
         <value>0xa891</value>
         <object_component_ref idref="oc-3db"/>
      </symbol>
      <symbol id="sm-107a">
         <name>IntMasterEnable</name>
         <value>0xaed9</value>
         <object_component_ref idref="oc-3e1"/>
      </symbol>
      <symbol id="sm-10ea">
         <name>GPIOPinConfigure</name>
         <value>0xaaad</value>
         <object_component_ref idref="oc-293"/>
      </symbol>
      <symbol id="sm-10eb">
         <name>GPIOIntDisable</name>
         <value>0xae7d</value>
         <object_component_ref idref="oc-af"/>
      </symbol>
      <symbol id="sm-10ec">
         <name>GPIOIntEnable</name>
         <value>0xaec1</value>
         <object_component_ref idref="oc-a9"/>
      </symbol>
      <symbol id="sm-10ed">
         <name>GPIOIntTypeSet</name>
         <value>0xaa09</value>
         <object_component_ref idref="oc-3d5"/>
      </symbol>
      <symbol id="sm-10ee">
         <name>GPIOPinTypeGPIOInput</name>
         <value>0xae01</value>
         <object_component_ref idref="oc-3c9"/>
      </symbol>
      <symbol id="sm-10ef">
         <name>GPIOIntClear</name>
         <value>0xaef7</value>
         <object_component_ref idref="oc-bb"/>
      </symbol>
      <symbol id="sm-10f0">
         <name>GPIOIntStatus</name>
         <value>0xae8b</value>
         <object_component_ref idref="oc-b5"/>
      </symbol>
      <symbol id="sm-10f1">
         <name>GPIODirModeSet</name>
         <value>0xad27</value>
         <object_component_ref idref="oc-468"/>
      </symbol>
      <symbol id="sm-10f2">
         <name>GPIOPinWrite</name>
         <value>0xaefd</value>
         <object_component_ref idref="oc-3e7"/>
      </symbol>
      <symbol id="sm-10f3">
         <name>GPIOPadConfigSet</name>
         <value>0x999d</value>
         <object_component_ref idref="oc-3cf"/>
      </symbol>
      <symbol id="sm-10f4">
         <name>GPIOPinTypeSSI</name>
         <value>0xae13</value>
         <object_component_ref idref="oc-3b1"/>
      </symbol>
      <symbol id="sm-110a">
         <name>FPULazyStackingEnable</name>
         <value>0xae6d</value>
         <object_component_ref idref="oc-9d"/>
      </symbol>
      <symbol id="sm-110b">
         <name>FPUEnable</name>
         <value>0xae5d</value>
         <object_component_ref idref="oc-97"/>
      </symbol>
      <symbol id="sm-1115">
         <name>CPUcpsie</name>
         <value>0xaeb5</value>
         <object_component_ref idref="oc-47e"/>
      </symbol>
      <symbol id="sm-1116">
         <name>__TI_static_base__</name>
         <value>0x0</value>
      </symbol>
      <symbol id="sm-1117">
         <name>__TI_args_main</name>
         <value>0x1</value>
      </symbol>
      <symbol id="sm-1118">
         <name>SHT$$INIT_ARRAY$$Limit</name>
         <value>0x0</value>
      </symbol>
      <symbol id="sm-1119">
         <name>SHT$$INIT_ARRAY$$Base</name>
         <value>0x0</value>
      </symbol>
   </symbol_table>
   <title>Link successful</title>
</link_info>
