******************************************************************************
                  TI ARM Linker PC v5.1.6                      
******************************************************************************
>> Linked Thu Apr 23 11:43:37 2015

OUTPUT FILE NAME:   <getting_started_with_wlan_station.out>
ENTRY POINT SYMBOL: "_c_int00"  address: 0000aa41


MEMORY CONFIGURATION

         name            origin    length      used     unused   attr    fill
----------------------  --------  ---------  --------  --------  ----  --------
  FLASH                 00000000   00040000  0000b3aa  00034c56  R  X
  SRAM                  20000000   00010000  00005525  0000aadb  RW X


SEGMENT ALLOCATION MAP

run origin  load origin   length   init length attrs members
----------  ----------- ---------- ----------- ----- -------
00000000    00000000    0000b3b0   0000b3b0    r-x
  00000000    00000000    000000f0   000000f0    r-- .intvecs
  000000f0    000000f0    0000ad6e   0000ad6e    r-x .text
  0000ae60    0000ae60    00000484   00000484    r-- .const
  0000b2e8    0000b2e8    000000c8   000000c8    r-- .cinit
20000000    20000000    00005528   00000000    rw-
  20000000    20000000    000051c1   00000000    rw- .bss
  200051c4    200051c4    00000258   00000000    rw- .stack
  2000541c    2000541c    0000010c   00000000    rw- .data


SECTION ALLOCATION MAP

 output                                  attributes/
section   page    origin      length       input sections
--------  ----  ----------  ----------   ----------------
.intvecs   0    00000000    000000f0     
                  00000000    000000f0     startup_ccs.obj (.intvecs)

.text      0    000000f0    0000ad6e     
                  000000f0    00002020     driver.obj (.text)
                  00002110    00000ee4     tasks.obj (.text)
                  00002ff4    00000ed4     socket.obj (.text)
                  00003ec8    00000ec0     rtsv7M4_T_le_v4SPD16_eabi.lib : _printfi.obj (.text)
                  00004d88    00000b44     netapp.obj (.text)
                  000058cc    00000ab8     wlan.obj (.text)
                  00006384    00000868     main.obj (.text)
                  00006bec    000006f8     queue.obj (.text)
                  000072e4    00000660     lightsManager.obj (.text)
                  00007944    000005b4     device.obj (.text)
                  00007ef8    0000039c     phone.obj (.text)
                  00008294    000002dc     heap_4.obj (.text)
                  00008570    000002cc     externals.obj (.text)
                  0000883c    000002c8     server.obj (.text)
                  00008b04    00000284     gpio.obj (.text)
                  00008d88    00000254     interruptHandlers.obj (.text)
                  00008fdc    00000228     i2c.obj (.text)
                  00009204    00000204     spi.obj (.text)
                  00009408    000001f4     rtsv7M4_T_le_v4SPD16_eabi.lib : ull_div_t2.obj (.text)
                  000095fc    000001b6                                   : fd_add_t2.obj (.text)
                  000097b2    00000136                                   : fd_div_t2.obj (.text)
                  000098e8    00000130     driverlib.lib : gpio.obj (.text:GPIOPadConfigSet)
                  00009a18    00000130     nonos.obj (.text)
                  00009b48    0000012e     list.obj (.text)
                  00009c76    00000002     --HOLE-- [fill = 0]
                  00009c78    00000120     cli_uart.obj (.text)
                  00009d98    00000118     driverlib.lib : sysctl.obj (.text:SysCtlClockGet)
                  00009eb0    00000110     netcfg.obj (.text)
                  00009fc0    00000100     board.obj (.text)
                  0000a0c0    000000fc     rtsv7M4_T_le_v4SPD16_eabi.lib : fd_mul_t2.obj (.text)
                  0000a1bc    000000f0     driverlib.lib : sysctl.obj (.text:SysCtlClockSet)
                  0000a2ac    000000e4     port.obj (.text)
                  0000a390    0000009c     rtsv7M4_T_le_v4SPD16_eabi.lib : memcpy_t2.obj (.text)
                  0000a42c    00000094                                   : auto_init.obj (.text)
                  0000a4c0    0000008c     wrapper.obj (.text)
                  0000a54c    0000008a     portasm.obj (.text)
                  0000a5d6    00000086     rtsv7M4_T_le_v4SPD16_eabi.lib : fd_cmp_t2.obj (.text:__aeabi_cdcmple)
                  0000a65c    00000086                                   : fd_cmp_t2.obj (.text:__aeabi_cdrcmple)
                  0000a6e2    00000002     --HOLE-- [fill = 0]
                  0000a6e4    00000080     flowcont.obj (.text)
                  0000a764    00000078     rtsv7M4_T_le_v4SPD16_eabi.lib : memset_t2.obj (.text)
                  0000a7dc    00000060     driverlib.lib : interrupt.obj (.text:IntEnable)
                  0000a83c    00000060     rtsv7M4_T_le_v4SPD16_eabi.lib : sprintf.obj (.text)
                  0000a89c    0000005e                                   : copy_decompress_rle.obj (.text)
                  0000a8fa    0000005a                                   : ltoa.obj (.text)
                  0000a954    00000056     driverlib.lib : gpio.obj (.text:GPIOIntTypeSet)
                  0000a9aa    00000002     --HOLE-- [fill = 0]
                  0000a9ac    0000004c     rtsv7M4_T_le_v4SPD16_eabi.lib : atoi.obj (.text)
                  0000a9f8    00000048     driverlib.lib : gpio.obj (.text:GPIOPinConfigure)
                  0000aa40    00000048     rtsv7M4_T_le_v4SPD16_eabi.lib : boot.obj (.text)
                  0000aa88    00000048                                   : fd_toi_t2.obj (.text)
                  0000aad0    00000044                                   : cpy_tbl.obj (.text)
                  0000ab14    00000044                                   : exit.obj (.text)
                  0000ab58    00000044                                   : xdtest.obj (.text)
                  0000ab9c    00000042     driverlib.lib : ssi.obj (.text:SSIConfigSetExpClk)
                  0000abde    00000002     --HOLE-- [fill = 0]
                  0000abe0    00000034                   : sysctl.obj (.text:SysCtlPeripheralEnable)
                  0000ac14    00000030     rtsv7M4_T_le_v4SPD16_eabi.lib : strncpy.obj (.text)
                  0000ac44    0000002e                                   : i_tofd_t2.obj (.text)
                  0000ac72    0000002a     driverlib.lib : gpio.obj (.text:GPIODirModeSet)
                  0000ac9c    00000022     rtsv7M4_T_le_v4SPD16_eabi.lib : memcmp.obj (.text)
                  0000acbe    0000001c                                   : memccpy.obj (.text)
                  0000acda    0000001a                                   : strcat.obj (.text)
                  0000acf4    00000018                                   : args_main.obj (.text)
                  0000ad0c    00000018                                   : ll_mul_t2.obj (.text)
                  0000ad24    00000014                                   : _lock.obj (.text)
                  0000ad38    00000014                                   : strlen.obj (.text)
                  0000ad4c    00000012     driverlib.lib : gpio.obj (.text:GPIOPinTypeGPIOInput)
                  0000ad5e    00000012                   : gpio.obj (.text:GPIOPinTypeSSI)
                  0000ad70    00000012                   : ssi.obj (.text:SSIDataGetNonBlocking)
                  0000ad82    00000012     rtsv7M4_T_le_v4SPD16_eabi.lib : copy_zero_init.obj (.text:decompress:ZI)
                  0000ad94    00000012                                   : xdclass.obj (.text)
                  0000ada6    00000002     --HOLE-- [fill = 0]
                  0000ada8    00000010     driverlib.lib : fpu.obj (.text:FPUEnable)
                  0000adb8    00000010                   : fpu.obj (.text:FPULazyStackingEnable)
                  0000adc8    0000000e                   : gpio.obj (.text:GPIOIntDisable)
                  0000add6    0000000e                   : gpio.obj (.text:GPIOIntStatus)
                  0000ade4    0000000e                   : ssi.obj (.text:SSIDataPutNonBlocking)
                  0000adf2    0000000e     rtsv7M4_T_le_v4SPD16_eabi.lib : copy_decompress_none.obj (.text:decompress:none)
                  0000ae00    0000000c     driverlib.lib : cpu.obj (.text:CPUcpsie)
                  0000ae0c    0000000c                   : gpio.obj (.text:GPIOIntEnable)
                  0000ae18    0000000c     startup_ccs.obj (.text)
                  0000ae24    0000000a     driverlib.lib : interrupt.obj (.text:IntMasterEnable)
                  0000ae2e    0000000a                   : ssi.obj (.text:SSIEnable)
                  0000ae38    0000000a                   : uart.obj (.text:UARTIntStatus)
                  0000ae42    00000006                   : gpio.obj (.text:GPIOIntClear)
                  0000ae48    00000006                   : gpio.obj (.text:GPIOPinWrite)
                  0000ae4e    00000006                   : sysctl.obj (.text:SysCtlDelay)
                  0000ae54    00000006     rtsv7M4_T_le_v4SPD16_eabi.lib : copy_decompress_rle.obj (.text:decompress:rle24)
                  0000ae5a    00000004     driverlib.lib : uart.obj (.text:UARTIntClear)

.const     0    0000ae60    00000484     
                  0000ae60    00000102     rtsv7M4_T_le_v4SPD16_eabi.lib : ctype.obj (.const:.string:_ctypes_)
                  0000af62    00000002     --HOLE-- [fill = 0]
                  0000af64    000000b0     wlan.obj (.const:$P$T0$1)
                  0000b014    00000090     driverlib.lib : gpio.obj (.const:g_pui32GPIOBaseAddrs)
                  0000b0a4    00000070                   : interrupt.obj (.const)
                  0000b114    0000006c                   : sysctl.obj (.const:g_pui32Xtals)
                  0000b180    0000003c     wlan.obj (.const)
                  0000b1bc    00000038     driver.obj (.const:_SlActionLookupTable)
                  0000b1f4    00000034     socket.obj (.const)
                  0000b228    0000002c     main.obj (.const:$P$T0$1)
                  0000b254    00000028     netapp.obj (.const)
                  0000b27c    00000020     main.obj (.const)
                  0000b29c    00000014     tasks.obj (.const:.string)
                  0000b2b0    00000014     device.obj (.const)
                  0000b2c4    00000014     driver.obj (.const)
                  0000b2d8    00000008     netcfg.obj (.const)
                  0000b2e0    00000004     heap_4.obj (.const)

.cinit     0    0000b2e8    000000c8     
                  0000b2e8    000000a4     (.cinit..data.load) [load image, compression = rle]
                  0000b38c    0000000c     (__TI_handler_table)
                  0000b398    00000008     (.cinit..bss.load) [load image, compression = zero_init]
                  0000b3a0    00000010     (__TI_cinit_table)

.bss       0    20000000    000051c1     UNINITIALIZED
                  20000000    00004e20     heap_4.obj (.bss:ucHeap)
                  20004e20    00000164     driver.obj (.bss:g_StatMem)
                  20004f84    00000084     lightsManager.obj (.bss:lightsData)
                  20005008    00000064     tasks.obj (.bss:pxReadyTasksLists)
                  2000506c    00000050     queue.obj (.bss:xQueueRegistry)
                  200050bc    00000034     tasks.obj (.bss:pcStatusString)
                  200050f0    00000028     nonos.obj (.bss:g__SlNonOsCB)
                  20005118    00000014     (.common:data)
                  2000512c    00000014     (.common:xDelayedTaskList1)
                  20005140    00000014     (.common:xDelayedTaskList2)
                  20005154    00000014     (.common:xPendingReadyList)
                  20005168    00000014     (.common:xSuspendedTaskList)
                  2000517c    00000014     (.common:xTasksWaitingTermination)
                  20005190    00000008     (.common:xStart)
                  20005198    00000004     (.common:encLeftCount)
                  2000519c    00000004     (.common:encRightCount)
                  200051a0    00000004     (.common:g_ucUARTBuffer)
                  200051a4    00000004     (.common:networking_sem)
                  200051a8    00000004     (.common:pcTraceBuffer)
                  200051ac    00000004     (.common:pcTraceBufferEnd)
                  200051b0    00000004     (.common:pcTraceBufferStart)
                  200051b4    00000004     (.common:pxDelayedTaskList)
                  200051b8    00000004     (.common:pxOverflowDelayedTaskList)
                  200051bc    00000004     (.common:updateLight_sem)
                  200051c0    00000001     (.common:IntIsMasked)

.stack     0    200051c4    00000258     UNINITIALIZED
                  200051c4    00000258     --HOLE--

.data      0    2000541c    0000010c     UNINITIALIZED
                  2000541c    0000007a     lightsManager.obj (.data:header)
                  20005496    00000002     --HOLE--
                  20005498    00000038     tasks.obj (.data)
                  200054d0    00000014     interruptHandlers.obj (.data)
                  200054e4    00000010     heap_4.obj (.data)
                  200054f4    0000000a     lightsManager.obj (.data)
                  200054fe    00000002     --HOLE--
                  20005500    00000009     driver.obj (.data)
                  20005509    00000003     --HOLE--
                  2000550c    00000008     rtsv7M4_T_le_v4SPD16_eabi.lib : _lock.obj (.data)
                  20005514    00000008                                   : exit.obj (.data)
                  2000551c    00000004     board.obj (.data)
                  20005520    00000004     port.obj (.data)
                  20005524    00000004     rtsv7M4_T_le_v4SPD16_eabi.lib : stkdepth_vars.obj (.data)


LINKER GENERATED COPY TABLES

__TI_cinit_table @ 0000b3a0 records: 2, size/record: 8, table size: 16
	.data: load addr=0000b2e8, load size=000000a4 bytes, run addr=2000541c, run size=0000010c bytes, compression=rle
	.bss: load addr=0000b398, load size=00000008 bytes, run addr=20000000, run size=000051c1 bytes, compression=zero_init


LINKER GENERATED HANDLER TABLE

__TI_handler_table @ 0000b38c records: 3, size/record: 4, table size: 12
	index: 0, handler: __TI_decompress_rle24
	index: 1, handler: __TI_decompress_none
	index: 2, handler: __TI_zero_init


GLOBAL SYMBOLS: SORTED ALPHABETICALLY BY Name 

address    name
--------   ----
0000ab15   C$$EXIT
0000a01d   CC3100_InterruptDisable
0000a011   CC3100_InterruptEnable
00009fe9   CC3100_disable
00009ffd   CC3100_enable
00009d1f   CLI_Configure
00009c79   CLI_Read
00009cc5   CLI_Write
0000ae01   CPUcpsie
000053e9   CopyPingResultsToReport
0000a039   Delay
0000ada9   FPUEnable
0000adb9   FPULazyStackingEnable
0000a05f   GPIOB_intHandler
0000ac73   GPIODirModeSet
0000ae43   GPIOIntClear
0000adc9   GPIOIntDisable
0000ae0d   GPIOIntEnable
0000add7   GPIOIntStatus
0000a955   GPIOIntTypeSet
000098e9   GPIOPadConfigSet
0000a9f9   GPIOPinConfigure
0000ad4d   GPIOPinTypeGPIOInput
0000ad5f   GPIOPinTypeSSI
0000ae49   GPIOPinWrite
0000877f   GetADCval
000090fd   I2CMasterAdrAck
000090dd   I2CMasterBusy
00009121   I2CMasterDatAck
0000a7dd   IntEnable
200051c0   IntIsMasked
0000ae25   IntMasterEnable
200054fa   Lights_ID
0000a029   MaskIntHdlr
0000ae19   ResetISR
UNDEFED    SHT$$INIT_ARRAY$$Base
UNDEFED    SHT$$INIT_ARRAY$$Limit
00003dcb   SL_FD_CLR
00003df1   SL_FD_ISSET
00003da9   SL_FD_SET
00003e19   SL_FD_ZERO
0000ab9d   SSIConfigSetExpClk
0000ad71   SSIDataGetNonBlocking
0000ade5   SSIDataPutNonBlocking
0000ae2f   SSIEnable
200054fc   Server_ID
00006477   SimpleLinkGeneralEventHandler
00006469   SimpleLinkHttpServerCallback
00006439   SimpleLinkNetAppEventHandler
00006483   SimpleLinkSockEventHandler
000063cd   SimpleLinkWlanEventHandler
00009d99   SysCtlClockGet
0000a1bd   SysCtlClockSet
0000ae4f   SysCtlDelay
0000abe1   SysCtlPeripheralEnable
00008973   TcpServerStart
00008e59   Timer0Handler
0000a08b   UART1_intHandler
0000ae5b   UARTIntClear
0000ae39   UARTIntStatus
0000a031   UnMaskIntHdlr
0000ad95   _Dclass
0000ab59   _Dtest
0000b208   _SlAcceptCmdCtrl
0000b1bc   _SlActionLookupTable
00000fbd   _SlAsyncEventGenericHandler
0000b2bc   _SlDeviceGetCmdCtrl
0000b2c0   _SlDeviceSetCmdCtrl
000019cf   _SlDrvBasicCmd
00001685   _SlDrvClassifyRxMsg
000002bb   _SlDrvCmdOp
0000036b   _SlDrvCmdSend
000003c1   _SlDrvDataReadOp
000005c5   _SlDrvDataWriteOp
00007e79   _SlDrvDeviceEventHandler
000001d5   _SlDrvDriverCBDeinit
000000f1   _SlDrvDriverCBInit
0000a723   _SlDrvFlowContDeinit
0000a6e5   _SlDrvFlowContInit
00000989   _SlDrvMsgRead
000014a1   _SlDrvMsgReadCmdCtx
0000159b   _SlDrvMsgReadSpawnCtx
00000795   _SlDrvMsgWrite
000057b9   _SlDrvNetAppEventHandler
00001ec3   _SlDrvObjDeInit
00001e47   _SlDrvObjInit
00001c3d   _SlDrvReleasePoolObj
000017c9   _SlDrvRxHdrRead
00000279   _SlDrvRxIrqHandler
00001783   _SlDrvShiftDWord
00001a35   _SlDrvWaitForPoolObj
0000b2b8   _SlEventMaskGetCmdCtrl
0000b2b4   _SlEventMaskSetCmdCtrl
00001fa1   _SlFindAndSetActiveObj
0000b268   _SlGetHostByNameCtrl
0000b264   _SlGetHostByServiceCtrl
0000b25c   _SlGetServiceListeCtrl
0000b214   _SlGetSockOptCmdCtrl
0000b204   _SlListenCmdCtrl
0000b274   _SlNetAppGetCmdCtrl
0000b270   _SlNetAppSendTokenValueCmdCtrl
0000b26c   _SlNetAppSetCmdCtrl
0000b254   _SlNetAppStartCtrl
0000b258   _SlNetAppStopCtrl
0000b2dc   _SlNetCfgGetCmdCtrl
0000b2d8   _SlNetCfgSetCmdCtrl
00009add   _SlNonOsMainLoopTask
00009a31   _SlNonOsSemGet
00009a19   _SlNonOsSemSet
00009a8d   _SlNonOsSpawn
0000b184   _SlPolicyGetCmdCtrl
0000b180   _SlPolicySetCmdCtrl
0000b18c   _SlProfileDelCmdCtrl
0000b188   _SlProfileGetCmdCtrl
0000b20c   _SlRecvCmdCtrl
0000b1fc   _SlRecvfomCmdCtrl
0000b260   _SlRegisterServiceCtrl
00001ee3   _SlRemoveFromList
0000b194   _SlRxFilterAddtCmdCtrl
0000b19c   _SlRxFilterGetCmdCtrl
0000b198   _SlRxFilterSetCmdCtrl
0000b218   _SlSelectCmdCtrl
0000b200   _SlSendCmdCtrl
0000b210   _SlSetSockOptCmdCtrl
0000b1a0   _SlSmartConfigStartCmdCtrl
0000b1f8   _SlSockCloseCmdCtrl
0000b1f4   _SlSockSocketCmdCtrl
0000b2b0   _SlStopCmdCtrl
0000b1ac   _SlWlanCfgGetCmdCtrl
0000b1a8   _SlWlanCfgSetCmdCtrl
0000b190   _SlWlanGetNetworkListCtrl
0000b1a4   _SlWlanSetModeCmdCtrl
2000541c   __STACK_END
00000258   __STACK_SIZE
200052c4   __STACK_TOP
0000b3a0   __TI_CINIT_Base
0000b3b0   __TI_CINIT_Limit
0000b38c   __TI_Handler_Table_Base
0000b398   __TI_Handler_Table_Limit
00000001   __TI_args_main
0000a42d   __TI_auto_init
20005514   __TI_cleanup_ptr
0000adf3   __TI_decompress_none
0000ae55   __TI_decompress_rle24
20005518   __TI_dtors_ptr
00004a7f   __TI_printfi
00000000   __TI_static_base__
0000ad83   __TI_zero_init
0000a5d7   __aeabi_cdcmpeq
0000a5d7   __aeabi_cdcmple
0000a65d   __aeabi_cdrcmple
0000aa89   __aeabi_d2iz
00009607   __aeabi_dadd
000097b3   __aeabi_ddiv
0000a0c1   __aeabi_dmul
000095fd   __aeabi_dsub
0000ac45   __aeabi_i2d
0000ad0d   __aeabi_lmul
0000a765   __aeabi_memclr
0000a765   __aeabi_memclr4
0000a765   __aeabi_memclr8
0000a391   __aeabi_memcpy
0000a391   __aeabi_memcpy4
0000a391   __aeabi_memcpy8
0000a767   __aeabi_memset
0000a767   __aeabi_memset4
0000a767   __aeabi_memset8
00009409   __aeabi_uldivmod
ffffffff   __binit__
ffffffff   __c_args__
200051c4   __stack
0000acf5   _args_main
0000aa41   _c_int00
0000ae60   _ctypes_
2000550c   _lock
0000ad33   _nop
0000ad2b   _register_lock
0000ad25   _register_unlock
00002ff5   _sl_BuildAddress
00007945   _sl_GetStartResponseConvert
00003a09   _sl_HandleAsync_Accept
00003603   _sl_HandleAsync_Connect
000051d1   _sl_HandleAsync_DnsGetHostByAddr
00005325   _sl_HandleAsync_DnsGetHostByName
00005101   _sl_HandleAsync_DnsGetHostByService
00007aa9   _sl_HandleAsync_InitComplete
00005425   _sl_HandleAsync_PingResponse
00003e31   _sl_HandleAsync_Select
00007b5b   _sl_HandleAsync_Stop
0000310d   _sl_ParseAddress
00003045   _sl_TruncatePayloadByProtocol
20005510   _unlock
0000ab19   abort
0000a9ad   atoi
ffffffff   binit
200054d4   boolFlag
200054d8   buttonBounce
00007569   connectToLights
00007407   convertFromNum
000073af   convertToNum
0000aad1   copy_in
20005118   data
00007641   disconnectLights
20005198   encLeftCount
2000519c   encRightCount
200054d0   encoderFlag
0000ab21   exit
20005508   gFirstCmdMode
0000b2cc   g_H2NCnysPattern
0000b2c4   g_H2NSyncPattern
20004e20   g_StatMem
200054f8   g_Status
200050f0   g__SlNonOsCB
20005500   g_pCB
00000000   g_pfnVectors
200051a0   g_ucUARTBuffer
000081f1   getPhoneData
00008d89   gpioHandle
00008cef   gpio_config_alternate_function
00008cc7   gpio_config_analog_enable
00008bff   gpio_config_digital_enable
00008c4f   gpio_config_enable_input
00008c27   gpio_config_enable_output
00008c9f   gpio_config_enable_pulldown
00008c77   gpio_config_enable_pullup
00008d3b   gpio_config_open_drain
00008d17   gpio_config_port_control
00008b41   gpio_enable_port
2000541c   header
000091a7   i2cGetByte
00009145   i2cSendByte
00009097   i2cSetSlaveAddr
000090c3   i2cStop
00009067   i2cVerifyBaseAddr
0000863d   i2c_config
0000861b   i2c_gpio_config
00009fc1   initClk
000086c5   initializeADC
00008fdd   initializeI2CMaster
0000864b   initializeTimer0
00007fdf   inputConvert
000076c9   jsonPut
20004f84   lightsData
200054f4   lightsMode
0000a8fb   ltoa
00008571   lumosGpioConfig
000068e9   main
20005524   main_func_sp
0000acbf   memccpy
0000ac9d   memcmp
0000a391   memcpy
0000a76d   memset
200051a4   networking_sem
000074f5   numChange
2000551c   pIrqEventHandler
20005504   pPingCallBackFunc
0000890f   phoneConnect
00007ef9   phoneWorker
0000737b   pow
00008295   pvPortMalloc
20005498   pxCurrentTCB
0000a2ad   pxPortInitialiseStack
00007611   recvFromLights
00009fd5   registerInterruptHandler
000081a9   sendPhoneOk
0000a4c1   sendWrapper
0000883d   serverThread
00003805   sl_Accept
000031e7   sl_Bind
000031bd   sl_Close
000034ad   sl_Connect
00007d75   sl_DevGet
00007e13   sl_DevSet
00007d41   sl_EventMaskGet
00007d07   sl_EventMaskSet
00003b89   sl_GetSockOpt
00003987   sl_Htonl
000039c9   sl_Htons
000037c5   sl_Listen
000051e1   sl_NetAppDnsGetHostByName
00004fd1   sl_NetAppDnsGetHostByService
00005729   sl_NetAppGet
00004dd1   sl_NetAppGetServiceList
00004f55   sl_NetAppMDNSRegisterService
00004ea1   sl_NetAppMDNSRegisterUnregisterService
00004f91   sl_NetAppMDNSUnRegisterService
000054e9   sl_NetAppPingStart
000056c5   sl_NetAppSendTokenValue
0000565b   sl_NetAppSet
00004d89   sl_NetAppStart
00004dad   sl_NetAppStop
00009f17   sl_NetCfgGet
00009eb1   sl_NetCfgSet
00003aa1   sl_Recv
0000338b   sl_RecvFrom
00003c23   sl_Select
000036b5   sl_Send
0000326f   sl_SendTo
00003b1d   sl_SetSockOpt
00003167   sl_Socket
000079a5   sl_Start
00007bdf   sl_Stop
0000799d   sl_Task
000058cd   sl_WlanConnect
00005aff   sl_WlanDisconnect
000062cd   sl_WlanGet
00005f95   sl_WlanGetNetworkList
00005b75   sl_WlanPolicyGet
00005b0b   sl_WlanPolicySet
00005c19   sl_WlanProfileAdd
00005f67   sl_WlanProfileDel
00005e85   sl_WlanProfileGet
00006007   sl_WlanRxFilterAdd
000060c9   sl_WlanRxFilterGet
00006075   sl_WlanRxFilterSet
00006157   sl_WlanRxStatGet
0000613f   sl_WlanRxStatStart
0000614b   sl_WlanRxStatStop
00006259   sl_WlanSet
00006229   sl_WlanSetMode
0000619d   sl_WlanSmartConfigStart
0000618d   sl_WlanSmartConfigStop
00009205   spi_Close
00009211   spi_Open
00009365   spi_Read
0000930b   spi_Write
0000a83d   sprintf
00009fd3   stopWDT
00006395   strCpy
0000acdb   strcat
0000ad39   strlen
0000ac15   strncpy
00002879   ulTaskEndTrace
200051bc   updateLight_sem
000072e5   updateLights
00007061   uxQueueMessagesWaiting
00007077   uxQueueMessagesWaitingFromISR
000027a1   uxTaskGetNumberOfTasks
00002e7f   uxTaskGetStackHighWaterMark
000023a9   uxTaskPriorityGet
00006385   vApplicationIdleHook
00006389   vApplicationMallocFailedHook
0000638b   vApplicationStackOverflowHook
00006387   vApplicationTickHook
00009b49   vListInitialise
00009b79   vListInitialiseItem
00009bcd   vListInsert
00009b89   vListInsertEnd
00009c33   vListRemove
0000a55f   vPortClearInterruptMask
0000a31d   vPortEndScheduler
0000a329   vPortEnterCritical
0000a339   vPortExitCritical
000083a5   vPortFree
00008407   vPortInitialiseBlocks
0000a5a9   vPortSVCHandler
0000a551   vPortSetInterruptMask
0000a5c9   vPortStartFirstTask
0000a31f   vPortYieldFromISR
00007261   vQueueAddToRegistry
00007089   vQueueDelete
00002345   vTaskDelay
00002295   vTaskDelayUntil
0000222d   vTaskDelete
000026a3   vTaskEndScheduler
000028ad   vTaskIncrementTick
000027b1   vTaskList
00002c19   vTaskMissedYield
00002a71   vTaskPlaceOnEventList
00002f6d   vTaskPriorityDisinherit
00002ed1   vTaskPriorityInherit
000023e9   vTaskPrioritySet
00002575   vTaskResume
00002b81   vTaskSetTimeOutState
0000265d   vTaskStartScheduler
0000284b   vTaskStartTrace
000024cd   vTaskSuspend
000026b5   vTaskSuspendAll
00002959   vTaskSwitchContext
000083fb   xPortGetFreeHeapSize
00008401   xPortGetMinimumEverFreeHeapSize
0000a56d   xPortPendSVHandler
0000a2f5   xPortStartScheduler
0000a34f   xPortSysTickHandler
00006bed   xQueueCreate
00006c93   xQueueCreateMutex
00006ec5   xQueueGenericReceive
00006d73   xQueueGenericSend
00006e5b   xQueueGenericSendFromISR
00006cfb   xQueueGiveMutexRecursive
00007209   xQueueIsQueueEmptyFromISR
00007243   xQueueIsQueueFullFromISR
00006ff9   xQueueReceiveFromISR
2000506c   xQueueRegistry
00006d33   xQueueTakeMutexRecursive
00002ba5   xTaskCheckForTimeOut
00002111   xTaskGenericCreate
00002ec1   xTaskGetCurrentTaskHandle
0000278d   xTaskGetTickCount
00002525   xTaskIsTaskSuspended
00002afd   xTaskRemoveFromEventList
000026bf   xTaskResumeAll
000025e5   xTaskResumeFromISR


GLOBAL SYMBOLS: SORTED BY Symbol Address 

address    name
--------   ----
00000000   __TI_static_base__
00000000   g_pfnVectors
00000001   __TI_args_main
000000f1   _SlDrvDriverCBInit
000001d5   _SlDrvDriverCBDeinit
00000258   __STACK_SIZE
00000279   _SlDrvRxIrqHandler
000002bb   _SlDrvCmdOp
0000036b   _SlDrvCmdSend
000003c1   _SlDrvDataReadOp
000005c5   _SlDrvDataWriteOp
00000795   _SlDrvMsgWrite
00000989   _SlDrvMsgRead
00000fbd   _SlAsyncEventGenericHandler
000014a1   _SlDrvMsgReadCmdCtx
0000159b   _SlDrvMsgReadSpawnCtx
00001685   _SlDrvClassifyRxMsg
00001783   _SlDrvShiftDWord
000017c9   _SlDrvRxHdrRead
000019cf   _SlDrvBasicCmd
00001a35   _SlDrvWaitForPoolObj
00001c3d   _SlDrvReleasePoolObj
00001e47   _SlDrvObjInit
00001ec3   _SlDrvObjDeInit
00001ee3   _SlRemoveFromList
00001fa1   _SlFindAndSetActiveObj
00002111   xTaskGenericCreate
0000222d   vTaskDelete
00002295   vTaskDelayUntil
00002345   vTaskDelay
000023a9   uxTaskPriorityGet
000023e9   vTaskPrioritySet
000024cd   vTaskSuspend
00002525   xTaskIsTaskSuspended
00002575   vTaskResume
000025e5   xTaskResumeFromISR
0000265d   vTaskStartScheduler
000026a3   vTaskEndScheduler
000026b5   vTaskSuspendAll
000026bf   xTaskResumeAll
0000278d   xTaskGetTickCount
000027a1   uxTaskGetNumberOfTasks
000027b1   vTaskList
0000284b   vTaskStartTrace
00002879   ulTaskEndTrace
000028ad   vTaskIncrementTick
00002959   vTaskSwitchContext
00002a71   vTaskPlaceOnEventList
00002afd   xTaskRemoveFromEventList
00002b81   vTaskSetTimeOutState
00002ba5   xTaskCheckForTimeOut
00002c19   vTaskMissedYield
00002e7f   uxTaskGetStackHighWaterMark
00002ec1   xTaskGetCurrentTaskHandle
00002ed1   vTaskPriorityInherit
00002f6d   vTaskPriorityDisinherit
00002ff5   _sl_BuildAddress
00003045   _sl_TruncatePayloadByProtocol
0000310d   _sl_ParseAddress
00003167   sl_Socket
000031bd   sl_Close
000031e7   sl_Bind
0000326f   sl_SendTo
0000338b   sl_RecvFrom
000034ad   sl_Connect
00003603   _sl_HandleAsync_Connect
000036b5   sl_Send
000037c5   sl_Listen
00003805   sl_Accept
00003987   sl_Htonl
000039c9   sl_Htons
00003a09   _sl_HandleAsync_Accept
00003aa1   sl_Recv
00003b1d   sl_SetSockOpt
00003b89   sl_GetSockOpt
00003c23   sl_Select
00003da9   SL_FD_SET
00003dcb   SL_FD_CLR
00003df1   SL_FD_ISSET
00003e19   SL_FD_ZERO
00003e31   _sl_HandleAsync_Select
00004a7f   __TI_printfi
00004d89   sl_NetAppStart
00004dad   sl_NetAppStop
00004dd1   sl_NetAppGetServiceList
00004ea1   sl_NetAppMDNSRegisterUnregisterService
00004f55   sl_NetAppMDNSRegisterService
00004f91   sl_NetAppMDNSUnRegisterService
00004fd1   sl_NetAppDnsGetHostByService
00005101   _sl_HandleAsync_DnsGetHostByService
000051d1   _sl_HandleAsync_DnsGetHostByAddr
000051e1   sl_NetAppDnsGetHostByName
00005325   _sl_HandleAsync_DnsGetHostByName
000053e9   CopyPingResultsToReport
00005425   _sl_HandleAsync_PingResponse
000054e9   sl_NetAppPingStart
0000565b   sl_NetAppSet
000056c5   sl_NetAppSendTokenValue
00005729   sl_NetAppGet
000057b9   _SlDrvNetAppEventHandler
000058cd   sl_WlanConnect
00005aff   sl_WlanDisconnect
00005b0b   sl_WlanPolicySet
00005b75   sl_WlanPolicyGet
00005c19   sl_WlanProfileAdd
00005e85   sl_WlanProfileGet
00005f67   sl_WlanProfileDel
00005f95   sl_WlanGetNetworkList
00006007   sl_WlanRxFilterAdd
00006075   sl_WlanRxFilterSet
000060c9   sl_WlanRxFilterGet
0000613f   sl_WlanRxStatStart
0000614b   sl_WlanRxStatStop
00006157   sl_WlanRxStatGet
0000618d   sl_WlanSmartConfigStop
0000619d   sl_WlanSmartConfigStart
00006229   sl_WlanSetMode
00006259   sl_WlanSet
000062cd   sl_WlanGet
00006385   vApplicationIdleHook
00006387   vApplicationTickHook
00006389   vApplicationMallocFailedHook
0000638b   vApplicationStackOverflowHook
00006395   strCpy
000063cd   SimpleLinkWlanEventHandler
00006439   SimpleLinkNetAppEventHandler
00006469   SimpleLinkHttpServerCallback
00006477   SimpleLinkGeneralEventHandler
00006483   SimpleLinkSockEventHandler
000068e9   main
00006bed   xQueueCreate
00006c93   xQueueCreateMutex
00006cfb   xQueueGiveMutexRecursive
00006d33   xQueueTakeMutexRecursive
00006d73   xQueueGenericSend
00006e5b   xQueueGenericSendFromISR
00006ec5   xQueueGenericReceive
00006ff9   xQueueReceiveFromISR
00007061   uxQueueMessagesWaiting
00007077   uxQueueMessagesWaitingFromISR
00007089   vQueueDelete
00007209   xQueueIsQueueEmptyFromISR
00007243   xQueueIsQueueFullFromISR
00007261   vQueueAddToRegistry
000072e5   updateLights
0000737b   pow
000073af   convertToNum
00007407   convertFromNum
000074f5   numChange
00007569   connectToLights
00007611   recvFromLights
00007641   disconnectLights
000076c9   jsonPut
00007945   _sl_GetStartResponseConvert
0000799d   sl_Task
000079a5   sl_Start
00007aa9   _sl_HandleAsync_InitComplete
00007b5b   _sl_HandleAsync_Stop
00007bdf   sl_Stop
00007d07   sl_EventMaskSet
00007d41   sl_EventMaskGet
00007d75   sl_DevGet
00007e13   sl_DevSet
00007e79   _SlDrvDeviceEventHandler
00007ef9   phoneWorker
00007fdf   inputConvert
000081a9   sendPhoneOk
000081f1   getPhoneData
00008295   pvPortMalloc
000083a5   vPortFree
000083fb   xPortGetFreeHeapSize
00008401   xPortGetMinimumEverFreeHeapSize
00008407   vPortInitialiseBlocks
00008571   lumosGpioConfig
0000861b   i2c_gpio_config
0000863d   i2c_config
0000864b   initializeTimer0
000086c5   initializeADC
0000877f   GetADCval
0000883d   serverThread
0000890f   phoneConnect
00008973   TcpServerStart
00008b41   gpio_enable_port
00008bff   gpio_config_digital_enable
00008c27   gpio_config_enable_output
00008c4f   gpio_config_enable_input
00008c77   gpio_config_enable_pullup
00008c9f   gpio_config_enable_pulldown
00008cc7   gpio_config_analog_enable
00008cef   gpio_config_alternate_function
00008d17   gpio_config_port_control
00008d3b   gpio_config_open_drain
00008d89   gpioHandle
00008e59   Timer0Handler
00008fdd   initializeI2CMaster
00009067   i2cVerifyBaseAddr
00009097   i2cSetSlaveAddr
000090c3   i2cStop
000090dd   I2CMasterBusy
000090fd   I2CMasterAdrAck
00009121   I2CMasterDatAck
00009145   i2cSendByte
000091a7   i2cGetByte
00009205   spi_Close
00009211   spi_Open
0000930b   spi_Write
00009365   spi_Read
00009409   __aeabi_uldivmod
000095fd   __aeabi_dsub
00009607   __aeabi_dadd
000097b3   __aeabi_ddiv
000098e9   GPIOPadConfigSet
00009a19   _SlNonOsSemSet
00009a31   _SlNonOsSemGet
00009a8d   _SlNonOsSpawn
00009add   _SlNonOsMainLoopTask
00009b49   vListInitialise
00009b79   vListInitialiseItem
00009b89   vListInsertEnd
00009bcd   vListInsert
00009c33   vListRemove
00009c79   CLI_Read
00009cc5   CLI_Write
00009d1f   CLI_Configure
00009d99   SysCtlClockGet
00009eb1   sl_NetCfgSet
00009f17   sl_NetCfgGet
00009fc1   initClk
00009fd3   stopWDT
00009fd5   registerInterruptHandler
00009fe9   CC3100_disable
00009ffd   CC3100_enable
0000a011   CC3100_InterruptEnable
0000a01d   CC3100_InterruptDisable
0000a029   MaskIntHdlr
0000a031   UnMaskIntHdlr
0000a039   Delay
0000a05f   GPIOB_intHandler
0000a08b   UART1_intHandler
0000a0c1   __aeabi_dmul
0000a1bd   SysCtlClockSet
0000a2ad   pxPortInitialiseStack
0000a2f5   xPortStartScheduler
0000a31d   vPortEndScheduler
0000a31f   vPortYieldFromISR
0000a329   vPortEnterCritical
0000a339   vPortExitCritical
0000a34f   xPortSysTickHandler
0000a391   __aeabi_memcpy
0000a391   __aeabi_memcpy4
0000a391   __aeabi_memcpy8
0000a391   memcpy
0000a42d   __TI_auto_init
0000a4c1   sendWrapper
0000a551   vPortSetInterruptMask
0000a55f   vPortClearInterruptMask
0000a56d   xPortPendSVHandler
0000a5a9   vPortSVCHandler
0000a5c9   vPortStartFirstTask
0000a5d7   __aeabi_cdcmpeq
0000a5d7   __aeabi_cdcmple
0000a65d   __aeabi_cdrcmple
0000a6e5   _SlDrvFlowContInit
0000a723   _SlDrvFlowContDeinit
0000a765   __aeabi_memclr
0000a765   __aeabi_memclr4
0000a765   __aeabi_memclr8
0000a767   __aeabi_memset
0000a767   __aeabi_memset4
0000a767   __aeabi_memset8
0000a76d   memset
0000a7dd   IntEnable
0000a83d   sprintf
0000a8fb   ltoa
0000a955   GPIOIntTypeSet
0000a9ad   atoi
0000a9f9   GPIOPinConfigure
0000aa41   _c_int00
0000aa89   __aeabi_d2iz
0000aad1   copy_in
0000ab15   C$$EXIT
0000ab19   abort
0000ab21   exit
0000ab59   _Dtest
0000ab9d   SSIConfigSetExpClk
0000abe1   SysCtlPeripheralEnable
0000ac15   strncpy
0000ac45   __aeabi_i2d
0000ac73   GPIODirModeSet
0000ac9d   memcmp
0000acbf   memccpy
0000acdb   strcat
0000acf5   _args_main
0000ad0d   __aeabi_lmul
0000ad25   _register_unlock
0000ad2b   _register_lock
0000ad33   _nop
0000ad39   strlen
0000ad4d   GPIOPinTypeGPIOInput
0000ad5f   GPIOPinTypeSSI
0000ad71   SSIDataGetNonBlocking
0000ad83   __TI_zero_init
0000ad95   _Dclass
0000ada9   FPUEnable
0000adb9   FPULazyStackingEnable
0000adc9   GPIOIntDisable
0000add7   GPIOIntStatus
0000ade5   SSIDataPutNonBlocking
0000adf3   __TI_decompress_none
0000ae01   CPUcpsie
0000ae0d   GPIOIntEnable
0000ae19   ResetISR
0000ae25   IntMasterEnable
0000ae2f   SSIEnable
0000ae39   UARTIntStatus
0000ae43   GPIOIntClear
0000ae49   GPIOPinWrite
0000ae4f   SysCtlDelay
0000ae55   __TI_decompress_rle24
0000ae5b   UARTIntClear
0000ae60   _ctypes_
0000b180   _SlPolicySetCmdCtrl
0000b184   _SlPolicyGetCmdCtrl
0000b188   _SlProfileGetCmdCtrl
0000b18c   _SlProfileDelCmdCtrl
0000b190   _SlWlanGetNetworkListCtrl
0000b194   _SlRxFilterAddtCmdCtrl
0000b198   _SlRxFilterSetCmdCtrl
0000b19c   _SlRxFilterGetCmdCtrl
0000b1a0   _SlSmartConfigStartCmdCtrl
0000b1a4   _SlWlanSetModeCmdCtrl
0000b1a8   _SlWlanCfgSetCmdCtrl
0000b1ac   _SlWlanCfgGetCmdCtrl
0000b1bc   _SlActionLookupTable
0000b1f4   _SlSockSocketCmdCtrl
0000b1f8   _SlSockCloseCmdCtrl
0000b1fc   _SlRecvfomCmdCtrl
0000b200   _SlSendCmdCtrl
0000b204   _SlListenCmdCtrl
0000b208   _SlAcceptCmdCtrl
0000b20c   _SlRecvCmdCtrl
0000b210   _SlSetSockOptCmdCtrl
0000b214   _SlGetSockOptCmdCtrl
0000b218   _SlSelectCmdCtrl
0000b254   _SlNetAppStartCtrl
0000b258   _SlNetAppStopCtrl
0000b25c   _SlGetServiceListeCtrl
0000b260   _SlRegisterServiceCtrl
0000b264   _SlGetHostByServiceCtrl
0000b268   _SlGetHostByNameCtrl
0000b26c   _SlNetAppSetCmdCtrl
0000b270   _SlNetAppSendTokenValueCmdCtrl
0000b274   _SlNetAppGetCmdCtrl
0000b2b0   _SlStopCmdCtrl
0000b2b4   _SlEventMaskSetCmdCtrl
0000b2b8   _SlEventMaskGetCmdCtrl
0000b2bc   _SlDeviceGetCmdCtrl
0000b2c0   _SlDeviceSetCmdCtrl
0000b2c4   g_H2NSyncPattern
0000b2cc   g_H2NCnysPattern
0000b2d8   _SlNetCfgSetCmdCtrl
0000b2dc   _SlNetCfgGetCmdCtrl
0000b38c   __TI_Handler_Table_Base
0000b398   __TI_Handler_Table_Limit
0000b3a0   __TI_CINIT_Base
0000b3b0   __TI_CINIT_Limit
20004e20   g_StatMem
20004f84   lightsData
2000506c   xQueueRegistry
200050f0   g__SlNonOsCB
20005118   data
20005198   encLeftCount
2000519c   encRightCount
200051a0   g_ucUARTBuffer
200051a4   networking_sem
200051bc   updateLight_sem
200051c0   IntIsMasked
200051c4   __stack
200052c4   __STACK_TOP
2000541c   __STACK_END
2000541c   header
20005498   pxCurrentTCB
200054d0   encoderFlag
200054d4   boolFlag
200054d8   buttonBounce
200054f4   lightsMode
200054f8   g_Status
200054fa   Lights_ID
200054fc   Server_ID
20005500   g_pCB
20005504   pPingCallBackFunc
20005508   gFirstCmdMode
2000550c   _lock
20005510   _unlock
20005514   __TI_cleanup_ptr
20005518   __TI_dtors_ptr
2000551c   pIrqEventHandler
20005524   main_func_sp
ffffffff   __binit__
ffffffff   __c_args__
ffffffff   binit
UNDEFED    SHT$$INIT_ARRAY$$Base
UNDEFED    SHT$$INIT_ARRAY$$Limit

[403 symbols]
