******************************************************************************
                  TI ARM Linker PC v5.1.6                      
******************************************************************************
>> Linked Sun Apr 26 15:40:07 2015

OUTPUT FILE NAME:   <getting_started_with_wlan_station.out>
ENTRY POINT SYMBOL: "_c_int00"  address: 0000aa95


MEMORY CONFIGURATION

         name            origin    length      used     unused   attr    fill
----------------------  --------  ---------  --------  --------  ----  --------
  FLASH                 00000000   00040000  0000b47e  00034b82  R  X
  SRAM                  20000000   00010000  00005525  0000aadb  RW X


SEGMENT ALLOCATION MAP

run origin  load origin   length   init length attrs members
----------  ----------- ---------- ----------- ----- -------
00000000    00000000    0000b480   0000b480    r-x
  00000000    00000000    000000f0   000000f0    r-- .intvecs
  000000f0    000000f0    0000ae42   0000ae42    r-x .text
  0000af34    0000af34    00000484   00000484    r-- .const
  0000b3b8    0000b3b8    000000c8   000000c8    r-- .cinit
20000000    20000000    00005528   00000000    rw-
  20000000    20000000    000051c1   00000000    rw- .bss
  200051c4    200051c4    00000258   00000000    rw- .stack
  2000541c    2000541c    0000010c   00000000    rw- .data


SECTION ALLOCATION MAP

 output                                  attributes/
section   page    origin      length       input sections
--------  ----  ----------  ----------   ----------------
.intvecs   0    00000000    000000f0     
                  00000000    000000f0     startup_ccs.obj (.intvecs)

.text      0    000000f0    0000ae42     
                  000000f0    00002020     driver.obj (.text)
                  00002110    00000ee4     tasks.obj (.text)
                  00002ff4    00000ed4     socket.obj (.text)
                  00003ec8    00000ec0     rtsv7M4_T_le_v4SPD16_eabi.lib : _printfi.obj (.text)
                  00004d88    00000b44     netapp.obj (.text)
                  000058cc    00000ab8     wlan.obj (.text)
                  00006384    00000860     main.obj (.text)
                  00006be4    000006f8     queue.obj (.text)
                  000072dc    00000660     lightsManager.obj (.text)
                  0000793c    000005b4     device.obj (.text)
                  00007ef0    0000039c     phone.obj (.text)
                  0000828c    00000328     externals.obj (.text)
                  000085b4    000002dc     heap_4.obj (.text)
                  00008890    000002c8     server.obj (.text)
                  00008b58    00000284     gpio.obj (.text)
                  00008ddc    00000254     interruptHandlers.obj (.text)
                  00009030    00000228     i2c.obj (.text)
                  00009258    00000204     spi.obj (.text)
                  0000945c    000001f4     rtsv7M4_T_le_v4SPD16_eabi.lib : ull_div_t2.obj (.text)
                  00009650    000001b6                                   : fd_add_t2.obj (.text)
                  00009806    00000136                                   : fd_div_t2.obj (.text)
                  0000993c    00000130     driverlib.lib : gpio.obj (.text:GPIOPadConfigSet)
                  00009a6c    00000130     nonos.obj (.text)
                  00009b9c    0000012e     list.obj (.text)
                  00009cca    00000002     --HOLE-- [fill = 0]
                  00009ccc    00000120     cli_uart.obj (.text)
                  00009dec    00000118     driverlib.lib : sysctl.obj (.text:SysCtlClockGet)
                  00009f04    00000110     netcfg.obj (.text)
                  0000a014    00000100     board.obj (.text)
                  0000a114    000000fc     rtsv7M4_T_le_v4SPD16_eabi.lib : fd_mul_t2.obj (.text)
                  0000a210    000000f0     driverlib.lib : sysctl.obj (.text:SysCtlClockSet)
                  0000a300    000000e4     port.obj (.text)
                  0000a3e4    0000009c     rtsv7M4_T_le_v4SPD16_eabi.lib : memcpy_t2.obj (.text)
                  0000a480    00000094                                   : auto_init.obj (.text)
                  0000a514    0000008c     wrapper.obj (.text)
                  0000a5a0    0000008a     portasm.obj (.text)
                  0000a62a    00000086     rtsv7M4_T_le_v4SPD16_eabi.lib : fd_cmp_t2.obj (.text:__aeabi_cdcmple)
                  0000a6b0    00000086                                   : fd_cmp_t2.obj (.text:__aeabi_cdrcmple)
                  0000a736    00000002     --HOLE-- [fill = 0]
                  0000a738    00000080     flowcont.obj (.text)
                  0000a7b8    00000078     rtsv7M4_T_le_v4SPD16_eabi.lib : memset_t2.obj (.text)
                  0000a830    00000060     driverlib.lib : interrupt.obj (.text:IntEnable)
                  0000a890    00000060     rtsv7M4_T_le_v4SPD16_eabi.lib : sprintf.obj (.text)
                  0000a8f0    0000005e                                   : copy_decompress_rle.obj (.text)
                  0000a94e    0000005a                                   : ltoa.obj (.text)
                  0000a9a8    00000056     driverlib.lib : gpio.obj (.text:GPIOIntTypeSet)
                  0000a9fe    00000002     --HOLE-- [fill = 0]
                  0000aa00    0000004c     rtsv7M4_T_le_v4SPD16_eabi.lib : atoi.obj (.text)
                  0000aa4c    00000048     driverlib.lib : gpio.obj (.text:GPIOPinConfigure)
                  0000aa94    00000048     rtsv7M4_T_le_v4SPD16_eabi.lib : boot.obj (.text)
                  0000aadc    00000048                                   : fd_toi_t2.obj (.text)
                  0000ab24    00000044                                   : cpy_tbl.obj (.text)
                  0000ab68    00000044                                   : exit.obj (.text)
                  0000abac    00000044                                   : xdtest.obj (.text)
                  0000abf0    00000042     driverlib.lib : ssi.obj (.text:SSIConfigSetExpClk)
                  0000ac32    00000002     --HOLE-- [fill = 0]
                  0000ac34    00000034                   : sysctl.obj (.text:SysCtlPeripheralEnable)
                  0000ac68    00000030     rtsv7M4_T_le_v4SPD16_eabi.lib : strncpy.obj (.text)
                  0000ac98    0000002e                                   : i_tofd_t2.obj (.text)
                  0000acc6    0000002a     driverlib.lib : gpio.obj (.text:GPIODirModeSet)
                  0000acf0    00000022                   : pwm.obj (.text:PWMGenConfigure)
                  0000ad12    00000022     rtsv7M4_T_le_v4SPD16_eabi.lib : memcmp.obj (.text)
                  0000ad34    0000001e     driverlib.lib : pwm.obj (.text:PWMPulseWidthSet)
                  0000ad52    0000001c     rtsv7M4_T_le_v4SPD16_eabi.lib : memccpy.obj (.text)
                  0000ad6e    0000001a                                   : strcat.obj (.text)
                  0000ad88    00000018                                   : args_main.obj (.text)
                  0000ada0    00000018                                   : ll_mul_t2.obj (.text)
                  0000adb8    00000014                                   : _lock.obj (.text)
                  0000adcc    00000014                                   : strlen.obj (.text)
                  0000ade0    00000012     driverlib.lib : gpio.obj (.text:GPIOPinTypeGPIOInput)
                  0000adf2    00000012                   : gpio.obj (.text:GPIOPinTypePWM)
                  0000ae04    00000012                   : gpio.obj (.text:GPIOPinTypeSSI)
                  0000ae16    00000012                   : pwm.obj (.text:PWMOutputState)
                  0000ae28    00000012                   : ssi.obj (.text:SSIDataGetNonBlocking)
                  0000ae3a    00000012     rtsv7M4_T_le_v4SPD16_eabi.lib : copy_zero_init.obj (.text:decompress:ZI)
                  0000ae4c    00000012                                   : xdclass.obj (.text)
                  0000ae5e    00000002     --HOLE-- [fill = 0]
                  0000ae60    00000010     driverlib.lib : fpu.obj (.text:FPUEnable)
                  0000ae70    00000010                   : fpu.obj (.text:FPULazyStackingEnable)
                  0000ae80    00000010                   : pwm.obj (.text:PWMGenPeriodSet)
                  0000ae90    0000000e                   : gpio.obj (.text:GPIOIntDisable)
                  0000ae9e    0000000e                   : gpio.obj (.text:GPIOIntStatus)
                  0000aeac    0000000e                   : ssi.obj (.text:SSIDataPutNonBlocking)
                  0000aeba    0000000e     rtsv7M4_T_le_v4SPD16_eabi.lib : copy_decompress_none.obj (.text:decompress:none)
                  0000aec8    0000000c     driverlib.lib : cpu.obj (.text:CPUcpsie)
                  0000aed4    0000000c                   : gpio.obj (.text:GPIOIntEnable)
                  0000aee0    0000000c                   : pwm.obj (.text:PWMGenEnable)
                  0000aeec    0000000c     startup_ccs.obj (.text)
                  0000aef8    0000000a     driverlib.lib : interrupt.obj (.text:IntMasterEnable)
                  0000af02    0000000a                   : ssi.obj (.text:SSIEnable)
                  0000af0c    0000000a                   : uart.obj (.text:UARTIntStatus)
                  0000af16    00000006                   : gpio.obj (.text:GPIOIntClear)
                  0000af1c    00000006                   : gpio.obj (.text:GPIOPinWrite)
                  0000af22    00000006                   : sysctl.obj (.text:SysCtlDelay)
                  0000af28    00000006     rtsv7M4_T_le_v4SPD16_eabi.lib : copy_decompress_rle.obj (.text:decompress:rle24)
                  0000af2e    00000004     driverlib.lib : uart.obj (.text:UARTIntClear)

.const     0    0000af34    00000484     
                  0000af34    00000102     rtsv7M4_T_le_v4SPD16_eabi.lib : ctype.obj (.const:.string:_ctypes_)
                  0000b036    00000002     --HOLE-- [fill = 0]
                  0000b038    000000b0     wlan.obj (.const:$P$T0$1)
                  0000b0e8    00000090     driverlib.lib : gpio.obj (.const:g_pui32GPIOBaseAddrs)
                  0000b178    00000070                   : interrupt.obj (.const)
                  0000b1e8    0000006c                   : sysctl.obj (.const:g_pui32Xtals)
                  0000b254    0000003c     wlan.obj (.const)
                  0000b290    00000038     driver.obj (.const:_SlActionLookupTable)
                  0000b2c8    00000034     socket.obj (.const)
                  0000b2fc    0000002c     main.obj (.const:$P$T0$1)
                  0000b328    00000028     netapp.obj (.const)
                  0000b350    00000020     main.obj (.const)
                  0000b370    00000014     tasks.obj (.const:.string)
                  0000b384    00000014     device.obj (.const)
                  0000b398    00000014     driver.obj (.const)
                  0000b3ac    00000008     netcfg.obj (.const)
                  0000b3b4    00000004     heap_4.obj (.const)

.cinit     0    0000b3b8    000000c8     
                  0000b3b8    000000a4     (.cinit..data.load) [load image, compression = rle]
                  0000b45c    0000000c     (__TI_handler_table)
                  0000b468    00000008     (.cinit..bss.load) [load image, compression = zero_init]
                  0000b470    00000010     (__TI_cinit_table)

.bss       0    20000000    000051c1     UNINITIALIZED
                  20000000    00004e20     heap_4.obj (.bss:ucHeap)
                  20004e20    00000164     driver.obj (.bss:g_StatMem)
                  20004f84    00000084     lightsManager.obj (.bss:lightsData)
                  20005008    00000064     tasks.obj (.bss:pxReadyTasksLists)
                  2000506c    00000050     queue.obj (.bss:xQueueRegistry)
                  200050bc    00000034     tasks.obj (.bss:pcStatusString)
                  200050f0    00000028     nonos.obj (.bss:g__SlNonOsCB)
                  20005118    00000014     (.common:data)
                  2000512c    00000014     (.common:xDelayedTaskList1)
                  20005140    00000014     (.common:xDelayedTaskList2)
                  20005154    00000014     (.common:xPendingReadyList)
                  20005168    00000014     (.common:xSuspendedTaskList)
                  2000517c    00000014     (.common:xTasksWaitingTermination)
                  20005190    00000008     (.common:xStart)
                  20005198    00000004     (.common:encLeftCount)
                  2000519c    00000004     (.common:encRightCount)
                  200051a0    00000004     (.common:g_ucUARTBuffer)
                  200051a4    00000004     (.common:networking_sem)
                  200051a8    00000004     (.common:pcTraceBuffer)
                  200051ac    00000004     (.common:pcTraceBufferEnd)
                  200051b0    00000004     (.common:pcTraceBufferStart)
                  200051b4    00000004     (.common:pxDelayedTaskList)
                  200051b8    00000004     (.common:pxOverflowDelayedTaskList)
                  200051bc    00000004     (.common:updateLight_sem)
                  200051c0    00000001     (.common:IntIsMasked)

.stack     0    200051c4    00000258     UNINITIALIZED
                  200051c4    00000258     --HOLE--

.data      0    2000541c    0000010c     UNINITIALIZED
                  2000541c    0000007a     lightsManager.obj (.data:header)
                  20005496    00000002     --HOLE--
                  20005498    00000038     tasks.obj (.data)
                  200054d0    00000014     interruptHandlers.obj (.data)
                  200054e4    00000010     heap_4.obj (.data)
                  200054f4    0000000a     lightsManager.obj (.data)
                  200054fe    00000002     --HOLE--
                  20005500    00000009     driver.obj (.data)
                  20005509    00000003     --HOLE--
                  2000550c    00000008     rtsv7M4_T_le_v4SPD16_eabi.lib : _lock.obj (.data)
                  20005514    00000008                                   : exit.obj (.data)
                  2000551c    00000004     board.obj (.data)
                  20005520    00000004     port.obj (.data)
                  20005524    00000004     rtsv7M4_T_le_v4SPD16_eabi.lib : stkdepth_vars.obj (.data)


LINKER GENERATED COPY TABLES

__TI_cinit_table @ 0000b470 records: 2, size/record: 8, table size: 16
	.data: load addr=0000b3b8, load size=000000a4 bytes, run addr=2000541c, run size=0000010c bytes, compression=rle
	.bss: load addr=0000b468, load size=00000008 bytes, run addr=20000000, run size=000051c1 bytes, compression=zero_init


LINKER GENERATED HANDLER TABLE

__TI_handler_table @ 0000b45c records: 3, size/record: 4, table size: 12
	index: 0, handler: __TI_decompress_rle24
	index: 1, handler: __TI_decompress_none
	index: 2, handler: __TI_zero_init


GLOBAL SYMBOLS: SORTED ALPHABETICALLY BY Name 

address    name
--------   ----
0000ab69   C$$EXIT
0000a071   CC3100_InterruptDisable
0000a065   CC3100_InterruptEnable
0000a03d   CC3100_disable
0000a051   CC3100_enable
00009d73   CLI_Configure
00009ccd   CLI_Read
00009d19   CLI_Write
0000aec9   CPUcpsie
000053e9   CopyPingResultsToReport
0000a08d   Delay
0000ae61   FPUEnable
0000ae71   FPULazyStackingEnable
0000a0b3   GPIOB_intHandler
0000acc7   GPIODirModeSet
0000af17   GPIOIntClear
0000ae91   GPIOIntDisable
0000aed5   GPIOIntEnable
0000ae9f   GPIOIntStatus
0000a9a9   GPIOIntTypeSet
0000993d   GPIOPadConfigSet
0000aa4d   GPIOPinConfigure
0000ade1   GPIOPinTypeGPIOInput
0000adf3   GPIOPinTypePWM
0000ae05   GPIOPinTypeSSI
0000af1d   GPIOPinWrite
0000849b   GetADCval
00009151   I2CMasterAdrAck
00009131   I2CMasterBusy
00009175   I2CMasterDatAck
0000a831   IntEnable
200051c0   IntIsMasked
0000aef9   IntMasterEnable
200054fa   Lights_ID
0000a07d   MaskIntHdlr
0000acf1   PWMGenConfigure
0000aee1   PWMGenEnable
0000ae81   PWMGenPeriodSet
0000ae17   PWMOutputState
0000ad35   PWMPulseWidthSet
0000aeed   ResetISR
UNDEFED    SHT$$INIT_ARRAY$$Base
UNDEFED    SHT$$INIT_ARRAY$$Limit
00003dcb   SL_FD_CLR
00003df1   SL_FD_ISSET
00003da9   SL_FD_SET
00003e19   SL_FD_ZERO
0000abf1   SSIConfigSetExpClk
0000ae29   SSIDataGetNonBlocking
0000aead   SSIDataPutNonBlocking
0000af03   SSIEnable
200054fc   Server_ID
00006477   SimpleLinkGeneralEventHandler
00006469   SimpleLinkHttpServerCallback
00006439   SimpleLinkNetAppEventHandler
00006483   SimpleLinkSockEventHandler
000063cd   SimpleLinkWlanEventHandler
00009ded   SysCtlClockGet
0000a211   SysCtlClockSet
0000af23   SysCtlDelay
0000ac35   SysCtlPeripheralEnable
000089c7   TcpServerStart
00008ead   Timer0Handler
0000a0df   UART1_intHandler
0000af2f   UARTIntClear
0000af0d   UARTIntStatus
0000a085   UnMaskIntHdlr
0000ae4d   _Dclass
0000abad   _Dtest
0000b2dc   _SlAcceptCmdCtrl
0000b290   _SlActionLookupTable
00000fbd   _SlAsyncEventGenericHandler
0000b390   _SlDeviceGetCmdCtrl
0000b394   _SlDeviceSetCmdCtrl
000019cf   _SlDrvBasicCmd
00001685   _SlDrvClassifyRxMsg
000002bb   _SlDrvCmdOp
0000036b   _SlDrvCmdSend
000003c1   _SlDrvDataReadOp
000005c5   _SlDrvDataWriteOp
00007e71   _SlDrvDeviceEventHandler
000001d5   _SlDrvDriverCBDeinit
000000f1   _SlDrvDriverCBInit
0000a777   _SlDrvFlowContDeinit
0000a739   _SlDrvFlowContInit
00000989   _SlDrvMsgRead
000014a1   _SlDrvMsgReadCmdCtx
0000159b   _SlDrvMsgReadSpawnCtx
00000795   _SlDrvMsgWrite
000057b9   _SlDrvNetAppEventHandler
00001ec3   _SlDrvObjDeInit
00001e47   _SlDrvObjInit
00001c3d   _SlDrvReleasePoolObj
000017c9   _SlDrvRxHdrRead
00000279   _SlDrvRxIrqHandler
00001783   _SlDrvShiftDWord
00001a35   _SlDrvWaitForPoolObj
0000b38c   _SlEventMaskGetCmdCtrl
0000b388   _SlEventMaskSetCmdCtrl
00001fa1   _SlFindAndSetActiveObj
0000b33c   _SlGetHostByNameCtrl
0000b338   _SlGetHostByServiceCtrl
0000b330   _SlGetServiceListeCtrl
0000b2e8   _SlGetSockOptCmdCtrl
0000b2d8   _SlListenCmdCtrl
0000b348   _SlNetAppGetCmdCtrl
0000b344   _SlNetAppSendTokenValueCmdCtrl
0000b340   _SlNetAppSetCmdCtrl
0000b328   _SlNetAppStartCtrl
0000b32c   _SlNetAppStopCtrl
0000b3b0   _SlNetCfgGetCmdCtrl
0000b3ac   _SlNetCfgSetCmdCtrl
00009b31   _SlNonOsMainLoopTask
00009a85   _SlNonOsSemGet
00009a6d   _SlNonOsSemSet
00009ae1   _SlNonOsSpawn
0000b258   _SlPolicyGetCmdCtrl
0000b254   _SlPolicySetCmdCtrl
0000b260   _SlProfileDelCmdCtrl
0000b25c   _SlProfileGetCmdCtrl
0000b2e0   _SlRecvCmdCtrl
0000b2d0   _SlRecvfomCmdCtrl
0000b334   _SlRegisterServiceCtrl
00001ee3   _SlRemoveFromList
0000b268   _SlRxFilterAddtCmdCtrl
0000b270   _SlRxFilterGetCmdCtrl
0000b26c   _SlRxFilterSetCmdCtrl
0000b2ec   _SlSelectCmdCtrl
0000b2d4   _SlSendCmdCtrl
0000b2e4   _SlSetSockOptCmdCtrl
0000b274   _SlSmartConfigStartCmdCtrl
0000b2cc   _SlSockCloseCmdCtrl
0000b2c8   _SlSockSocketCmdCtrl
0000b384   _SlStopCmdCtrl
0000b280   _SlWlanCfgGetCmdCtrl
0000b27c   _SlWlanCfgSetCmdCtrl
0000b264   _SlWlanGetNetworkListCtrl
0000b278   _SlWlanSetModeCmdCtrl
2000541c   __STACK_END
00000258   __STACK_SIZE
200052c4   __STACK_TOP
0000b470   __TI_CINIT_Base
0000b480   __TI_CINIT_Limit
0000b45c   __TI_Handler_Table_Base
0000b468   __TI_Handler_Table_Limit
00000001   __TI_args_main
0000a481   __TI_auto_init
20005514   __TI_cleanup_ptr
0000aebb   __TI_decompress_none
0000af29   __TI_decompress_rle24
20005518   __TI_dtors_ptr
00004a7f   __TI_printfi
00000000   __TI_static_base__
0000ae3b   __TI_zero_init
0000a62b   __aeabi_cdcmpeq
0000a62b   __aeabi_cdcmple
0000a6b1   __aeabi_cdrcmple
0000aadd   __aeabi_d2iz
0000965b   __aeabi_dadd
00009807   __aeabi_ddiv
0000a115   __aeabi_dmul
00009651   __aeabi_dsub
0000ac99   __aeabi_i2d
0000ada1   __aeabi_lmul
0000a7b9   __aeabi_memclr
0000a7b9   __aeabi_memclr4
0000a7b9   __aeabi_memclr8
0000a3e5   __aeabi_memcpy
0000a3e5   __aeabi_memcpy4
0000a3e5   __aeabi_memcpy8
0000a7bb   __aeabi_memset
0000a7bb   __aeabi_memset4
0000a7bb   __aeabi_memset8
0000945d   __aeabi_uldivmod
ffffffff   __binit__
ffffffff   __c_args__
200051c4   __stack
0000ad89   _args_main
0000aa95   _c_int00
0000af34   _ctypes_
2000550c   _lock
0000adc7   _nop
0000adbf   _register_lock
0000adb9   _register_unlock
00002ff5   _sl_BuildAddress
0000793d   _sl_GetStartResponseConvert
00003a09   _sl_HandleAsync_Accept
00003603   _sl_HandleAsync_Connect
000051d1   _sl_HandleAsync_DnsGetHostByAddr
00005325   _sl_HandleAsync_DnsGetHostByName
00005101   _sl_HandleAsync_DnsGetHostByService
00007aa1   _sl_HandleAsync_InitComplete
00005425   _sl_HandleAsync_PingResponse
00003e31   _sl_HandleAsync_Select
00007b53   _sl_HandleAsync_Stop
0000310d   _sl_ParseAddress
00003045   _sl_TruncatePayloadByProtocol
20005510   _unlock
0000ab6d   abort
0000aa01   atoi
ffffffff   binit
200054d4   boolFlag
200054d8   buttonBounce
00007561   connectToLights
000073ff   convertFromNum
000073a7   convertToNum
0000ab25   copy_in
20005118   data
00007639   disconnectLights
20005198   encLeftCount
2000519c   encRightCount
200054d0   encoderFlag
0000ab75   exit
20005508   gFirstCmdMode
0000b3a0   g_H2NCnysPattern
0000b398   g_H2NSyncPattern
20004e20   g_StatMem
200054f8   g_Status
200050f0   g__SlNonOsCB
20005500   g_pCB
00000000   g_pfnVectors
200051a0   g_ucUARTBuffer
000081e9   getPhoneData
00008ddd   gpioHandle
00008d43   gpio_config_alternate_function
00008d1b   gpio_config_analog_enable
00008c53   gpio_config_digital_enable
00008ca3   gpio_config_enable_input
00008c7b   gpio_config_enable_output
00008cf3   gpio_config_enable_pulldown
00008ccb   gpio_config_enable_pullup
00008d8f   gpio_config_open_drain
00008d6b   gpio_config_port_control
00008b95   gpio_enable_port
2000541c   header
000091fb   i2cGetByte
00009199   i2cSendByte
000090eb   i2cSetSlaveAddr
00009117   i2cStop
000090bb   i2cVerifyBaseAddr
00008359   i2c_config
00008337   i2c_gpio_config
0000a015   initClk
000083e1   initializeADC
00009031   initializeI2CMaster
00008367   initializeTimer0
00007fd7   inputConvert
000076c1   jsonPut
20004f84   lightsData
200054f4   lightsMode
0000a94f   ltoa
0000828d   lumosGpioConfig
000068e5   main
20005524   main_func_sp
0000ad53   memccpy
0000ad13   memcmp
0000a3e5   memcpy
0000a7c1   memset
200051a4   networking_sem
000074ed   numChange
2000551c   pIrqEventHandler
20005504   pPingCallBackFunc
00008963   phoneConnect
00007ef1   phoneWorker
00007373   pow
000085b5   pvPortMalloc
000084d5   pwmInit
20005498   pxCurrentTCB
0000a301   pxPortInitialiseStack
00007609   recvFromLights
0000a029   registerInterruptHandler
000081a1   sendPhoneOk
0000a515   sendWrapper
00008891   serverThread
00003805   sl_Accept
000031e7   sl_Bind
000031bd   sl_Close
000034ad   sl_Connect
00007d6d   sl_DevGet
00007e0b   sl_DevSet
00007d39   sl_EventMaskGet
00007cff   sl_EventMaskSet
00003b89   sl_GetSockOpt
00003987   sl_Htonl
000039c9   sl_Htons
000037c5   sl_Listen
000051e1   sl_NetAppDnsGetHostByName
00004fd1   sl_NetAppDnsGetHostByService
00005729   sl_NetAppGet
00004dd1   sl_NetAppGetServiceList
00004f55   sl_NetAppMDNSRegisterService
00004ea1   sl_NetAppMDNSRegisterUnregisterService
00004f91   sl_NetAppMDNSUnRegisterService
000054e9   sl_NetAppPingStart
000056c5   sl_NetAppSendTokenValue
0000565b   sl_NetAppSet
00004d89   sl_NetAppStart
00004dad   sl_NetAppStop
00009f6b   sl_NetCfgGet
00009f05   sl_NetCfgSet
00003aa1   sl_Recv
0000338b   sl_RecvFrom
00003c23   sl_Select
000036b5   sl_Send
0000326f   sl_SendTo
00003b1d   sl_SetSockOpt
00003167   sl_Socket
0000799d   sl_Start
00007bd7   sl_Stop
00007995   sl_Task
000058cd   sl_WlanConnect
00005aff   sl_WlanDisconnect
000062cd   sl_WlanGet
00005f95   sl_WlanGetNetworkList
00005b75   sl_WlanPolicyGet
00005b0b   sl_WlanPolicySet
00005c19   sl_WlanProfileAdd
00005f67   sl_WlanProfileDel
00005e85   sl_WlanProfileGet
00006007   sl_WlanRxFilterAdd
000060c9   sl_WlanRxFilterGet
00006075   sl_WlanRxFilterSet
00006157   sl_WlanRxStatGet
0000613f   sl_WlanRxStatStart
0000614b   sl_WlanRxStatStop
00006259   sl_WlanSet
00006229   sl_WlanSetMode
0000619d   sl_WlanSmartConfigStart
0000618d   sl_WlanSmartConfigStop
00009259   spi_Close
00009265   spi_Open
000093b9   spi_Read
0000935f   spi_Write
0000a891   sprintf
0000a027   stopWDT
00006395   strCpy
0000ad6f   strcat
0000adcd   strlen
0000ac69   strncpy
00002879   ulTaskEndTrace
200051bc   updateLight_sem
000072dd   updateLights
00007059   uxQueueMessagesWaiting
0000706f   uxQueueMessagesWaitingFromISR
000027a1   uxTaskGetNumberOfTasks
00002e7f   uxTaskGetStackHighWaterMark
000023a9   uxTaskPriorityGet
00006385   vApplicationIdleHook
00006389   vApplicationMallocFailedHook
0000638b   vApplicationStackOverflowHook
00006387   vApplicationTickHook
00009b9d   vListInitialise
00009bcd   vListInitialiseItem
00009c21   vListInsert
00009bdd   vListInsertEnd
00009c87   vListRemove
0000a5b3   vPortClearInterruptMask
0000a371   vPortEndScheduler
0000a37d   vPortEnterCritical
0000a38d   vPortExitCritical
000086c5   vPortFree
00008727   vPortInitialiseBlocks
0000a5fd   vPortSVCHandler
0000a5a5   vPortSetInterruptMask
0000a61d   vPortStartFirstTask
0000a373   vPortYieldFromISR
00007259   vQueueAddToRegistry
00007081   vQueueDelete
00002345   vTaskDelay
00002295   vTaskDelayUntil
0000222d   vTaskDelete
000026a3   vTaskEndScheduler
000028ad   vTaskIncrementTick
000027b1   vTaskList
00002c19   vTaskMissedYield
00002a71   vTaskPlaceOnEventList
00002f6d   vTaskPriorityDisinherit
00002ed1   vTaskPriorityInherit
000023e9   vTaskPrioritySet
00002575   vTaskResume
00002b81   vTaskSetTimeOutState
0000265d   vTaskStartScheduler
0000284b   vTaskStartTrace
000024cd   vTaskSuspend
000026b5   vTaskSuspendAll
00002959   vTaskSwitchContext
0000871b   xPortGetFreeHeapSize
00008721   xPortGetMinimumEverFreeHeapSize
0000a5c1   xPortPendSVHandler
0000a349   xPortStartScheduler
0000a3a3   xPortSysTickHandler
00006be5   xQueueCreate
00006c8b   xQueueCreateMutex
00006ebd   xQueueGenericReceive
00006d6b   xQueueGenericSend
00006e53   xQueueGenericSendFromISR
00006cf3   xQueueGiveMutexRecursive
00007201   xQueueIsQueueEmptyFromISR
0000723b   xQueueIsQueueFullFromISR
00006ff1   xQueueReceiveFromISR
2000506c   xQueueRegistry
00006d2b   xQueueTakeMutexRecursive
00002ba5   xTaskCheckForTimeOut
00002111   xTaskGenericCreate
00002ec1   xTaskGetCurrentTaskHandle
0000278d   xTaskGetTickCount
00002525   xTaskIsTaskSuspended
00002afd   xTaskRemoveFromEventList
000026bf   xTaskResumeAll
000025e5   xTaskResumeFromISR


GLOBAL SYMBOLS: SORTED BY Symbol Address 

address    name
--------   ----
00000000   __TI_static_base__
00000000   g_pfnVectors
00000001   __TI_args_main
000000f1   _SlDrvDriverCBInit
000001d5   _SlDrvDriverCBDeinit
00000258   __STACK_SIZE
00000279   _SlDrvRxIrqHandler
000002bb   _SlDrvCmdOp
0000036b   _SlDrvCmdSend
000003c1   _SlDrvDataReadOp
000005c5   _SlDrvDataWriteOp
00000795   _SlDrvMsgWrite
00000989   _SlDrvMsgRead
00000fbd   _SlAsyncEventGenericHandler
000014a1   _SlDrvMsgReadCmdCtx
0000159b   _SlDrvMsgReadSpawnCtx
00001685   _SlDrvClassifyRxMsg
00001783   _SlDrvShiftDWord
000017c9   _SlDrvRxHdrRead
000019cf   _SlDrvBasicCmd
00001a35   _SlDrvWaitForPoolObj
00001c3d   _SlDrvReleasePoolObj
00001e47   _SlDrvObjInit
00001ec3   _SlDrvObjDeInit
00001ee3   _SlRemoveFromList
00001fa1   _SlFindAndSetActiveObj
00002111   xTaskGenericCreate
0000222d   vTaskDelete
00002295   vTaskDelayUntil
00002345   vTaskDelay
000023a9   uxTaskPriorityGet
000023e9   vTaskPrioritySet
000024cd   vTaskSuspend
00002525   xTaskIsTaskSuspended
00002575   vTaskResume
000025e5   xTaskResumeFromISR
0000265d   vTaskStartScheduler
000026a3   vTaskEndScheduler
000026b5   vTaskSuspendAll
000026bf   xTaskResumeAll
0000278d   xTaskGetTickCount
000027a1   uxTaskGetNumberOfTasks
000027b1   vTaskList
0000284b   vTaskStartTrace
00002879   ulTaskEndTrace
000028ad   vTaskIncrementTick
00002959   vTaskSwitchContext
00002a71   vTaskPlaceOnEventList
00002afd   xTaskRemoveFromEventList
00002b81   vTaskSetTimeOutState
00002ba5   xTaskCheckForTimeOut
00002c19   vTaskMissedYield
00002e7f   uxTaskGetStackHighWaterMark
00002ec1   xTaskGetCurrentTaskHandle
00002ed1   vTaskPriorityInherit
00002f6d   vTaskPriorityDisinherit
00002ff5   _sl_BuildAddress
00003045   _sl_TruncatePayloadByProtocol
0000310d   _sl_ParseAddress
00003167   sl_Socket
000031bd   sl_Close
000031e7   sl_Bind
0000326f   sl_SendTo
0000338b   sl_RecvFrom
000034ad   sl_Connect
00003603   _sl_HandleAsync_Connect
000036b5   sl_Send
000037c5   sl_Listen
00003805   sl_Accept
00003987   sl_Htonl
000039c9   sl_Htons
00003a09   _sl_HandleAsync_Accept
00003aa1   sl_Recv
00003b1d   sl_SetSockOpt
00003b89   sl_GetSockOpt
00003c23   sl_Select
00003da9   SL_FD_SET
00003dcb   SL_FD_CLR
00003df1   SL_FD_ISSET
00003e19   SL_FD_ZERO
00003e31   _sl_HandleAsync_Select
00004a7f   __TI_printfi
00004d89   sl_NetAppStart
00004dad   sl_NetAppStop
00004dd1   sl_NetAppGetServiceList
00004ea1   sl_NetAppMDNSRegisterUnregisterService
00004f55   sl_NetAppMDNSRegisterService
00004f91   sl_NetAppMDNSUnRegisterService
00004fd1   sl_NetAppDnsGetHostByService
00005101   _sl_HandleAsync_DnsGetHostByService
000051d1   _sl_HandleAsync_DnsGetHostByAddr
000051e1   sl_NetAppDnsGetHostByName
00005325   _sl_HandleAsync_DnsGetHostByName
000053e9   CopyPingResultsToReport
00005425   _sl_HandleAsync_PingResponse
000054e9   sl_NetAppPingStart
0000565b   sl_NetAppSet
000056c5   sl_NetAppSendTokenValue
00005729   sl_NetAppGet
000057b9   _SlDrvNetAppEventHandler
000058cd   sl_WlanConnect
00005aff   sl_WlanDisconnect
00005b0b   sl_WlanPolicySet
00005b75   sl_WlanPolicyGet
00005c19   sl_WlanProfileAdd
00005e85   sl_WlanProfileGet
00005f67   sl_WlanProfileDel
00005f95   sl_WlanGetNetworkList
00006007   sl_WlanRxFilterAdd
00006075   sl_WlanRxFilterSet
000060c9   sl_WlanRxFilterGet
0000613f   sl_WlanRxStatStart
0000614b   sl_WlanRxStatStop
00006157   sl_WlanRxStatGet
0000618d   sl_WlanSmartConfigStop
0000619d   sl_WlanSmartConfigStart
00006229   sl_WlanSetMode
00006259   sl_WlanSet
000062cd   sl_WlanGet
00006385   vApplicationIdleHook
00006387   vApplicationTickHook
00006389   vApplicationMallocFailedHook
0000638b   vApplicationStackOverflowHook
00006395   strCpy
000063cd   SimpleLinkWlanEventHandler
00006439   SimpleLinkNetAppEventHandler
00006469   SimpleLinkHttpServerCallback
00006477   SimpleLinkGeneralEventHandler
00006483   SimpleLinkSockEventHandler
000068e5   main
00006be5   xQueueCreate
00006c8b   xQueueCreateMutex
00006cf3   xQueueGiveMutexRecursive
00006d2b   xQueueTakeMutexRecursive
00006d6b   xQueueGenericSend
00006e53   xQueueGenericSendFromISR
00006ebd   xQueueGenericReceive
00006ff1   xQueueReceiveFromISR
00007059   uxQueueMessagesWaiting
0000706f   uxQueueMessagesWaitingFromISR
00007081   vQueueDelete
00007201   xQueueIsQueueEmptyFromISR
0000723b   xQueueIsQueueFullFromISR
00007259   vQueueAddToRegistry
000072dd   updateLights
00007373   pow
000073a7   convertToNum
000073ff   convertFromNum
000074ed   numChange
00007561   connectToLights
00007609   recvFromLights
00007639   disconnectLights
000076c1   jsonPut
0000793d   _sl_GetStartResponseConvert
00007995   sl_Task
0000799d   sl_Start
00007aa1   _sl_HandleAsync_InitComplete
00007b53   _sl_HandleAsync_Stop
00007bd7   sl_Stop
00007cff   sl_EventMaskSet
00007d39   sl_EventMaskGet
00007d6d   sl_DevGet
00007e0b   sl_DevSet
00007e71   _SlDrvDeviceEventHandler
00007ef1   phoneWorker
00007fd7   inputConvert
000081a1   sendPhoneOk
000081e9   getPhoneData
0000828d   lumosGpioConfig
00008337   i2c_gpio_config
00008359   i2c_config
00008367   initializeTimer0
000083e1   initializeADC
0000849b   GetADCval
000084d5   pwmInit
000085b5   pvPortMalloc
000086c5   vPortFree
0000871b   xPortGetFreeHeapSize
00008721   xPortGetMinimumEverFreeHeapSize
00008727   vPortInitialiseBlocks
00008891   serverThread
00008963   phoneConnect
000089c7   TcpServerStart
00008b95   gpio_enable_port
00008c53   gpio_config_digital_enable
00008c7b   gpio_config_enable_output
00008ca3   gpio_config_enable_input
00008ccb   gpio_config_enable_pullup
00008cf3   gpio_config_enable_pulldown
00008d1b   gpio_config_analog_enable
00008d43   gpio_config_alternate_function
00008d6b   gpio_config_port_control
00008d8f   gpio_config_open_drain
00008ddd   gpioHandle
00008ead   Timer0Handler
00009031   initializeI2CMaster
000090bb   i2cVerifyBaseAddr
000090eb   i2cSetSlaveAddr
00009117   i2cStop
00009131   I2CMasterBusy
00009151   I2CMasterAdrAck
00009175   I2CMasterDatAck
00009199   i2cSendByte
000091fb   i2cGetByte
00009259   spi_Close
00009265   spi_Open
0000935f   spi_Write
000093b9   spi_Read
0000945d   __aeabi_uldivmod
00009651   __aeabi_dsub
0000965b   __aeabi_dadd
00009807   __aeabi_ddiv
0000993d   GPIOPadConfigSet
00009a6d   _SlNonOsSemSet
00009a85   _SlNonOsSemGet
00009ae1   _SlNonOsSpawn
00009b31   _SlNonOsMainLoopTask
00009b9d   vListInitialise
00009bcd   vListInitialiseItem
00009bdd   vListInsertEnd
00009c21   vListInsert
00009c87   vListRemove
00009ccd   CLI_Read
00009d19   CLI_Write
00009d73   CLI_Configure
00009ded   SysCtlClockGet
00009f05   sl_NetCfgSet
00009f6b   sl_NetCfgGet
0000a015   initClk
0000a027   stopWDT
0000a029   registerInterruptHandler
0000a03d   CC3100_disable
0000a051   CC3100_enable
0000a065   CC3100_InterruptEnable
0000a071   CC3100_InterruptDisable
0000a07d   MaskIntHdlr
0000a085   UnMaskIntHdlr
0000a08d   Delay
0000a0b3   GPIOB_intHandler
0000a0df   UART1_intHandler
0000a115   __aeabi_dmul
0000a211   SysCtlClockSet
0000a301   pxPortInitialiseStack
0000a349   xPortStartScheduler
0000a371   vPortEndScheduler
0000a373   vPortYieldFromISR
0000a37d   vPortEnterCritical
0000a38d   vPortExitCritical
0000a3a3   xPortSysTickHandler
0000a3e5   __aeabi_memcpy
0000a3e5   __aeabi_memcpy4
0000a3e5   __aeabi_memcpy8
0000a3e5   memcpy
0000a481   __TI_auto_init
0000a515   sendWrapper
0000a5a5   vPortSetInterruptMask
0000a5b3   vPortClearInterruptMask
0000a5c1   xPortPendSVHandler
0000a5fd   vPortSVCHandler
0000a61d   vPortStartFirstTask
0000a62b   __aeabi_cdcmpeq
0000a62b   __aeabi_cdcmple
0000a6b1   __aeabi_cdrcmple
0000a739   _SlDrvFlowContInit
0000a777   _SlDrvFlowContDeinit
0000a7b9   __aeabi_memclr
0000a7b9   __aeabi_memclr4
0000a7b9   __aeabi_memclr8
0000a7bb   __aeabi_memset
0000a7bb   __aeabi_memset4
0000a7bb   __aeabi_memset8
0000a7c1   memset
0000a831   IntEnable
0000a891   sprintf
0000a94f   ltoa
0000a9a9   GPIOIntTypeSet
0000aa01   atoi
0000aa4d   GPIOPinConfigure
0000aa95   _c_int00
0000aadd   __aeabi_d2iz
0000ab25   copy_in
0000ab69   C$$EXIT
0000ab6d   abort
0000ab75   exit
0000abad   _Dtest
0000abf1   SSIConfigSetExpClk
0000ac35   SysCtlPeripheralEnable
0000ac69   strncpy
0000ac99   __aeabi_i2d
0000acc7   GPIODirModeSet
0000acf1   PWMGenConfigure
0000ad13   memcmp
0000ad35   PWMPulseWidthSet
0000ad53   memccpy
0000ad6f   strcat
0000ad89   _args_main
0000ada1   __aeabi_lmul
0000adb9   _register_unlock
0000adbf   _register_lock
0000adc7   _nop
0000adcd   strlen
0000ade1   GPIOPinTypeGPIOInput
0000adf3   GPIOPinTypePWM
0000ae05   GPIOPinTypeSSI
0000ae17   PWMOutputState
0000ae29   SSIDataGetNonBlocking
0000ae3b   __TI_zero_init
0000ae4d   _Dclass
0000ae61   FPUEnable
0000ae71   FPULazyStackingEnable
0000ae81   PWMGenPeriodSet
0000ae91   GPIOIntDisable
0000ae9f   GPIOIntStatus
0000aead   SSIDataPutNonBlocking
0000aebb   __TI_decompress_none
0000aec9   CPUcpsie
0000aed5   GPIOIntEnable
0000aee1   PWMGenEnable
0000aeed   ResetISR
0000aef9   IntMasterEnable
0000af03   SSIEnable
0000af0d   UARTIntStatus
0000af17   GPIOIntClear
0000af1d   GPIOPinWrite
0000af23   SysCtlDelay
0000af29   __TI_decompress_rle24
0000af2f   UARTIntClear
0000af34   _ctypes_
0000b254   _SlPolicySetCmdCtrl
0000b258   _SlPolicyGetCmdCtrl
0000b25c   _SlProfileGetCmdCtrl
0000b260   _SlProfileDelCmdCtrl
0000b264   _SlWlanGetNetworkListCtrl
0000b268   _SlRxFilterAddtCmdCtrl
0000b26c   _SlRxFilterSetCmdCtrl
0000b270   _SlRxFilterGetCmdCtrl
0000b274   _SlSmartConfigStartCmdCtrl
0000b278   _SlWlanSetModeCmdCtrl
0000b27c   _SlWlanCfgSetCmdCtrl
0000b280   _SlWlanCfgGetCmdCtrl
0000b290   _SlActionLookupTable
0000b2c8   _SlSockSocketCmdCtrl
0000b2cc   _SlSockCloseCmdCtrl
0000b2d0   _SlRecvfomCmdCtrl
0000b2d4   _SlSendCmdCtrl
0000b2d8   _SlListenCmdCtrl
0000b2dc   _SlAcceptCmdCtrl
0000b2e0   _SlRecvCmdCtrl
0000b2e4   _SlSetSockOptCmdCtrl
0000b2e8   _SlGetSockOptCmdCtrl
0000b2ec   _SlSelectCmdCtrl
0000b328   _SlNetAppStartCtrl
0000b32c   _SlNetAppStopCtrl
0000b330   _SlGetServiceListeCtrl
0000b334   _SlRegisterServiceCtrl
0000b338   _SlGetHostByServiceCtrl
0000b33c   _SlGetHostByNameCtrl
0000b340   _SlNetAppSetCmdCtrl
0000b344   _SlNetAppSendTokenValueCmdCtrl
0000b348   _SlNetAppGetCmdCtrl
0000b384   _SlStopCmdCtrl
0000b388   _SlEventMaskSetCmdCtrl
0000b38c   _SlEventMaskGetCmdCtrl
0000b390   _SlDeviceGetCmdCtrl
0000b394   _SlDeviceSetCmdCtrl
0000b398   g_H2NSyncPattern
0000b3a0   g_H2NCnysPattern
0000b3ac   _SlNetCfgSetCmdCtrl
0000b3b0   _SlNetCfgGetCmdCtrl
0000b45c   __TI_Handler_Table_Base
0000b468   __TI_Handler_Table_Limit
0000b470   __TI_CINIT_Base
0000b480   __TI_CINIT_Limit
20004e20   g_StatMem
20004f84   lightsData
2000506c   xQueueRegistry
200050f0   g__SlNonOsCB
20005118   data
20005198   encLeftCount
2000519c   encRightCount
200051a0   g_ucUARTBuffer
200051a4   networking_sem
200051bc   updateLight_sem
200051c0   IntIsMasked
200051c4   __stack
200052c4   __STACK_TOP
2000541c   __STACK_END
2000541c   header
20005498   pxCurrentTCB
200054d0   encoderFlag
200054d4   boolFlag
200054d8   buttonBounce
200054f4   lightsMode
200054f8   g_Status
200054fa   Lights_ID
200054fc   Server_ID
20005500   g_pCB
20005504   pPingCallBackFunc
20005508   gFirstCmdMode
2000550c   _lock
20005510   _unlock
20005514   __TI_cleanup_ptr
20005518   __TI_dtors_ptr
2000551c   pIrqEventHandler
20005524   main_func_sp
ffffffff   __binit__
ffffffff   __c_args__
ffffffff   binit
UNDEFED    SHT$$INIT_ARRAY$$Base
UNDEFED    SHT$$INIT_ARRAY$$Limit

[410 symbols]
