******************************************************************************
                  TI ARM Linker PC v5.1.6                      
******************************************************************************
>> Linked Sat Mar 14 18:31:17 2015

OUTPUT FILE NAME:   <getting_started_with_wlan_station.out>
ENTRY POINT SYMBOL: "_c_int00"  address: 00006bc5


MEMORY CONFIGURATION

         name            origin    length      used     unused   attr    fill
----------------------  --------  ---------  --------  --------  ----  --------
  FLASH                 00000000   00040000  00007296  00038d6a  R  X
  SRAM                  20000000   00008000  00000511  00007aef  RW X


SEGMENT ALLOCATION MAP

run origin  load origin   length   init length attrs members
----------  ----------- ---------- ----------- ----- -------
00000000    00000000    00007298   00007298    r-x
  00000000    00000000    0000026c   0000026c    r-- .intvecs
  0000026c    0000026c    00006c0a   00006c0a    r-x .text
  00006e78    00006e78    00000368   00000368    r-- .const
  000071e0    000071e0    000000b8   000000b8    r-- .cinit
20000000    20000000    00000514   00000000    rw-
  20000000    20000000    00000258   00000000    rw- .stack
  20000258    20000258    00000211   00000000    rw- .bss
  2000046c    2000046c    000000a8   00000000    rw- .data


SECTION ALLOCATION MAP

 output                                  attributes/
section   page    origin      length       input sections
--------  ----  ----------  ----------   ----------------
.intvecs   0    00000000    0000026c     
                  00000000    0000026c     tm4c123gh6pm_startup_ccs.obj (.intvecs)

.init_array 
*          0    00000000    00000000     UNINITIALIZED

.text      0    0000026c    00006c0a     
                  0000026c    00002020     driver.obj (.text)
                  0000228c    000011b8     main.obj (.text)
                  00003444    00000ed4     socket.obj (.text)
                  00004318    00000b44     netapp.obj (.text)
                  00004e5c    00000ab8     wlan.obj (.text)
                  00005914    000005b4     device.obj (.text)
                  00005ec8    000001e8     spi.obj (.text)
                  000060b0    00000130     driverlib.lib : gpio.obj (.text:GPIOPadConfigSet)
                  000061e0    00000130     nonos.obj (.text)
                  00006310    00000118     driverlib.lib : sysctl.obj (.text:SysCtlClockGet)
                  00006428    00000118     cli_uart.obj (.text)
                  00006540    00000110     netcfg.obj (.text)
                  00006650    00000100     board.obj (.text)
                  00006750    000000f0     driverlib.lib : sysctl.obj (.text:SysCtlClockSet)
                  00006840    0000009c     rtsv7M4_T_le_v4SPD16_eabi.lib : memcpy_t2.obj (.text)
                  000068dc    00000094                                   : auto_init.obj (.text)
                  00006970    00000080     flowcont.obj (.text)
                  000069f0    00000078     rtsv7M4_T_le_v4SPD16_eabi.lib : memset_t2.obj (.text)
                  00006a68    00000060     driverlib.lib : interrupt.obj (.text:IntEnable)
                  00006ac8    0000005e     rtsv7M4_T_le_v4SPD16_eabi.lib : copy_decompress_rle.obj (.text)
                  00006b26    00000056     driverlib.lib : gpio.obj (.text:GPIOIntTypeSet)
                  00006b7c    00000048                   : gpio.obj (.text:GPIOPinConfigure)
                  00006bc4    00000048     rtsv7M4_T_le_v4SPD16_eabi.lib : boot.obj (.text)
                  00006c0c    00000044                                   : cpy_tbl.obj (.text)
                  00006c50    00000044                                   : exit.obj (.text)
                  00006c94    00000042     driverlib.lib : ssi.obj (.text:SSIConfigSetExpClk)
                  00006cd6    00000002     --HOLE-- [fill = 0]
                  00006cd8    00000034                   : sysctl.obj (.text:SysCtlPeripheralEnable)
                  00006d0c    0000002a                   : gpio.obj (.text:GPIODirModeSet)
                  00006d36    00000002     --HOLE-- [fill = 0]
                  00006d38    00000018     rtsv7M4_T_le_v4SPD16_eabi.lib : args_main.obj (.text)
                  00006d50    00000014                                   : _lock.obj (.text)
                  00006d64    00000014                                   : strlen.obj (.text)
                  00006d78    00000012     driverlib.lib : gpio.obj (.text:GPIOPinTypeGPIOInput)
                  00006d8a    00000012                   : gpio.obj (.text:GPIOPinTypeSSI)
                  00006d9c    00000012                   : ssi.obj (.text:SSIDataGetNonBlocking)
                  00006dae    00000012     rtsv7M4_T_le_v4SPD16_eabi.lib : copy_zero_init.obj (.text:decompress:ZI)
                  00006dc0    00000010     driverlib.lib : fpu.obj (.text:FPUEnable)
                  00006dd0    00000010                   : fpu.obj (.text:FPULazyStackingEnable)
                  00006de0    0000000e                   : gpio.obj (.text:GPIOIntDisable)
                  00006dee    0000000e                   : gpio.obj (.text:GPIOIntStatus)
                  00006dfc    0000000e                   : ssi.obj (.text:SSIDataPutNonBlocking)
                  00006e0a    0000000e     rtsv7M4_T_le_v4SPD16_eabi.lib : copy_decompress_none.obj (.text:decompress:none)
                  00006e18    0000000c     driverlib.lib : cpu.obj (.text:CPUcpsie)
                  00006e24    0000000c                   : gpio.obj (.text:GPIOIntEnable)
                  00006e30    0000000c     tm4c123gh6pm_startup_ccs.obj (.text)
                  00006e3c    0000000a     driverlib.lib : interrupt.obj (.text:IntMasterEnable)
                  00006e46    0000000a                   : ssi.obj (.text:SSIEnable)
                  00006e50    0000000a                   : uart.obj (.text:UARTIntStatus)
                  00006e5a    00000006                   : gpio.obj (.text:GPIOIntClear)
                  00006e60    00000006                   : gpio.obj (.text:GPIOPinWrite)
                  00006e66    00000006                   : sysctl.obj (.text:SysCtlDelay)
                  00006e6c    00000006     rtsv7M4_T_le_v4SPD16_eabi.lib : copy_decompress_rle.obj (.text:decompress:rle24)
                  00006e72    00000004     driverlib.lib : uart.obj (.text:UARTIntClear)

.const     0    00006e78    00000368     
                  00006e78    000000b0     wlan.obj (.const:$P$T0$1)
                  00006f28    00000090     driverlib.lib : gpio.obj (.const:g_pui32GPIOBaseAddrs)
                  00006fb8    00000070                   : interrupt.obj (.const)
                  00007028    0000006c                   : sysctl.obj (.const:g_pui32Xtals)
                  00007094    0000003c     wlan.obj (.const)
                  000070d0    00000038     driver.obj (.const:_SlActionLookupTable)
                  00007108    00000034     socket.obj (.const)
                  0000713c    0000002c     main.obj (.const:$P$T0$1)
                  00007168    00000028     netapp.obj (.const)
                  00007190    00000020     main.obj (.const)
                  000071b0    00000014     device.obj (.const)
                  000071c4    00000014     driver.obj (.const)
                  000071d8    00000008     netcfg.obj (.const)

.cinit     0    000071e0    000000b8     
                  000071e0    00000092     (.cinit..data.load) [load image, compression = rle]
                  00007272    00000002     --HOLE-- [fill = 0]
                  00007274    0000000c     (__TI_handler_table)
                  00007280    00000008     (.cinit..bss.load) [load image, compression = zero_init]
                  00007288    00000010     (__TI_cinit_table)

.stack     0    20000000    00000258     UNINITIALIZED
                  20000000    00000258     --HOLE--

.bss       0    20000258    00000211     UNINITIALIZED
                  20000258    00000164     driver.obj (.bss:g_StatMem)
                  200003bc    0000006c     main.obj (.bss:lightsData)
                  20000428    00000028     nonos.obj (.bss:g__SlNonOsCB)
                  20000450    00000014     (.common:data)
                  20000464    00000004     (.common:g_ucUARTBuffer)
                  20000468    00000001     (.common:IntIsMasked)

.data      0    2000046c    000000a8     UNINITIALIZED
                  2000046c    0000007a     main.obj (.data:header)
                  200004e6    00000002     --HOLE--
                  200004e8    00000009     driver.obj (.data)
                  200004f1    00000003     --HOLE--
                  200004f4    00000008     rtsv7M4_T_le_v4SPD16_eabi.lib : _lock.obj (.data)
                  200004fc    00000008                                   : exit.obj (.data)
                  20000504    00000006     main.obj (.data)
                  2000050a    00000002     --HOLE--
                  2000050c    00000004     board.obj (.data)
                  20000510    00000004     rtsv7M4_T_le_v4SPD16_eabi.lib : stkdepth_vars.obj (.data)


LINKER GENERATED COPY TABLES

__TI_cinit_table @ 00007288 records: 2, size/record: 8, table size: 16
	.data: load addr=000071e0, load size=00000092 bytes, run addr=2000046c, run size=000000a8 bytes, compression=rle
	.bss: load addr=00007280, load size=00000008 bytes, run addr=20000258, run size=00000211 bytes, compression=zero_init


LINKER GENERATED HANDLER TABLE

__TI_handler_table @ 00007274 records: 3, size/record: 4, table size: 12
	index: 0, handler: __TI_decompress_rle24
	index: 1, handler: __TI_decompress_none
	index: 2, handler: __TI_zero_init


GLOBAL SYMBOLS: SORTED ALPHABETICALLY BY Name 

address    name
--------   ----
00006c51   C$$EXIT
000066ad   CC3100_InterruptDisable
000066a1   CC3100_InterruptEnable
00006679   CC3100_disable
0000668d   CC3100_enable
000064cf   CLI_Configure
00006429   CLI_Read
00006475   CLI_Write
00006e19   CPUcpsie
00004979   CopyPingResultsToReport
000066c9   Delay
00006dc1   FPUEnable
00006dd1   FPULazyStackingEnable
000066ef   GPIOB_intHandler
00006d0d   GPIODirModeSet
00006e5b   GPIOIntClear
00006de1   GPIOIntDisable
00006e25   GPIOIntEnable
00006def   GPIOIntStatus
00006b27   GPIOIntTypeSet
000060b1   GPIOPadConfigSet
00006b7d   GPIOPinConfigure
00006d79   GPIOPinTypeGPIOInput
00006d8b   GPIOPinTypeSSI
00006e61   GPIOPinWrite
00006a69   IntEnable
20000468   IntIsMasked
00006e3d   IntMasterEnable
20000506   Lights_ID
000066b9   MaskIntHdlr
00006e31   ResetISR
UNDEFED    SHT$$INIT_ARRAY$$Base
UNDEFED    SHT$$INIT_ARRAY$$Limit
0000421b   SL_FD_CLR
00004241   SL_FD_ISSET
000041f9   SL_FD_SET
00004269   SL_FD_ZERO
00006c95   SSIConfigSetExpClk
00006d9d   SSIDataGetNonBlocking
00006dfd   SSIDataPutNonBlocking
00006e47   SSIEnable
20000508   Server_ID
0000236f   SimpleLinkGeneralEventHandler
00002361   SimpleLinkHttpServerCallback
00002331   SimpleLinkNetAppEventHandler
0000237b   SimpleLinkSockEventHandler
000022c5   SimpleLinkWlanEventHandler
00006311   SysCtlClockGet
00006751   SysCtlClockSet
00006e67   SysCtlDelay
00006cd9   SysCtlPeripheralEnable
0000671b   UART1_intHandler
00006e73   UARTIntClear
00006e51   UARTIntStatus
000066c1   UnMaskIntHdlr
0000711c   _SlAcceptCmdCtrl
000070d0   _SlActionLookupTable
00001139   _SlAsyncEventGenericHandler
000071bc   _SlDeviceGetCmdCtrl
000071c0   _SlDeviceSetCmdCtrl
00001b4b   _SlDrvBasicCmd
00001801   _SlDrvClassifyRxMsg
00000437   _SlDrvCmdOp
000004e7   _SlDrvCmdSend
0000053d   _SlDrvDataReadOp
00000741   _SlDrvDataWriteOp
00005e49   _SlDrvDeviceEventHandler
00000351   _SlDrvDriverCBDeinit
0000026d   _SlDrvDriverCBInit
000069af   _SlDrvFlowContDeinit
00006971   _SlDrvFlowContInit
00000b05   _SlDrvMsgRead
0000161d   _SlDrvMsgReadCmdCtx
00001717   _SlDrvMsgReadSpawnCtx
00000911   _SlDrvMsgWrite
00004d49   _SlDrvNetAppEventHandler
0000203f   _SlDrvObjDeInit
00001fc3   _SlDrvObjInit
00001db9   _SlDrvReleasePoolObj
00001945   _SlDrvRxHdrRead
000003f5   _SlDrvRxIrqHandler
000018ff   _SlDrvShiftDWord
00001bb1   _SlDrvWaitForPoolObj
000071b8   _SlEventMaskGetCmdCtrl
000071b4   _SlEventMaskSetCmdCtrl
0000211d   _SlFindAndSetActiveObj
0000717c   _SlGetHostByNameCtrl
00007178   _SlGetHostByServiceCtrl
00007170   _SlGetServiceListeCtrl
00007128   _SlGetSockOptCmdCtrl
00007118   _SlListenCmdCtrl
00007188   _SlNetAppGetCmdCtrl
00007184   _SlNetAppSendTokenValueCmdCtrl
00007180   _SlNetAppSetCmdCtrl
00007168   _SlNetAppStartCtrl
0000716c   _SlNetAppStopCtrl
000071dc   _SlNetCfgGetCmdCtrl
000071d8   _SlNetCfgSetCmdCtrl
000062a5   _SlNonOsMainLoopTask
000061f9   _SlNonOsSemGet
000061e1   _SlNonOsSemSet
00006255   _SlNonOsSpawn
00007098   _SlPolicyGetCmdCtrl
00007094   _SlPolicySetCmdCtrl
000070a0   _SlProfileDelCmdCtrl
0000709c   _SlProfileGetCmdCtrl
00007120   _SlRecvCmdCtrl
00007110   _SlRecvfomCmdCtrl
00007174   _SlRegisterServiceCtrl
0000205f   _SlRemoveFromList
000070a8   _SlRxFilterAddtCmdCtrl
000070b0   _SlRxFilterGetCmdCtrl
000070ac   _SlRxFilterSetCmdCtrl
0000712c   _SlSelectCmdCtrl
00007114   _SlSendCmdCtrl
00007124   _SlSetSockOptCmdCtrl
000070b4   _SlSmartConfigStartCmdCtrl
0000710c   _SlSockCloseCmdCtrl
00007108   _SlSockSocketCmdCtrl
000071b0   _SlStopCmdCtrl
000070c0   _SlWlanCfgGetCmdCtrl
000070bc   _SlWlanCfgSetCmdCtrl
000070a4   _SlWlanGetNetworkListCtrl
000070b8   _SlWlanSetModeCmdCtrl
20000258   __STACK_END
00000258   __STACK_SIZE
20000800   __STACK_TOP
00007288   __TI_CINIT_Base
00007298   __TI_CINIT_Limit
00007274   __TI_Handler_Table_Base
00007280   __TI_Handler_Table_Limit
00000001   __TI_args_main
000068dd   __TI_auto_init
200004fc   __TI_cleanup_ptr
00006e0b   __TI_decompress_none
00006e6d   __TI_decompress_rle24
20000500   __TI_dtors_ptr
00000000   __TI_static_base__
00006daf   __TI_zero_init
000069f1   __aeabi_memclr
000069f1   __aeabi_memclr4
000069f1   __aeabi_memclr8
00006841   __aeabi_memcpy
00006841   __aeabi_memcpy4
00006841   __aeabi_memcpy8
000069f3   __aeabi_memset
000069f3   __aeabi_memset4
000069f3   __aeabi_memset8
ffffffff   __binit__
ffffffff   __c_args__
20000000   __stack
00006d39   _args_main
00006bc5   _c_int00
200004f4   _lock
00006d5f   _nop
00006d57   _register_lock
00006d51   _register_unlock
00003445   _sl_BuildAddress
00005915   _sl_GetStartResponseConvert
00003e59   _sl_HandleAsync_Accept
00003a53   _sl_HandleAsync_Connect
00004761   _sl_HandleAsync_DnsGetHostByAddr
000048b5   _sl_HandleAsync_DnsGetHostByName
00004691   _sl_HandleAsync_DnsGetHostByService
00005a79   _sl_HandleAsync_InitComplete
000049b5   _sl_HandleAsync_PingResponse
00004281   _sl_HandleAsync_Select
00005b2b   _sl_HandleAsync_Stop
0000355d   _sl_ParseAddress
00003495   _sl_TruncatePayloadByProtocol
200004f8   _unlock
00006c55   abort
ffffffff   binit
00006c0d   copy_in
20000450   data
00006c5d   exit
200004f0   gFirstCmdMode
000071cc   g_H2NCnysPattern
000071c4   g_H2NSyncPattern
20000258   g_StatMem
20000504   g_Status
20000428   g__SlNonOsCB
200004e8   g_pCB
00000000   g_pfnVectors
20000464   g_ucUARTBuffer
2000046c   header
00006651   initClk
200003bc   lightsData
000023e5   main
20000510   main_func_sp
00006841   memcpy
000069f9   memset
2000050c   pIrqEventHandler
200004ec   pPingCallBackFunc
00006665   registerInterruptHandler
00003c55   sl_Accept
00003637   sl_Bind
0000360d   sl_Close
000038fd   sl_Connect
00005d45   sl_DevGet
00005de3   sl_DevSet
00005d11   sl_EventMaskGet
00005cd7   sl_EventMaskSet
00003fd9   sl_GetSockOpt
00003dd7   sl_Htonl
00003e19   sl_Htons
00003c15   sl_Listen
00004771   sl_NetAppDnsGetHostByName
00004561   sl_NetAppDnsGetHostByService
00004cb9   sl_NetAppGet
00004361   sl_NetAppGetServiceList
000044e5   sl_NetAppMDNSRegisterService
00004431   sl_NetAppMDNSRegisterUnregisterService
00004521   sl_NetAppMDNSUnRegisterService
00004a79   sl_NetAppPingStart
00004c55   sl_NetAppSendTokenValue
00004beb   sl_NetAppSet
00004319   sl_NetAppStart
0000433d   sl_NetAppStop
000065a7   sl_NetCfgGet
00006541   sl_NetCfgSet
00003ef1   sl_Recv
000037db   sl_RecvFrom
00004073   sl_Select
00003b05   sl_Send
000036bf   sl_SendTo
00003f6d   sl_SetSockOpt
000035b7   sl_Socket
00005975   sl_Start
00005baf   sl_Stop
0000596d   sl_Task
00004e5d   sl_WlanConnect
0000508f   sl_WlanDisconnect
0000585d   sl_WlanGet
00005525   sl_WlanGetNetworkList
00005105   sl_WlanPolicyGet
0000509b   sl_WlanPolicySet
000051a9   sl_WlanProfileAdd
000054f7   sl_WlanProfileDel
00005415   sl_WlanProfileGet
00005597   sl_WlanRxFilterAdd
00005659   sl_WlanRxFilterGet
00005605   sl_WlanRxFilterSet
000056e7   sl_WlanRxStatGet
000056cf   sl_WlanRxStatStart
000056db   sl_WlanRxStatStop
000057e9   sl_WlanSet
000057b9   sl_WlanSetMode
0000572d   sl_WlanSmartConfigStart
0000571d   sl_WlanSmartConfigStop
00005ec9   spi_Close
00005ed5   spi_Open
00006015   spi_Read
00005fbb   spi_Write
00006663   stopWDT
0000228d   strCpy
00006d65   strlen


GLOBAL SYMBOLS: SORTED BY Symbol Address 

address    name
--------   ----
00000000   __TI_static_base__
00000000   g_pfnVectors
00000001   __TI_args_main
00000258   __STACK_SIZE
0000026d   _SlDrvDriverCBInit
00000351   _SlDrvDriverCBDeinit
000003f5   _SlDrvRxIrqHandler
00000437   _SlDrvCmdOp
000004e7   _SlDrvCmdSend
0000053d   _SlDrvDataReadOp
00000741   _SlDrvDataWriteOp
00000911   _SlDrvMsgWrite
00000b05   _SlDrvMsgRead
00001139   _SlAsyncEventGenericHandler
0000161d   _SlDrvMsgReadCmdCtx
00001717   _SlDrvMsgReadSpawnCtx
00001801   _SlDrvClassifyRxMsg
000018ff   _SlDrvShiftDWord
00001945   _SlDrvRxHdrRead
00001b4b   _SlDrvBasicCmd
00001bb1   _SlDrvWaitForPoolObj
00001db9   _SlDrvReleasePoolObj
00001fc3   _SlDrvObjInit
0000203f   _SlDrvObjDeInit
0000205f   _SlRemoveFromList
0000211d   _SlFindAndSetActiveObj
0000228d   strCpy
000022c5   SimpleLinkWlanEventHandler
00002331   SimpleLinkNetAppEventHandler
00002361   SimpleLinkHttpServerCallback
0000236f   SimpleLinkGeneralEventHandler
0000237b   SimpleLinkSockEventHandler
000023e5   main
00003445   _sl_BuildAddress
00003495   _sl_TruncatePayloadByProtocol
0000355d   _sl_ParseAddress
000035b7   sl_Socket
0000360d   sl_Close
00003637   sl_Bind
000036bf   sl_SendTo
000037db   sl_RecvFrom
000038fd   sl_Connect
00003a53   _sl_HandleAsync_Connect
00003b05   sl_Send
00003c15   sl_Listen
00003c55   sl_Accept
00003dd7   sl_Htonl
00003e19   sl_Htons
00003e59   _sl_HandleAsync_Accept
00003ef1   sl_Recv
00003f6d   sl_SetSockOpt
00003fd9   sl_GetSockOpt
00004073   sl_Select
000041f9   SL_FD_SET
0000421b   SL_FD_CLR
00004241   SL_FD_ISSET
00004269   SL_FD_ZERO
00004281   _sl_HandleAsync_Select
00004319   sl_NetAppStart
0000433d   sl_NetAppStop
00004361   sl_NetAppGetServiceList
00004431   sl_NetAppMDNSRegisterUnregisterService
000044e5   sl_NetAppMDNSRegisterService
00004521   sl_NetAppMDNSUnRegisterService
00004561   sl_NetAppDnsGetHostByService
00004691   _sl_HandleAsync_DnsGetHostByService
00004761   _sl_HandleAsync_DnsGetHostByAddr
00004771   sl_NetAppDnsGetHostByName
000048b5   _sl_HandleAsync_DnsGetHostByName
00004979   CopyPingResultsToReport
000049b5   _sl_HandleAsync_PingResponse
00004a79   sl_NetAppPingStart
00004beb   sl_NetAppSet
00004c55   sl_NetAppSendTokenValue
00004cb9   sl_NetAppGet
00004d49   _SlDrvNetAppEventHandler
00004e5d   sl_WlanConnect
0000508f   sl_WlanDisconnect
0000509b   sl_WlanPolicySet
00005105   sl_WlanPolicyGet
000051a9   sl_WlanProfileAdd
00005415   sl_WlanProfileGet
000054f7   sl_WlanProfileDel
00005525   sl_WlanGetNetworkList
00005597   sl_WlanRxFilterAdd
00005605   sl_WlanRxFilterSet
00005659   sl_WlanRxFilterGet
000056cf   sl_WlanRxStatStart
000056db   sl_WlanRxStatStop
000056e7   sl_WlanRxStatGet
0000571d   sl_WlanSmartConfigStop
0000572d   sl_WlanSmartConfigStart
000057b9   sl_WlanSetMode
000057e9   sl_WlanSet
0000585d   sl_WlanGet
00005915   _sl_GetStartResponseConvert
0000596d   sl_Task
00005975   sl_Start
00005a79   _sl_HandleAsync_InitComplete
00005b2b   _sl_HandleAsync_Stop
00005baf   sl_Stop
00005cd7   sl_EventMaskSet
00005d11   sl_EventMaskGet
00005d45   sl_DevGet
00005de3   sl_DevSet
00005e49   _SlDrvDeviceEventHandler
00005ec9   spi_Close
00005ed5   spi_Open
00005fbb   spi_Write
00006015   spi_Read
000060b1   GPIOPadConfigSet
000061e1   _SlNonOsSemSet
000061f9   _SlNonOsSemGet
00006255   _SlNonOsSpawn
000062a5   _SlNonOsMainLoopTask
00006311   SysCtlClockGet
00006429   CLI_Read
00006475   CLI_Write
000064cf   CLI_Configure
00006541   sl_NetCfgSet
000065a7   sl_NetCfgGet
00006651   initClk
00006663   stopWDT
00006665   registerInterruptHandler
00006679   CC3100_disable
0000668d   CC3100_enable
000066a1   CC3100_InterruptEnable
000066ad   CC3100_InterruptDisable
000066b9   MaskIntHdlr
000066c1   UnMaskIntHdlr
000066c9   Delay
000066ef   GPIOB_intHandler
0000671b   UART1_intHandler
00006751   SysCtlClockSet
00006841   __aeabi_memcpy
00006841   __aeabi_memcpy4
00006841   __aeabi_memcpy8
00006841   memcpy
000068dd   __TI_auto_init
00006971   _SlDrvFlowContInit
000069af   _SlDrvFlowContDeinit
000069f1   __aeabi_memclr
000069f1   __aeabi_memclr4
000069f1   __aeabi_memclr8
000069f3   __aeabi_memset
000069f3   __aeabi_memset4
000069f3   __aeabi_memset8
000069f9   memset
00006a69   IntEnable
00006b27   GPIOIntTypeSet
00006b7d   GPIOPinConfigure
00006bc5   _c_int00
00006c0d   copy_in
00006c51   C$$EXIT
00006c55   abort
00006c5d   exit
00006c95   SSIConfigSetExpClk
00006cd9   SysCtlPeripheralEnable
00006d0d   GPIODirModeSet
00006d39   _args_main
00006d51   _register_unlock
00006d57   _register_lock
00006d5f   _nop
00006d65   strlen
00006d79   GPIOPinTypeGPIOInput
00006d8b   GPIOPinTypeSSI
00006d9d   SSIDataGetNonBlocking
00006daf   __TI_zero_init
00006dc1   FPUEnable
00006dd1   FPULazyStackingEnable
00006de1   GPIOIntDisable
00006def   GPIOIntStatus
00006dfd   SSIDataPutNonBlocking
00006e0b   __TI_decompress_none
00006e19   CPUcpsie
00006e25   GPIOIntEnable
00006e31   ResetISR
00006e3d   IntMasterEnable
00006e47   SSIEnable
00006e51   UARTIntStatus
00006e5b   GPIOIntClear
00006e61   GPIOPinWrite
00006e67   SysCtlDelay
00006e6d   __TI_decompress_rle24
00006e73   UARTIntClear
00007094   _SlPolicySetCmdCtrl
00007098   _SlPolicyGetCmdCtrl
0000709c   _SlProfileGetCmdCtrl
000070a0   _SlProfileDelCmdCtrl
000070a4   _SlWlanGetNetworkListCtrl
000070a8   _SlRxFilterAddtCmdCtrl
000070ac   _SlRxFilterSetCmdCtrl
000070b0   _SlRxFilterGetCmdCtrl
000070b4   _SlSmartConfigStartCmdCtrl
000070b8   _SlWlanSetModeCmdCtrl
000070bc   _SlWlanCfgSetCmdCtrl
000070c0   _SlWlanCfgGetCmdCtrl
000070d0   _SlActionLookupTable
00007108   _SlSockSocketCmdCtrl
0000710c   _SlSockCloseCmdCtrl
00007110   _SlRecvfomCmdCtrl
00007114   _SlSendCmdCtrl
00007118   _SlListenCmdCtrl
0000711c   _SlAcceptCmdCtrl
00007120   _SlRecvCmdCtrl
00007124   _SlSetSockOptCmdCtrl
00007128   _SlGetSockOptCmdCtrl
0000712c   _SlSelectCmdCtrl
00007168   _SlNetAppStartCtrl
0000716c   _SlNetAppStopCtrl
00007170   _SlGetServiceListeCtrl
00007174   _SlRegisterServiceCtrl
00007178   _SlGetHostByServiceCtrl
0000717c   _SlGetHostByNameCtrl
00007180   _SlNetAppSetCmdCtrl
00007184   _SlNetAppSendTokenValueCmdCtrl
00007188   _SlNetAppGetCmdCtrl
000071b0   _SlStopCmdCtrl
000071b4   _SlEventMaskSetCmdCtrl
000071b8   _SlEventMaskGetCmdCtrl
000071bc   _SlDeviceGetCmdCtrl
000071c0   _SlDeviceSetCmdCtrl
000071c4   g_H2NSyncPattern
000071cc   g_H2NCnysPattern
000071d8   _SlNetCfgSetCmdCtrl
000071dc   _SlNetCfgGetCmdCtrl
00007274   __TI_Handler_Table_Base
00007280   __TI_Handler_Table_Limit
00007288   __TI_CINIT_Base
00007298   __TI_CINIT_Limit
20000000   __stack
20000258   __STACK_END
20000258   g_StatMem
200003bc   lightsData
20000428   g__SlNonOsCB
20000450   data
20000464   g_ucUARTBuffer
20000468   IntIsMasked
2000046c   header
200004e8   g_pCB
200004ec   pPingCallBackFunc
200004f0   gFirstCmdMode
200004f4   _lock
200004f8   _unlock
200004fc   __TI_cleanup_ptr
20000500   __TI_dtors_ptr
20000504   g_Status
20000506   Lights_ID
20000508   Server_ID
2000050c   pIrqEventHandler
20000510   main_func_sp
20000800   __STACK_TOP
ffffffff   __binit__
ffffffff   __c_args__
ffffffff   binit
UNDEFED    SHT$$INIT_ARRAY$$Base
UNDEFED    SHT$$INIT_ARRAY$$Limit

[257 symbols]
