******************************************************************************
                  TI ARM Linker PC v5.1.6                      
******************************************************************************
>> Linked Thu Apr 23 03:09:51 2015

OUTPUT FILE NAME:   <getting_started_with_wlan_station.out>
ENTRY POINT SYMBOL: "_c_int00"  address: 0000aaf5


MEMORY CONFIGURATION

         name            origin    length      used     unused   attr    fill
----------------------  --------  ---------  --------  --------  ----  --------
  FLASH                 00000000   00040000  0000b45e  00034ba2  R  X
  SRAM                  20000000   00010000  00005501  0000aaff  RW X


SEGMENT ALLOCATION MAP

run origin  load origin   length   init length attrs members
----------  ----------- ---------- ----------- ----- -------
00000000    00000000    0000b460   0000b460    r-x
  00000000    00000000    000000f0   000000f0    r-- .intvecs
  000000f0    000000f0    0000ae22   0000ae22    r-x .text
  0000af14    0000af14    00000484   00000484    r-- .const
  0000b398    0000b398    000000c8   000000c8    r-- .cinit
20000000    20000000    00005504   00000000    rw-
  20000000    20000000    000051a1   00000000    rw- .bss
  200051a4    200051a4    00000258   00000000    rw- .stack
  200053fc    200053fc    00000108   00000000    rw- .data


SECTION ALLOCATION MAP

 output                                  attributes/
section   page    origin      length       input sections
--------  ----  ----------  ----------   ----------------
.intvecs   0    00000000    000000f0     
                  00000000    000000f0     startup_ccs.obj (.intvecs)

.text      0    000000f0    0000ae22     
                  000000f0    00002020     driver.obj (.text)
                  00002110    00000ee4     tasks.obj (.text)
                  00002ff4    00000ed4     socket.obj (.text)
                  00003ec8    00000ec0     rtsv7M4_T_le_v4SPD16_eabi.lib : _printfi.obj (.text)
                  00004d88    00000b44     netapp.obj (.text)
                  000058cc    00000ab8     wlan.obj (.text)
                  00006384    00000880     main.obj (.text)
                  00006c04    000006f8     queue.obj (.text)
                  000072fc    000005b4     device.obj (.text)
                  000078b0    000004a8     interruptHandlers.obj (.text)
                  00007d58    00000480     lightsManager.obj (.text)
                  000081d8    000003c4     phone.obj (.text)
                  0000859c    000002dc     heap_4.obj (.text)
                  00008878    000002cc     externals.obj (.text)
                  00008b44    000002c8     server.obj (.text)
                  00008e0c    00000284     gpio.obj (.text)
                  00009090    00000228     i2c.obj (.text)
                  000092b8    00000204     spi.obj (.text)
                  000094bc    000001f4     rtsv7M4_T_le_v4SPD16_eabi.lib : ull_div_t2.obj (.text)
                  000096b0    000001b6                                   : fd_add_t2.obj (.text)
                  00009866    00000136                                   : fd_div_t2.obj (.text)
                  0000999c    00000130     driverlib.lib : gpio.obj (.text:GPIOPadConfigSet)
                  00009acc    00000130     nonos.obj (.text)
                  00009bfc    0000012e     list.obj (.text)
                  00009d2a    00000002     --HOLE-- [fill = 0]
                  00009d2c    00000120     cli_uart.obj (.text)
                  00009e4c    00000118     driverlib.lib : sysctl.obj (.text:SysCtlClockGet)
                  00009f64    00000110     netcfg.obj (.text)
                  0000a074    00000100     board.obj (.text)
                  0000a174    000000fc     rtsv7M4_T_le_v4SPD16_eabi.lib : fd_mul_t2.obj (.text)
                  0000a270    000000f0     driverlib.lib : sysctl.obj (.text:SysCtlClockSet)
                  0000a360    000000e4     port.obj (.text)
                  0000a444    0000009c     rtsv7M4_T_le_v4SPD16_eabi.lib : memcpy_t2.obj (.text)
                  0000a4e0    00000094                                   : auto_init.obj (.text)
                  0000a574    0000008c     wrapper.obj (.text)
                  0000a600    0000008a     portasm.obj (.text)
                  0000a68a    00000086     rtsv7M4_T_le_v4SPD16_eabi.lib : fd_cmp_t2.obj (.text:__aeabi_cdcmple)
                  0000a710    00000086                                   : fd_cmp_t2.obj (.text:__aeabi_cdrcmple)
                  0000a796    00000002     --HOLE-- [fill = 0]
                  0000a798    00000080     flowcont.obj (.text)
                  0000a818    00000078     rtsv7M4_T_le_v4SPD16_eabi.lib : memset_t2.obj (.text)
                  0000a890    00000060     driverlib.lib : interrupt.obj (.text:IntEnable)
                  0000a8f0    00000060     rtsv7M4_T_le_v4SPD16_eabi.lib : sprintf.obj (.text)
                  0000a950    0000005e                                   : copy_decompress_rle.obj (.text)
                  0000a9ae    0000005a                                   : ltoa.obj (.text)
                  0000aa08    00000056     driverlib.lib : gpio.obj (.text:GPIOIntTypeSet)
                  0000aa5e    00000002     --HOLE-- [fill = 0]
                  0000aa60    0000004c     rtsv7M4_T_le_v4SPD16_eabi.lib : atoi.obj (.text)
                  0000aaac    00000048     driverlib.lib : gpio.obj (.text:GPIOPinConfigure)
                  0000aaf4    00000048     rtsv7M4_T_le_v4SPD16_eabi.lib : boot.obj (.text)
                  0000ab3c    00000048                                   : fd_toi_t2.obj (.text)
                  0000ab84    00000044                                   : cpy_tbl.obj (.text)
                  0000abc8    00000044                                   : exit.obj (.text)
                  0000ac0c    00000044                                   : xdtest.obj (.text)
                  0000ac50    00000042     driverlib.lib : ssi.obj (.text:SSIConfigSetExpClk)
                  0000ac92    00000002     --HOLE-- [fill = 0]
                  0000ac94    00000034                   : sysctl.obj (.text:SysCtlPeripheralEnable)
                  0000acc8    00000030     rtsv7M4_T_le_v4SPD16_eabi.lib : strncpy.obj (.text)
                  0000acf8    0000002e                                   : i_tofd_t2.obj (.text)
                  0000ad26    0000002a     driverlib.lib : gpio.obj (.text:GPIODirModeSet)
                  0000ad50    00000022     rtsv7M4_T_le_v4SPD16_eabi.lib : memcmp.obj (.text)
                  0000ad72    0000001c                                   : memccpy.obj (.text)
                  0000ad8e    0000001a                                   : strcat.obj (.text)
                  0000ada8    00000018                                   : args_main.obj (.text)
                  0000adc0    00000018                                   : ll_mul_t2.obj (.text)
                  0000add8    00000014                                   : _lock.obj (.text)
                  0000adec    00000014                                   : strlen.obj (.text)
                  0000ae00    00000012     driverlib.lib : gpio.obj (.text:GPIOPinTypeGPIOInput)
                  0000ae12    00000012                   : gpio.obj (.text:GPIOPinTypeSSI)
                  0000ae24    00000012                   : ssi.obj (.text:SSIDataGetNonBlocking)
                  0000ae36    00000012     rtsv7M4_T_le_v4SPD16_eabi.lib : copy_zero_init.obj (.text:decompress:ZI)
                  0000ae48    00000012                                   : xdclass.obj (.text)
                  0000ae5a    00000002     --HOLE-- [fill = 0]
                  0000ae5c    00000010     driverlib.lib : fpu.obj (.text:FPUEnable)
                  0000ae6c    00000010                   : fpu.obj (.text:FPULazyStackingEnable)
                  0000ae7c    0000000e                   : gpio.obj (.text:GPIOIntDisable)
                  0000ae8a    0000000e                   : gpio.obj (.text:GPIOIntStatus)
                  0000ae98    0000000e                   : ssi.obj (.text:SSIDataPutNonBlocking)
                  0000aea6    0000000e     rtsv7M4_T_le_v4SPD16_eabi.lib : copy_decompress_none.obj (.text:decompress:none)
                  0000aeb4    0000000c     driverlib.lib : cpu.obj (.text:CPUcpsie)
                  0000aec0    0000000c                   : gpio.obj (.text:GPIOIntEnable)
                  0000aecc    0000000c     startup_ccs.obj (.text)
                  0000aed8    0000000a     driverlib.lib : interrupt.obj (.text:IntMasterEnable)
                  0000aee2    0000000a                   : ssi.obj (.text:SSIEnable)
                  0000aeec    0000000a                   : uart.obj (.text:UARTIntStatus)
                  0000aef6    00000006                   : gpio.obj (.text:GPIOIntClear)
                  0000aefc    00000006                   : gpio.obj (.text:GPIOPinWrite)
                  0000af02    00000006                   : sysctl.obj (.text:SysCtlDelay)
                  0000af08    00000006     rtsv7M4_T_le_v4SPD16_eabi.lib : copy_decompress_rle.obj (.text:decompress:rle24)
                  0000af0e    00000004     driverlib.lib : uart.obj (.text:UARTIntClear)

.const     0    0000af14    00000484     
                  0000af14    00000102     rtsv7M4_T_le_v4SPD16_eabi.lib : ctype.obj (.const:.string:_ctypes_)
                  0000b016    00000002     --HOLE-- [fill = 0]
                  0000b018    000000b0     wlan.obj (.const:$P$T0$1)
                  0000b0c8    00000090     driverlib.lib : gpio.obj (.const:g_pui32GPIOBaseAddrs)
                  0000b158    00000070                   : interrupt.obj (.const)
                  0000b1c8    0000006c                   : sysctl.obj (.const:g_pui32Xtals)
                  0000b234    0000003c     wlan.obj (.const)
                  0000b270    00000038     driver.obj (.const:_SlActionLookupTable)
                  0000b2a8    00000034     socket.obj (.const)
                  0000b2dc    0000002c     main.obj (.const:$P$T0$1)
                  0000b308    00000028     netapp.obj (.const)
                  0000b330    00000020     main.obj (.const)
                  0000b350    00000014     tasks.obj (.const:.string)
                  0000b364    00000014     device.obj (.const)
                  0000b378    00000014     driver.obj (.const)
                  0000b38c    00000008     netcfg.obj (.const)
                  0000b394    00000004     heap_4.obj (.const)

.cinit     0    0000b398    000000c8     
                  0000b398    000000a4     (.cinit..data.load) [load image, compression = rle]
                  0000b43c    0000000c     (__TI_handler_table)
                  0000b448    00000008     (.cinit..bss.load) [load image, compression = zero_init]
                  0000b450    00000010     (__TI_cinit_table)

.bss       0    20000000    000051a1     UNINITIALIZED
                  20000000    00004e20     heap_4.obj (.bss:ucHeap)
                  20004e20    00000164     driver.obj (.bss:g_StatMem)
                  20004f84    0000006c     lightsManager.obj (.bss:lightsData)
                  20004ff0    00000064     tasks.obj (.bss:pxReadyTasksLists)
                  20005054    00000050     queue.obj (.bss:xQueueRegistry)
                  200050a4    00000034     tasks.obj (.bss:pcStatusString)
                  200050d8    00000028     nonos.obj (.bss:g__SlNonOsCB)
                  20005100    00000014     (.common:data)
                  20005114    00000014     (.common:xDelayedTaskList1)
                  20005128    00000014     (.common:xDelayedTaskList2)
                  2000513c    00000014     (.common:xPendingReadyList)
                  20005150    00000014     (.common:xSuspendedTaskList)
                  20005164    00000014     (.common:xTasksWaitingTermination)
                  20005178    00000008     (.common:xStart)
                  20005180    00000004     (.common:g_ucUARTBuffer)
                  20005184    00000004     (.common:networking_sem)
                  20005188    00000004     (.common:pcTraceBuffer)
                  2000518c    00000004     (.common:pcTraceBufferEnd)
                  20005190    00000004     (.common:pcTraceBufferStart)
                  20005194    00000004     (.common:pxDelayedTaskList)
                  20005198    00000004     (.common:pxOverflowDelayedTaskList)
                  2000519c    00000004     (.common:updateLight_sem)
                  200051a0    00000001     (.common:IntIsMasked)

.stack     0    200051a4    00000258     UNINITIALIZED
                  200051a4    00000258     --HOLE--

.data      0    200053fc    00000108     UNINITIALIZED
                  200053fc    0000007a     lightsManager.obj (.data:header)
                  20005476    00000002     --HOLE--
                  20005478    00000038     tasks.obj (.data)
                  200054b0    00000010     heap_4.obj (.data)
                  200054c0    00000010     interruptHandlers.obj (.data)
                  200054d0    0000000a     lightsManager.obj (.data)
                  200054da    00000002     --HOLE--
                  200054dc    00000009     driver.obj (.data)
                  200054e5    00000003     --HOLE--
                  200054e8    00000008     rtsv7M4_T_le_v4SPD16_eabi.lib : _lock.obj (.data)
                  200054f0    00000008                                   : exit.obj (.data)
                  200054f8    00000004     board.obj (.data)
                  200054fc    00000004     port.obj (.data)
                  20005500    00000004     rtsv7M4_T_le_v4SPD16_eabi.lib : stkdepth_vars.obj (.data)


LINKER GENERATED COPY TABLES

__TI_cinit_table @ 0000b450 records: 2, size/record: 8, table size: 16
	.data: load addr=0000b398, load size=000000a4 bytes, run addr=200053fc, run size=00000108 bytes, compression=rle
	.bss: load addr=0000b448, load size=00000008 bytes, run addr=20000000, run size=000051a1 bytes, compression=zero_init


LINKER GENERATED HANDLER TABLE

__TI_handler_table @ 0000b43c records: 3, size/record: 4, table size: 12
	index: 0, handler: __TI_decompress_rle24
	index: 1, handler: __TI_decompress_none
	index: 2, handler: __TI_zero_init


GLOBAL SYMBOLS: SORTED ALPHABETICALLY BY Name 

address    name
--------   ----
0000abc9   C$$EXIT
0000a0d1   CC3100_InterruptDisable
0000a0c5   CC3100_InterruptEnable
0000a09d   CC3100_disable
0000a0b1   CC3100_enable
00009dd3   CLI_Configure
00009d2d   CLI_Read
00009d79   CLI_Write
0000aeb5   CPUcpsie
000053e9   CopyPingResultsToReport
0000a0ed   Delay
0000ae5d   FPUEnable
0000ae6d   FPULazyStackingEnable
0000a113   GPIOB_intHandler
0000ad27   GPIODirModeSet
0000aef7   GPIOIntClear
0000ae7d   GPIOIntDisable
0000aec1   GPIOIntEnable
0000ae8b   GPIOIntStatus
0000aa09   GPIOIntTypeSet
0000999d   GPIOPadConfigSet
0000aaad   GPIOPinConfigure
0000ae01   GPIOPinTypeGPIOInput
0000ae13   GPIOPinTypeSSI
0000aefd   GPIOPinWrite
00008a87   GetADCval
000091b1   I2CMasterAdrAck
00009191   I2CMasterBusy
000091d5   I2CMasterDatAck
0000a891   IntEnable
200051a0   IntIsMasked
0000aed9   IntMasterEnable
200054d6   Lights_ID
0000a0dd   MaskIntHdlr
0000aecd   ResetISR
UNDEFED    SHT$$INIT_ARRAY$$Base
UNDEFED    SHT$$INIT_ARRAY$$Limit
00003dcb   SL_FD_CLR
00003df1   SL_FD_ISSET
00003da9   SL_FD_SET
00003e19   SL_FD_ZERO
0000ac51   SSIConfigSetExpClk
0000ae25   SSIDataGetNonBlocking
0000ae99   SSIDataPutNonBlocking
0000aee3   SSIEnable
200054d8   Server_ID
00006477   SimpleLinkGeneralEventHandler
00006469   SimpleLinkHttpServerCallback
00006439   SimpleLinkNetAppEventHandler
00006483   SimpleLinkSockEventHandler
000063cd   SimpleLinkWlanEventHandler
00009e4d   SysCtlClockGet
0000a271   SysCtlClockSet
0000af03   SysCtlDelay
0000ac95   SysCtlPeripheralEnable
00008c7b   TcpServerStart
00007c59   Timer0Handler
0000a13f   UART1_intHandler
0000af0f   UARTIntClear
0000aeed   UARTIntStatus
0000a0e5   UnMaskIntHdlr
0000ae49   _Dclass
0000ac0d   _Dtest
0000b2bc   _SlAcceptCmdCtrl
0000b270   _SlActionLookupTable
00000fbd   _SlAsyncEventGenericHandler
0000b370   _SlDeviceGetCmdCtrl
0000b374   _SlDeviceSetCmdCtrl
000019cf   _SlDrvBasicCmd
00001685   _SlDrvClassifyRxMsg
000002bb   _SlDrvCmdOp
0000036b   _SlDrvCmdSend
000003c1   _SlDrvDataReadOp
000005c5   _SlDrvDataWriteOp
00007831   _SlDrvDeviceEventHandler
000001d5   _SlDrvDriverCBDeinit
000000f1   _SlDrvDriverCBInit
0000a7d7   _SlDrvFlowContDeinit
0000a799   _SlDrvFlowContInit
00000989   _SlDrvMsgRead
000014a1   _SlDrvMsgReadCmdCtx
0000159b   _SlDrvMsgReadSpawnCtx
00000795   _SlDrvMsgWrite
000057b9   _SlDrvNetAppEventHandler
00001ec3   _SlDrvObjDeInit
00001e47   _SlDrvObjInit
00001c3d   _SlDrvReleasePoolObj
000017c9   _SlDrvRxHdrRead
00000279   _SlDrvRxIrqHandler
00001783   _SlDrvShiftDWord
00001a35   _SlDrvWaitForPoolObj
0000b36c   _SlEventMaskGetCmdCtrl
0000b368   _SlEventMaskSetCmdCtrl
00001fa1   _SlFindAndSetActiveObj
0000b31c   _SlGetHostByNameCtrl
0000b318   _SlGetHostByServiceCtrl
0000b310   _SlGetServiceListeCtrl
0000b2c8   _SlGetSockOptCmdCtrl
0000b2b8   _SlListenCmdCtrl
0000b328   _SlNetAppGetCmdCtrl
0000b324   _SlNetAppSendTokenValueCmdCtrl
0000b320   _SlNetAppSetCmdCtrl
0000b308   _SlNetAppStartCtrl
0000b30c   _SlNetAppStopCtrl
0000b390   _SlNetCfgGetCmdCtrl
0000b38c   _SlNetCfgSetCmdCtrl
00009b91   _SlNonOsMainLoopTask
00009ae5   _SlNonOsSemGet
00009acd   _SlNonOsSemSet
00009b41   _SlNonOsSpawn
0000b238   _SlPolicyGetCmdCtrl
0000b234   _SlPolicySetCmdCtrl
0000b240   _SlProfileDelCmdCtrl
0000b23c   _SlProfileGetCmdCtrl
0000b2c0   _SlRecvCmdCtrl
0000b2b0   _SlRecvfomCmdCtrl
0000b314   _SlRegisterServiceCtrl
00001ee3   _SlRemoveFromList
0000b248   _SlRxFilterAddtCmdCtrl
0000b250   _SlRxFilterGetCmdCtrl
0000b24c   _SlRxFilterSetCmdCtrl
0000b2cc   _SlSelectCmdCtrl
0000b2b4   _SlSendCmdCtrl
0000b2c4   _SlSetSockOptCmdCtrl
0000b254   _SlSmartConfigStartCmdCtrl
0000b2ac   _SlSockCloseCmdCtrl
0000b2a8   _SlSockSocketCmdCtrl
0000b364   _SlStopCmdCtrl
0000b260   _SlWlanCfgGetCmdCtrl
0000b25c   _SlWlanCfgSetCmdCtrl
0000b244   _SlWlanGetNetworkListCtrl
0000b258   _SlWlanSetModeCmdCtrl
200053fc   __STACK_END
00000258   __STACK_SIZE
200052a4   __STACK_TOP
0000b450   __TI_CINIT_Base
0000b460   __TI_CINIT_Limit
0000b43c   __TI_Handler_Table_Base
0000b448   __TI_Handler_Table_Limit
00000001   __TI_args_main
0000a4e1   __TI_auto_init
200054f0   __TI_cleanup_ptr
0000aea7   __TI_decompress_none
0000af09   __TI_decompress_rle24
200054f4   __TI_dtors_ptr
00004a7f   __TI_printfi
00000000   __TI_static_base__
0000ae37   __TI_zero_init
0000a68b   __aeabi_cdcmpeq
0000a68b   __aeabi_cdcmple
0000a711   __aeabi_cdrcmple
0000ab3d   __aeabi_d2iz
000096bb   __aeabi_dadd
00009867   __aeabi_ddiv
0000a175   __aeabi_dmul
000096b1   __aeabi_dsub
0000acf9   __aeabi_i2d
0000adc1   __aeabi_lmul
0000a819   __aeabi_memclr
0000a819   __aeabi_memclr4
0000a819   __aeabi_memclr8
0000a445   __aeabi_memcpy
0000a445   __aeabi_memcpy4
0000a445   __aeabi_memcpy8
0000a81b   __aeabi_memset
0000a81b   __aeabi_memset4
0000a81b   __aeabi_memset8
000094bd   __aeabi_uldivmod
ffffffff   __binit__
ffffffff   __c_args__
200051a4   __stack
0000ada9   _args_main
0000aaf5   _c_int00
0000af14   _ctypes_
200054e8   _lock
0000ade7   _nop
0000addf   _register_lock
0000add9   _register_unlock
00002ff5   _sl_BuildAddress
000072fd   _sl_GetStartResponseConvert
00003a09   _sl_HandleAsync_Accept
00003603   _sl_HandleAsync_Connect
000051d1   _sl_HandleAsync_DnsGetHostByAddr
00005325   _sl_HandleAsync_DnsGetHostByName
00005101   _sl_HandleAsync_DnsGetHostByService
00007461   _sl_HandleAsync_InitComplete
00005425   _sl_HandleAsync_PingResponse
00003e31   _sl_HandleAsync_Select
00007513   _sl_HandleAsync_Stop
0000310d   _sl_ParseAddress
00003045   _sl_TruncatePayloadByProtocol
200054ec   _unlock
0000abcd   abort
0000aa61   atoi
ffffffff   binit
00007deb   connectToLights
0000ab85   copy_in
20005100   data
00007ebb   disconnectLights
200054c0   encoderFlag
0000abd5   exit
200054e4   gFirstCmdMode
0000b380   g_H2NCnysPattern
0000b378   g_H2NSyncPattern
20004e20   g_StatMem
200054d4   g_Status
200050d8   g__SlNonOsCB
200054dc   g_pCB
00000000   g_pfnVectors
20005180   g_ucUARTBuffer
000084f9   getPhoneData
000078b1   gpioHandle
00008ff7   gpio_config_alternate_function
00008fcf   gpio_config_analog_enable
00008f07   gpio_config_digital_enable
00008f57   gpio_config_enable_input
00008f2f   gpio_config_enable_output
00008fa7   gpio_config_enable_pulldown
00008f7f   gpio_config_enable_pullup
00009043   gpio_config_open_drain
0000901f   gpio_config_port_control
00008e49   gpio_enable_port
200053fc   header
0000925b   i2cGetByte
000091f9   i2cSendByte
0000914b   i2cSetSlaveAddr
00009177   i2cStop
0000911b   i2cVerifyBaseAddr
00008945   i2c_config
00008923   i2c_gpio_config
0000a075   initClk
000089cd   initializeADC
00009091   initializeI2CMaster
00008953   initializeTimer0
000082bb   inputConvert
00007f41   jsonPut
20004f84   lightsData
200054d0   lightsMode
0000a9af   ltoa
00008879   lumosGpioConfig
00006909   main
20005500   main_func_sp
0000ad73   memccpy
0000ad51   memcmp
0000a445   memcpy
0000a821   memset
20005184   networking_sem
200054f8   pIrqEventHandler
200054e0   pPingCallBackFunc
00008c17   phoneConnect
000081d9   phoneWorker
0000859d   pvPortMalloc
20005478   pxCurrentTCB
0000a361   pxPortInitialiseStack
00007e93   recvFromLights
0000a089   registerInterruptHandler
000084b1   sendPhoneOk
0000a575   sendWrapper
00008b45   serverThread
00003805   sl_Accept
000031e7   sl_Bind
000031bd   sl_Close
000034ad   sl_Connect
0000772d   sl_DevGet
000077cb   sl_DevSet
000076f9   sl_EventMaskGet
000076bf   sl_EventMaskSet
00003b89   sl_GetSockOpt
00003987   sl_Htonl
000039c9   sl_Htons
000037c5   sl_Listen
000051e1   sl_NetAppDnsGetHostByName
00004fd1   sl_NetAppDnsGetHostByService
00005729   sl_NetAppGet
00004dd1   sl_NetAppGetServiceList
00004f55   sl_NetAppMDNSRegisterService
00004ea1   sl_NetAppMDNSRegisterUnregisterService
00004f91   sl_NetAppMDNSUnRegisterService
000054e9   sl_NetAppPingStart
000056c5   sl_NetAppSendTokenValue
0000565b   sl_NetAppSet
00004d89   sl_NetAppStart
00004dad   sl_NetAppStop
00009fcb   sl_NetCfgGet
00009f65   sl_NetCfgSet
00003aa1   sl_Recv
0000338b   sl_RecvFrom
00003c23   sl_Select
000036b5   sl_Send
0000326f   sl_SendTo
00003b1d   sl_SetSockOpt
00003167   sl_Socket
0000735d   sl_Start
00007597   sl_Stop
00007355   sl_Task
000058cd   sl_WlanConnect
00005aff   sl_WlanDisconnect
000062cd   sl_WlanGet
00005f95   sl_WlanGetNetworkList
00005b75   sl_WlanPolicyGet
00005b0b   sl_WlanPolicySet
00005c19   sl_WlanProfileAdd
00005f67   sl_WlanProfileDel
00005e85   sl_WlanProfileGet
00006007   sl_WlanRxFilterAdd
000060c9   sl_WlanRxFilterGet
00006075   sl_WlanRxFilterSet
00006157   sl_WlanRxStatGet
0000613f   sl_WlanRxStatStart
0000614b   sl_WlanRxStatStop
00006259   sl_WlanSet
00006229   sl_WlanSetMode
0000619d   sl_WlanSmartConfigStart
0000618d   sl_WlanSmartConfigStop
000092b9   spi_Close
000092c5   spi_Open
00009419   spi_Read
000093bf   spi_Write
0000a8f1   sprintf
0000a087   stopWDT
00006395   strCpy
0000ad8f   strcat
0000aded   strlen
0000acc9   strncpy
00002879   ulTaskEndTrace
2000519c   updateLight_sem
00007d59   updateLights
00007079   uxQueueMessagesWaiting
0000708f   uxQueueMessagesWaitingFromISR
000027a1   uxTaskGetNumberOfTasks
00002e7f   uxTaskGetStackHighWaterMark
000023a9   uxTaskPriorityGet
00006385   vApplicationIdleHook
00006389   vApplicationMallocFailedHook
0000638b   vApplicationStackOverflowHook
00006387   vApplicationTickHook
00009bfd   vListInitialise
00009c2d   vListInitialiseItem
00009c81   vListInsert
00009c3d   vListInsertEnd
00009ce7   vListRemove
0000a613   vPortClearInterruptMask
0000a3d1   vPortEndScheduler
0000a3dd   vPortEnterCritical
0000a3ed   vPortExitCritical
000086ad   vPortFree
0000870f   vPortInitialiseBlocks
0000a65d   vPortSVCHandler
0000a605   vPortSetInterruptMask
0000a67d   vPortStartFirstTask
0000a3d3   vPortYieldFromISR
00007279   vQueueAddToRegistry
000070a1   vQueueDelete
00002345   vTaskDelay
00002295   vTaskDelayUntil
0000222d   vTaskDelete
000026a3   vTaskEndScheduler
000028ad   vTaskIncrementTick
000027b1   vTaskList
00002c19   vTaskMissedYield
00002a71   vTaskPlaceOnEventList
00002f6d   vTaskPriorityDisinherit
00002ed1   vTaskPriorityInherit
000023e9   vTaskPrioritySet
00002575   vTaskResume
00002b81   vTaskSetTimeOutState
0000265d   vTaskStartScheduler
0000284b   vTaskStartTrace
000024cd   vTaskSuspend
000026b5   vTaskSuspendAll
00002959   vTaskSwitchContext
00008703   xPortGetFreeHeapSize
00008709   xPortGetMinimumEverFreeHeapSize
0000a621   xPortPendSVHandler
0000a3a9   xPortStartScheduler
0000a403   xPortSysTickHandler
00006c05   xQueueCreate
00006cab   xQueueCreateMutex
00006edd   xQueueGenericReceive
00006d8b   xQueueGenericSend
00006e73   xQueueGenericSendFromISR
00006d13   xQueueGiveMutexRecursive
00007221   xQueueIsQueueEmptyFromISR
0000725b   xQueueIsQueueFullFromISR
00007011   xQueueReceiveFromISR
20005054   xQueueRegistry
00006d4b   xQueueTakeMutexRecursive
00002ba5   xTaskCheckForTimeOut
00002111   xTaskGenericCreate
00002ec1   xTaskGetCurrentTaskHandle
0000278d   xTaskGetTickCount
00002525   xTaskIsTaskSuspended
00002afd   xTaskRemoveFromEventList
000026bf   xTaskResumeAll
000025e5   xTaskResumeFromISR


GLOBAL SYMBOLS: SORTED BY Symbol Address 

address    name
--------   ----
00000000   __TI_static_base__
00000000   g_pfnVectors
00000001   __TI_args_main
000000f1   _SlDrvDriverCBInit
000001d5   _SlDrvDriverCBDeinit
00000258   __STACK_SIZE
00000279   _SlDrvRxIrqHandler
000002bb   _SlDrvCmdOp
0000036b   _SlDrvCmdSend
000003c1   _SlDrvDataReadOp
000005c5   _SlDrvDataWriteOp
00000795   _SlDrvMsgWrite
00000989   _SlDrvMsgRead
00000fbd   _SlAsyncEventGenericHandler
000014a1   _SlDrvMsgReadCmdCtx
0000159b   _SlDrvMsgReadSpawnCtx
00001685   _SlDrvClassifyRxMsg
00001783   _SlDrvShiftDWord
000017c9   _SlDrvRxHdrRead
000019cf   _SlDrvBasicCmd
00001a35   _SlDrvWaitForPoolObj
00001c3d   _SlDrvReleasePoolObj
00001e47   _SlDrvObjInit
00001ec3   _SlDrvObjDeInit
00001ee3   _SlRemoveFromList
00001fa1   _SlFindAndSetActiveObj
00002111   xTaskGenericCreate
0000222d   vTaskDelete
00002295   vTaskDelayUntil
00002345   vTaskDelay
000023a9   uxTaskPriorityGet
000023e9   vTaskPrioritySet
000024cd   vTaskSuspend
00002525   xTaskIsTaskSuspended
00002575   vTaskResume
000025e5   xTaskResumeFromISR
0000265d   vTaskStartScheduler
000026a3   vTaskEndScheduler
000026b5   vTaskSuspendAll
000026bf   xTaskResumeAll
0000278d   xTaskGetTickCount
000027a1   uxTaskGetNumberOfTasks
000027b1   vTaskList
0000284b   vTaskStartTrace
00002879   ulTaskEndTrace
000028ad   vTaskIncrementTick
00002959   vTaskSwitchContext
00002a71   vTaskPlaceOnEventList
00002afd   xTaskRemoveFromEventList
00002b81   vTaskSetTimeOutState
00002ba5   xTaskCheckForTimeOut
00002c19   vTaskMissedYield
00002e7f   uxTaskGetStackHighWaterMark
00002ec1   xTaskGetCurrentTaskHandle
00002ed1   vTaskPriorityInherit
00002f6d   vTaskPriorityDisinherit
00002ff5   _sl_BuildAddress
00003045   _sl_TruncatePayloadByProtocol
0000310d   _sl_ParseAddress
00003167   sl_Socket
000031bd   sl_Close
000031e7   sl_Bind
0000326f   sl_SendTo
0000338b   sl_RecvFrom
000034ad   sl_Connect
00003603   _sl_HandleAsync_Connect
000036b5   sl_Send
000037c5   sl_Listen
00003805   sl_Accept
00003987   sl_Htonl
000039c9   sl_Htons
00003a09   _sl_HandleAsync_Accept
00003aa1   sl_Recv
00003b1d   sl_SetSockOpt
00003b89   sl_GetSockOpt
00003c23   sl_Select
00003da9   SL_FD_SET
00003dcb   SL_FD_CLR
00003df1   SL_FD_ISSET
00003e19   SL_FD_ZERO
00003e31   _sl_HandleAsync_Select
00004a7f   __TI_printfi
00004d89   sl_NetAppStart
00004dad   sl_NetAppStop
00004dd1   sl_NetAppGetServiceList
00004ea1   sl_NetAppMDNSRegisterUnregisterService
00004f55   sl_NetAppMDNSRegisterService
00004f91   sl_NetAppMDNSUnRegisterService
00004fd1   sl_NetAppDnsGetHostByService
00005101   _sl_HandleAsync_DnsGetHostByService
000051d1   _sl_HandleAsync_DnsGetHostByAddr
000051e1   sl_NetAppDnsGetHostByName
00005325   _sl_HandleAsync_DnsGetHostByName
000053e9   CopyPingResultsToReport
00005425   _sl_HandleAsync_PingResponse
000054e9   sl_NetAppPingStart
0000565b   sl_NetAppSet
000056c5   sl_NetAppSendTokenValue
00005729   sl_NetAppGet
000057b9   _SlDrvNetAppEventHandler
000058cd   sl_WlanConnect
00005aff   sl_WlanDisconnect
00005b0b   sl_WlanPolicySet
00005b75   sl_WlanPolicyGet
00005c19   sl_WlanProfileAdd
00005e85   sl_WlanProfileGet
00005f67   sl_WlanProfileDel
00005f95   sl_WlanGetNetworkList
00006007   sl_WlanRxFilterAdd
00006075   sl_WlanRxFilterSet
000060c9   sl_WlanRxFilterGet
0000613f   sl_WlanRxStatStart
0000614b   sl_WlanRxStatStop
00006157   sl_WlanRxStatGet
0000618d   sl_WlanSmartConfigStop
0000619d   sl_WlanSmartConfigStart
00006229   sl_WlanSetMode
00006259   sl_WlanSet
000062cd   sl_WlanGet
00006385   vApplicationIdleHook
00006387   vApplicationTickHook
00006389   vApplicationMallocFailedHook
0000638b   vApplicationStackOverflowHook
00006395   strCpy
000063cd   SimpleLinkWlanEventHandler
00006439   SimpleLinkNetAppEventHandler
00006469   SimpleLinkHttpServerCallback
00006477   SimpleLinkGeneralEventHandler
00006483   SimpleLinkSockEventHandler
00006909   main
00006c05   xQueueCreate
00006cab   xQueueCreateMutex
00006d13   xQueueGiveMutexRecursive
00006d4b   xQueueTakeMutexRecursive
00006d8b   xQueueGenericSend
00006e73   xQueueGenericSendFromISR
00006edd   xQueueGenericReceive
00007011   xQueueReceiveFromISR
00007079   uxQueueMessagesWaiting
0000708f   uxQueueMessagesWaitingFromISR
000070a1   vQueueDelete
00007221   xQueueIsQueueEmptyFromISR
0000725b   xQueueIsQueueFullFromISR
00007279   vQueueAddToRegistry
000072fd   _sl_GetStartResponseConvert
00007355   sl_Task
0000735d   sl_Start
00007461   _sl_HandleAsync_InitComplete
00007513   _sl_HandleAsync_Stop
00007597   sl_Stop
000076bf   sl_EventMaskSet
000076f9   sl_EventMaskGet
0000772d   sl_DevGet
000077cb   sl_DevSet
00007831   _SlDrvDeviceEventHandler
000078b1   gpioHandle
00007c59   Timer0Handler
00007d59   updateLights
00007deb   connectToLights
00007e93   recvFromLights
00007ebb   disconnectLights
00007f41   jsonPut
000081d9   phoneWorker
000082bb   inputConvert
000084b1   sendPhoneOk
000084f9   getPhoneData
0000859d   pvPortMalloc
000086ad   vPortFree
00008703   xPortGetFreeHeapSize
00008709   xPortGetMinimumEverFreeHeapSize
0000870f   vPortInitialiseBlocks
00008879   lumosGpioConfig
00008923   i2c_gpio_config
00008945   i2c_config
00008953   initializeTimer0
000089cd   initializeADC
00008a87   GetADCval
00008b45   serverThread
00008c17   phoneConnect
00008c7b   TcpServerStart
00008e49   gpio_enable_port
00008f07   gpio_config_digital_enable
00008f2f   gpio_config_enable_output
00008f57   gpio_config_enable_input
00008f7f   gpio_config_enable_pullup
00008fa7   gpio_config_enable_pulldown
00008fcf   gpio_config_analog_enable
00008ff7   gpio_config_alternate_function
0000901f   gpio_config_port_control
00009043   gpio_config_open_drain
00009091   initializeI2CMaster
0000911b   i2cVerifyBaseAddr
0000914b   i2cSetSlaveAddr
00009177   i2cStop
00009191   I2CMasterBusy
000091b1   I2CMasterAdrAck
000091d5   I2CMasterDatAck
000091f9   i2cSendByte
0000925b   i2cGetByte
000092b9   spi_Close
000092c5   spi_Open
000093bf   spi_Write
00009419   spi_Read
000094bd   __aeabi_uldivmod
000096b1   __aeabi_dsub
000096bb   __aeabi_dadd
00009867   __aeabi_ddiv
0000999d   GPIOPadConfigSet
00009acd   _SlNonOsSemSet
00009ae5   _SlNonOsSemGet
00009b41   _SlNonOsSpawn
00009b91   _SlNonOsMainLoopTask
00009bfd   vListInitialise
00009c2d   vListInitialiseItem
00009c3d   vListInsertEnd
00009c81   vListInsert
00009ce7   vListRemove
00009d2d   CLI_Read
00009d79   CLI_Write
00009dd3   CLI_Configure
00009e4d   SysCtlClockGet
00009f65   sl_NetCfgSet
00009fcb   sl_NetCfgGet
0000a075   initClk
0000a087   stopWDT
0000a089   registerInterruptHandler
0000a09d   CC3100_disable
0000a0b1   CC3100_enable
0000a0c5   CC3100_InterruptEnable
0000a0d1   CC3100_InterruptDisable
0000a0dd   MaskIntHdlr
0000a0e5   UnMaskIntHdlr
0000a0ed   Delay
0000a113   GPIOB_intHandler
0000a13f   UART1_intHandler
0000a175   __aeabi_dmul
0000a271   SysCtlClockSet
0000a361   pxPortInitialiseStack
0000a3a9   xPortStartScheduler
0000a3d1   vPortEndScheduler
0000a3d3   vPortYieldFromISR
0000a3dd   vPortEnterCritical
0000a3ed   vPortExitCritical
0000a403   xPortSysTickHandler
0000a445   __aeabi_memcpy
0000a445   __aeabi_memcpy4
0000a445   __aeabi_memcpy8
0000a445   memcpy
0000a4e1   __TI_auto_init
0000a575   sendWrapper
0000a605   vPortSetInterruptMask
0000a613   vPortClearInterruptMask
0000a621   xPortPendSVHandler
0000a65d   vPortSVCHandler
0000a67d   vPortStartFirstTask
0000a68b   __aeabi_cdcmpeq
0000a68b   __aeabi_cdcmple
0000a711   __aeabi_cdrcmple
0000a799   _SlDrvFlowContInit
0000a7d7   _SlDrvFlowContDeinit
0000a819   __aeabi_memclr
0000a819   __aeabi_memclr4
0000a819   __aeabi_memclr8
0000a81b   __aeabi_memset
0000a81b   __aeabi_memset4
0000a81b   __aeabi_memset8
0000a821   memset
0000a891   IntEnable
0000a8f1   sprintf
0000a9af   ltoa
0000aa09   GPIOIntTypeSet
0000aa61   atoi
0000aaad   GPIOPinConfigure
0000aaf5   _c_int00
0000ab3d   __aeabi_d2iz
0000ab85   copy_in
0000abc9   C$$EXIT
0000abcd   abort
0000abd5   exit
0000ac0d   _Dtest
0000ac51   SSIConfigSetExpClk
0000ac95   SysCtlPeripheralEnable
0000acc9   strncpy
0000acf9   __aeabi_i2d
0000ad27   GPIODirModeSet
0000ad51   memcmp
0000ad73   memccpy
0000ad8f   strcat
0000ada9   _args_main
0000adc1   __aeabi_lmul
0000add9   _register_unlock
0000addf   _register_lock
0000ade7   _nop
0000aded   strlen
0000ae01   GPIOPinTypeGPIOInput
0000ae13   GPIOPinTypeSSI
0000ae25   SSIDataGetNonBlocking
0000ae37   __TI_zero_init
0000ae49   _Dclass
0000ae5d   FPUEnable
0000ae6d   FPULazyStackingEnable
0000ae7d   GPIOIntDisable
0000ae8b   GPIOIntStatus
0000ae99   SSIDataPutNonBlocking
0000aea7   __TI_decompress_none
0000aeb5   CPUcpsie
0000aec1   GPIOIntEnable
0000aecd   ResetISR
0000aed9   IntMasterEnable
0000aee3   SSIEnable
0000aeed   UARTIntStatus
0000aef7   GPIOIntClear
0000aefd   GPIOPinWrite
0000af03   SysCtlDelay
0000af09   __TI_decompress_rle24
0000af0f   UARTIntClear
0000af14   _ctypes_
0000b234   _SlPolicySetCmdCtrl
0000b238   _SlPolicyGetCmdCtrl
0000b23c   _SlProfileGetCmdCtrl
0000b240   _SlProfileDelCmdCtrl
0000b244   _SlWlanGetNetworkListCtrl
0000b248   _SlRxFilterAddtCmdCtrl
0000b24c   _SlRxFilterSetCmdCtrl
0000b250   _SlRxFilterGetCmdCtrl
0000b254   _SlSmartConfigStartCmdCtrl
0000b258   _SlWlanSetModeCmdCtrl
0000b25c   _SlWlanCfgSetCmdCtrl
0000b260   _SlWlanCfgGetCmdCtrl
0000b270   _SlActionLookupTable
0000b2a8   _SlSockSocketCmdCtrl
0000b2ac   _SlSockCloseCmdCtrl
0000b2b0   _SlRecvfomCmdCtrl
0000b2b4   _SlSendCmdCtrl
0000b2b8   _SlListenCmdCtrl
0000b2bc   _SlAcceptCmdCtrl
0000b2c0   _SlRecvCmdCtrl
0000b2c4   _SlSetSockOptCmdCtrl
0000b2c8   _SlGetSockOptCmdCtrl
0000b2cc   _SlSelectCmdCtrl
0000b308   _SlNetAppStartCtrl
0000b30c   _SlNetAppStopCtrl
0000b310   _SlGetServiceListeCtrl
0000b314   _SlRegisterServiceCtrl
0000b318   _SlGetHostByServiceCtrl
0000b31c   _SlGetHostByNameCtrl
0000b320   _SlNetAppSetCmdCtrl
0000b324   _SlNetAppSendTokenValueCmdCtrl
0000b328   _SlNetAppGetCmdCtrl
0000b364   _SlStopCmdCtrl
0000b368   _SlEventMaskSetCmdCtrl
0000b36c   _SlEventMaskGetCmdCtrl
0000b370   _SlDeviceGetCmdCtrl
0000b374   _SlDeviceSetCmdCtrl
0000b378   g_H2NSyncPattern
0000b380   g_H2NCnysPattern
0000b38c   _SlNetCfgSetCmdCtrl
0000b390   _SlNetCfgGetCmdCtrl
0000b43c   __TI_Handler_Table_Base
0000b448   __TI_Handler_Table_Limit
0000b450   __TI_CINIT_Base
0000b460   __TI_CINIT_Limit
20004e20   g_StatMem
20004f84   lightsData
20005054   xQueueRegistry
200050d8   g__SlNonOsCB
20005100   data
20005180   g_ucUARTBuffer
20005184   networking_sem
2000519c   updateLight_sem
200051a0   IntIsMasked
200051a4   __stack
200052a4   __STACK_TOP
200053fc   __STACK_END
200053fc   header
20005478   pxCurrentTCB
200054c0   encoderFlag
200054d0   lightsMode
200054d4   g_Status
200054d6   Lights_ID
200054d8   Server_ID
200054dc   g_pCB
200054e0   pPingCallBackFunc
200054e4   gFirstCmdMode
200054e8   _lock
200054ec   _unlock
200054f0   __TI_cleanup_ptr
200054f4   __TI_dtors_ptr
200054f8   pIrqEventHandler
20005500   main_func_sp
ffffffff   __binit__
ffffffff   __c_args__
ffffffff   binit
UNDEFED    SHT$$INIT_ARRAY$$Base
UNDEFED    SHT$$INIT_ARRAY$$Limit

[395 symbols]
