******************************************************************************
                  TI ARM Linker PC v5.1.6                      
******************************************************************************
>> Linked Tue Apr 28 20:00:53 2015

OUTPUT FILE NAME:   <lumosembedded.out>
ENTRY POINT SYMBOL: "_c_int00"  address: 0000b115


MEMORY CONFIGURATION

         name            origin    length      used     unused   attr    fill
----------------------  --------  ---------  --------  --------  ----  --------
  FLASH                 00000000   00040000  0000bb44  000344bc  R  X
  SRAM                  20000000   00010000  00005161  0000ae9f  RW X


SEGMENT ALLOCATION MAP

run origin  load origin   length   init length attrs members
----------  ----------- ---------- ----------- ----- -------
00000000    00000000    0000bb48   0000bb48    r-x
  00000000    00000000    000000f0   000000f0    r-- .intvecs
  000000f0    000000f0    0000b500   0000b500    r-x .text
  0000b5f0    0000b5f0    00000484   00000484    r-- .const
  0000ba78    0000ba78    000000d0   000000d0    r-- .cinit
20000000    20000000    00005164   00000000    rw-
  20000000    20000000    00004ded   00000000    rw- .bss
  20004df0    20004df0    00000258   00000000    rw- .stack
  20005048    20005048    0000011c   00000000    rw- .data


SECTION ALLOCATION MAP

 output                                  attributes/
section   page    origin      length       input sections
--------  ----  ----------  ----------   ----------------
.intvecs   0    00000000    000000f0     
                  00000000    000000f0     startup_ccs.obj (.intvecs)

.text      0    000000f0    0000b500     
                  000000f0    00002020     driver.obj (.text)
                  00002110    00000ee4     tasks.obj (.text)
                  00002ff4    00000ed4     socket.obj (.text)
                  00003ec8    00000ec0     rtsv7M4_T_le_v4SPD16_eabi.lib : _printfi.obj (.text)
                  00004d88    00000b44     netapp.obj (.text)
                  000058cc    00000ab8     wlan.obj (.text)
                  00006384    000008b4     main.obj (.text)
                  00006c38    000007d0     lightsManager.obj (.text)
                  00007408    000006f8     queue.obj (.text)
                  00007b00    000005b4     device.obj (.text)
                  000080b4    00000554     phone.obj (.text)
                  00008608    00000474     interruptHandlers.obj (.text)
                  00008a7c    000003b0     externals.obj (.text)
                  00008e2c    000002dc     heap_4.obj (.text)
                  00009108    000002c8     server.obj (.text)
                  000093d0    00000284     gpio.obj (.text)
                  00009654    00000228     i2c.obj (.text)
                  0000987c    00000204     spi.obj (.text)
                  00009a80    000001f4     rtsv7M4_T_le_v4SPD16_eabi.lib : ull_div_t2.obj (.text)
                  00009c74    000001b6                                   : fd_add_t2.obj (.text)
                  00009e2a    00000136                                   : fd_div_t2.obj (.text)
                  00009f60    00000130     driverlib.lib : gpio.obj (.text:GPIOPadConfigSet)
                  0000a090    00000130     nonos.obj (.text)
                  0000a1c0    0000012e     list.obj (.text)
                  0000a2ee    00000002     --HOLE-- [fill = 0]
                  0000a2f0    00000120     cli_uart.obj (.text)
                  0000a410    00000118     driverlib.lib : sysctl.obj (.text:SysCtlClockGet)
                  0000a528    00000110     netcfg.obj (.text)
                  0000a638    00000100     board.obj (.text)
                  0000a738    000000fc     rtsv7M4_T_le_v4SPD16_eabi.lib : fd_mul_t2.obj (.text)
                  0000a834    000000f0     driverlib.lib : sysctl.obj (.text:SysCtlClockSet)
                  0000a924    000000e4     port.obj (.text)
                  0000aa08    0000009c     rtsv7M4_T_le_v4SPD16_eabi.lib : memcpy_t2.obj (.text)
                  0000aaa4    00000094                                   : auto_init.obj (.text)
                  0000ab38    0000008c     wrapper.obj (.text)
                  0000abc4    0000008a     portasm.obj (.text)
                  0000ac4e    00000086     rtsv7M4_T_le_v4SPD16_eabi.lib : fd_cmp_t2.obj (.text:__aeabi_cdcmple)
                  0000acd4    00000086                                   : fd_cmp_t2.obj (.text:__aeabi_cdrcmple)
                  0000ad5a    00000002     --HOLE-- [fill = 0]
                  0000ad5c    00000080     flowcont.obj (.text)
                  0000addc    00000078     rtsv7M4_T_le_v4SPD16_eabi.lib : memset_t2.obj (.text)
                  0000ae54    00000060     driverlib.lib : interrupt.obj (.text:IntEnable)
                  0000aeb4    00000060     rtsv7M4_T_le_v4SPD16_eabi.lib : sprintf.obj (.text)
                  0000af14    0000005e                                   : copy_decompress_rle.obj (.text)
                  0000af72    00000002     --HOLE-- [fill = 0]
                  0000af74    0000005c     driverlib.lib : timer.obj (.text:TimerConfigure)
                  0000afd0    0000005a     rtsv7M4_T_le_v4SPD16_eabi.lib : ltoa.obj (.text)
                  0000b02a    00000056     driverlib.lib : gpio.obj (.text:GPIOIntTypeSet)
                  0000b080    0000004c     rtsv7M4_T_le_v4SPD16_eabi.lib : atoi.obj (.text)
                  0000b0cc    00000048     driverlib.lib : gpio.obj (.text:GPIOPinConfigure)
                  0000b114    00000048     rtsv7M4_T_le_v4SPD16_eabi.lib : boot.obj (.text)
                  0000b15c    00000048                                   : fd_toi_t2.obj (.text)
                  0000b1a4    00000044                                   : cpy_tbl.obj (.text)
                  0000b1e8    00000044                                   : exit.obj (.text)
                  0000b22c    00000044                                   : xdtest.obj (.text)
                  0000b270    00000042     driverlib.lib : ssi.obj (.text:SSIConfigSetExpClk)
                  0000b2b2    00000002     --HOLE-- [fill = 0]
                  0000b2b4    00000034                   : sysctl.obj (.text:SysCtlPeripheralEnable)
                  0000b2e8    00000030     rtsv7M4_T_le_v4SPD16_eabi.lib : strncpy.obj (.text)
                  0000b318    0000002e                                   : i_tofd_t2.obj (.text)
                  0000b346    0000002a     driverlib.lib : gpio.obj (.text:GPIODirModeSet)
                  0000b370    00000022                   : pwm.obj (.text:PWMGenConfigure)
                  0000b392    00000022     rtsv7M4_T_le_v4SPD16_eabi.lib : memcmp.obj (.text)
                  0000b3b4    0000001e     driverlib.lib : pwm.obj (.text:PWMPulseWidthSet)
                  0000b3d2    0000001c     rtsv7M4_T_le_v4SPD16_eabi.lib : memccpy.obj (.text)
                  0000b3ee    0000001a                                   : strcat.obj (.text)
                  0000b408    00000018                                   : args_main.obj (.text)
                  0000b420    00000018                                   : ll_mul_t2.obj (.text)
                  0000b438    00000014     driverlib.lib : timer.obj (.text:TimerDisable)
                  0000b44c    00000014     rtsv7M4_T_le_v4SPD16_eabi.lib : _lock.obj (.text)
                  0000b460    00000014                                   : strlen.obj (.text)
                  0000b474    00000012     driverlib.lib : gpio.obj (.text:GPIOPinTypeGPIOInput)
                  0000b486    00000012                   : gpio.obj (.text:GPIOPinTypePWM)
                  0000b498    00000012                   : gpio.obj (.text:GPIOPinTypeSSI)
                  0000b4aa    00000012                   : pwm.obj (.text:PWMOutputState)
                  0000b4bc    00000012                   : ssi.obj (.text:SSIDataGetNonBlocking)
                  0000b4ce    00000012                   : timer.obj (.text:TimerLoadSet)
                  0000b4e0    00000012     rtsv7M4_T_le_v4SPD16_eabi.lib : copy_zero_init.obj (.text:decompress:ZI)
                  0000b4f2    00000012                                   : xdclass.obj (.text)
                  0000b504    00000010     driverlib.lib : fpu.obj (.text:FPUEnable)
                  0000b514    00000010                   : fpu.obj (.text:FPULazyStackingEnable)
                  0000b524    00000010                   : pwm.obj (.text:PWMGenPeriodSet)
                  0000b534    0000000e                   : gpio.obj (.text:GPIOIntDisable)
                  0000b542    0000000e                   : gpio.obj (.text:GPIOIntStatus)
                  0000b550    0000000e                   : ssi.obj (.text:SSIDataPutNonBlocking)
                  0000b55e    0000000e                   : timer.obj (.text:TimerEnable)
                  0000b56c    0000000e     rtsv7M4_T_le_v4SPD16_eabi.lib : copy_decompress_none.obj (.text:decompress:none)
                  0000b57a    0000000c     driverlib.lib : cpu.obj (.text:CPUcpsie)
                  0000b586    0000000c                   : gpio.obj (.text:GPIOIntEnable)
                  0000b592    0000000c                   : pwm.obj (.text:PWMGenEnable)
                  0000b59e    0000000c     startup_ccs.obj (.text)
                  0000b5aa    0000000a     driverlib.lib : interrupt.obj (.text:IntMasterEnable)
                  0000b5b4    0000000a                   : ssi.obj (.text:SSIEnable)
                  0000b5be    0000000a                   : uart.obj (.text:UARTIntStatus)
                  0000b5c8    00000008                   : timer.obj (.text:TimerIntEnable)
                  0000b5d0    00000006                   : gpio.obj (.text:GPIOIntClear)
                  0000b5d6    00000006                   : gpio.obj (.text:GPIOPinWrite)
                  0000b5dc    00000006                   : sysctl.obj (.text:SysCtlDelay)
                  0000b5e2    00000006     rtsv7M4_T_le_v4SPD16_eabi.lib : copy_decompress_rle.obj (.text:decompress:rle24)
                  0000b5e8    00000004     driverlib.lib : timer.obj (.text:TimerIntClear)
                  0000b5ec    00000004                   : uart.obj (.text:UARTIntClear)

.const     0    0000b5f0    00000484     
                  0000b5f0    00000102     rtsv7M4_T_le_v4SPD16_eabi.lib : ctype.obj (.const:.string:_ctypes_)
                  0000b6f2    00000002     --HOLE-- [fill = 0]
                  0000b6f4    000000b0     wlan.obj (.const:$P$T0$1)
                  0000b7a4    00000090     driverlib.lib : gpio.obj (.const:g_pui32GPIOBaseAddrs)
                  0000b834    00000070                   : interrupt.obj (.const)
                  0000b8a4    0000006c                   : sysctl.obj (.const:g_pui32Xtals)
                  0000b910    0000003c     wlan.obj (.const)
                  0000b94c    00000038     driver.obj (.const:_SlActionLookupTable)
                  0000b984    00000034     socket.obj (.const)
                  0000b9b8    0000002c     main.obj (.const:$P$T0$1)
                  0000b9e4    00000028     netapp.obj (.const)
                  0000ba0c    00000020     main.obj (.const)
                  0000ba2c    00000014     tasks.obj (.const:.string)
                  0000ba40    00000014     device.obj (.const)
                  0000ba54    00000014     driver.obj (.const)
                  0000ba68    00000008     netcfg.obj (.const)
                  0000ba70    00000004     heap_4.obj (.const)

.cinit     0    0000ba78    000000d0     
                  0000ba78    000000a8     (.cinit..data.load) [load image, compression = rle]
                  0000bb20    0000000c     (__TI_handler_table)
                  0000bb2c    00000004     --HOLE-- [fill = 0]
                  0000bb30    00000008     (.cinit..bss.load) [load image, compression = zero_init]
                  0000bb38    00000010     (__TI_cinit_table)

.bss       0    20000000    00004ded     UNINITIALIZED
                  20000000    00004a38     heap_4.obj (.bss:ucHeap)
                  20004a38    00000164     driver.obj (.bss:g_StatMem)
                  20004b9c    00000084     lightsManager.obj (.bss:lightsData)
                  20004c20    00000064     tasks.obj (.bss:pxReadyTasksLists)
                  20004c84    00000050     queue.obj (.bss:xQueueRegistry)
                  20004cd4    00000034     tasks.obj (.bss:pcStatusString)
                  20004d08    00000028     nonos.obj (.bss:g__SlNonOsCB)
                  20004d30    00000014     (.common:data)
                  20004d44    00000014     (.common:xDelayedTaskList1)
                  20004d58    00000014     (.common:xDelayedTaskList2)
                  20004d6c    00000014     (.common:xPendingReadyList)
                  20004d80    00000014     (.common:xSuspendedTaskList)
                  20004d94    00000014     (.common:xTasksWaitingTermination)
                  20004da8    0000000c     (.common:IR)
                  20004db4    00000008     (.common:xStart)
                  20004dbc    00000004     (.common:IRData)
                  20004dc0    00000004     (.common:encLeftCount)
                  20004dc4    00000004     (.common:encRightCount)
                  20004dc8    00000004     (.common:g_ucUARTBuffer)
                  20004dcc    00000004     (.common:networking_sem)
                  20004dd0    00000004     (.common:pcTraceBuffer)
                  20004dd4    00000004     (.common:pcTraceBufferEnd)
                  20004dd8    00000004     (.common:pcTraceBufferStart)
                  20004ddc    00000004     (.common:pxDelayedTaskList)
                  20004de0    00000004     (.common:pxOverflowDelayedTaskList)
                  20004de4    00000004     (.common:relay)
                  20004de8    00000004     (.common:updateLight_sem)
                  20004dec    00000001     (.common:IntIsMasked)

.stack     0    20004df0    00000258     UNINITIALIZED
                  20004df0    00000258     --HOLE--

.data      0    20005048    0000011c     UNINITIALIZED
                  20005048    00000078     lightsManager.obj (.data:header)
                  200050c0    00000038     tasks.obj (.data)
                  200050f8    00000020     interruptHandlers.obj (.data)
                  20005118    00000012     lightsManager.obj (.data)
                  2000512a    00000002     --HOLE--
                  2000512c    00000010     heap_4.obj (.data)
                  2000513c    00000009     driver.obj (.data)
                  20005145    00000003     --HOLE--
                  20005148    00000008     rtsv7M4_T_le_v4SPD16_eabi.lib : _lock.obj (.data)
                  20005150    00000008                                   : exit.obj (.data)
                  20005158    00000004     board.obj (.data)
                  2000515c    00000004     port.obj (.data)
                  20005160    00000004     rtsv7M4_T_le_v4SPD16_eabi.lib : stkdepth_vars.obj (.data)


LINKER GENERATED COPY TABLES

__TI_cinit_table @ 0000bb38 records: 2, size/record: 8, table size: 16
	.data: load addr=0000ba78, load size=000000a8 bytes, run addr=20005048, run size=0000011c bytes, compression=rle
	.bss: load addr=0000bb30, load size=00000008 bytes, run addr=20000000, run size=00004ded bytes, compression=zero_init


LINKER GENERATED HANDLER TABLE

__TI_handler_table @ 0000bb20 records: 3, size/record: 4, table size: 12
	index: 0, handler: __TI_decompress_rle24
	index: 1, handler: __TI_decompress_none
	index: 2, handler: __TI_zero_init


GLOBAL SYMBOLS: SORTED ALPHABETICALLY BY Name 

address    name
--------   ----
0000b1e9   C$$EXIT
0000a695   CC3100_InterruptDisable
0000a689   CC3100_InterruptEnable
0000a661   CC3100_disable
0000a675   CC3100_enable
0000a397   CLI_Configure
0000a2f1   CLI_Read
0000a33d   CLI_Write
0000b57b   CPUcpsie
000053e9   CopyPingResultsToReport
0000a6b1   Delay
0000b505   FPUEnable
0000b515   FPULazyStackingEnable
0000a6d7   GPIOB_intHandler
0000b347   GPIODirModeSet
0000b5d1   GPIOIntClear
0000b535   GPIOIntDisable
0000b587   GPIOIntEnable
0000b543   GPIOIntStatus
0000b02b   GPIOIntTypeSet
00009f61   GPIOPadConfigSet
0000b0cd   GPIOPinConfigure
0000b475   GPIOPinTypeGPIOInput
0000b487   GPIOPinTypePWM
0000b499   GPIOPinTypeSSI
0000b5d7   GPIOPinWrite
00008cc7   GetADCval
00009775   I2CMasterAdrAck
00009755   I2CMasterBusy
00009799   I2CMasterDatAck
20004da8   IR
20004dbc   IRData
20005128   IREnable
20005120   IRRunning
0000ae55   IntEnable
20004dec   IntIsMasked
0000b5ab   IntMasterEnable
2000511a   Lights_ID
0000a6a1   MaskIntHdlr
0000b371   PWMGenConfigure
0000b593   PWMGenEnable
0000b525   PWMGenPeriodSet
0000b4ab   PWMOutputState
0000b3b5   PWMPulseWidthSet
0000b59f   ResetISR
UNDEFED    SHT$$INIT_ARRAY$$Base
UNDEFED    SHT$$INIT_ARRAY$$Limit
00003dcb   SL_FD_CLR
00003df1   SL_FD_ISSET
00003da9   SL_FD_SET
00003e19   SL_FD_ZERO
0000b271   SSIConfigSetExpClk
0000b4bd   SSIDataGetNonBlocking
0000b551   SSIDataPutNonBlocking
0000b5b5   SSIEnable
2000511c   Server_ID
00006477   SimpleLinkGeneralEventHandler
00006469   SimpleLinkHttpServerCallback
00006439   SimpleLinkNetAppEventHandler
00006483   SimpleLinkSockEventHandler
000063cd   SimpleLinkWlanEventHandler
0000a411   SysCtlClockGet
0000a835   SysCtlClockSet
0000b5dd   SysCtlDelay
0000b2b5   SysCtlPeripheralEnable
0000923f   TcpServerStart
0000872d   Timer0Handler
0000894d   Timer1Handle
0000af75   TimerConfigure
0000b439   TimerDisable
0000b55f   TimerEnable
0000b5e9   TimerIntClear
0000b5c9   TimerIntEnable
0000b4cf   TimerLoadSet
0000a703   UART1_intHandler
0000b5ed   UARTIntClear
0000b5bf   UARTIntStatus
0000a6a9   UnMaskIntHdlr
0000b4f3   _Dclass
0000b22d   _Dtest
0000b998   _SlAcceptCmdCtrl
0000b94c   _SlActionLookupTable
00000fbd   _SlAsyncEventGenericHandler
0000ba4c   _SlDeviceGetCmdCtrl
0000ba50   _SlDeviceSetCmdCtrl
000019cf   _SlDrvBasicCmd
00001685   _SlDrvClassifyRxMsg
000002bb   _SlDrvCmdOp
0000036b   _SlDrvCmdSend
000003c1   _SlDrvDataReadOp
000005c5   _SlDrvDataWriteOp
00008035   _SlDrvDeviceEventHandler
000001d5   _SlDrvDriverCBDeinit
000000f1   _SlDrvDriverCBInit
0000ad9b   _SlDrvFlowContDeinit
0000ad5d   _SlDrvFlowContInit
00000989   _SlDrvMsgRead
000014a1   _SlDrvMsgReadCmdCtx
0000159b   _SlDrvMsgReadSpawnCtx
00000795   _SlDrvMsgWrite
000057b9   _SlDrvNetAppEventHandler
00001ec3   _SlDrvObjDeInit
00001e47   _SlDrvObjInit
00001c3d   _SlDrvReleasePoolObj
000017c9   _SlDrvRxHdrRead
00000279   _SlDrvRxIrqHandler
00001783   _SlDrvShiftDWord
00001a35   _SlDrvWaitForPoolObj
0000ba48   _SlEventMaskGetCmdCtrl
0000ba44   _SlEventMaskSetCmdCtrl
00001fa1   _SlFindAndSetActiveObj
0000b9f8   _SlGetHostByNameCtrl
0000b9f4   _SlGetHostByServiceCtrl
0000b9ec   _SlGetServiceListeCtrl
0000b9a4   _SlGetSockOptCmdCtrl
0000b994   _SlListenCmdCtrl
0000ba04   _SlNetAppGetCmdCtrl
0000ba00   _SlNetAppSendTokenValueCmdCtrl
0000b9fc   _SlNetAppSetCmdCtrl
0000b9e4   _SlNetAppStartCtrl
0000b9e8   _SlNetAppStopCtrl
0000ba6c   _SlNetCfgGetCmdCtrl
0000ba68   _SlNetCfgSetCmdCtrl
0000a155   _SlNonOsMainLoopTask
0000a0a9   _SlNonOsSemGet
0000a091   _SlNonOsSemSet
0000a105   _SlNonOsSpawn
0000b914   _SlPolicyGetCmdCtrl
0000b910   _SlPolicySetCmdCtrl
0000b91c   _SlProfileDelCmdCtrl
0000b918   _SlProfileGetCmdCtrl
0000b99c   _SlRecvCmdCtrl
0000b98c   _SlRecvfomCmdCtrl
0000b9f0   _SlRegisterServiceCtrl
00001ee3   _SlRemoveFromList
0000b924   _SlRxFilterAddtCmdCtrl
0000b92c   _SlRxFilterGetCmdCtrl
0000b928   _SlRxFilterSetCmdCtrl
0000b9a8   _SlSelectCmdCtrl
0000b990   _SlSendCmdCtrl
0000b9a0   _SlSetSockOptCmdCtrl
0000b930   _SlSmartConfigStartCmdCtrl
0000b988   _SlSockCloseCmdCtrl
0000b984   _SlSockSocketCmdCtrl
0000ba40   _SlStopCmdCtrl
0000b93c   _SlWlanCfgGetCmdCtrl
0000b938   _SlWlanCfgSetCmdCtrl
0000b920   _SlWlanGetNetworkListCtrl
0000b934   _SlWlanSetModeCmdCtrl
20005048   __STACK_END
00000258   __STACK_SIZE
20004ef0   __STACK_TOP
0000bb38   __TI_CINIT_Base
0000bb48   __TI_CINIT_Limit
0000bb20   __TI_Handler_Table_Base
0000bb2c   __TI_Handler_Table_Limit
00000001   __TI_args_main
0000aaa5   __TI_auto_init
20005150   __TI_cleanup_ptr
0000b56d   __TI_decompress_none
0000b5e3   __TI_decompress_rle24
20005154   __TI_dtors_ptr
00004a7f   __TI_printfi
00000000   __TI_static_base__
0000b4e1   __TI_zero_init
0000ac4f   __aeabi_cdcmpeq
0000ac4f   __aeabi_cdcmple
0000acd5   __aeabi_cdrcmple
0000b15d   __aeabi_d2iz
00009c7f   __aeabi_dadd
00009e2b   __aeabi_ddiv
0000a739   __aeabi_dmul
00009c75   __aeabi_dsub
0000b319   __aeabi_i2d
0000b421   __aeabi_lmul
0000addd   __aeabi_memclr
0000addd   __aeabi_memclr4
0000addd   __aeabi_memclr8
0000aa09   __aeabi_memcpy
0000aa09   __aeabi_memcpy4
0000aa09   __aeabi_memcpy8
0000addf   __aeabi_memset
0000addf   __aeabi_memset4
0000addf   __aeabi_memset8
00009a81   __aeabi_uldivmod
ffffffff   __binit__
ffffffff   __c_args__
20004df0   __stack
0000b409   _args_main
0000b115   _c_int00
0000b5f0   _ctypes_
20005148   _lock
0000b45b   _nop
0000b453   _register_lock
0000b44d   _register_unlock
00002ff5   _sl_BuildAddress
00007b01   _sl_GetStartResponseConvert
00003a09   _sl_HandleAsync_Accept
00003603   _sl_HandleAsync_Connect
000051d1   _sl_HandleAsync_DnsGetHostByAddr
00005325   _sl_HandleAsync_DnsGetHostByName
00005101   _sl_HandleAsync_DnsGetHostByService
00007c65   _sl_HandleAsync_InitComplete
00005425   _sl_HandleAsync_PingResponse
00003e31   _sl_HandleAsync_Select
00007d17   _sl_HandleAsync_Stop
0000310d   _sl_ParseAddress
00003045   _sl_TruncatePayloadByProtocol
2000514c   _unlock
0000b1ed   abort
0000b081   atoi
ffffffff   binit
200050fc   boolFlag
20005100   buttonBounce
00006fe5   connectToLights
00006e5d   convertFromNum
00006ded   convertToNum
0000b1a5   copy_in
20004d30   data
000070bd   disconnectLights
20004dc0   encLeftCount
20004dc4   encRightCount
200050f8   encoderFlag
0000b1f5   exit
20005144   gFirstCmdMode
0000ba5c   g_H2NCnysPattern
0000ba54   g_H2NSyncPattern
20004a38   g_StatMem
20005118   g_Status
20004d08   g__SlNonOsCB
2000513c   g_pCB
00000000   g_pfnVectors
20004dc8   g_ucUARTBuffer
00008559   getPhoneData
00008609   gpioHandle
000095bb   gpio_config_alternate_function
00009593   gpio_config_analog_enable
000094cb   gpio_config_digital_enable
0000951b   gpio_config_enable_input
000094f3   gpio_config_enable_output
0000956b   gpio_config_enable_pulldown
00009543   gpio_config_enable_pullup
00009607   gpio_config_open_drain
000095e3   gpio_config_port_control
0000940d   gpio_enable_port
20005048   header
20005126   hueEnable
0000981f   i2cGetByte
000097bd   i2cSendByte
0000970f   i2cSetSlaveAddr
0000973b   i2cStop
000096df   i2cVerifyBaseAddr
00008b39   i2c_config
00008b17   i2c_gpio_config
0000a639   initClk
00008c0d   initializeADC
00009655   initializeI2CMaster
00008bd9   initializeIRTimer
00008b47   initializeTimer0
000081bd   inputConvert
00007175   jsonPut
20004b9c   lightsData
0000afd1   ltoa
00008a7d   lumosGpioConfig
000068e9   main
20005160   main_func_sp
0000b3d3   memccpy
0000b393   memcmp
0000aa09   memcpy
0000ade5   memset
20004dcc   networking_sem
00006f81   numChange
00008bc1   oneShotSet
20005158   pIrqEventHandler
20005140   pPingCallBackFunc
000091db   phoneConnect
000080b5   phoneWorker
00006db9   pow
20005104   prefMode
00008e2d   pvPortMalloc
00008d01   pwmIRStart
00008d0f   pwmIRStop
00008d1d   pwmInit
200050c0   pxCurrentTCB
0000a925   pxPortInitialiseStack
00007091   recvFromLights
0000a64d   registerInterruptHandler
20004de4   relay
20005124   relayEnable
00008509   sendPhoneOk
0000ab39   sendWrapper
00009109   serverThread
00003805   sl_Accept
000031e7   sl_Bind
000031bd   sl_Close
000034ad   sl_Connect
00007f31   sl_DevGet
00007fcf   sl_DevSet
00007efd   sl_EventMaskGet
00007ec3   sl_EventMaskSet
00003b89   sl_GetSockOpt
00003987   sl_Htonl
000039c9   sl_Htons
000037c5   sl_Listen
000051e1   sl_NetAppDnsGetHostByName
00004fd1   sl_NetAppDnsGetHostByService
00005729   sl_NetAppGet
00004dd1   sl_NetAppGetServiceList
00004f55   sl_NetAppMDNSRegisterService
00004ea1   sl_NetAppMDNSRegisterUnregisterService
00004f91   sl_NetAppMDNSUnRegisterService
000054e9   sl_NetAppPingStart
000056c5   sl_NetAppSendTokenValue
0000565b   sl_NetAppSet
00004d89   sl_NetAppStart
00004dad   sl_NetAppStop
0000a58f   sl_NetCfgGet
0000a529   sl_NetCfgSet
00003aa1   sl_Recv
0000338b   sl_RecvFrom
00003c23   sl_Select
000036b5   sl_Send
0000326f   sl_SendTo
00003b1d   sl_SetSockOpt
00003167   sl_Socket
00007b61   sl_Start
00007d9b   sl_Stop
00007b59   sl_Task
000058cd   sl_WlanConnect
00005aff   sl_WlanDisconnect
000062cd   sl_WlanGet
00005f95   sl_WlanGetNetworkList
00005b75   sl_WlanPolicyGet
00005b0b   sl_WlanPolicySet
00005c19   sl_WlanProfileAdd
00005f67   sl_WlanProfileDel
00005e85   sl_WlanProfileGet
00006007   sl_WlanRxFilterAdd
000060c9   sl_WlanRxFilterGet
00006075   sl_WlanRxFilterSet
00006157   sl_WlanRxStatGet
0000613f   sl_WlanRxStatStart
0000614b   sl_WlanRxStatStop
00006259   sl_WlanSet
00006229   sl_WlanSetMode
0000619d   sl_WlanSmartConfigStart
0000618d   sl_WlanSmartConfigStop
0000987d   spi_Close
00009889   spi_Open
000099dd   spi_Read
00009983   spi_Write
0000aeb5   sprintf
00006cf3   startIR
0000a64b   stopWDT
00006395   strCpy
0000b3ef   strcat
0000b461   strlen
0000b2e9   strncpy
00002879   ulTaskEndTrace
20004de8   updateLight_sem
00006c39   updateLights
0000787d   uxQueueMessagesWaiting
00007893   uxQueueMessagesWaitingFromISR
000027a1   uxTaskGetNumberOfTasks
00002e7f   uxTaskGetStackHighWaterMark
000023a9   uxTaskPriorityGet
00006385   vApplicationIdleHook
00006389   vApplicationMallocFailedHook
0000638b   vApplicationStackOverflowHook
00006387   vApplicationTickHook
0000a1c1   vListInitialise
0000a1f1   vListInitialiseItem
0000a245   vListInsert
0000a201   vListInsertEnd
0000a2ab   vListRemove
0000abd7   vPortClearInterruptMask
0000a995   vPortEndScheduler
0000a9a1   vPortEnterCritical
0000a9b1   vPortExitCritical
00008f3d   vPortFree
00008f9f   vPortInitialiseBlocks
0000ac21   vPortSVCHandler
0000abc9   vPortSetInterruptMask
0000ac41   vPortStartFirstTask
0000a997   vPortYieldFromISR
00007a7d   vQueueAddToRegistry
000078a5   vQueueDelete
00002345   vTaskDelay
00002295   vTaskDelayUntil
0000222d   vTaskDelete
000026a3   vTaskEndScheduler
000028ad   vTaskIncrementTick
000027b1   vTaskList
00002c19   vTaskMissedYield
00002a71   vTaskPlaceOnEventList
00002f6d   vTaskPriorityDisinherit
00002ed1   vTaskPriorityInherit
000023e9   vTaskPrioritySet
00002575   vTaskResume
00002b81   vTaskSetTimeOutState
0000265d   vTaskStartScheduler
0000284b   vTaskStartTrace
000024cd   vTaskSuspend
000026b5   vTaskSuspendAll
00002959   vTaskSwitchContext
00008f93   xPortGetFreeHeapSize
00008f99   xPortGetMinimumEverFreeHeapSize
0000abe5   xPortPendSVHandler
0000a96d   xPortStartScheduler
0000a9c7   xPortSysTickHandler
00007409   xQueueCreate
000074af   xQueueCreateMutex
000076e1   xQueueGenericReceive
0000758f   xQueueGenericSend
00007677   xQueueGenericSendFromISR
00007517   xQueueGiveMutexRecursive
00007a25   xQueueIsQueueEmptyFromISR
00007a5f   xQueueIsQueueFullFromISR
00007815   xQueueReceiveFromISR
20004c84   xQueueRegistry
0000754f   xQueueTakeMutexRecursive
00002ba5   xTaskCheckForTimeOut
00002111   xTaskGenericCreate
00002ec1   xTaskGetCurrentTaskHandle
0000278d   xTaskGetTickCount
00002525   xTaskIsTaskSuspended
00002afd   xTaskRemoveFromEventList
000026bf   xTaskResumeAll
000025e5   xTaskResumeFromISR


GLOBAL SYMBOLS: SORTED BY Symbol Address 

address    name
--------   ----
00000000   __TI_static_base__
00000000   g_pfnVectors
00000001   __TI_args_main
000000f1   _SlDrvDriverCBInit
000001d5   _SlDrvDriverCBDeinit
00000258   __STACK_SIZE
00000279   _SlDrvRxIrqHandler
000002bb   _SlDrvCmdOp
0000036b   _SlDrvCmdSend
000003c1   _SlDrvDataReadOp
000005c5   _SlDrvDataWriteOp
00000795   _SlDrvMsgWrite
00000989   _SlDrvMsgRead
00000fbd   _SlAsyncEventGenericHandler
000014a1   _SlDrvMsgReadCmdCtx
0000159b   _SlDrvMsgReadSpawnCtx
00001685   _SlDrvClassifyRxMsg
00001783   _SlDrvShiftDWord
000017c9   _SlDrvRxHdrRead
000019cf   _SlDrvBasicCmd
00001a35   _SlDrvWaitForPoolObj
00001c3d   _SlDrvReleasePoolObj
00001e47   _SlDrvObjInit
00001ec3   _SlDrvObjDeInit
00001ee3   _SlRemoveFromList
00001fa1   _SlFindAndSetActiveObj
00002111   xTaskGenericCreate
0000222d   vTaskDelete
00002295   vTaskDelayUntil
00002345   vTaskDelay
000023a9   uxTaskPriorityGet
000023e9   vTaskPrioritySet
000024cd   vTaskSuspend
00002525   xTaskIsTaskSuspended
00002575   vTaskResume
000025e5   xTaskResumeFromISR
0000265d   vTaskStartScheduler
000026a3   vTaskEndScheduler
000026b5   vTaskSuspendAll
000026bf   xTaskResumeAll
0000278d   xTaskGetTickCount
000027a1   uxTaskGetNumberOfTasks
000027b1   vTaskList
0000284b   vTaskStartTrace
00002879   ulTaskEndTrace
000028ad   vTaskIncrementTick
00002959   vTaskSwitchContext
00002a71   vTaskPlaceOnEventList
00002afd   xTaskRemoveFromEventList
00002b81   vTaskSetTimeOutState
00002ba5   xTaskCheckForTimeOut
00002c19   vTaskMissedYield
00002e7f   uxTaskGetStackHighWaterMark
00002ec1   xTaskGetCurrentTaskHandle
00002ed1   vTaskPriorityInherit
00002f6d   vTaskPriorityDisinherit
00002ff5   _sl_BuildAddress
00003045   _sl_TruncatePayloadByProtocol
0000310d   _sl_ParseAddress
00003167   sl_Socket
000031bd   sl_Close
000031e7   sl_Bind
0000326f   sl_SendTo
0000338b   sl_RecvFrom
000034ad   sl_Connect
00003603   _sl_HandleAsync_Connect
000036b5   sl_Send
000037c5   sl_Listen
00003805   sl_Accept
00003987   sl_Htonl
000039c9   sl_Htons
00003a09   _sl_HandleAsync_Accept
00003aa1   sl_Recv
00003b1d   sl_SetSockOpt
00003b89   sl_GetSockOpt
00003c23   sl_Select
00003da9   SL_FD_SET
00003dcb   SL_FD_CLR
00003df1   SL_FD_ISSET
00003e19   SL_FD_ZERO
00003e31   _sl_HandleAsync_Select
00004a7f   __TI_printfi
00004d89   sl_NetAppStart
00004dad   sl_NetAppStop
00004dd1   sl_NetAppGetServiceList
00004ea1   sl_NetAppMDNSRegisterUnregisterService
00004f55   sl_NetAppMDNSRegisterService
00004f91   sl_NetAppMDNSUnRegisterService
00004fd1   sl_NetAppDnsGetHostByService
00005101   _sl_HandleAsync_DnsGetHostByService
000051d1   _sl_HandleAsync_DnsGetHostByAddr
000051e1   sl_NetAppDnsGetHostByName
00005325   _sl_HandleAsync_DnsGetHostByName
000053e9   CopyPingResultsToReport
00005425   _sl_HandleAsync_PingResponse
000054e9   sl_NetAppPingStart
0000565b   sl_NetAppSet
000056c5   sl_NetAppSendTokenValue
00005729   sl_NetAppGet
000057b9   _SlDrvNetAppEventHandler
000058cd   sl_WlanConnect
00005aff   sl_WlanDisconnect
00005b0b   sl_WlanPolicySet
00005b75   sl_WlanPolicyGet
00005c19   sl_WlanProfileAdd
00005e85   sl_WlanProfileGet
00005f67   sl_WlanProfileDel
00005f95   sl_WlanGetNetworkList
00006007   sl_WlanRxFilterAdd
00006075   sl_WlanRxFilterSet
000060c9   sl_WlanRxFilterGet
0000613f   sl_WlanRxStatStart
0000614b   sl_WlanRxStatStop
00006157   sl_WlanRxStatGet
0000618d   sl_WlanSmartConfigStop
0000619d   sl_WlanSmartConfigStart
00006229   sl_WlanSetMode
00006259   sl_WlanSet
000062cd   sl_WlanGet
00006385   vApplicationIdleHook
00006387   vApplicationTickHook
00006389   vApplicationMallocFailedHook
0000638b   vApplicationStackOverflowHook
00006395   strCpy
000063cd   SimpleLinkWlanEventHandler
00006439   SimpleLinkNetAppEventHandler
00006469   SimpleLinkHttpServerCallback
00006477   SimpleLinkGeneralEventHandler
00006483   SimpleLinkSockEventHandler
000068e9   main
00006c39   updateLights
00006cf3   startIR
00006db9   pow
00006ded   convertToNum
00006e5d   convertFromNum
00006f81   numChange
00006fe5   connectToLights
00007091   recvFromLights
000070bd   disconnectLights
00007175   jsonPut
00007409   xQueueCreate
000074af   xQueueCreateMutex
00007517   xQueueGiveMutexRecursive
0000754f   xQueueTakeMutexRecursive
0000758f   xQueueGenericSend
00007677   xQueueGenericSendFromISR
000076e1   xQueueGenericReceive
00007815   xQueueReceiveFromISR
0000787d   uxQueueMessagesWaiting
00007893   uxQueueMessagesWaitingFromISR
000078a5   vQueueDelete
00007a25   xQueueIsQueueEmptyFromISR
00007a5f   xQueueIsQueueFullFromISR
00007a7d   vQueueAddToRegistry
00007b01   _sl_GetStartResponseConvert
00007b59   sl_Task
00007b61   sl_Start
00007c65   _sl_HandleAsync_InitComplete
00007d17   _sl_HandleAsync_Stop
00007d9b   sl_Stop
00007ec3   sl_EventMaskSet
00007efd   sl_EventMaskGet
00007f31   sl_DevGet
00007fcf   sl_DevSet
00008035   _SlDrvDeviceEventHandler
000080b5   phoneWorker
000081bd   inputConvert
00008509   sendPhoneOk
00008559   getPhoneData
00008609   gpioHandle
0000872d   Timer0Handler
0000894d   Timer1Handle
00008a7d   lumosGpioConfig
00008b17   i2c_gpio_config
00008b39   i2c_config
00008b47   initializeTimer0
00008bc1   oneShotSet
00008bd9   initializeIRTimer
00008c0d   initializeADC
00008cc7   GetADCval
00008d01   pwmIRStart
00008d0f   pwmIRStop
00008d1d   pwmInit
00008e2d   pvPortMalloc
00008f3d   vPortFree
00008f93   xPortGetFreeHeapSize
00008f99   xPortGetMinimumEverFreeHeapSize
00008f9f   vPortInitialiseBlocks
00009109   serverThread
000091db   phoneConnect
0000923f   TcpServerStart
0000940d   gpio_enable_port
000094cb   gpio_config_digital_enable
000094f3   gpio_config_enable_output
0000951b   gpio_config_enable_input
00009543   gpio_config_enable_pullup
0000956b   gpio_config_enable_pulldown
00009593   gpio_config_analog_enable
000095bb   gpio_config_alternate_function
000095e3   gpio_config_port_control
00009607   gpio_config_open_drain
00009655   initializeI2CMaster
000096df   i2cVerifyBaseAddr
0000970f   i2cSetSlaveAddr
0000973b   i2cStop
00009755   I2CMasterBusy
00009775   I2CMasterAdrAck
00009799   I2CMasterDatAck
000097bd   i2cSendByte
0000981f   i2cGetByte
0000987d   spi_Close
00009889   spi_Open
00009983   spi_Write
000099dd   spi_Read
00009a81   __aeabi_uldivmod
00009c75   __aeabi_dsub
00009c7f   __aeabi_dadd
00009e2b   __aeabi_ddiv
00009f61   GPIOPadConfigSet
0000a091   _SlNonOsSemSet
0000a0a9   _SlNonOsSemGet
0000a105   _SlNonOsSpawn
0000a155   _SlNonOsMainLoopTask
0000a1c1   vListInitialise
0000a1f1   vListInitialiseItem
0000a201   vListInsertEnd
0000a245   vListInsert
0000a2ab   vListRemove
0000a2f1   CLI_Read
0000a33d   CLI_Write
0000a397   CLI_Configure
0000a411   SysCtlClockGet
0000a529   sl_NetCfgSet
0000a58f   sl_NetCfgGet
0000a639   initClk
0000a64b   stopWDT
0000a64d   registerInterruptHandler
0000a661   CC3100_disable
0000a675   CC3100_enable
0000a689   CC3100_InterruptEnable
0000a695   CC3100_InterruptDisable
0000a6a1   MaskIntHdlr
0000a6a9   UnMaskIntHdlr
0000a6b1   Delay
0000a6d7   GPIOB_intHandler
0000a703   UART1_intHandler
0000a739   __aeabi_dmul
0000a835   SysCtlClockSet
0000a925   pxPortInitialiseStack
0000a96d   xPortStartScheduler
0000a995   vPortEndScheduler
0000a997   vPortYieldFromISR
0000a9a1   vPortEnterCritical
0000a9b1   vPortExitCritical
0000a9c7   xPortSysTickHandler
0000aa09   __aeabi_memcpy
0000aa09   __aeabi_memcpy4
0000aa09   __aeabi_memcpy8
0000aa09   memcpy
0000aaa5   __TI_auto_init
0000ab39   sendWrapper
0000abc9   vPortSetInterruptMask
0000abd7   vPortClearInterruptMask
0000abe5   xPortPendSVHandler
0000ac21   vPortSVCHandler
0000ac41   vPortStartFirstTask
0000ac4f   __aeabi_cdcmpeq
0000ac4f   __aeabi_cdcmple
0000acd5   __aeabi_cdrcmple
0000ad5d   _SlDrvFlowContInit
0000ad9b   _SlDrvFlowContDeinit
0000addd   __aeabi_memclr
0000addd   __aeabi_memclr4
0000addd   __aeabi_memclr8
0000addf   __aeabi_memset
0000addf   __aeabi_memset4
0000addf   __aeabi_memset8
0000ade5   memset
0000ae55   IntEnable
0000aeb5   sprintf
0000af75   TimerConfigure
0000afd1   ltoa
0000b02b   GPIOIntTypeSet
0000b081   atoi
0000b0cd   GPIOPinConfigure
0000b115   _c_int00
0000b15d   __aeabi_d2iz
0000b1a5   copy_in
0000b1e9   C$$EXIT
0000b1ed   abort
0000b1f5   exit
0000b22d   _Dtest
0000b271   SSIConfigSetExpClk
0000b2b5   SysCtlPeripheralEnable
0000b2e9   strncpy
0000b319   __aeabi_i2d
0000b347   GPIODirModeSet
0000b371   PWMGenConfigure
0000b393   memcmp
0000b3b5   PWMPulseWidthSet
0000b3d3   memccpy
0000b3ef   strcat
0000b409   _args_main
0000b421   __aeabi_lmul
0000b439   TimerDisable
0000b44d   _register_unlock
0000b453   _register_lock
0000b45b   _nop
0000b461   strlen
0000b475   GPIOPinTypeGPIOInput
0000b487   GPIOPinTypePWM
0000b499   GPIOPinTypeSSI
0000b4ab   PWMOutputState
0000b4bd   SSIDataGetNonBlocking
0000b4cf   TimerLoadSet
0000b4e1   __TI_zero_init
0000b4f3   _Dclass
0000b505   FPUEnable
0000b515   FPULazyStackingEnable
0000b525   PWMGenPeriodSet
0000b535   GPIOIntDisable
0000b543   GPIOIntStatus
0000b551   SSIDataPutNonBlocking
0000b55f   TimerEnable
0000b56d   __TI_decompress_none
0000b57b   CPUcpsie
0000b587   GPIOIntEnable
0000b593   PWMGenEnable
0000b59f   ResetISR
0000b5ab   IntMasterEnable
0000b5b5   SSIEnable
0000b5bf   UARTIntStatus
0000b5c9   TimerIntEnable
0000b5d1   GPIOIntClear
0000b5d7   GPIOPinWrite
0000b5dd   SysCtlDelay
0000b5e3   __TI_decompress_rle24
0000b5e9   TimerIntClear
0000b5ed   UARTIntClear
0000b5f0   _ctypes_
0000b910   _SlPolicySetCmdCtrl
0000b914   _SlPolicyGetCmdCtrl
0000b918   _SlProfileGetCmdCtrl
0000b91c   _SlProfileDelCmdCtrl
0000b920   _SlWlanGetNetworkListCtrl
0000b924   _SlRxFilterAddtCmdCtrl
0000b928   _SlRxFilterSetCmdCtrl
0000b92c   _SlRxFilterGetCmdCtrl
0000b930   _SlSmartConfigStartCmdCtrl
0000b934   _SlWlanSetModeCmdCtrl
0000b938   _SlWlanCfgSetCmdCtrl
0000b93c   _SlWlanCfgGetCmdCtrl
0000b94c   _SlActionLookupTable
0000b984   _SlSockSocketCmdCtrl
0000b988   _SlSockCloseCmdCtrl
0000b98c   _SlRecvfomCmdCtrl
0000b990   _SlSendCmdCtrl
0000b994   _SlListenCmdCtrl
0000b998   _SlAcceptCmdCtrl
0000b99c   _SlRecvCmdCtrl
0000b9a0   _SlSetSockOptCmdCtrl
0000b9a4   _SlGetSockOptCmdCtrl
0000b9a8   _SlSelectCmdCtrl
0000b9e4   _SlNetAppStartCtrl
0000b9e8   _SlNetAppStopCtrl
0000b9ec   _SlGetServiceListeCtrl
0000b9f0   _SlRegisterServiceCtrl
0000b9f4   _SlGetHostByServiceCtrl
0000b9f8   _SlGetHostByNameCtrl
0000b9fc   _SlNetAppSetCmdCtrl
0000ba00   _SlNetAppSendTokenValueCmdCtrl
0000ba04   _SlNetAppGetCmdCtrl
0000ba40   _SlStopCmdCtrl
0000ba44   _SlEventMaskSetCmdCtrl
0000ba48   _SlEventMaskGetCmdCtrl
0000ba4c   _SlDeviceGetCmdCtrl
0000ba50   _SlDeviceSetCmdCtrl
0000ba54   g_H2NSyncPattern
0000ba5c   g_H2NCnysPattern
0000ba68   _SlNetCfgSetCmdCtrl
0000ba6c   _SlNetCfgGetCmdCtrl
0000bb20   __TI_Handler_Table_Base
0000bb2c   __TI_Handler_Table_Limit
0000bb38   __TI_CINIT_Base
0000bb48   __TI_CINIT_Limit
20004a38   g_StatMem
20004b9c   lightsData
20004c84   xQueueRegistry
20004d08   g__SlNonOsCB
20004d30   data
20004da8   IR
20004dbc   IRData
20004dc0   encLeftCount
20004dc4   encRightCount
20004dc8   g_ucUARTBuffer
20004dcc   networking_sem
20004de4   relay
20004de8   updateLight_sem
20004dec   IntIsMasked
20004df0   __stack
20004ef0   __STACK_TOP
20005048   __STACK_END
20005048   header
200050c0   pxCurrentTCB
200050f8   encoderFlag
200050fc   boolFlag
20005100   buttonBounce
20005104   prefMode
20005118   g_Status
2000511a   Lights_ID
2000511c   Server_ID
20005120   IRRunning
20005124   relayEnable
20005126   hueEnable
20005128   IREnable
2000513c   g_pCB
20005140   pPingCallBackFunc
20005144   gFirstCmdMode
20005148   _lock
2000514c   _unlock
20005150   __TI_cleanup_ptr
20005154   __TI_dtors_ptr
20005158   pIrqEventHandler
20005160   main_func_sp
ffffffff   __binit__
ffffffff   __c_args__
ffffffff   binit
UNDEFED    SHT$$INIT_ARRAY$$Base
UNDEFED    SHT$$INIT_ARRAY$$Limit

[429 symbols]
