<?xml version="1.0"?>
<link_info>
   <banner>TI ARM Linker PC v5.1.6</banner>
   <copyright>Copyright (c) 1996-2014 Texas Instruments Incorporated</copyright>
   <link_time>0x55402d45</link_time>
   <link_errors>0x0</link_errors>
   <output_file>lumosembedded.out</output_file>
   <entry_point>
      <name>_c_int00</name>
      <address>0xb115</address>
   </entry_point>
   <input_file_list>
      <input_file id="fl-2">
         <path>.\uart\</path>
         <kind>object</kind>
         <file>uart.obj</file>
         <name>uart.obj</name>
      </input_file>
      <input_file id="fl-3">
         <path>.\src\</path>
         <kind>object</kind>
         <file>externals.obj</file>
         <name>externals.obj</name>
      </input_file>
      <input_file id="fl-4">
         <path>.\src\</path>
         <kind>object</kind>
         <file>gpio.obj</file>
         <name>gpio.obj</name>
      </input_file>
      <input_file id="fl-5">
         <path>.\src\</path>
         <kind>object</kind>
         <file>i2c.obj</file>
         <name>i2c.obj</name>
      </input_file>
      <input_file id="fl-6">
         <path>.\src\</path>
         <kind>object</kind>
         <file>interruptHandlers.obj</file>
         <name>interruptHandlers.obj</name>
      </input_file>
      <input_file id="fl-7">
         <path>.\src\</path>
         <kind>object</kind>
         <file>lightsManager.obj</file>
         <name>lightsManager.obj</name>
      </input_file>
      <input_file id="fl-8">
         <path>.\src\</path>
         <kind>object</kind>
         <file>main.obj</file>
         <name>main.obj</name>
      </input_file>
      <input_file id="fl-9">
         <path>.\src\</path>
         <kind>object</kind>
         <file>phone.obj</file>
         <name>phone.obj</name>
      </input_file>
      <input_file id="fl-a">
         <path>.\src\</path>
         <kind>object</kind>
         <file>server.obj</file>
         <name>server.obj</name>
      </input_file>
      <input_file id="fl-b">
         <path>.\src\</path>
         <kind>object</kind>
         <file>startup_ccs.obj</file>
         <name>startup_ccs.obj</name>
      </input_file>
      <input_file id="fl-c">
         <path>.\src\</path>
         <kind>object</kind>
         <file>wrapper.obj</file>
         <name>wrapper.obj</name>
      </input_file>
      <input_file id="fl-d">
         <path>.\spi\</path>
         <kind>object</kind>
         <file>spi.obj</file>
         <name>spi.obj</name>
      </input_file>
      <input_file id="fl-e">
         <path>.\simplelink\source\</path>
         <kind>object</kind>
         <file>device.obj</file>
         <name>device.obj</name>
      </input_file>
      <input_file id="fl-f">
         <path>.\simplelink\source\</path>
         <kind>object</kind>
         <file>driver.obj</file>
         <name>driver.obj</name>
      </input_file>
      <input_file id="fl-10">
         <path>.\simplelink\source\</path>
         <kind>object</kind>
         <file>flowcont.obj</file>
         <name>flowcont.obj</name>
      </input_file>
      <input_file id="fl-11">
         <path>.\simplelink\source\</path>
         <kind>object</kind>
         <file>fs.obj</file>
         <name>fs.obj</name>
      </input_file>
      <input_file id="fl-12">
         <path>.\simplelink\source\</path>
         <kind>object</kind>
         <file>netapp.obj</file>
         <name>netapp.obj</name>
      </input_file>
      <input_file id="fl-13">
         <path>.\simplelink\source\</path>
         <kind>object</kind>
         <file>netcfg.obj</file>
         <name>netcfg.obj</name>
      </input_file>
      <input_file id="fl-14">
         <path>.\simplelink\source\</path>
         <kind>object</kind>
         <file>nonos.obj</file>
         <name>nonos.obj</name>
      </input_file>
      <input_file id="fl-15">
         <path>.\simplelink\source\</path>
         <kind>object</kind>
         <file>socket.obj</file>
         <name>socket.obj</name>
      </input_file>
      <input_file id="fl-16">
         <path>.\simplelink\source\</path>
         <kind>object</kind>
         <file>spawn.obj</file>
         <name>spawn.obj</name>
      </input_file>
      <input_file id="fl-17">
         <path>.\simplelink\source\</path>
         <kind>object</kind>
         <file>wlan.obj</file>
         <name>wlan.obj</name>
      </input_file>
      <input_file id="fl-18">
         <path>.\cli_uart\</path>
         <kind>object</kind>
         <file>cli_uart.obj</file>
         <name>cli_uart.obj</name>
      </input_file>
      <input_file id="fl-19">
         <path>.\board\</path>
         <kind>object</kind>
         <file>board.obj</file>
         <name>board.obj</name>
      </input_file>
      <input_file id="fl-1a">
         <path>.\FreeRTOS\Source\</path>
         <kind>object</kind>
         <file>croutine.obj</file>
         <name>croutine.obj</name>
      </input_file>
      <input_file id="fl-1b">
         <path>.\FreeRTOS\Source\</path>
         <kind>object</kind>
         <file>list.obj</file>
         <name>list.obj</name>
      </input_file>
      <input_file id="fl-1c">
         <path>.\FreeRTOS\Source\</path>
         <kind>object</kind>
         <file>queue.obj</file>
         <name>queue.obj</name>
      </input_file>
      <input_file id="fl-1d">
         <path>.\FreeRTOS\Source\</path>
         <kind>object</kind>
         <file>tasks.obj</file>
         <name>tasks.obj</name>
      </input_file>
      <input_file id="fl-1e">
         <path>.\FreeRTOS\Source\portable\MemMang\</path>
         <kind>object</kind>
         <file>heap_4.obj</file>
         <name>heap_4.obj</name>
      </input_file>
      <input_file id="fl-1f">
         <path>.\FreeRTOS\Source\portable\CCS4\ARM_CM3\</path>
         <kind>object</kind>
         <file>port.obj</file>
         <name>port.obj</name>
      </input_file>
      <input_file id="fl-20">
         <path>.\FreeRTOS\Source\portable\CCS4\ARM_CM3\</path>
         <kind>object</kind>
         <file>portasm.obj</file>
         <name>portasm.obj</name>
      </input_file>
      <input_file id="fl-14e">
         <path>c:\ti\ccsv6\tools\compiler\arm_5.1.6\lib\</path>
         <kind>archive</kind>
         <file>rtsv7M4_T_le_v4SPD16_eabi.lib</file>
         <name>boot.obj</name>
      </input_file>
      <input_file id="fl-14f">
         <path>c:\ti\ccsv6\tools\compiler\arm_5.1.6\lib\</path>
         <kind>archive</kind>
         <file>rtsv7M4_T_le_v4SPD16_eabi.lib</file>
         <name>copy_decompress_none.obj</name>
      </input_file>
      <input_file id="fl-150">
         <path>c:\ti\ccsv6\tools\compiler\arm_5.1.6\lib\</path>
         <kind>archive</kind>
         <file>rtsv7M4_T_le_v4SPD16_eabi.lib</file>
         <name>copy_decompress_rle.obj</name>
      </input_file>
      <input_file id="fl-151">
         <path>c:\ti\ccsv6\tools\compiler\arm_5.1.6\lib\</path>
         <kind>archive</kind>
         <file>rtsv7M4_T_le_v4SPD16_eabi.lib</file>
         <name>copy_zero_init.obj</name>
      </input_file>
      <input_file id="fl-152">
         <path>c:\ti\ccsv6\tools\compiler\arm_5.1.6\lib\</path>
         <kind>archive</kind>
         <file>rtsv7M4_T_le_v4SPD16_eabi.lib</file>
         <name>exit.obj</name>
      </input_file>
      <input_file id="fl-153">
         <path>c:\ti\ccsv6\tools\compiler\arm_5.1.6\lib\</path>
         <kind>archive</kind>
         <file>rtsv7M4_T_le_v4SPD16_eabi.lib</file>
         <name>memcmp.obj</name>
      </input_file>
      <input_file id="fl-154">
         <path>c:\ti\ccsv6\tools\compiler\arm_5.1.6\lib\</path>
         <kind>archive</kind>
         <file>rtsv7M4_T_le_v4SPD16_eabi.lib</file>
         <name>memcpy_t2.obj</name>
      </input_file>
      <input_file id="fl-155">
         <path>c:\ti\ccsv6\tools\compiler\arm_5.1.6\lib\</path>
         <kind>archive</kind>
         <file>rtsv7M4_T_le_v4SPD16_eabi.lib</file>
         <name>memset_t2.obj</name>
      </input_file>
      <input_file id="fl-156">
         <path>c:\ti\ccsv6\tools\compiler\arm_5.1.6\lib\</path>
         <kind>archive</kind>
         <file>rtsv7M4_T_le_v4SPD16_eabi.lib</file>
         <name>sprintf.obj</name>
      </input_file>
      <input_file id="fl-157">
         <path>c:\ti\ccsv6\tools\compiler\arm_5.1.6\lib\</path>
         <kind>archive</kind>
         <file>rtsv7M4_T_le_v4SPD16_eabi.lib</file>
         <name>stkdepth_vars.obj</name>
      </input_file>
      <input_file id="fl-158">
         <path>c:\ti\ccsv6\tools\compiler\arm_5.1.6\lib\</path>
         <kind>archive</kind>
         <file>rtsv7M4_T_le_v4SPD16_eabi.lib</file>
         <name>strcat.obj</name>
      </input_file>
      <input_file id="fl-159">
         <path>c:\ti\ccsv6\tools\compiler\arm_5.1.6\lib\</path>
         <kind>archive</kind>
         <file>rtsv7M4_T_le_v4SPD16_eabi.lib</file>
         <name>strlen.obj</name>
      </input_file>
      <input_file id="fl-15a">
         <path>c:\ti\ccsv6\tools\compiler\arm_5.1.6\lib\</path>
         <kind>archive</kind>
         <file>rtsv7M4_T_le_v4SPD16_eabi.lib</file>
         <name>strncpy.obj</name>
      </input_file>
      <input_file id="fl-15b">
         <path>c:\ti\ccsv6\tools\compiler\arm_5.1.6\lib\</path>
         <kind>archive</kind>
         <file>rtsv7M4_T_le_v4SPD16_eabi.lib</file>
         <name>_lock.obj</name>
      </input_file>
      <input_file id="fl-15c">
         <path>c:\ti\ccsv6\tools\compiler\arm_5.1.6\lib\</path>
         <kind>archive</kind>
         <file>rtsv7M4_T_le_v4SPD16_eabi.lib</file>
         <name>_printfi.obj</name>
      </input_file>
      <input_file id="fl-15d">
         <path>c:\ti\ccsv6\tools\compiler\arm_5.1.6\lib\</path>
         <kind>archive</kind>
         <file>rtsv7M4_T_le_v4SPD16_eabi.lib</file>
         <name>args_main.obj</name>
      </input_file>
      <input_file id="fl-15e">
         <path>c:\ti\ccsv6\tools\compiler\arm_5.1.6\lib\</path>
         <kind>archive</kind>
         <file>rtsv7M4_T_le_v4SPD16_eabi.lib</file>
         <name>atoi.obj</name>
      </input_file>
      <input_file id="fl-15f">
         <path>c:\ti\ccsv6\tools\compiler\arm_5.1.6\lib\</path>
         <kind>archive</kind>
         <file>rtsv7M4_T_le_v4SPD16_eabi.lib</file>
         <name>auto_init.obj</name>
      </input_file>
      <input_file id="fl-160">
         <path>c:\ti\ccsv6\tools\compiler\arm_5.1.6\lib\</path>
         <kind>archive</kind>
         <file>rtsv7M4_T_le_v4SPD16_eabi.lib</file>
         <name>cpy_tbl.obj</name>
      </input_file>
      <input_file id="fl-161">
         <path>c:\ti\ccsv6\tools\compiler\arm_5.1.6\lib\</path>
         <kind>archive</kind>
         <file>rtsv7M4_T_le_v4SPD16_eabi.lib</file>
         <name>ctype.obj</name>
      </input_file>
      <input_file id="fl-162">
         <path>c:\ti\ccsv6\tools\compiler\arm_5.1.6\lib\</path>
         <kind>archive</kind>
         <file>rtsv7M4_T_le_v4SPD16_eabi.lib</file>
         <name>fd_add_t2.obj</name>
      </input_file>
      <input_file id="fl-163">
         <path>c:\ti\ccsv6\tools\compiler\arm_5.1.6\lib\</path>
         <kind>archive</kind>
         <file>rtsv7M4_T_le_v4SPD16_eabi.lib</file>
         <name>fd_cmp_t2.obj</name>
      </input_file>
      <input_file id="fl-164">
         <path>c:\ti\ccsv6\tools\compiler\arm_5.1.6\lib\</path>
         <kind>archive</kind>
         <file>rtsv7M4_T_le_v4SPD16_eabi.lib</file>
         <name>fd_div_t2.obj</name>
      </input_file>
      <input_file id="fl-165">
         <path>c:\ti\ccsv6\tools\compiler\arm_5.1.6\lib\</path>
         <kind>archive</kind>
         <file>rtsv7M4_T_le_v4SPD16_eabi.lib</file>
         <name>fd_mul_t2.obj</name>
      </input_file>
      <input_file id="fl-166">
         <path>c:\ti\ccsv6\tools\compiler\arm_5.1.6\lib\</path>
         <kind>archive</kind>
         <file>rtsv7M4_T_le_v4SPD16_eabi.lib</file>
         <name>fd_toi_t2.obj</name>
      </input_file>
      <input_file id="fl-167">
         <path>c:\ti\ccsv6\tools\compiler\arm_5.1.6\lib\</path>
         <kind>archive</kind>
         <file>rtsv7M4_T_le_v4SPD16_eabi.lib</file>
         <name>i_tofd_t2.obj</name>
      </input_file>
      <input_file id="fl-168">
         <path>c:\ti\ccsv6\tools\compiler\arm_5.1.6\lib\</path>
         <kind>archive</kind>
         <file>rtsv7M4_T_le_v4SPD16_eabi.lib</file>
         <name>ll_mul_t2.obj</name>
      </input_file>
      <input_file id="fl-169">
         <path>c:\ti\ccsv6\tools\compiler\arm_5.1.6\lib\</path>
         <kind>archive</kind>
         <file>rtsv7M4_T_le_v4SPD16_eabi.lib</file>
         <name>ltoa.obj</name>
      </input_file>
      <input_file id="fl-16a">
         <path>c:\ti\ccsv6\tools\compiler\arm_5.1.6\lib\</path>
         <kind>archive</kind>
         <file>rtsv7M4_T_le_v4SPD16_eabi.lib</file>
         <name>memccpy.obj</name>
      </input_file>
      <input_file id="fl-16b">
         <path>c:\ti\ccsv6\tools\compiler\arm_5.1.6\lib\</path>
         <kind>archive</kind>
         <file>rtsv7M4_T_le_v4SPD16_eabi.lib</file>
         <name>ull_div_t2.obj</name>
      </input_file>
      <input_file id="fl-16c">
         <path>c:\ti\ccsv6\tools\compiler\arm_5.1.6\lib\</path>
         <kind>archive</kind>
         <file>rtsv7M4_T_le_v4SPD16_eabi.lib</file>
         <name>xdclass.obj</name>
      </input_file>
      <input_file id="fl-16d">
         <path>c:\ti\ccsv6\tools\compiler\arm_5.1.6\lib\</path>
         <kind>archive</kind>
         <file>rtsv7M4_T_le_v4SPD16_eabi.lib</file>
         <name>xdtest.obj</name>
      </input_file>
      <input_file id="fl-16e">
         <path>C:\ti\TivaWare_C_Series-2.1.0.12573\driverlib\ccs\Debug\</path>
         <kind>archive</kind>
         <file>driverlib.lib</file>
         <name>uart.obj</name>
      </input_file>
      <input_file id="fl-16f">
         <path>C:\ti\TivaWare_C_Series-2.1.0.12573\driverlib\ccs\Debug\</path>
         <kind>archive</kind>
         <file>driverlib.lib</file>
         <name>timer.obj</name>
      </input_file>
      <input_file id="fl-170">
         <path>C:\ti\TivaWare_C_Series-2.1.0.12573\driverlib\ccs\Debug\</path>
         <kind>archive</kind>
         <file>driverlib.lib</file>
         <name>sysctl.obj</name>
      </input_file>
      <input_file id="fl-171">
         <path>C:\ti\TivaWare_C_Series-2.1.0.12573\driverlib\ccs\Debug\</path>
         <kind>archive</kind>
         <file>driverlib.lib</file>
         <name>ssi.obj</name>
      </input_file>
      <input_file id="fl-172">
         <path>C:\ti\TivaWare_C_Series-2.1.0.12573\driverlib\ccs\Debug\</path>
         <kind>archive</kind>
         <file>driverlib.lib</file>
         <name>pwm.obj</name>
      </input_file>
      <input_file id="fl-173">
         <path>C:\ti\TivaWare_C_Series-2.1.0.12573\driverlib\ccs\Debug\</path>
         <kind>archive</kind>
         <file>driverlib.lib</file>
         <name>interrupt.obj</name>
      </input_file>
      <input_file id="fl-174">
         <path>C:\ti\TivaWare_C_Series-2.1.0.12573\driverlib\ccs\Debug\</path>
         <kind>archive</kind>
         <file>driverlib.lib</file>
         <name>gpio.obj</name>
      </input_file>
      <input_file id="fl-175">
         <path>C:\ti\TivaWare_C_Series-2.1.0.12573\driverlib\ccs\Debug\</path>
         <kind>archive</kind>
         <file>driverlib.lib</file>
         <name>fpu.obj</name>
      </input_file>
      <input_file id="fl-176">
         <path>C:\ti\TivaWare_C_Series-2.1.0.12573\driverlib\ccs\Debug\</path>
         <kind>archive</kind>
         <file>driverlib.lib</file>
         <name>cpu.obj</name>
      </input_file>
   </input_file_list>
   <object_component_list>
      <object_component id="oc-d">
         <name>.intvecs</name>
         <load_address>0x0</load_address>
         <run_address>0x0</run_address>
         <size>0xf0</size>
         <input_file_ref idref="fl-b"/>
      </object_component>
      <object_component id="oc-32a">
         <name>.text</name>
         <load_address>0xf0</load_address>
         <run_address>0xf0</run_address>
         <size>0x2020</size>
         <input_file_ref idref="fl-f"/>
      </object_component>
      <object_component id="oc-7e">
         <name>.text</name>
         <load_address>0x2110</load_address>
         <run_address>0x2110</run_address>
         <size>0xee4</size>
         <input_file_ref idref="fl-1d"/>
      </object_component>
      <object_component id="oc-389">
         <name>.text</name>
         <load_address>0x2ff4</load_address>
         <run_address>0x2ff4</run_address>
         <size>0xed4</size>
         <input_file_ref idref="fl-15"/>
      </object_component>
      <object_component id="oc-2d3">
         <name>.text</name>
         <load_address>0x3ec8</load_address>
         <run_address>0x3ec8</run_address>
         <size>0xec0</size>
         <input_file_ref idref="fl-15c"/>
      </object_component>
      <object_component id="oc-270">
         <name>.text</name>
         <load_address>0x4d88</load_address>
         <run_address>0x4d88</run_address>
         <size>0xb44</size>
         <input_file_ref idref="fl-12"/>
      </object_component>
      <object_component id="oc-264">
         <name>.text</name>
         <load_address>0x58cc</load_address>
         <run_address>0x58cc</run_address>
         <size>0xab8</size>
         <input_file_ref idref="fl-17"/>
      </object_component>
      <object_component id="oc-119">
         <name>.text</name>
         <load_address>0x6384</load_address>
         <run_address>0x6384</run_address>
         <size>0x8b4</size>
         <input_file_ref idref="fl-8"/>
      </object_component>
      <object_component id="oc-281">
         <name>.text</name>
         <load_address>0x6c38</load_address>
         <run_address>0x6c38</run_address>
         <size>0x7d0</size>
         <input_file_ref idref="fl-7"/>
      </object_component>
      <object_component id="oc-d9">
         <name>.text</name>
         <load_address>0x7408</load_address>
         <run_address>0x7408</run_address>
         <size>0x6f8</size>
         <input_file_ref idref="fl-1c"/>
      </object_component>
      <object_component id="oc-258">
         <name>.text</name>
         <load_address>0x7b00</load_address>
         <run_address>0x7b00</run_address>
         <size>0x5b4</size>
         <input_file_ref idref="fl-e"/>
      </object_component>
      <object_component id="oc-39b">
         <name>.text</name>
         <load_address>0x80b4</load_address>
         <run_address>0x80b4</run_address>
         <size>0x554</size>
         <input_file_ref idref="fl-9"/>
      </object_component>
      <object_component id="oc-3f">
         <name>.text</name>
         <load_address>0x8608</load_address>
         <run_address>0x8608</run_address>
         <size>0x474</size>
         <input_file_ref idref="fl-6"/>
      </object_component>
      <object_component id="oc-df">
         <name>.text</name>
         <load_address>0x8a7c</load_address>
         <run_address>0x8a7c</run_address>
         <size>0x3b0</size>
         <input_file_ref idref="fl-3"/>
      </object_component>
      <object_component id="oc-16b">
         <name>.text</name>
         <load_address>0x8e2c</load_address>
         <run_address>0x8e2c</run_address>
         <size>0x2dc</size>
         <input_file_ref idref="fl-1e"/>
      </object_component>
      <object_component id="oc-287">
         <name>.text</name>
         <load_address>0x9108</load_address>
         <run_address>0x9108</run_address>
         <size>0x2c8</size>
         <input_file_ref idref="fl-a"/>
      </object_component>
      <object_component id="oc-1cf">
         <name>.text</name>
         <load_address>0x93d0</load_address>
         <run_address>0x93d0</run_address>
         <size>0x284</size>
         <input_file_ref idref="fl-4"/>
      </object_component>
      <object_component id="oc-1d5">
         <name>.text</name>
         <load_address>0x9654</load_address>
         <run_address>0x9654</run_address>
         <size>0x228</size>
         <input_file_ref idref="fl-5"/>
      </object_component>
      <object_component id="oc-330">
         <name>.text</name>
         <load_address>0x987c</load_address>
         <run_address>0x987c</run_address>
         <size>0x204</size>
         <input_file_ref idref="fl-d"/>
      </object_component>
      <object_component id="oc-3bd">
         <name>.text</name>
         <load_address>0x9a80</load_address>
         <run_address>0x9a80</run_address>
         <size>0x1f4</size>
         <input_file_ref idref="fl-16b"/>
      </object_component>
      <object_component id="oc-3eb">
         <name>.text</name>
         <load_address>0x9c74</load_address>
         <run_address>0x9c74</run_address>
         <size>0x1b6</size>
         <input_file_ref idref="fl-162"/>
      </object_component>
      <object_component id="oc-3d1">
         <name>.text</name>
         <load_address>0x9e2a</load_address>
         <run_address>0x9e2a</run_address>
         <size>0x136</size>
         <input_file_ref idref="fl-164"/>
      </object_component>
      <object_component id="oc-30a">
         <name>.text:GPIOPadConfigSet</name>
         <load_address>0x9f60</load_address>
         <run_address>0x9f60</run_address>
         <size>0x130</size>
         <input_file_ref idref="fl-174"/>
      </object_component>
      <object_component id="oc-25e">
         <name>.text</name>
         <load_address>0xa090</load_address>
         <run_address>0xa090</run_address>
         <size>0x130</size>
         <input_file_ref idref="fl-14"/>
      </object_component>
      <object_component id="oc-13e">
         <name>.text</name>
         <load_address>0xa1c0</load_address>
         <run_address>0xa1c0</run_address>
         <size>0x12e</size>
         <input_file_ref idref="fl-1b"/>
      </object_component>
      <object_component id="oc-252">
         <name>.text</name>
         <load_address>0xa2f0</load_address>
         <run_address>0xa2f0</run_address>
         <size>0x120</size>
         <input_file_ref idref="fl-18"/>
      </object_component>
      <object_component id="oc-103">
         <name>.text:SysCtlClockGet</name>
         <load_address>0xa410</load_address>
         <run_address>0xa410</run_address>
         <size>0x118</size>
         <input_file_ref idref="fl-170"/>
      </object_component>
      <object_component id="oc-26a">
         <name>.text</name>
         <load_address>0xa528</load_address>
         <run_address>0xa528</run_address>
         <size>0x110</size>
         <input_file_ref idref="fl-13"/>
      </object_component>
      <object_component id="oc-39">
         <name>.text</name>
         <load_address>0xa638</load_address>
         <run_address>0xa638</run_address>
         <size>0x100</size>
         <input_file_ref idref="fl-19"/>
      </object_component>
      <object_component id="oc-3cc">
         <name>.text</name>
         <load_address>0xa738</load_address>
         <run_address>0xa738</run_address>
         <size>0xfc</size>
         <input_file_ref idref="fl-165"/>
      </object_component>
      <object_component id="oc-a3">
         <name>.text:SysCtlClockSet</name>
         <load_address>0xa834</load_address>
         <run_address>0xa834</run_address>
         <size>0xf0</size>
         <input_file_ref idref="fl-170"/>
      </object_component>
      <object_component id="oc-33">
         <name>.text</name>
         <load_address>0xa924</load_address>
         <run_address>0xa924</run_address>
         <size>0xe4</size>
         <input_file_ref idref="fl-1f"/>
      </object_component>
      <object_component id="oc-5d">
         <name>.text</name>
         <load_address>0xaa08</load_address>
         <run_address>0xaa08</run_address>
         <size>0x9c</size>
         <input_file_ref idref="fl-154"/>
      </object_component>
      <object_component id="oc-48">
         <name>.text</name>
         <load_address>0xaaa4</load_address>
         <run_address>0xaaa4</run_address>
         <size>0x94</size>
         <input_file_ref idref="fl-15f"/>
      </object_component>
      <object_component id="oc-390">
         <name>.text</name>
         <load_address>0xab38</load_address>
         <run_address>0xab38</run_address>
         <size>0x8c</size>
         <input_file_ref idref="fl-c"/>
      </object_component>
      <object_component id="oc-2e">
         <name>.text</name>
         <load_address>0xabc4</load_address>
         <run_address>0xabc4</run_address>
         <size>0x8a</size>
         <input_file_ref idref="fl-20"/>
      </object_component>
      <object_component id="oc-3c7">
         <name>.text:__aeabi_cdcmple</name>
         <load_address>0xac4e</load_address>
         <run_address>0xac4e</run_address>
         <size>0x86</size>
         <input_file_ref idref="fl-163"/>
      </object_component>
      <object_component id="oc-3d6">
         <name>.text:__aeabi_cdrcmple</name>
         <load_address>0xacd4</load_address>
         <run_address>0xacd4</run_address>
         <size>0x86</size>
         <input_file_ref idref="fl-163"/>
      </object_component>
      <object_component id="oc-428">
         <name>.text</name>
         <load_address>0xad5c</load_address>
         <run_address>0xad5c</run_address>
         <size>0x80</size>
         <input_file_ref idref="fl-10"/>
      </object_component>
      <object_component id="oc-171">
         <name>.text</name>
         <load_address>0xaddc</load_address>
         <run_address>0xaddc</run_address>
         <size>0x78</size>
         <input_file_ref idref="fl-155"/>
      </object_component>
      <object_component id="oc-45c">
         <name>.text:IntEnable</name>
         <load_address>0xae54</load_address>
         <run_address>0xae54</run_address>
         <size>0x60</size>
         <input_file_ref idref="fl-173"/>
      </object_component>
      <object_component id="oc-177">
         <name>.text</name>
         <load_address>0xaeb4</load_address>
         <run_address>0xaeb4</run_address>
         <size>0x60</size>
         <input_file_ref idref="fl-156"/>
      </object_component>
      <object_component id="oc-70">
         <name>.text</name>
         <load_address>0xaf14</load_address>
         <run_address>0xaf14</run_address>
         <size>0x5e</size>
         <input_file_ref idref="fl-150"/>
      </object_component>
      <object_component id="oc-1f3">
         <name>.text:TimerConfigure</name>
         <load_address>0xaf74</load_address>
         <run_address>0xaf74</run_address>
         <size>0x5c</size>
         <input_file_ref idref="fl-16f"/>
      </object_component>
      <object_component id="oc-3e0">
         <name>.text</name>
         <load_address>0xafd0</load_address>
         <run_address>0xafd0</run_address>
         <size>0x5a</size>
         <input_file_ref idref="fl-169"/>
      </object_component>
      <object_component id="oc-456">
         <name>.text:GPIOIntTypeSet</name>
         <load_address>0xb02a</load_address>
         <run_address>0xb02a</run_address>
         <size>0x56</size>
         <input_file_ref idref="fl-174"/>
      </object_component>
      <object_component id="oc-3fc">
         <name>.text</name>
         <load_address>0xb080</load_address>
         <run_address>0xb080</run_address>
         <size>0x4c</size>
         <input_file_ref idref="fl-15e"/>
      </object_component>
      <object_component id="oc-1ff">
         <name>.text:GPIOPinConfigure</name>
         <load_address>0xb0cc</load_address>
         <run_address>0xb0cc</run_address>
         <size>0x48</size>
         <input_file_ref idref="fl-174"/>
      </object_component>
      <object_component id="oc-10">
         <name>.text</name>
         <load_address>0xb114</load_address>
         <run_address>0xb114</run_address>
         <size>0x48</size>
         <input_file_ref idref="fl-14e"/>
      </object_component>
      <object_component id="oc-3db">
         <name>.text</name>
         <load_address>0xb15c</load_address>
         <run_address>0xb15c</run_address>
         <size>0x48</size>
         <input_file_ref idref="fl-166"/>
      </object_component>
      <object_component id="oc-112">
         <name>.text</name>
         <load_address>0xb1a4</load_address>
         <run_address>0xb1a4</run_address>
         <size>0x44</size>
         <input_file_ref idref="fl-160"/>
      </object_component>
      <object_component id="oc-53">
         <name>.text</name>
         <load_address>0xb1e8</load_address>
         <run_address>0xb1e8</run_address>
         <size>0x44</size>
         <input_file_ref idref="fl-152"/>
      </object_component>
      <object_component id="oc-4c2">
         <name>.text</name>
         <load_address>0xb22c</load_address>
         <run_address>0xb22c</run_address>
         <size>0x44</size>
         <input_file_ref idref="fl-16d"/>
      </object_component>
      <object_component id="oc-444">
         <name>.text:SSIConfigSetExpClk</name>
         <load_address>0xb270</load_address>
         <run_address>0xb270</run_address>
         <size>0x42</size>
         <input_file_ref idref="fl-171"/>
      </object_component>
      <object_component id="oc-1e7">
         <name>.text:SysCtlPeripheralEnable</name>
         <load_address>0xb2b4</load_address>
         <run_address>0xb2b4</run_address>
         <size>0x34</size>
         <input_file_ref idref="fl-170"/>
      </object_component>
      <object_component id="oc-163">
         <name>.text</name>
         <load_address>0xb2e8</load_address>
         <run_address>0xb2e8</run_address>
         <size>0x30</size>
         <input_file_ref idref="fl-15a"/>
      </object_component>
      <object_component id="oc-3e6">
         <name>.text</name>
         <load_address>0xb318</load_address>
         <run_address>0xb318</run_address>
         <size>0x2e</size>
         <input_file_ref idref="fl-167"/>
      </object_component>
      <object_component id="oc-304">
         <name>.text:GPIODirModeSet</name>
         <load_address>0xb346</load_address>
         <run_address>0xb346</run_address>
         <size>0x2a</size>
         <input_file_ref idref="fl-174"/>
      </object_component>
      <object_component id="oc-20b">
         <name>.text:PWMGenConfigure</name>
         <load_address>0xb370</load_address>
         <run_address>0xb370</run_address>
         <size>0x22</size>
         <input_file_ref idref="fl-172"/>
      </object_component>
      <object_component id="oc-155">
         <name>.text</name>
         <load_address>0xb392</load_address>
         <run_address>0xb392</run_address>
         <size>0x22</size>
         <input_file_ref idref="fl-153"/>
      </object_component>
      <object_component id="oc-217">
         <name>.text:PWMPulseWidthSet</name>
         <load_address>0xb3b4</load_address>
         <run_address>0xb3b4</run_address>
         <size>0x1e</size>
         <input_file_ref idref="fl-172"/>
      </object_component>
      <object_component id="oc-3f6">
         <name>.text</name>
         <load_address>0xb3d2</load_address>
         <run_address>0xb3d2</run_address>
         <size>0x1c</size>
         <input_file_ref idref="fl-16a"/>
      </object_component>
      <object_component id="oc-14e">
         <name>.text</name>
         <load_address>0xb3ee</load_address>
         <run_address>0xb3ee</run_address>
         <size>0x1a</size>
         <input_file_ref idref="fl-158"/>
      </object_component>
      <object_component id="oc-4d">
         <name>.text</name>
         <load_address>0xb408</load_address>
         <run_address>0xb408</run_address>
         <size>0x18</size>
         <input_file_ref idref="fl-15d"/>
      </object_component>
      <object_component id="oc-3c2">
         <name>.text</name>
         <load_address>0xb420</load_address>
         <run_address>0xb420</run_address>
         <size>0x18</size>
         <input_file_ref idref="fl-168"/>
      </object_component>
      <object_component id="oc-f7">
         <name>.text:TimerDisable</name>
         <load_address>0xb438</load_address>
         <run_address>0xb438</run_address>
         <size>0x14</size>
         <input_file_ref idref="fl-16f"/>
      </object_component>
      <object_component id="oc-2a0">
         <name>.text</name>
         <load_address>0xb44c</load_address>
         <run_address>0xb44c</run_address>
         <size>0x14</size>
         <input_file_ref idref="fl-15b"/>
      </object_component>
      <object_component id="oc-320">
         <name>.text</name>
         <load_address>0xb460</load_address>
         <run_address>0xb460</run_address>
         <size>0x14</size>
         <input_file_ref idref="fl-159"/>
      </object_component>
      <object_component id="oc-450">
         <name>.text:GPIOPinTypeGPIOInput</name>
         <load_address>0xb474</load_address>
         <run_address>0xb474</run_address>
         <size>0x12</size>
         <input_file_ref idref="fl-174"/>
      </object_component>
      <object_component id="oc-205">
         <name>.text:GPIOPinTypePWM</name>
         <load_address>0xb486</load_address>
         <run_address>0xb486</run_address>
         <size>0x12</size>
         <input_file_ref idref="fl-174"/>
      </object_component>
      <object_component id="oc-43e">
         <name>.text:GPIOPinTypeSSI</name>
         <load_address>0xb498</load_address>
         <run_address>0xb498</run_address>
         <size>0x12</size>
         <input_file_ref idref="fl-174"/>
      </object_component>
      <object_component id="oc-1f9">
         <name>.text:PWMOutputState</name>
         <load_address>0xb4aa</load_address>
         <run_address>0xb4aa</run_address>
         <size>0x12</size>
         <input_file_ref idref="fl-172"/>
      </object_component>
      <object_component id="oc-474">
         <name>.text:SSIDataGetNonBlocking</name>
         <load_address>0xb4bc</load_address>
         <run_address>0xb4bc</run_address>
         <size>0x12</size>
         <input_file_ref idref="fl-171"/>
      </object_component>
      <object_component id="oc-1db">
         <name>.text:TimerLoadSet</name>
         <load_address>0xb4ce</load_address>
         <run_address>0xb4ce</run_address>
         <size>0x12</size>
         <input_file_ref idref="fl-16f"/>
      </object_component>
      <object_component id="oc-1b">
         <name>.text:decompress:ZI</name>
         <load_address>0xb4e0</load_address>
         <run_address>0xb4e0</run_address>
         <size>0x12</size>
         <input_file_ref idref="fl-151"/>
      </object_component>
      <object_component id="oc-3f0">
         <name>.text</name>
         <load_address>0xb4f2</load_address>
         <run_address>0xb4f2</run_address>
         <size>0x12</size>
         <input_file_ref idref="fl-16c"/>
      </object_component>
      <object_component id="oc-97">
         <name>.text:FPUEnable</name>
         <load_address>0xb504</load_address>
         <run_address>0xb504</run_address>
         <size>0x10</size>
         <input_file_ref idref="fl-175"/>
      </object_component>
      <object_component id="oc-9d">
         <name>.text:FPULazyStackingEnable</name>
         <load_address>0xb514</load_address>
         <run_address>0xb514</run_address>
         <size>0x10</size>
         <input_file_ref idref="fl-175"/>
      </object_component>
      <object_component id="oc-211">
         <name>.text:PWMGenPeriodSet</name>
         <load_address>0xb524</load_address>
         <run_address>0xb524</run_address>
         <size>0x10</size>
         <input_file_ref idref="fl-172"/>
      </object_component>
      <object_component id="oc-af">
         <name>.text:GPIOIntDisable</name>
         <load_address>0xb534</load_address>
         <run_address>0xb534</run_address>
         <size>0xe</size>
         <input_file_ref idref="fl-174"/>
      </object_component>
      <object_component id="oc-b5">
         <name>.text:GPIOIntStatus</name>
         <load_address>0xb542</load_address>
         <run_address>0xb542</run_address>
         <size>0xe</size>
         <input_file_ref idref="fl-174"/>
      </object_component>
      <object_component id="oc-46e">
         <name>.text:SSIDataPutNonBlocking</name>
         <load_address>0xb550</load_address>
         <run_address>0xb550</run_address>
         <size>0xe</size>
         <input_file_ref idref="fl-171"/>
      </object_component>
      <object_component id="oc-1e1">
         <name>.text:TimerEnable</name>
         <load_address>0xb55e</load_address>
         <run_address>0xb55e</run_address>
         <size>0xe</size>
         <input_file_ref idref="fl-16f"/>
      </object_component>
      <object_component id="oc-15">
         <name>.text:decompress:none</name>
         <load_address>0xb56c</load_address>
         <run_address>0xb56c</run_address>
         <size>0xe</size>
         <input_file_ref idref="fl-14f"/>
      </object_component>
      <object_component id="oc-4f4">
         <name>.text:CPUcpsie</name>
         <load_address>0xb57a</load_address>
         <run_address>0xb57a</run_address>
         <size>0xc</size>
         <input_file_ref idref="fl-176"/>
      </object_component>
      <object_component id="oc-a9">
         <name>.text:GPIOIntEnable</name>
         <load_address>0xb586</load_address>
         <run_address>0xb586</run_address>
         <size>0xc</size>
         <input_file_ref idref="fl-174"/>
      </object_component>
      <object_component id="oc-21d">
         <name>.text:PWMGenEnable</name>
         <load_address>0xb592</load_address>
         <run_address>0xb592</run_address>
         <size>0xc</size>
         <input_file_ref idref="fl-172"/>
      </object_component>
      <object_component id="oc-28">
         <name>.text</name>
         <load_address>0xb59e</load_address>
         <run_address>0xb59e</run_address>
         <size>0xc</size>
         <input_file_ref idref="fl-b"/>
      </object_component>
      <object_component id="oc-462">
         <name>.text:IntMasterEnable</name>
         <load_address>0xb5aa</load_address>
         <run_address>0xb5aa</run_address>
         <size>0xa</size>
         <input_file_ref idref="fl-173"/>
      </object_component>
      <object_component id="oc-44a">
         <name>.text:SSIEnable</name>
         <load_address>0xb5b4</load_address>
         <run_address>0xb5b4</run_address>
         <size>0xa</size>
         <input_file_ref idref="fl-171"/>
      </object_component>
      <object_component id="oc-c1">
         <name>.text:UARTIntStatus</name>
         <load_address>0xb5be</load_address>
         <run_address>0xb5be</run_address>
         <size>0xa</size>
         <input_file_ref idref="fl-16e"/>
      </object_component>
      <object_component id="oc-1ed">
         <name>.text:TimerIntEnable</name>
         <load_address>0xb5c8</load_address>
         <run_address>0xb5c8</run_address>
         <size>0x8</size>
         <input_file_ref idref="fl-16f"/>
      </object_component>
      <object_component id="oc-bb">
         <name>.text:GPIOIntClear</name>
         <load_address>0xb5d0</load_address>
         <run_address>0xb5d0</run_address>
         <size>0x6</size>
         <input_file_ref idref="fl-174"/>
      </object_component>
      <object_component id="oc-468">
         <name>.text:GPIOPinWrite</name>
         <load_address>0xb5d6</load_address>
         <run_address>0xb5d6</run_address>
         <size>0x6</size>
         <input_file_ref idref="fl-174"/>
      </object_component>
      <object_component id="oc-19d">
         <name>.text:SysCtlDelay</name>
         <load_address>0xb5dc</load_address>
         <run_address>0xb5dc</run_address>
         <size>0x6</size>
         <input_file_ref idref="fl-170"/>
      </object_component>
      <object_component id="oc-21">
         <name>.text:decompress:rle24</name>
         <load_address>0xb5e2</load_address>
         <run_address>0xb5e2</run_address>
         <size>0x6</size>
         <input_file_ref idref="fl-150"/>
      </object_component>
      <object_component id="oc-fd">
         <name>.text:TimerIntClear</name>
         <load_address>0xb5e8</load_address>
         <run_address>0xb5e8</run_address>
         <size>0x4</size>
         <input_file_ref idref="fl-16f"/>
      </object_component>
      <object_component id="oc-c7">
         <name>.text:UARTIntClear</name>
         <load_address>0xb5ec</load_address>
         <run_address>0xb5ec</run_address>
         <size>0x4</size>
         <input_file_ref idref="fl-16e"/>
      </object_component>
      <object_component id="oc-4cb">
         <name>.const:.string:_ctypes_</name>
         <load_address>0xb5f0</load_address>
         <run_address>0xb5f0</run_address>
         <size>0x102</size>
         <input_file_ref idref="fl-161"/>
      </object_component>
      <object_component id="oc-35c">
         <name>.const:$P$T0$1</name>
         <load_address>0xb6f4</load_address>
         <run_address>0xb6f4</run_address>
         <size>0xb0</size>
         <input_file_ref idref="fl-17"/>
      </object_component>
      <object_component id="oc-300">
         <name>.const:g_pui32GPIOBaseAddrs</name>
         <load_address>0xb7a4</load_address>
         <run_address>0xb7a4</run_address>
         <size>0x90</size>
         <input_file_ref idref="fl-174"/>
      </object_component>
      <object_component id="oc-4ef">
         <name>.const</name>
         <load_address>0xb834</load_address>
         <run_address>0xb834</run_address>
         <size>0x70</size>
         <input_file_ref idref="fl-173"/>
      </object_component>
      <object_component id="oc-243">
         <name>.const:g_pui32Xtals</name>
         <load_address>0xb8a4</load_address>
         <run_address>0xb8a4</run_address>
         <size>0x6c</size>
         <input_file_ref idref="fl-170"/>
      </object_component>
      <object_component id="oc-35f">
         <name>.const</name>
         <load_address>0xb910</load_address>
         <run_address>0xb910</run_address>
         <size>0x3c</size>
         <input_file_ref idref="fl-17"/>
      </object_component>
      <object_component id="oc-434">
         <name>.const:_SlActionLookupTable</name>
         <load_address>0xb94c</load_address>
         <run_address>0xb94c</run_address>
         <size>0x38</size>
         <input_file_ref idref="fl-f"/>
      </object_component>
      <object_component id="oc-49e">
         <name>.const</name>
         <load_address>0xb984</load_address>
         <run_address>0xb984</run_address>
         <size>0x34</size>
         <input_file_ref idref="fl-15"/>
      </object_component>
      <object_component id="oc-276">
         <name>.const:$P$T0$1</name>
         <load_address>0xb9b8</load_address>
         <run_address>0xb9b8</run_address>
         <size>0x2c</size>
         <input_file_ref idref="fl-8"/>
      </object_component>
      <object_component id="oc-373">
         <name>.const</name>
         <load_address>0xb9e4</load_address>
         <run_address>0xb9e4</run_address>
         <size>0x28</size>
         <input_file_ref idref="fl-12"/>
      </object_component>
      <object_component id="oc-279">
         <name>.const</name>
         <load_address>0xba0c</load_address>
         <run_address>0xba0c</run_address>
         <size>0x20</size>
         <input_file_ref idref="fl-8"/>
      </object_component>
      <object_component id="oc-162">
         <name>.const:.string</name>
         <load_address>0xba2c</load_address>
         <run_address>0xba2c</run_address>
         <size>0x14</size>
         <input_file_ref idref="fl-1d"/>
      </object_component>
      <object_component id="oc-339">
         <name>.const</name>
         <load_address>0xba40</load_address>
         <run_address>0xba40</run_address>
         <size>0x14</size>
         <input_file_ref idref="fl-e"/>
      </object_component>
      <object_component id="oc-431">
         <name>.const</name>
         <load_address>0xba54</load_address>
         <run_address>0xba54</run_address>
         <size>0x14</size>
         <input_file_ref idref="fl-f"/>
      </object_component>
      <object_component id="oc-369">
         <name>.const</name>
         <load_address>0xba68</load_address>
         <run_address>0xba68</run_address>
         <size>0x8</size>
         <input_file_ref idref="fl-13"/>
      </object_component>
      <object_component id="oc-2c7">
         <name>.const</name>
         <load_address>0xba70</load_address>
         <run_address>0xba70</run_address>
         <size>0x4</size>
         <input_file_ref idref="fl-1e"/>
      </object_component>
      <object_component id="oc-53b">
         <name>.cinit..data.load</name>
         <load_address>0xba78</load_address>
         <run_address>0xba78</run_address>
         <size>0xa8</size>
      </object_component>
      <object_component id="oc-539">
         <name>__TI_handler_table</name>
         <load_address>0xbb20</load_address>
         <run_address>0xbb20</run_address>
         <size>0xc</size>
      </object_component>
      <object_component id="oc-53c">
         <name>.cinit..bss.load</name>
         <load_address>0xbb30</load_address>
         <run_address>0xbb30</run_address>
         <size>0x8</size>
      </object_component>
      <object_component id="oc-53a">
         <name>__TI_cinit_table</name>
         <load_address>0xbb38</load_address>
         <run_address>0xbb38</run_address>
         <size>0x10</size>
      </object_component>
      <object_component id="oc-59">
         <name>.data</name>
         <load_address>0x20005160</load_address>
         <run_address>0x20005160</run_address>
         <size>0x4</size>
         <input_file_ref idref="fl-157"/>
      </object_component>
      <object_component id="oc-84">
         <name>.data</name>
         <load_address>0x200050c0</load_address>
         <run_address>0x200050c0</run_address>
         <size>0x38</size>
         <input_file_ref idref="fl-1d"/>
      </object_component>
      <object_component id="oc-88">
         <name>.data</name>
         <load_address>0x2000515c</load_address>
         <run_address>0x2000515c</run_address>
         <size>0x4</size>
         <input_file_ref idref="fl-1f"/>
      </object_component>
      <object_component id="oc-cd">
         <name>.data</name>
         <load_address>0x20005158</load_address>
         <run_address>0x20005158</run_address>
         <size>0x4</size>
         <input_file_ref idref="fl-19"/>
      </object_component>
      <object_component id="oc-e5">
         <name>.data</name>
         <load_address>0x200050f8</load_address>
         <run_address>0x200050f8</run_address>
         <size>0x20</size>
         <input_file_ref idref="fl-6"/>
      </object_component>
      <object_component id="oc-109">
         <name>.data</name>
         <load_address>0x20005118</load_address>
         <run_address>0x20005118</run_address>
         <size>0x12</size>
         <input_file_ref idref="fl-7"/>
      </object_component>
      <object_component id="oc-121">
         <name>.data</name>
         <load_address>0x20005148</load_address>
         <run_address>0x20005148</run_address>
         <size>0x8</size>
         <input_file_ref idref="fl-15b"/>
      </object_component>
      <object_component id="oc-124">
         <name>.data</name>
         <load_address>0x20005150</load_address>
         <run_address>0x20005150</run_address>
         <size>0x8</size>
         <input_file_ref idref="fl-152"/>
      </object_component>
      <object_component id="oc-2c4">
         <name>.data</name>
         <load_address>0x2000512c</load_address>
         <run_address>0x2000512c</run_address>
         <size>0x10</size>
         <input_file_ref idref="fl-1e"/>
      </object_component>
      <object_component id="oc-336">
         <name>.data</name>
         <load_address>0x2000513c</load_address>
         <run_address>0x2000513c</run_address>
         <size>0x9</size>
         <input_file_ref idref="fl-f"/>
      </object_component>
      <object_component id="oc-396">
         <name>.data:header</name>
         <load_address>0x20005048</load_address>
         <run_address>0x20005048</run_address>
         <size>0x78</size>
         <input_file_ref idref="fl-7"/>
      </object_component>
      <object_component id="oc-f0">
         <name>.bss:lightsData</name>
         <uninitialized>true</uninitialized>
         <run_address>0x20004b9c</run_address>
         <size>0x84</size>
         <input_file_ref idref="fl-7"/>
      </object_component>
      <object_component id="oc-144">
         <name>.bss:pxReadyTasksLists</name>
         <uninitialized>true</uninitialized>
         <run_address>0x20004c20</run_address>
         <size>0x64</size>
         <input_file_ref idref="fl-1d"/>
      </object_component>
      <object_component id="oc-182">
         <name>.bss:pcStatusString</name>
         <uninitialized>true</uninitialized>
         <run_address>0x20004cd4</run_address>
         <size>0x34</size>
         <input_file_ref idref="fl-1d"/>
      </object_component>
      <object_component id="oc-1c0">
         <name>.bss:xQueueRegistry</name>
         <uninitialized>true</uninitialized>
         <run_address>0x20004c84</run_address>
         <size>0x50</size>
         <input_file_ref idref="fl-1c"/>
      </object_component>
      <object_component id="oc-2cd">
         <name>.bss:ucHeap</name>
         <uninitialized>true</uninitialized>
         <run_address>0x20000000</run_address>
         <size>0x4a38</size>
         <input_file_ref idref="fl-1e"/>
      </object_component>
      <object_component id="oc-352">
         <name>.bss:g__SlNonOsCB</name>
         <uninitialized>true</uninitialized>
         <run_address>0x20004d08</run_address>
         <size>0x28</size>
         <input_file_ref idref="fl-14"/>
      </object_component>
      <object_component id="oc-42e">
         <name>.bss:g_StatMem</name>
         <uninitialized>true</uninitialized>
         <run_address>0x20004a38</run_address>
         <size>0x164</size>
         <input_file_ref idref="fl-f"/>
      </object_component>
      <object_component id="oc-388">
         <name>.common:IRData</name>
         <uninitialized>true</uninitialized>
         <run_address>0x20004dbc</run_address>
         <size>0x4</size>
      </object_component>
      <object_component id="oc-e8">
         <name>.common:encLeftCount</name>
         <uninitialized>true</uninitialized>
         <run_address>0x20004dc0</run_address>
         <size>0x4</size>
      </object_component>
      <object_component id="oc-eb">
         <name>.common:encRightCount</name>
         <uninitialized>true</uninitialized>
         <run_address>0x20004dc4</run_address>
         <size>0x4</size>
      </object_component>
      <object_component id="oc-4af">
         <name>.common:relay</name>
         <uninitialized>true</uninitialized>
         <run_address>0x20004de4</run_address>
         <size>0x4</size>
      </object_component>
      <object_component id="oc-4b1">
         <name>.common:IR</name>
         <uninitialized>true</uninitialized>
         <run_address>0x20004da8</run_address>
         <size>0xc</size>
      </object_component>
      <object_component id="oc-38f">
         <name>.common:data</name>
         <uninitialized>true</uninitialized>
         <run_address>0x20004d30</run_address>
         <size>0x14</size>
      </object_component>
      <object_component id="oc-4b2">
         <name>.common:networking_sem</name>
         <uninitialized>true</uninitialized>
         <run_address>0x20004dcc</run_address>
         <size>0x4</size>
      </object_component>
      <object_component id="oc-4ad">
         <name>.common:updateLight_sem</name>
         <uninitialized>true</uninitialized>
         <run_address>0x20004de8</run_address>
         <size>0x4</size>
      </object_component>
      <object_component id="oc-326">
         <name>.common:g_ucUARTBuffer</name>
         <uninitialized>true</uninitialized>
         <run_address>0x20004dc8</run_address>
         <size>0x4</size>
      </object_component>
      <object_component id="oc-d0">
         <name>.common:IntIsMasked</name>
         <uninitialized>true</uninitialized>
         <run_address>0x20004dec</run_address>
         <size>0x1</size>
      </object_component>
      <object_component id="oc-17d">
         <name>.common:xDelayedTaskList1</name>
         <uninitialized>true</uninitialized>
         <run_address>0x20004d44</run_address>
         <size>0x14</size>
      </object_component>
      <object_component id="oc-17e">
         <name>.common:xDelayedTaskList2</name>
         <uninitialized>true</uninitialized>
         <run_address>0x20004d58</run_address>
         <size>0x14</size>
      </object_component>
      <object_component id="oc-169">
         <name>.common:pxDelayedTaskList</name>
         <uninitialized>true</uninitialized>
         <run_address>0x20004ddc</run_address>
         <size>0x4</size>
      </object_component>
      <object_component id="oc-16a">
         <name>.common:pxOverflowDelayedTaskList</name>
         <uninitialized>true</uninitialized>
         <run_address>0x20004de0</run_address>
         <size>0x4</size>
      </object_component>
      <object_component id="oc-176">
         <name>.common:xPendingReadyList</name>
         <uninitialized>true</uninitialized>
         <run_address>0x20004d6c</run_address>
         <size>0x14</size>
      </object_component>
      <object_component id="oc-181">
         <name>.common:xTasksWaitingTermination</name>
         <uninitialized>true</uninitialized>
         <run_address>0x20004d94</run_address>
         <size>0x14</size>
      </object_component>
      <object_component id="oc-180">
         <name>.common:xSuspendedTaskList</name>
         <uninitialized>true</uninitialized>
         <run_address>0x20004d80</run_address>
         <size>0x14</size>
      </object_component>
      <object_component id="oc-15f">
         <name>.common:pcTraceBuffer</name>
         <uninitialized>true</uninitialized>
         <run_address>0x20004dd0</run_address>
         <size>0x4</size>
      </object_component>
      <object_component id="oc-160">
         <name>.common:pcTraceBufferStart</name>
         <uninitialized>true</uninitialized>
         <run_address>0x20004dd8</run_address>
         <size>0x4</size>
      </object_component>
      <object_component id="oc-161">
         <name>.common:pcTraceBufferEnd</name>
         <uninitialized>true</uninitialized>
         <run_address>0x20004dd4</run_address>
         <size>0x4</size>
      </object_component>
      <object_component id="oc-2d0">
         <name>.common:xStart</name>
         <uninitialized>true</uninitialized>
         <run_address>0x20004db4</run_address>
         <size>0x8</size>
      </object_component>
      <object_component id="oc-27">
         <name>.stack</name>
         <uninitialized>true</uninitialized>
         <run_address>0x20004df0</run_address>
         <size>0x0</size>
         <input_file_ref idref="fl-14e"/>
      </object_component>
      <object_component id="oc-53d">
         <name>.stack</name>
         <uninitialized>true</uninitialized>
         <run_address>0x20004df0</run_address>
         <size>0x0</size>
      </object_component>
      <object_component id="oc-e">
         <name>.debug_info</name>
         <load_address>0x0</load_address>
         <run_address>0x0</run_address>
         <size>0xda</size>
         <input_file_ref idref="fl-b"/>
      </object_component>
      <object_component id="oc-11">
         <name>.debug_info</name>
         <load_address>0xda</load_address>
         <run_address>0xda</run_address>
         <size>0xf3</size>
         <input_file_ref idref="fl-14e"/>
      </object_component>
      <object_component id="oc-19">
         <name>.debug_info</name>
         <load_address>0x1cd</load_address>
         <run_address>0x1cd</run_address>
         <size>0x194</size>
         <input_file_ref idref="fl-14f"/>
      </object_component>
      <object_component id="oc-1c">
         <name>.debug_info</name>
         <load_address>0x361</load_address>
         <run_address>0x361</run_address>
         <size>0x16a</size>
         <input_file_ref idref="fl-151"/>
      </object_component>
      <object_component id="oc-22">
         <name>.debug_info</name>
         <load_address>0x4cb</load_address>
         <run_address>0x4cb</run_address>
         <size>0x18e</size>
         <input_file_ref idref="fl-150"/>
      </object_component>
      <object_component id="oc-29">
         <name>.debug_info</name>
         <load_address>0x659</load_address>
         <run_address>0x659</run_address>
         <size>0x205</size>
         <input_file_ref idref="fl-b"/>
      </object_component>
      <object_component id="oc-2f">
         <name>.debug_info</name>
         <load_address>0x85e</load_address>
         <run_address>0x85e</run_address>
         <size>0x163</size>
         <input_file_ref idref="fl-20"/>
      </object_component>
      <object_component id="oc-34">
         <name>.debug_info</name>
         <load_address>0x9c1</load_address>
         <run_address>0x9c1</run_address>
         <size>0x78c</size>
         <input_file_ref idref="fl-1f"/>
      </object_component>
      <object_component id="oc-3a">
         <name>.debug_info</name>
         <load_address>0x114d</load_address>
         <run_address>0x114d</run_address>
         <size>0x6cf</size>
         <input_file_ref idref="fl-19"/>
      </object_component>
      <object_component id="oc-40">
         <name>.debug_info</name>
         <load_address>0x181c</load_address>
         <run_address>0x181c</run_address>
         <size>0x4c5</size>
         <input_file_ref idref="fl-6"/>
      </object_component>
      <object_component id="oc-47">
         <name>.debug_info</name>
         <load_address>0x1ce1</load_address>
         <run_address>0x1ce1</run_address>
         <size>0x23a</size>
         <input_file_ref idref="fl-b"/>
      </object_component>
      <object_component id="oc-4b">
         <name>.debug_info</name>
         <load_address>0x1f1b</load_address>
         <run_address>0x1f1b</run_address>
         <size>0x13d</size>
         <input_file_ref idref="fl-15f"/>
      </object_component>
      <object_component id="oc-51">
         <name>.debug_info</name>
         <load_address>0x2058</load_address>
         <run_address>0x2058</run_address>
         <size>0x11c</size>
         <input_file_ref idref="fl-15d"/>
      </object_component>
      <object_component id="oc-56">
         <name>.debug_info</name>
         <load_address>0x2174</load_address>
         <run_address>0x2174</run_address>
         <size>0x1c2</size>
         <input_file_ref idref="fl-152"/>
      </object_component>
      <object_component id="oc-5a">
         <name>.debug_info</name>
         <load_address>0x2336</load_address>
         <run_address>0x2336</run_address>
         <size>0xbe</size>
         <input_file_ref idref="fl-157"/>
      </object_component>
      <object_component id="oc-5f">
         <name>.debug_info</name>
         <load_address>0x23f4</load_address>
         <run_address>0x23f4</run_address>
         <size>0xcc</size>
         <input_file_ref idref="fl-154"/>
      </object_component>
      <object_component id="oc-63">
         <name>.debug_info</name>
         <load_address>0x24c0</load_address>
         <run_address>0x24c0</run_address>
         <size>0x46</size>
         <input_file_ref idref="fl-14f"/>
      </object_component>
      <object_component id="oc-68">
         <name>.debug_info</name>
         <load_address>0x2506</load_address>
         <run_address>0x2506</run_address>
         <size>0xf2</size>
         <input_file_ref idref="fl-14f"/>
      </object_component>
      <object_component id="oc-6a">
         <name>.debug_info</name>
         <load_address>0x25f8</load_address>
         <run_address>0x25f8</run_address>
         <size>0x46</size>
         <input_file_ref idref="fl-151"/>
      </object_component>
      <object_component id="oc-6f">
         <name>.debug_info</name>
         <load_address>0x263e</load_address>
         <run_address>0x263e</run_address>
         <size>0xad</size>
         <input_file_ref idref="fl-151"/>
      </object_component>
      <object_component id="oc-71">
         <name>.debug_info</name>
         <load_address>0x26eb</load_address>
         <run_address>0x26eb</run_address>
         <size>0x1ef</size>
         <input_file_ref idref="fl-150"/>
      </object_component>
      <object_component id="oc-77">
         <name>.debug_info</name>
         <load_address>0x28da</load_address>
         <run_address>0x28da</run_address>
         <size>0xb7</size>
         <input_file_ref idref="fl-150"/>
      </object_component>
      <object_component id="oc-78">
         <name>.debug_info</name>
         <load_address>0x2991</load_address>
         <run_address>0x2991</run_address>
         <size>0x39</size>
         <input_file_ref idref="fl-150"/>
      </object_component>
      <object_component id="oc-7f">
         <name>.debug_info</name>
         <load_address>0x29ca</load_address>
         <run_address>0x29ca</run_address>
         <size>0x2e82</size>
         <input_file_ref idref="fl-1d"/>
      </object_component>
      <object_component id="oc-85">
         <name>.debug_info</name>
         <load_address>0x584c</load_address>
         <run_address>0x584c</run_address>
         <size>0x330</size>
         <input_file_ref idref="fl-1d"/>
      </object_component>
      <object_component id="oc-89">
         <name>.debug_info</name>
         <load_address>0x5b7c</load_address>
         <run_address>0x5b7c</run_address>
         <size>0xfe</size>
         <input_file_ref idref="fl-1f"/>
      </object_component>
      <object_component id="oc-8c">
         <name>.debug_info</name>
         <load_address>0x5c7a</load_address>
         <run_address>0x5c7a</run_address>
         <size>0x207</size>
         <input_file_ref idref="fl-1f"/>
      </object_component>
      <object_component id="oc-8d">
         <name>.debug_info</name>
         <load_address>0x5e81</load_address>
         <run_address>0x5e81</run_address>
         <size>0x2c</size>
         <input_file_ref idref="fl-3"/>
      </object_component>
      <object_component id="oc-92">
         <name>.debug_info</name>
         <load_address>0x5ead</load_address>
         <run_address>0x5ead</run_address>
         <size>0x84</size>
         <input_file_ref idref="fl-2"/>
      </object_component>
      <object_component id="oc-98">
         <name>.debug_info</name>
         <load_address>0x5f31</load_address>
         <run_address>0x5f31</run_address>
         <size>0x171</size>
         <input_file_ref idref="fl-175"/>
      </object_component>
      <object_component id="oc-9e">
         <name>.debug_info</name>
         <load_address>0x60a2</load_address>
         <run_address>0x60a2</run_address>
         <size>0x189</size>
         <input_file_ref idref="fl-175"/>
      </object_component>
      <object_component id="oc-a7">
         <name>.debug_info</name>
         <load_address>0x622b</load_address>
         <run_address>0x622b</run_address>
         <size>0x363</size>
         <input_file_ref idref="fl-170"/>
      </object_component>
      <object_component id="oc-aa">
         <name>.debug_info</name>
         <load_address>0x658e</load_address>
         <run_address>0x658e</run_address>
         <size>0x1f3</size>
         <input_file_ref idref="fl-174"/>
      </object_component>
      <object_component id="oc-b0">
         <name>.debug_info</name>
         <load_address>0x6781</load_address>
         <run_address>0x6781</run_address>
         <size>0x1f5</size>
         <input_file_ref idref="fl-174"/>
      </object_component>
      <object_component id="oc-b6">
         <name>.debug_info</name>
         <load_address>0x6976</load_address>
         <run_address>0x6976</run_address>
         <size>0x1e3</size>
         <input_file_ref idref="fl-174"/>
      </object_component>
      <object_component id="oc-bc">
         <name>.debug_info</name>
         <load_address>0x6b59</load_address>
         <run_address>0x6b59</run_address>
         <size>0x1f1</size>
         <input_file_ref idref="fl-174"/>
      </object_component>
      <object_component id="oc-c5">
         <name>.debug_info</name>
         <load_address>0x6d4a</load_address>
         <run_address>0x6d4a</run_address>
         <size>0x1e3</size>
         <input_file_ref idref="fl-16e"/>
      </object_component>
      <object_component id="oc-cb">
         <name>.debug_info</name>
         <load_address>0x6f2d</load_address>
         <run_address>0x6f2d</run_address>
         <size>0x1f1</size>
         <input_file_ref idref="fl-16e"/>
      </object_component>
      <object_component id="oc-ce">
         <name>.debug_info</name>
         <load_address>0x711e</load_address>
         <run_address>0x711e</run_address>
         <size>0xde</size>
         <input_file_ref idref="fl-19"/>
      </object_component>
      <object_component id="oc-d1">
         <name>.debug_info</name>
         <load_address>0x71fc</load_address>
         <run_address>0x71fc</run_address>
         <size>0x4b8</size>
         <input_file_ref idref="fl-19"/>
      </object_component>
      <object_component id="oc-d4">
         <name>.debug_info</name>
         <load_address>0x76b4</load_address>
         <run_address>0x76b4</run_address>
         <size>0x2c</size>
         <input_file_ref idref="fl-3"/>
      </object_component>
      <object_component id="oc-da">
         <name>.debug_info</name>
         <load_address>0x76e0</load_address>
         <run_address>0x76e0</run_address>
         <size>0x1deb</size>
         <input_file_ref idref="fl-1c"/>
      </object_component>
      <object_component id="oc-e0">
         <name>.debug_info</name>
         <load_address>0x94cb</load_address>
         <run_address>0x94cb</run_address>
         <size>0x8e6</size>
         <input_file_ref idref="fl-3"/>
      </object_component>
      <object_component id="oc-e6">
         <name>.debug_info</name>
         <load_address>0x9db1</load_address>
         <run_address>0x9db1</run_address>
         <size>0x149</size>
         <input_file_ref idref="fl-6"/>
      </object_component>
      <object_component id="oc-e9">
         <name>.debug_info</name>
         <load_address>0x9efa</load_address>
         <run_address>0x9efa</run_address>
         <size>0x60f</size>
         <input_file_ref idref="fl-6"/>
      </object_component>
      <object_component id="oc-ed">
         <name>.debug_info</name>
         <load_address>0xa509</load_address>
         <run_address>0xa509</run_address>
         <size>0x7e1</size>
         <input_file_ref idref="fl-7"/>
      </object_component>
      <object_component id="oc-f1">
         <name>.debug_info</name>
         <load_address>0xacea</load_address>
         <run_address>0xacea</run_address>
         <size>0xd8</size>
         <input_file_ref idref="fl-7"/>
      </object_component>
      <object_component id="oc-fb">
         <name>.debug_info</name>
         <load_address>0xadc2</load_address>
         <run_address>0xadc2</run_address>
         <size>0x1e5</size>
         <input_file_ref idref="fl-16f"/>
      </object_component>
      <object_component id="oc-101">
         <name>.debug_info</name>
         <load_address>0xafa7</load_address>
         <run_address>0xafa7</run_address>
         <size>0x1f6</size>
         <input_file_ref idref="fl-16f"/>
      </object_component>
      <object_component id="oc-107">
         <name>.debug_info</name>
         <load_address>0xb19d</load_address>
         <run_address>0xb19d</run_address>
         <size>0x219</size>
         <input_file_ref idref="fl-170"/>
      </object_component>
      <object_component id="oc-10a">
         <name>.debug_info</name>
         <load_address>0xb3b6</load_address>
         <run_address>0xb3b6</run_address>
         <size>0x1a8</size>
         <input_file_ref idref="fl-7"/>
      </object_component>
      <object_component id="oc-10d">
         <name>.debug_info</name>
         <load_address>0xb55e</load_address>
         <run_address>0xb55e</run_address>
         <size>0x81d</size>
         <input_file_ref idref="fl-3"/>
      </object_component>
      <object_component id="oc-115">
         <name>.debug_info</name>
         <load_address>0xbd7b</load_address>
         <run_address>0xbd7b</run_address>
         <size>0x14b</size>
         <input_file_ref idref="fl-160"/>
      </object_component>
      <object_component id="oc-11a">
         <name>.debug_info</name>
         <load_address>0xbec6</load_address>
         <run_address>0xbec6</run_address>
         <size>0xe5f</size>
         <input_file_ref idref="fl-8"/>
      </object_component>
      <object_component id="oc-120">
         <name>.debug_info</name>
         <load_address>0xcd25</load_address>
         <run_address>0xcd25</run_address>
         <size>0x11b</size>
         <input_file_ref idref="fl-15d"/>
      </object_component>
      <object_component id="oc-122">
         <name>.debug_info</name>
         <load_address>0xce40</load_address>
         <run_address>0xce40</run_address>
         <size>0xc8</size>
         <input_file_ref idref="fl-15b"/>
      </object_component>
      <object_component id="oc-125">
         <name>.debug_info</name>
         <load_address>0xcf08</load_address>
         <run_address>0xcf08</run_address>
         <size>0xeb</size>
         <input_file_ref idref="fl-152"/>
      </object_component>
      <object_component id="oc-128">
         <name>.debug_info</name>
         <load_address>0xcff3</load_address>
         <run_address>0xcff3</run_address>
         <size>0x146</size>
         <input_file_ref idref="fl-152"/>
      </object_component>
      <object_component id="oc-12d">
         <name>.debug_info</name>
         <load_address>0xd139</load_address>
         <run_address>0xd139</run_address>
         <size>0x2c</size>
         <input_file_ref idref="fl-14f"/>
      </object_component>
      <object_component id="oc-134">
         <name>.debug_info</name>
         <load_address>0xd165</load_address>
         <run_address>0xd165</run_address>
         <size>0x2c</size>
         <input_file_ref idref="fl-3"/>
      </object_component>
      <object_component id="oc-13f">
         <name>.debug_info</name>
         <load_address>0xd191</load_address>
         <run_address>0xd191</run_address>
         <size>0x4e6</size>
         <input_file_ref idref="fl-1b"/>
      </object_component>
      <object_component id="oc-145">
         <name>.debug_info</name>
         <load_address>0xd677</load_address>
         <run_address>0xd677</run_address>
         <size>0xe9</size>
         <input_file_ref idref="fl-1d"/>
      </object_component>
      <object_component id="oc-148">
         <name>.debug_info</name>
         <load_address>0xd760</load_address>
         <run_address>0xd760</run_address>
         <size>0x835</size>
         <input_file_ref idref="fl-1d"/>
      </object_component>
      <object_component id="oc-152">
         <name>.debug_info</name>
         <load_address>0xdf95</load_address>
         <run_address>0xdf95</run_address>
         <size>0x189</size>
         <input_file_ref idref="fl-158"/>
      </object_component>
      <object_component id="oc-156">
         <name>.debug_info</name>
         <load_address>0xe11e</load_address>
         <run_address>0xe11e</run_address>
         <size>0x1a0</size>
         <input_file_ref idref="fl-153"/>
      </object_component>
      <object_component id="oc-164">
         <name>.debug_info</name>
         <load_address>0xe2be</load_address>
         <run_address>0xe2be</run_address>
         <size>0x182</size>
         <input_file_ref idref="fl-15a"/>
      </object_component>
      <object_component id="oc-16c">
         <name>.debug_info</name>
         <load_address>0xe440</load_address>
         <run_address>0xe440</run_address>
         <size>0x7fa</size>
         <input_file_ref idref="fl-1e"/>
      </object_component>
      <object_component id="oc-172">
         <name>.debug_info</name>
         <load_address>0xec3a</load_address>
         <run_address>0xec3a</run_address>
         <size>0xfc</size>
         <input_file_ref idref="fl-155"/>
      </object_component>
      <object_component id="oc-178">
         <name>.debug_info</name>
         <load_address>0xed36</load_address>
         <run_address>0xed36</run_address>
         <size>0x2b5</size>
         <input_file_ref idref="fl-156"/>
      </object_component>
      <object_component id="oc-183">
         <name>.debug_info</name>
         <load_address>0xefeb</load_address>
         <run_address>0xefeb</run_address>
         <size>0xe3</size>
         <input_file_ref idref="fl-1d"/>
      </object_component>
      <object_component id="oc-186">
         <name>.debug_info</name>
         <load_address>0xf0ce</load_address>
         <run_address>0xf0ce</run_address>
         <size>0x16d</size>
         <input_file_ref idref="fl-3"/>
      </object_component>
      <object_component id="oc-18b">
         <name>.debug_info</name>
         <load_address>0xf23b</load_address>
         <run_address>0xf23b</run_address>
         <size>0x2c</size>
         <input_file_ref idref="fl-3"/>
      </object_component>
      <object_component id="oc-196">
         <name>.debug_info</name>
         <load_address>0xf267</load_address>
         <run_address>0xf267</run_address>
         <size>0x14c</size>
         <input_file_ref idref="fl-3"/>
      </object_component>
      <object_component id="oc-19f">
         <name>.debug_info</name>
         <load_address>0xf3b3</load_address>
         <run_address>0xf3b3</run_address>
         <size>0x18b</size>
         <input_file_ref idref="fl-16e"/>
      </object_component>
      <object_component id="oc-1a4">
         <name>.debug_info</name>
         <load_address>0xf53e</load_address>
         <run_address>0xf53e</run_address>
         <size>0x226</size>
         <input_file_ref idref="fl-170"/>
      </object_component>
      <object_component id="oc-1a6">
         <name>.debug_info</name>
         <load_address>0xf764</load_address>
         <run_address>0xf764</run_address>
         <size>0x1d7</size>
         <input_file_ref idref="fl-174"/>
      </object_component>
      <object_component id="oc-1a9">
         <name>.debug_info</name>
         <load_address>0xf93b</load_address>
         <run_address>0xf93b</run_address>
         <size>0x90</size>
         <input_file_ref idref="fl-16e"/>
      </object_component>
      <object_component id="oc-1b0">
         <name>.debug_info</name>
         <load_address>0xf9cb</load_address>
         <run_address>0xf9cb</run_address>
         <size>0x1ce</size>
         <input_file_ref idref="fl-16e"/>
      </object_component>
      <object_component id="oc-1b6">
         <name>.debug_info</name>
         <load_address>0xfb99</load_address>
         <run_address>0xfb99</run_address>
         <size>0x60f</size>
         <input_file_ref idref="fl-3"/>
      </object_component>
      <object_component id="oc-1bb">
         <name>.debug_info</name>
         <load_address>0x101a8</load_address>
         <run_address>0x101a8</run_address>
         <size>0x6c8</size>
         <input_file_ref idref="fl-3"/>
      </object_component>
      <object_component id="oc-1c1">
         <name>.debug_info</name>
         <load_address>0x10870</load_address>
         <run_address>0x10870</run_address>
         <size>0xe4</size>
         <input_file_ref idref="fl-1c"/>
      </object_component>
      <object_component id="oc-1c4">
         <name>.debug_info</name>
         <load_address>0x10954</load_address>
         <run_address>0x10954</run_address>
         <size>0x174</size>
         <input_file_ref idref="fl-1c"/>
      </object_component>
      <object_component id="oc-1c9">
         <name>.debug_info</name>
         <load_address>0x10ac8</load_address>
         <run_address>0x10ac8</run_address>
         <size>0x5b3</size>
         <input_file_ref idref="fl-1c"/>
      </object_component>
      <object_component id="oc-1ca">
         <name>.debug_info</name>
         <load_address>0x1107b</load_address>
         <run_address>0x1107b</run_address>
         <size>0x110</size>
         <input_file_ref idref="fl-1b"/>
      </object_component>
      <object_component id="oc-1d0">
         <name>.debug_info</name>
         <load_address>0x1118b</load_address>
         <run_address>0x1118b</run_address>
         <size>0x9ec</size>
         <input_file_ref idref="fl-4"/>
      </object_component>
      <object_component id="oc-1d6">
         <name>.debug_info</name>
         <load_address>0x11b77</load_address>
         <run_address>0x11b77</run_address>
         <size>0x78d</size>
         <input_file_ref idref="fl-5"/>
      </object_component>
      <object_component id="oc-1df">
         <name>.debug_info</name>
         <load_address>0x12304</load_address>
         <run_address>0x12304</run_address>
         <size>0x21e</size>
         <input_file_ref idref="fl-16f"/>
      </object_component>
      <object_component id="oc-1e5">
         <name>.debug_info</name>
         <load_address>0x12522</load_address>
         <run_address>0x12522</run_address>
         <size>0x1e3</size>
         <input_file_ref idref="fl-16f"/>
      </object_component>
      <object_component id="oc-1eb">
         <name>.debug_info</name>
         <load_address>0x12705</load_address>
         <run_address>0x12705</run_address>
         <size>0x1e1</size>
         <input_file_ref idref="fl-170"/>
      </object_component>
[...]
         <value>0x200050c0</value>
         <object_component_ref idref="oc-84"/>
      </symbol>
      <symbol id="sm-c4e">
         <name>vTaskSuspend</name>
         <value>0x24cd</value>
         <object_component_ref idref="oc-7e"/>
      </symbol>
      <symbol id="sm-c4f">
         <name>vTaskResume</name>
         <value>0x2575</value>
         <object_component_ref idref="oc-7e"/>
      </symbol>
      <symbol id="sm-c50">
         <name>vTaskSetTimeOutState</name>
         <value>0x2b81</value>
         <object_component_ref idref="oc-7e"/>
      </symbol>
      <symbol id="sm-c51">
         <name>vTaskIncrementTick</name>
         <value>0x28ad</value>
         <object_component_ref idref="oc-7e"/>
      </symbol>
      <symbol id="sm-c52">
         <name>vTaskSwitchContext</name>
         <value>0x2959</value>
         <object_component_ref idref="oc-7e"/>
      </symbol>
      <symbol id="sm-c53">
         <name>xTaskResumeFromISR</name>
         <value>0x25e5</value>
         <object_component_ref idref="oc-7e"/>
      </symbol>
      <symbol id="sm-c54">
         <name>ulTaskEndTrace</name>
         <value>0x2879</value>
         <object_component_ref idref="oc-7e"/>
      </symbol>
      <symbol id="sm-c55">
         <name>xTaskGetCurrentTaskHandle</name>
         <value>0x2ec1</value>
         <object_component_ref idref="oc-7e"/>
      </symbol>
      <symbol id="sm-c56">
         <name>xTaskRemoveFromEventList</name>
         <value>0x2afd</value>
         <object_component_ref idref="oc-7e"/>
      </symbol>
      <symbol id="sm-c57">
         <name>xTaskIsTaskSuspended</name>
         <value>0x2525</value>
         <object_component_ref idref="oc-7e"/>
      </symbol>
      <symbol id="sm-cab">
         <name>vPortInitialiseBlocks</name>
         <value>0x8f9f</value>
         <object_component_ref idref="oc-16b"/>
      </symbol>
      <symbol id="sm-cac">
         <name>xPortGetFreeHeapSize</name>
         <value>0x8f93</value>
         <object_component_ref idref="oc-16b"/>
      </symbol>
      <symbol id="sm-cad">
         <name>pvPortMalloc</name>
         <value>0x8e2d</value>
         <object_component_ref idref="oc-16b"/>
      </symbol>
      <symbol id="sm-cae">
         <name>vPortFree</name>
         <value>0x8f3d</value>
         <object_component_ref idref="oc-16b"/>
      </symbol>
      <symbol id="sm-caf">
         <name>xPortGetMinimumEverFreeHeapSize</name>
         <value>0x8f99</value>
         <object_component_ref idref="oc-16b"/>
      </symbol>
      <symbol id="sm-cd2">
         <name>vPortEndScheduler</name>
         <value>0xa995</value>
         <object_component_ref idref="oc-33"/>
      </symbol>
      <symbol id="sm-cd3">
         <name>xPortSysTickHandler</name>
         <value>0xa9c7</value>
         <object_component_ref idref="oc-33"/>
      </symbol>
      <symbol id="sm-cd4">
         <name>vPortYieldFromISR</name>
         <value>0xa997</value>
         <object_component_ref idref="oc-33"/>
      </symbol>
      <symbol id="sm-cd5">
         <name>pxPortInitialiseStack</name>
         <value>0xa925</value>
         <object_component_ref idref="oc-33"/>
      </symbol>
      <symbol id="sm-cd6">
         <name>vPortExitCritical</name>
         <value>0xa9b1</value>
         <object_component_ref idref="oc-33"/>
      </symbol>
      <symbol id="sm-cd7">
         <name>xPortStartScheduler</name>
         <value>0xa96d</value>
         <object_component_ref idref="oc-33"/>
      </symbol>
      <symbol id="sm-cd8">
         <name>vPortEnterCritical</name>
         <value>0xa9a1</value>
         <object_component_ref idref="oc-33"/>
      </symbol>
      <symbol id="sm-ce9">
         <name>vPortStartFirstTask</name>
         <value>0xac41</value>
         <object_component_ref idref="oc-2e"/>
      </symbol>
      <symbol id="sm-cea">
         <name>xPortPendSVHandler</name>
         <value>0xabe5</value>
         <object_component_ref idref="oc-2e"/>
      </symbol>
      <symbol id="sm-ceb">
         <name>vPortClearInterruptMask</name>
         <value>0xabd7</value>
         <object_component_ref idref="oc-2e"/>
      </symbol>
      <symbol id="sm-cec">
         <name>vPortSetInterruptMask</name>
         <value>0xabc9</value>
         <object_component_ref idref="oc-2e"/>
      </symbol>
      <symbol id="sm-ced">
         <name>vPortSVCHandler</name>
         <value>0xac21</value>
         <object_component_ref idref="oc-2e"/>
      </symbol>
      <symbol id="sm-cfd">
         <name>_c_int00</name>
         <value>0xb115</value>
         <object_component_ref idref="oc-10"/>
      </symbol>
      <symbol id="sm-cfe">
         <name>__stack</name>
         <value>0x20004df0</value>
         <object_component_ref idref="oc-27"/>
      </symbol>
      <symbol id="sm-d15">
         <name>__TI_decompress_none</name>
         <value>0xb56d</value>
         <object_component_ref idref="oc-15"/>
      </symbol>
      <symbol id="sm-d39">
         <name>__TI_decompress_rle24</name>
         <value>0xb5e3</value>
         <object_component_ref idref="oc-21"/>
      </symbol>
      <symbol id="sm-d4d">
         <name>__TI_zero_init</name>
         <value>0xb4e1</value>
         <object_component_ref idref="oc-1b"/>
      </symbol>
      <symbol id="sm-d6c">
         <name>C$$EXIT</name>
         <value>0xb1e9</value>
         <object_component_ref idref="oc-53"/>
      </symbol>
      <symbol id="sm-d6d">
         <name>abort</name>
         <value>0xb1ed</value>
         <object_component_ref idref="oc-53"/>
      </symbol>
      <symbol id="sm-d6e">
         <name>exit</name>
         <value>0xb1f5</value>
         <object_component_ref idref="oc-53"/>
      </symbol>
      <symbol id="sm-d6f">
         <name>__TI_dtors_ptr</name>
         <value>0x20005154</value>
         <object_component_ref idref="oc-124"/>
      </symbol>
      <symbol id="sm-d70">
         <name>__TI_cleanup_ptr</name>
         <value>0x20005150</value>
         <object_component_ref idref="oc-124"/>
      </symbol>
      <symbol id="sm-d80">
         <name>memcmp</name>
         <value>0xb393</value>
         <object_component_ref idref="oc-155"/>
      </symbol>
      <symbol id="sm-d9b">
         <name>memcpy</name>
         <value>0xaa09</value>
         <object_component_ref idref="oc-5d"/>
      </symbol>
      <symbol id="sm-d9c">
         <name>__aeabi_memcpy</name>
         <value>0xaa09</value>
         <object_component_ref idref="oc-5d"/>
      </symbol>
      <symbol id="sm-d9d">
         <name>__aeabi_memcpy8</name>
         <value>0xaa09</value>
         <object_component_ref idref="oc-5d"/>
      </symbol>
      <symbol id="sm-d9e">
         <name>__aeabi_memcpy4</name>
         <value>0xaa09</value>
         <object_component_ref idref="oc-5d"/>
      </symbol>
      <symbol id="sm-dad">
         <name>__aeabi_memset</name>
         <value>0xaddf</value>
         <object_component_ref idref="oc-171"/>
      </symbol>
      <symbol id="sm-dae">
         <name>memset</name>
         <value>0xade5</value>
         <object_component_ref idref="oc-171"/>
      </symbol>
      <symbol id="sm-daf">
         <name>__aeabi_memset8</name>
         <value>0xaddf</value>
         <object_component_ref idref="oc-171"/>
      </symbol>
      <symbol id="sm-db0">
         <name>__aeabi_memset4</name>
         <value>0xaddf</value>
         <object_component_ref idref="oc-171"/>
      </symbol>
      <symbol id="sm-db1">
         <name>__aeabi_memclr8</name>
         <value>0xaddd</value>
         <object_component_ref idref="oc-171"/>
      </symbol>
      <symbol id="sm-db2">
         <name>__aeabi_memclr4</name>
         <value>0xaddd</value>
         <object_component_ref idref="oc-171"/>
      </symbol>
      <symbol id="sm-db3">
         <name>__aeabi_memclr</name>
         <value>0xaddd</value>
         <object_component_ref idref="oc-171"/>
      </symbol>
      <symbol id="sm-dcc">
         <name>sprintf</name>
         <value>0xaeb5</value>
         <object_component_ref idref="oc-177"/>
      </symbol>
      <symbol id="sm-dd4">
         <name>main_func_sp</name>
         <value>0x20005160</value>
         <object_component_ref idref="oc-59"/>
      </symbol>
      <symbol id="sm-de4">
         <name>strcat</name>
         <value>0xb3ef</value>
         <object_component_ref idref="oc-14e"/>
      </symbol>
      <symbol id="sm-df2">
         <name>strlen</name>
         <value>0xb461</value>
         <object_component_ref idref="oc-320"/>
      </symbol>
      <symbol id="sm-e02">
         <name>strncpy</name>
         <value>0xb2e9</value>
         <object_component_ref idref="oc-163"/>
      </symbol>
      <symbol id="sm-e1b">
         <name>_nop</name>
         <value>0xb45b</value>
         <object_component_ref idref="oc-2a0"/>
      </symbol>
      <symbol id="sm-e1c">
         <name>_lock</name>
         <value>0x20005148</value>
         <object_component_ref idref="oc-121"/>
      </symbol>
      <symbol id="sm-e1d">
         <name>_unlock</name>
         <value>0x2000514c</value>
         <object_component_ref idref="oc-121"/>
      </symbol>
      <symbol id="sm-e1e">
         <name>_register_lock</name>
         <value>0xb453</value>
         <object_component_ref idref="oc-2a0"/>
      </symbol>
      <symbol id="sm-e1f">
         <name>_register_unlock</name>
         <value>0xb44d</value>
         <object_component_ref idref="oc-2a0"/>
      </symbol>
      <symbol id="sm-f0b">
         <name>__TI_printfi</name>
         <value>0x4a7f</value>
         <object_component_ref idref="oc-2d3"/>
      </symbol>
      <symbol id="sm-f1f">
         <name>_args_main</name>
         <value>0xb409</value>
         <object_component_ref idref="oc-4d"/>
      </symbol>
      <symbol id="sm-f35">
         <name>atoi</name>
         <value>0xb081</value>
         <object_component_ref idref="oc-3fc"/>
      </symbol>
      <symbol id="sm-f52">
         <name>__TI_auto_init</name>
         <value>0xaaa5</value>
         <object_component_ref idref="oc-48"/>
      </symbol>
      <symbol id="sm-f6b">
         <name>copy_in</name>
         <value>0xb1a5</value>
         <object_component_ref idref="oc-112"/>
      </symbol>
      <symbol id="sm-f76">
         <name>_ctypes_</name>
         <value>0xb5f0</value>
         <object_component_ref idref="oc-4cb"/>
      </symbol>
      <symbol id="sm-f8d">
         <name>__aeabi_dsub</name>
         <value>0x9c75</value>
         <object_component_ref idref="oc-3eb"/>
      </symbol>
      <symbol id="sm-f8e">
         <name>__aeabi_dadd</name>
         <value>0x9c7f</value>
         <object_component_ref idref="oc-3eb"/>
      </symbol>
      <symbol id="sm-fb0">
         <name>__aeabi_cdcmpeq</name>
         <value>0xac4f</value>
         <object_component_ref idref="oc-3c7"/>
      </symbol>
      <symbol id="sm-fb1">
         <name>__aeabi_cdcmple</name>
         <value>0xac4f</value>
         <object_component_ref idref="oc-3c7"/>
      </symbol>
      <symbol id="sm-fb2">
         <name>__aeabi_cdrcmple</name>
         <value>0xacd5</value>
         <object_component_ref idref="oc-3d6"/>
      </symbol>
      <symbol id="sm-fc6">
         <name>__aeabi_ddiv</name>
         <value>0x9e2b</value>
         <object_component_ref idref="oc-3d1"/>
      </symbol>
      <symbol id="sm-fd1">
         <name>__aeabi_dmul</name>
         <value>0xa739</value>
         <object_component_ref idref="oc-3cc"/>
      </symbol>
      <symbol id="sm-fdb">
         <name>__aeabi_d2iz</name>
         <value>0xb15d</value>
         <object_component_ref idref="oc-3db"/>
      </symbol>
      <symbol id="sm-fe5">
         <name>__aeabi_i2d</name>
         <value>0xb319</value>
         <object_component_ref idref="oc-3e6"/>
      </symbol>
      <symbol id="sm-fee">
         <name>__aeabi_lmul</name>
         <value>0xb421</value>
         <object_component_ref idref="oc-3c2"/>
      </symbol>
      <symbol id="sm-ffd">
         <name>ltoa</name>
         <value>0xafd1</value>
         <object_component_ref idref="oc-3e0"/>
      </symbol>
      <symbol id="sm-100d">
         <name>memccpy</name>
         <value>0xb3d3</value>
         <object_component_ref idref="oc-3f6"/>
      </symbol>
      <symbol id="sm-1029">
         <name>__aeabi_uldivmod</name>
         <value>0x9a81</value>
         <object_component_ref idref="oc-3bd"/>
      </symbol>
      <symbol id="sm-1033">
         <name>_Dclass</name>
         <value>0xb4f3</value>
         <object_component_ref idref="oc-3f0"/>
      </symbol>
      <symbol id="sm-1045">
         <name>_Dtest</name>
         <value>0xb22d</value>
         <object_component_ref idref="oc-4c2"/>
      </symbol>
      <symbol id="sm-1064">
         <name>UARTIntClear</name>
         <value>0xb5ed</value>
         <object_component_ref idref="oc-c7"/>
      </symbol>
      <symbol id="sm-1065">
         <name>UARTIntStatus</name>
         <value>0xb5bf</value>
         <object_component_ref idref="oc-c1"/>
      </symbol>
      <symbol id="sm-10a2">
         <name>TimerLoadSet</name>
         <value>0xb4cf</value>
         <object_component_ref idref="oc-1db"/>
      </symbol>
      <symbol id="sm-10a3">
         <name>TimerDisable</name>
         <value>0xb439</value>
         <object_component_ref idref="oc-f7"/>
      </symbol>
      <symbol id="sm-10a4">
         <name>TimerEnable</name>
         <value>0xb55f</value>
         <object_component_ref idref="oc-1e1"/>
      </symbol>
      <symbol id="sm-10a5">
         <name>TimerIntEnable</name>
         <value>0xb5c9</value>
         <object_component_ref idref="oc-1ed"/>
      </symbol>
      <symbol id="sm-10a6">
         <name>TimerConfigure</name>
         <value>0xaf75</value>
         <object_component_ref idref="oc-1f3"/>
      </symbol>
      <symbol id="sm-10a7">
         <name>TimerIntClear</name>
         <value>0xb5e9</value>
         <object_component_ref idref="oc-fd"/>
      </symbol>
      <symbol id="sm-1102">
         <name>SysCtlClockSet</name>
         <value>0xa835</value>
         <object_component_ref idref="oc-a3"/>
      </symbol>
      <symbol id="sm-1103">
         <name>SysCtlDelay</name>
         <value>0xb5dd</value>
         <object_component_ref idref="oc-19d"/>
      </symbol>
      <symbol id="sm-1104">
         <name>SysCtlPeripheralEnable</name>
         <value>0xb2b5</value>
         <object_component_ref idref="oc-1e7"/>
      </symbol>
      <symbol id="sm-1105">
         <name>SysCtlClockGet</name>
         <value>0xa411</value>
         <object_component_ref idref="oc-103"/>
      </symbol>
      <symbol id="sm-112f">
         <name>SSIDataGetNonBlocking</name>
         <value>0xb4bd</value>
         <object_component_ref idref="oc-474"/>
      </symbol>
      <symbol id="sm-1130">
         <name>SSIDataPutNonBlocking</name>
         <value>0xb551</value>
         <object_component_ref idref="oc-46e"/>
      </symbol>
      <symbol id="sm-1131">
         <name>SSIConfigSetExpClk</name>
         <value>0xb271</value>
         <object_component_ref idref="oc-444"/>
      </symbol>
      <symbol id="sm-1132">
         <name>SSIEnable</name>
         <value>0xb5b5</value>
         <object_component_ref idref="oc-44a"/>
      </symbol>
      <symbol id="sm-115f">
         <name>PWMGenPeriodSet</name>
         <value>0xb525</value>
         <object_component_ref idref="oc-211"/>
      </symbol>
      <symbol id="sm-1160">
         <name>PWMPulseWidthSet</name>
         <value>0xb3b5</value>
         <object_component_ref idref="oc-217"/>
      </symbol>
      <symbol id="sm-1161">
         <name>PWMOutputState</name>
         <value>0xb4ab</value>
         <object_component_ref idref="oc-1f9"/>
      </symbol>
      <symbol id="sm-1162">
         <name>PWMGenEnable</name>
         <value>0xb593</value>
         <object_component_ref idref="oc-21d"/>
      </symbol>
      <symbol id="sm-1163">
         <name>PWMGenConfigure</name>
         <value>0xb371</value>
         <object_component_ref idref="oc-20b"/>
      </symbol>
      <symbol id="sm-1191">
         <name>IntEnable</name>
         <value>0xae55</value>
         <object_component_ref idref="oc-45c"/>
      </symbol>
      <symbol id="sm-1192">
         <name>IntMasterEnable</name>
         <value>0xb5ab</value>
         <object_component_ref idref="oc-462"/>
      </symbol>
      <symbol id="sm-120a">
         <name>GPIOPinTypePWM</name>
         <value>0xb487</value>
         <object_component_ref idref="oc-205"/>
      </symbol>
      <symbol id="sm-120b">
         <name>GPIOPinConfigure</name>
         <value>0xb0cd</value>
         <object_component_ref idref="oc-1ff"/>
      </symbol>
      <symbol id="sm-120c">
         <name>GPIOIntDisable</name>
         <value>0xb535</value>
         <object_component_ref idref="oc-af"/>
      </symbol>
      <symbol id="sm-120d">
         <name>GPIOIntEnable</name>
         <value>0xb587</value>
         <object_component_ref idref="oc-a9"/>
      </symbol>
      <symbol id="sm-120e">
         <name>GPIOIntTypeSet</name>
         <value>0xb02b</value>
         <object_component_ref idref="oc-456"/>
      </symbol>
      <symbol id="sm-120f">
         <name>GPIOPinTypeGPIOInput</name>
         <value>0xb475</value>
         <object_component_ref idref="oc-450"/>
      </symbol>
      <symbol id="sm-1210">
         <name>GPIOIntClear</name>
         <value>0xb5d1</value>
         <object_component_ref idref="oc-bb"/>
      </symbol>
      <symbol id="sm-1211">
         <name>GPIOIntStatus</name>
         <value>0xb543</value>
         <object_component_ref idref="oc-b5"/>
      </symbol>
      <symbol id="sm-1212">
         <name>GPIODirModeSet</name>
         <value>0xb347</value>
         <object_component_ref idref="oc-304"/>
      </symbol>
      <symbol id="sm-1213">
         <name>GPIOPinWrite</name>
         <value>0xb5d7</value>
         <object_component_ref idref="oc-468"/>
      </symbol>
      <symbol id="sm-1214">
         <name>GPIOPadConfigSet</name>
         <value>0x9f61</value>
         <object_component_ref idref="oc-30a"/>
      </symbol>
      <symbol id="sm-1215">
         <name>GPIOPinTypeSSI</name>
         <value>0xb499</value>
         <object_component_ref idref="oc-43e"/>
      </symbol>
      <symbol id="sm-122b">
         <name>FPULazyStackingEnable</name>
         <value>0xb515</value>
         <object_component_ref idref="oc-9d"/>
      </symbol>
      <symbol id="sm-122c">
         <name>FPUEnable</name>
         <value>0xb505</value>
         <object_component_ref idref="oc-97"/>
      </symbol>
      <symbol id="sm-1236">
         <name>CPUcpsie</name>
         <value>0xb57b</value>
         <object_component_ref idref="oc-4f4"/>
      </symbol>
      <symbol id="sm-1237">
         <name>__TI_static_base__</name>
         <value>0x0</value>
      </symbol>
      <symbol id="sm-1238">
         <name>__TI_args_main</name>
         <value>0x1</value>
      </symbol>
      <symbol id="sm-1239">
         <name>SHT$$INIT_ARRAY$$Limit</name>
         <value>0x0</value>
      </symbol>
      <symbol id="sm-123a">
         <name>SHT$$INIT_ARRAY$$Base</name>
         <value>0x0</value>
      </symbol>
   </symbol_table>
   <title>Link successful</title>
</link_info>
