<?xml version="1.0"?>
<link_info>
   <banner>TI ARM Linker PC v5.1.6</banner>
   <copyright>Copyright (c) 1996-2014 Texas Instruments Incorporated</copyright>
   <link_time>0x553e7f0d</link_time>
   <link_errors>0x0</link_errors>
   <output_file>lumosembedded.out</output_file>
   <entry_point>
      <name>_c_int00</name>
      <address>0xacdd</address>
   </entry_point>
   <input_file_list>
      <input_file id="fl-2">
         <path>.\uart\</path>
         <kind>object</kind>
         <file>uart.obj</file>
         <name>uart.obj</name>
      </input_file>
      <input_file id="fl-3">
         <path>.\src\</path>
         <kind>object</kind>
         <file>externals.obj</file>
         <name>externals.obj</name>
      </input_file>
      <input_file id="fl-4">
         <path>.\src\</path>
         <kind>object</kind>
         <file>gpio.obj</file>
         <name>gpio.obj</name>
      </input_file>
      <input_file id="fl-5">
         <path>.\src\</path>
         <kind>object</kind>
         <file>i2c.obj</file>
         <name>i2c.obj</name>
      </input_file>
      <input_file id="fl-6">
         <path>.\src\</path>
         <kind>object</kind>
         <file>interruptHandlers.obj</file>
         <name>interruptHandlers.obj</name>
      </input_file>
      <input_file id="fl-7">
         <path>.\src\</path>
         <kind>object</kind>
         <file>lightsManager.obj</file>
         <name>lightsManager.obj</name>
      </input_file>
      <input_file id="fl-8">
         <path>.\src\</path>
         <kind>object</kind>
         <file>main.obj</file>
         <name>main.obj</name>
      </input_file>
      <input_file id="fl-9">
         <path>.\src\</path>
         <kind>object</kind>
         <file>phone.obj</file>
         <name>phone.obj</name>
      </input_file>
      <input_file id="fl-a">
         <path>.\src\</path>
         <kind>object</kind>
         <file>server.obj</file>
         <name>server.obj</name>
      </input_file>
      <input_file id="fl-b">
         <path>.\src\</path>
         <kind>object</kind>
         <file>startup_ccs.obj</file>
         <name>startup_ccs.obj</name>
      </input_file>
      <input_file id="fl-c">
         <path>.\src\</path>
         <kind>object</kind>
         <file>wrapper.obj</file>
         <name>wrapper.obj</name>
      </input_file>
      <input_file id="fl-d">
         <path>.\spi\</path>
         <kind>object</kind>
         <file>spi.obj</file>
         <name>spi.obj</name>
      </input_file>
      <input_file id="fl-e">
         <path>.\simplelink\source\</path>
         <kind>object</kind>
         <file>device.obj</file>
         <name>device.obj</name>
      </input_file>
      <input_file id="fl-f">
         <path>.\simplelink\source\</path>
         <kind>object</kind>
         <file>driver.obj</file>
         <name>driver.obj</name>
      </input_file>
      <input_file id="fl-10">
         <path>.\simplelink\source\</path>
         <kind>object</kind>
         <file>flowcont.obj</file>
         <name>flowcont.obj</name>
      </input_file>
      <input_file id="fl-11">
         <path>.\simplelink\source\</path>
         <kind>object</kind>
         <file>fs.obj</file>
         <name>fs.obj</name>
      </input_file>
      <input_file id="fl-12">
         <path>.\simplelink\source\</path>
         <kind>object</kind>
         <file>netapp.obj</file>
         <name>netapp.obj</name>
      </input_file>
      <input_file id="fl-13">
         <path>.\simplelink\source\</path>
         <kind>object</kind>
         <file>netcfg.obj</file>
         <name>netcfg.obj</name>
      </input_file>
      <input_file id="fl-14">
         <path>.\simplelink\source\</path>
         <kind>object</kind>
         <file>nonos.obj</file>
         <name>nonos.obj</name>
      </input_file>
      <input_file id="fl-15">
         <path>.\simplelink\source\</path>
         <kind>object</kind>
         <file>socket.obj</file>
         <name>socket.obj</name>
      </input_file>
      <input_file id="fl-16">
         <path>.\simplelink\source\</path>
         <kind>object</kind>
         <file>spawn.obj</file>
         <name>spawn.obj</name>
      </input_file>
      <input_file id="fl-17">
         <path>.\simplelink\source\</path>
         <kind>object</kind>
         <file>wlan.obj</file>
         <name>wlan.obj</name>
      </input_file>
      <input_file id="fl-18">
         <path>.\cli_uart\</path>
         <kind>object</kind>
         <file>cli_uart.obj</file>
         <name>cli_uart.obj</name>
      </input_file>
      <input_file id="fl-19">
         <path>.\board\</path>
         <kind>object</kind>
         <file>board.obj</file>
         <name>board.obj</name>
      </input_file>
      <input_file id="fl-1a">
         <path>.\FreeRTOS\Source\</path>
         <kind>object</kind>
         <file>croutine.obj</file>
         <name>croutine.obj</name>
      </input_file>
      <input_file id="fl-1b">
         <path>.\FreeRTOS\Source\</path>
         <kind>object</kind>
         <file>list.obj</file>
         <name>list.obj</name>
      </input_file>
      <input_file id="fl-1c">
         <path>.\FreeRTOS\Source\</path>
         <kind>object</kind>
         <file>queue.obj</file>
         <name>queue.obj</name>
      </input_file>
      <input_file id="fl-1d">
         <path>.\FreeRTOS\Source\</path>
         <kind>object</kind>
         <file>tasks.obj</file>
         <name>tasks.obj</name>
      </input_file>
      <input_file id="fl-1e">
         <path>.\FreeRTOS\Source\portable\MemMang\</path>
         <kind>object</kind>
         <file>heap_4.obj</file>
         <name>heap_4.obj</name>
      </input_file>
      <input_file id="fl-1f">
         <path>.\FreeRTOS\Source\portable\CCS4\ARM_CM3\</path>
         <kind>object</kind>
         <file>port.obj</file>
         <name>port.obj</name>
      </input_file>
      <input_file id="fl-20">
         <path>.\FreeRTOS\Source\portable\CCS4\ARM_CM3\</path>
         <kind>object</kind>
         <file>portasm.obj</file>
         <name>portasm.obj</name>
      </input_file>
      <input_file id="fl-14e">
         <path>c:\ti\ccsv6\tools\compiler\arm_5.1.6\lib\</path>
         <kind>archive</kind>
         <file>rtsv7M4_T_le_v4SPD16_eabi.lib</file>
         <name>boot.obj</name>
      </input_file>
      <input_file id="fl-14f">
         <path>c:\ti\ccsv6\tools\compiler\arm_5.1.6\lib\</path>
         <kind>archive</kind>
         <file>rtsv7M4_T_le_v4SPD16_eabi.lib</file>
         <name>copy_decompress_none.obj</name>
      </input_file>
      <input_file id="fl-150">
         <path>c:\ti\ccsv6\tools\compiler\arm_5.1.6\lib\</path>
         <kind>archive</kind>
         <file>rtsv7M4_T_le_v4SPD16_eabi.lib</file>
         <name>copy_decompress_rle.obj</name>
      </input_file>
      <input_file id="fl-151">
         <path>c:\ti\ccsv6\tools\compiler\arm_5.1.6\lib\</path>
         <kind>archive</kind>
         <file>rtsv7M4_T_le_v4SPD16_eabi.lib</file>
         <name>copy_zero_init.obj</name>
      </input_file>
      <input_file id="fl-152">
         <path>c:\ti\ccsv6\tools\compiler\arm_5.1.6\lib\</path>
         <kind>archive</kind>
         <file>rtsv7M4_T_le_v4SPD16_eabi.lib</file>
         <name>exit.obj</name>
      </input_file>
      <input_file id="fl-153">
         <path>c:\ti\ccsv6\tools\compiler\arm_5.1.6\lib\</path>
         <kind>archive</kind>
         <file>rtsv7M4_T_le_v4SPD16_eabi.lib</file>
         <name>memcmp.obj</name>
      </input_file>
      <input_file id="fl-154">
         <path>c:\ti\ccsv6\tools\compiler\arm_5.1.6\lib\</path>
         <kind>archive</kind>
         <file>rtsv7M4_T_le_v4SPD16_eabi.lib</file>
         <name>memcpy_t2.obj</name>
      </input_file>
      <input_file id="fl-155">
         <path>c:\ti\ccsv6\tools\compiler\arm_5.1.6\lib\</path>
         <kind>archive</kind>
         <file>rtsv7M4_T_le_v4SPD16_eabi.lib</file>
         <name>memset_t2.obj</name>
      </input_file>
      <input_file id="fl-156">
         <path>c:\ti\ccsv6\tools\compiler\arm_5.1.6\lib\</path>
         <kind>archive</kind>
         <file>rtsv7M4_T_le_v4SPD16_eabi.lib</file>
         <name>sprintf.obj</name>
      </input_file>
      <input_file id="fl-157">
         <path>c:\ti\ccsv6\tools\compiler\arm_5.1.6\lib\</path>
         <kind>archive</kind>
         <file>rtsv7M4_T_le_v4SPD16_eabi.lib</file>
         <name>stkdepth_vars.obj</name>
      </input_file>
      <input_file id="fl-158">
         <path>c:\ti\ccsv6\tools\compiler\arm_5.1.6\lib\</path>
         <kind>archive</kind>
         <file>rtsv7M4_T_le_v4SPD16_eabi.lib</file>
         <name>strcat.obj</name>
      </input_file>
      <input_file id="fl-159">
         <path>c:\ti\ccsv6\tools\compiler\arm_5.1.6\lib\</path>
         <kind>archive</kind>
         <file>rtsv7M4_T_le_v4SPD16_eabi.lib</file>
         <name>strlen.obj</name>
      </input_file>
      <input_file id="fl-15a">
         <path>c:\ti\ccsv6\tools\compiler\arm_5.1.6\lib\</path>
         <kind>archive</kind>
         <file>rtsv7M4_T_le_v4SPD16_eabi.lib</file>
         <name>strncpy.obj</name>
      </input_file>
      <input_file id="fl-15b">
         <path>c:\ti\ccsv6\tools\compiler\arm_5.1.6\lib\</path>
         <kind>archive</kind>
         <file>rtsv7M4_T_le_v4SPD16_eabi.lib</file>
         <name>_lock.obj</name>
      </input_file>
      <input_file id="fl-15c">
         <path>c:\ti\ccsv6\tools\compiler\arm_5.1.6\lib\</path>
         <kind>archive</kind>
         <file>rtsv7M4_T_le_v4SPD16_eabi.lib</file>
         <name>_printfi.obj</name>
      </input_file>
      <input_file id="fl-15d">
         <path>c:\ti\ccsv6\tools\compiler\arm_5.1.6\lib\</path>
         <kind>archive</kind>
         <file>rtsv7M4_T_le_v4SPD16_eabi.lib</file>
         <name>args_main.obj</name>
      </input_file>
      <input_file id="fl-15e">
         <path>c:\ti\ccsv6\tools\compiler\arm_5.1.6\lib\</path>
         <kind>archive</kind>
         <file>rtsv7M4_T_le_v4SPD16_eabi.lib</file>
         <name>atoi.obj</name>
      </input_file>
      <input_file id="fl-15f">
         <path>c:\ti\ccsv6\tools\compiler\arm_5.1.6\lib\</path>
         <kind>archive</kind>
         <file>rtsv7M4_T_le_v4SPD16_eabi.lib</file>
         <name>auto_init.obj</name>
      </input_file>
      <input_file id="fl-160">
         <path>c:\ti\ccsv6\tools\compiler\arm_5.1.6\lib\</path>
         <kind>archive</kind>
         <file>rtsv7M4_T_le_v4SPD16_eabi.lib</file>
         <name>cpy_tbl.obj</name>
      </input_file>
      <input_file id="fl-161">
         <path>c:\ti\ccsv6\tools\compiler\arm_5.1.6\lib\</path>
         <kind>archive</kind>
         <file>rtsv7M4_T_le_v4SPD16_eabi.lib</file>
         <name>ctype.obj</name>
      </input_file>
      <input_file id="fl-162">
         <path>c:\ti\ccsv6\tools\compiler\arm_5.1.6\lib\</path>
         <kind>archive</kind>
         <file>rtsv7M4_T_le_v4SPD16_eabi.lib</file>
         <name>fd_add_t2.obj</name>
      </input_file>
      <input_file id="fl-163">
         <path>c:\ti\ccsv6\tools\compiler\arm_5.1.6\lib\</path>
         <kind>archive</kind>
         <file>rtsv7M4_T_le_v4SPD16_eabi.lib</file>
         <name>fd_cmp_t2.obj</name>
      </input_file>
      <input_file id="fl-164">
         <path>c:\ti\ccsv6\tools\compiler\arm_5.1.6\lib\</path>
         <kind>archive</kind>
         <file>rtsv7M4_T_le_v4SPD16_eabi.lib</file>
         <name>fd_div_t2.obj</name>
      </input_file>
      <input_file id="fl-165">
         <path>c:\ti\ccsv6\tools\compiler\arm_5.1.6\lib\</path>
         <kind>archive</kind>
         <file>rtsv7M4_T_le_v4SPD16_eabi.lib</file>
         <name>fd_mul_t2.obj</name>
      </input_file>
      <input_file id="fl-166">
         <path>c:\ti\ccsv6\tools\compiler\arm_5.1.6\lib\</path>
         <kind>archive</kind>
         <file>rtsv7M4_T_le_v4SPD16_eabi.lib</file>
         <name>fd_toi_t2.obj</name>
      </input_file>
      <input_file id="fl-167">
         <path>c:\ti\ccsv6\tools\compiler\arm_5.1.6\lib\</path>
         <kind>archive</kind>
         <file>rtsv7M4_T_le_v4SPD16_eabi.lib</file>
         <name>i_tofd_t2.obj</name>
      </input_file>
      <input_file id="fl-168">
         <path>c:\ti\ccsv6\tools\compiler\arm_5.1.6\lib\</path>
         <kind>archive</kind>
         <file>rtsv7M4_T_le_v4SPD16_eabi.lib</file>
         <name>ll_mul_t2.obj</name>
      </input_file>
      <input_file id="fl-169">
         <path>c:\ti\ccsv6\tools\compiler\arm_5.1.6\lib\</path>
         <kind>archive</kind>
         <file>rtsv7M4_T_le_v4SPD16_eabi.lib</file>
         <name>ltoa.obj</name>
      </input_file>
      <input_file id="fl-16a">
         <path>c:\ti\ccsv6\tools\compiler\arm_5.1.6\lib\</path>
         <kind>archive</kind>
         <file>rtsv7M4_T_le_v4SPD16_eabi.lib</file>
         <name>memccpy.obj</name>
      </input_file>
      <input_file id="fl-16b">
         <path>c:\ti\ccsv6\tools\compiler\arm_5.1.6\lib\</path>
         <kind>archive</kind>
         <file>rtsv7M4_T_le_v4SPD16_eabi.lib</file>
         <name>ull_div_t2.obj</name>
      </input_file>
      <input_file id="fl-16c">
         <path>c:\ti\ccsv6\tools\compiler\arm_5.1.6\lib\</path>
         <kind>archive</kind>
         <file>rtsv7M4_T_le_v4SPD16_eabi.lib</file>
         <name>xdclass.obj</name>
      </input_file>
      <input_file id="fl-16d">
         <path>c:\ti\ccsv6\tools\compiler\arm_5.1.6\lib\</path>
         <kind>archive</kind>
         <file>rtsv7M4_T_le_v4SPD16_eabi.lib</file>
         <name>xdtest.obj</name>
      </input_file>
      <input_file id="fl-16e">
         <path>C:\ti\TivaWare_C_Series-2.1.0.12573\driverlib\ccs\Debug\</path>
         <kind>archive</kind>
         <file>driverlib.lib</file>
         <name>uart.obj</name>
      </input_file>
      <input_file id="fl-16f">
         <path>C:\ti\TivaWare_C_Series-2.1.0.12573\driverlib\ccs\Debug\</path>
         <kind>archive</kind>
         <file>driverlib.lib</file>
         <name>timer.obj</name>
      </input_file>
      <input_file id="fl-170">
         <path>C:\ti\TivaWare_C_Series-2.1.0.12573\driverlib\ccs\Debug\</path>
         <kind>archive</kind>
         <file>driverlib.lib</file>
         <name>sysctl.obj</name>
      </input_file>
      <input_file id="fl-171">
         <path>C:\ti\TivaWare_C_Series-2.1.0.12573\driverlib\ccs\Debug\</path>
         <kind>archive</kind>
         <file>driverlib.lib</file>
         <name>ssi.obj</name>
      </input_file>
      <input_file id="fl-172">
         <path>C:\ti\TivaWare_C_Series-2.1.0.12573\driverlib\ccs\Debug\</path>
         <kind>archive</kind>
         <file>driverlib.lib</file>
         <name>pwm.obj</name>
      </input_file>
      <input_file id="fl-173">
         <path>C:\ti\TivaWare_C_Series-2.1.0.12573\driverlib\ccs\Debug\</path>
         <kind>archive</kind>
         <file>driverlib.lib</file>
         <name>interrupt.obj</name>
      </input_file>
      <input_file id="fl-174">
         <path>C:\ti\TivaWare_C_Series-2.1.0.12573\driverlib\ccs\Debug\</path>
         <kind>archive</kind>
         <file>driverlib.lib</file>
         <name>gpio.obj</name>
      </input_file>
      <input_file id="fl-175">
         <path>C:\ti\TivaWare_C_Series-2.1.0.12573\driverlib\ccs\Debug\</path>
         <kind>archive</kind>
         <file>driverlib.lib</file>
         <name>fpu.obj</name>
      </input_file>
      <input_file id="fl-176">
         <path>C:\ti\TivaWare_C_Series-2.1.0.12573\driverlib\ccs\Debug\</path>
         <kind>archive</kind>
         <file>driverlib.lib</file>
         <name>cpu.obj</name>
      </input_file>
   </input_file_list>
   <object_component_list>
      <object_component id="oc-d">
         <name>.intvecs</name>
         <load_address>0x0</load_address>
         <run_address>0x0</run_address>
         <size>0xf0</size>
         <input_file_ref idref="fl-b"/>
      </object_component>
      <object_component id="oc-322">
         <name>.text</name>
         <load_address>0xf0</load_address>
         <run_address>0xf0</run_address>
         <size>0x2020</size>
         <input_file_ref idref="fl-f"/>
      </object_component>
      <object_component id="oc-7e">
         <name>.text</name>
         <load_address>0x2110</load_address>
         <run_address>0x2110</run_address>
         <size>0xee4</size>
         <input_file_ref idref="fl-1d"/>
      </object_component>
      <object_component id="oc-37c">
         <name>.text</name>
         <load_address>0x2ff4</load_address>
         <run_address>0x2ff4</run_address>
         <size>0xed4</size>
         <input_file_ref idref="fl-15"/>
      </object_component>
      <object_component id="oc-2cb">
         <name>.text</name>
         <load_address>0x3ec8</load_address>
         <run_address>0x3ec8</run_address>
         <size>0xec0</size>
         <input_file_ref idref="fl-15c"/>
      </object_component>
      <object_component id="oc-26b">
         <name>.text</name>
         <load_address>0x4d88</load_address>
         <run_address>0x4d88</run_address>
         <size>0xb44</size>
         <input_file_ref idref="fl-12"/>
      </object_component>
      <object_component id="oc-25f">
         <name>.text</name>
         <load_address>0x58cc</load_address>
         <run_address>0x58cc</run_address>
         <size>0xab8</size>
         <input_file_ref idref="fl-17"/>
      </object_component>
      <object_component id="oc-114">
         <name>.text</name>
         <load_address>0x6384</load_address>
         <run_address>0x6384</run_address>
         <size>0x864</size>
         <input_file_ref idref="fl-8"/>
      </object_component>
      <object_component id="oc-d9">
         <name>.text</name>
         <load_address>0x6be8</load_address>
         <run_address>0x6be8</run_address>
         <size>0x6f8</size>
         <input_file_ref idref="fl-1c"/>
      </object_component>
      <object_component id="oc-279">
         <name>.text</name>
         <load_address>0x72e0</load_address>
         <run_address>0x72e0</run_address>
         <size>0x6a4</size>
         <input_file_ref idref="fl-7"/>
      </object_component>
      <object_component id="oc-253">
         <name>.text</name>
         <load_address>0x7984</load_address>
         <run_address>0x7984</run_address>
         <size>0x5b4</size>
         <input_file_ref idref="fl-e"/>
      </object_component>
      <object_component id="oc-df">
         <name>.text</name>
         <load_address>0x7f38</load_address>
         <run_address>0x7f38</run_address>
         <size>0x3ac</size>
         <input_file_ref idref="fl-3"/>
      </object_component>
      <object_component id="oc-38e">
         <name>.text</name>
         <load_address>0x82e4</load_address>
         <run_address>0x82e4</run_address>
         <size>0x39c</size>
         <input_file_ref idref="fl-9"/>
      </object_component>
      <object_component id="oc-3f">
         <name>.text</name>
         <load_address>0x8680</load_address>
         <run_address>0x8680</run_address>
         <size>0x374</size>
         <input_file_ref idref="fl-6"/>
      </object_component>
      <object_component id="oc-166">
         <name>.text</name>
         <load_address>0x89f4</load_address>
         <run_address>0x89f4</run_address>
         <size>0x2dc</size>
         <input_file_ref idref="fl-1e"/>
      </object_component>
      <object_component id="oc-27f">
         <name>.text</name>
         <load_address>0x8cd0</load_address>
         <run_address>0x8cd0</run_address>
         <size>0x2c8</size>
         <input_file_ref idref="fl-a"/>
      </object_component>
      <object_component id="oc-1ca">
         <name>.text</name>
         <load_address>0x8f98</load_address>
         <run_address>0x8f98</run_address>
         <size>0x284</size>
         <input_file_ref idref="fl-4"/>
      </object_component>
      <object_component id="oc-1d0">
         <name>.text</name>
         <load_address>0x921c</load_address>
         <run_address>0x921c</run_address>
         <size>0x228</size>
         <input_file_ref idref="fl-5"/>
      </object_component>
      <object_component id="oc-328">
         <name>.text</name>
         <load_address>0x9444</load_address>
         <run_address>0x9444</run_address>
         <size>0x204</size>
         <input_file_ref idref="fl-d"/>
      </object_component>
      <object_component id="oc-3b0">
         <name>.text</name>
         <load_address>0x9648</load_address>
         <run_address>0x9648</run_address>
         <size>0x1f4</size>
         <input_file_ref idref="fl-16b"/>
      </object_component>
      <object_component id="oc-3de">
         <name>.text</name>
         <load_address>0x983c</load_address>
         <run_address>0x983c</run_address>
         <size>0x1b6</size>
         <input_file_ref idref="fl-162"/>
      </object_component>
      <object_component id="oc-3c4">
         <name>.text</name>
         <load_address>0x99f2</load_address>
         <run_address>0x99f2</run_address>
         <size>0x136</size>
         <input_file_ref idref="fl-164"/>
      </object_component>
      <object_component id="oc-302">
         <name>.text:GPIOPadConfigSet</name>
         <load_address>0x9b28</load_address>
         <run_address>0x9b28</run_address>
         <size>0x130</size>
         <input_file_ref idref="fl-174"/>
      </object_component>
      <object_component id="oc-259">
         <name>.text</name>
         <load_address>0x9c58</load_address>
         <run_address>0x9c58</run_address>
         <size>0x130</size>
         <input_file_ref idref="fl-14"/>
      </object_component>
      <object_component id="oc-139">
         <name>.text</name>
         <load_address>0x9d88</load_address>
         <run_address>0x9d88</run_address>
         <size>0x12e</size>
         <input_file_ref idref="fl-1b"/>
      </object_component>
      <object_component id="oc-24d">
         <name>.text</name>
         <load_address>0x9eb8</load_address>
         <run_address>0x9eb8</run_address>
         <size>0x120</size>
         <input_file_ref idref="fl-18"/>
      </object_component>
      <object_component id="oc-f8">
         <name>.text:SysCtlClockGet</name>
         <load_address>0x9fd8</load_address>
         <run_address>0x9fd8</run_address>
         <size>0x118</size>
         <input_file_ref idref="fl-170"/>
      </object_component>
      <object_component id="oc-265">
         <name>.text</name>
         <load_address>0xa0f0</load_address>
         <run_address>0xa0f0</run_address>
         <size>0x110</size>
         <input_file_ref idref="fl-13"/>
      </object_component>
      <object_component id="oc-39">
         <name>.text</name>
         <load_address>0xa200</load_address>
         <run_address>0xa200</run_address>
         <size>0x100</size>
         <input_file_ref idref="fl-19"/>
      </object_component>
      <object_component id="oc-3bf">
         <name>.text</name>
         <load_address>0xa300</load_address>
         <run_address>0xa300</run_address>
         <size>0xfc</size>
         <input_file_ref idref="fl-165"/>
      </object_component>
      <object_component id="oc-a3">
         <name>.text:SysCtlClockSet</name>
         <load_address>0xa3fc</load_address>
         <run_address>0xa3fc</run_address>
         <size>0xf0</size>
         <input_file_ref idref="fl-170"/>
      </object_component>
      <object_component id="oc-33">
         <name>.text</name>
         <load_address>0xa4ec</load_address>
         <run_address>0xa4ec</run_address>
         <size>0xe4</size>
         <input_file_ref idref="fl-1f"/>
      </object_component>
      <object_component id="oc-5d">
         <name>.text</name>
         <load_address>0xa5d0</load_address>
         <run_address>0xa5d0</run_address>
         <size>0x9c</size>
         <input_file_ref idref="fl-154"/>
      </object_component>
      <object_component id="oc-48">
         <name>.text</name>
         <load_address>0xa66c</load_address>
         <run_address>0xa66c</run_address>
         <size>0x94</size>
         <input_file_ref idref="fl-15f"/>
      </object_component>
      <object_component id="oc-382">
         <name>.text</name>
         <load_address>0xa700</load_address>
         <run_address>0xa700</run_address>
         <size>0x8c</size>
         <input_file_ref idref="fl-c"/>
      </object_component>
      <object_component id="oc-2e">
         <name>.text</name>
         <load_address>0xa78c</load_address>
         <run_address>0xa78c</run_address>
         <size>0x8a</size>
         <input_file_ref idref="fl-20"/>
      </object_component>
      <object_component id="oc-3ba">
         <name>.text:__aeabi_cdcmple</name>
         <load_address>0xa816</load_address>
         <run_address>0xa816</run_address>
         <size>0x86</size>
         <input_file_ref idref="fl-163"/>
      </object_component>
      <object_component id="oc-3c9">
         <name>.text:__aeabi_cdrcmple</name>
         <load_address>0xa89c</load_address>
         <run_address>0xa89c</run_address>
         <size>0x86</size>
         <input_file_ref idref="fl-163"/>
      </object_component>
      <object_component id="oc-41b">
         <name>.text</name>
         <load_address>0xa924</load_address>
         <run_address>0xa924</run_address>
         <size>0x80</size>
         <input_file_ref idref="fl-10"/>
      </object_component>
      <object_component id="oc-16c">
         <name>.text</name>
         <load_address>0xa9a4</load_address>
         <run_address>0xa9a4</run_address>
         <size>0x78</size>
         <input_file_ref idref="fl-155"/>
      </object_component>
      <object_component id="oc-44f">
         <name>.text:IntEnable</name>
         <load_address>0xaa1c</load_address>
         <run_address>0xaa1c</run_address>
         <size>0x60</size>
         <input_file_ref idref="fl-173"/>
      </object_component>
      <object_component id="oc-172">
         <name>.text</name>
         <load_address>0xaa7c</load_address>
         <run_address>0xaa7c</run_address>
         <size>0x60</size>
         <input_file_ref idref="fl-156"/>
      </object_component>
      <object_component id="oc-70">
         <name>.text</name>
         <load_address>0xaadc</load_address>
         <run_address>0xaadc</run_address>
         <size>0x5e</size>
         <input_file_ref idref="fl-150"/>
      </object_component>
      <object_component id="oc-1ee">
         <name>.text:TimerConfigure</name>
         <load_address>0xab3c</load_address>
         <run_address>0xab3c</run_address>
         <size>0x5c</size>
         <input_file_ref idref="fl-16f"/>
      </object_component>
      <object_component id="oc-3d3">
         <name>.text</name>
         <load_address>0xab98</load_address>
         <run_address>0xab98</run_address>
         <size>0x5a</size>
         <input_file_ref idref="fl-169"/>
      </object_component>
      <object_component id="oc-449">
         <name>.text:GPIOIntTypeSet</name>
         <load_address>0xabf2</load_address>
         <run_address>0xabf2</run_address>
         <size>0x56</size>
         <input_file_ref idref="fl-174"/>
      </object_component>
      <object_component id="oc-3ef">
         <name>.text</name>
         <load_address>0xac48</load_address>
         <run_address>0xac48</run_address>
         <size>0x4c</size>
         <input_file_ref idref="fl-15e"/>
      </object_component>
      <object_component id="oc-1fa">
         <name>.text:GPIOPinConfigure</name>
         <load_address>0xac94</load_address>
         <run_address>0xac94</run_address>
         <size>0x48</size>
         <input_file_ref idref="fl-174"/>
      </object_component>
      <object_component id="oc-10">
         <name>.text</name>
         <load_address>0xacdc</load_address>
         <run_address>0xacdc</run_address>
         <size>0x48</size>
         <input_file_ref idref="fl-14e"/>
      </object_component>
      <object_component id="oc-3ce">
         <name>.text</name>
         <load_address>0xad24</load_address>
         <run_address>0xad24</run_address>
         <size>0x48</size>
         <input_file_ref idref="fl-166"/>
      </object_component>
      <object_component id="oc-10d">
         <name>.text</name>
         <load_address>0xad6c</load_address>
         <run_address>0xad6c</run_address>
         <size>0x44</size>
         <input_file_ref idref="fl-160"/>
      </object_component>
      <object_component id="oc-53">
         <name>.text</name>
         <load_address>0xadb0</load_address>
         <run_address>0xadb0</run_address>
         <size>0x44</size>
         <input_file_ref idref="fl-152"/>
      </object_component>
      <object_component id="oc-4b1">
         <name>.text</name>
         <load_address>0xadf4</load_address>
         <run_address>0xadf4</run_address>
         <size>0x44</size>
         <input_file_ref idref="fl-16d"/>
      </object_component>
      <object_component id="oc-437">
         <name>.text:SSIConfigSetExpClk</name>
         <load_address>0xae38</load_address>
         <run_address>0xae38</run_address>
         <size>0x42</size>
         <input_file_ref idref="fl-171"/>
      </object_component>
      <object_component id="oc-1e2">
         <name>.text:SysCtlPeripheralEnable</name>
         <load_address>0xae7c</load_address>
         <run_address>0xae7c</run_address>
         <size>0x34</size>
         <input_file_ref idref="fl-170"/>
      </object_component>
      <object_component id="oc-15e">
         <name>.text</name>
         <load_address>0xaeb0</load_address>
         <run_address>0xaeb0</run_address>
         <size>0x30</size>
         <input_file_ref idref="fl-15a"/>
      </object_component>
      <object_component id="oc-3d9">
         <name>.text</name>
         <load_address>0xaee0</load_address>
         <run_address>0xaee0</run_address>
         <size>0x2e</size>
         <input_file_ref idref="fl-167"/>
      </object_component>
      <object_component id="oc-2fc">
         <name>.text:GPIODirModeSet</name>
         <load_address>0xaf0e</load_address>
         <run_address>0xaf0e</run_address>
         <size>0x2a</size>
         <input_file_ref idref="fl-174"/>
      </object_component>
      <object_component id="oc-206">
         <name>.text:PWMGenConfigure</name>
         <load_address>0xaf38</load_address>
         <run_address>0xaf38</run_address>
         <size>0x22</size>
         <input_file_ref idref="fl-172"/>
      </object_component>
      <object_component id="oc-150">
         <name>.text</name>
         <load_address>0xaf5a</load_address>
         <run_address>0xaf5a</run_address>
         <size>0x22</size>
         <input_file_ref idref="fl-153"/>
      </object_component>
      <object_component id="oc-212">
         <name>.text:PWMPulseWidthSet</name>
         <load_address>0xaf7c</load_address>
         <run_address>0xaf7c</run_address>
         <size>0x1e</size>
         <input_file_ref idref="fl-172"/>
      </object_component>
      <object_component id="oc-3e9">
         <name>.text</name>
         <load_address>0xaf9a</load_address>
         <run_address>0xaf9a</run_address>
         <size>0x1c</size>
         <input_file_ref idref="fl-16a"/>
      </object_component>
      <object_component id="oc-149">
         <name>.text</name>
         <load_address>0xafb6</load_address>
         <run_address>0xafb6</run_address>
         <size>0x1a</size>
         <input_file_ref idref="fl-158"/>
      </object_component>
      <object_component id="oc-4d">
         <name>.text</name>
         <load_address>0xafd0</load_address>
         <run_address>0xafd0</run_address>
         <size>0x18</size>
         <input_file_ref idref="fl-15d"/>
      </object_component>
      <object_component id="oc-3b5">
         <name>.text</name>
         <load_address>0xafe8</load_address>
         <run_address>0xafe8</run_address>
         <size>0x18</size>
         <input_file_ref idref="fl-168"/>
      </object_component>
      <object_component id="oc-ec">
         <name>.text:TimerDisable</name>
         <load_address>0xb000</load_address>
         <run_address>0xb000</run_address>
         <size>0x14</size>
         <input_file_ref idref="fl-16f"/>
      </object_component>
      <object_component id="oc-298">
         <name>.text</name>
         <load_address>0xb014</load_address>
         <run_address>0xb014</run_address>
         <size>0x14</size>
         <input_file_ref idref="fl-15b"/>
      </object_component>
      <object_component id="oc-318">
         <name>.text</name>
         <load_address>0xb028</load_address>
         <run_address>0xb028</run_address>
         <size>0x14</size>
         <input_file_ref idref="fl-159"/>
      </object_component>
      <object_component id="oc-443">
         <name>.text:GPIOPinTypeGPIOInput</name>
         <load_address>0xb03c</load_address>
         <run_address>0xb03c</run_address>
         <size>0x12</size>
         <input_file_ref idref="fl-174"/>
      </object_component>
      <object_component id="oc-200">
         <name>.text:GPIOPinTypePWM</name>
         <load_address>0xb04e</load_address>
         <run_address>0xb04e</run_address>
         <size>0x12</size>
         <input_file_ref idref="fl-174"/>
      </object_component>
      <object_component id="oc-431">
         <name>.text:GPIOPinTypeSSI</name>
         <load_address>0xb060</load_address>
         <run_address>0xb060</run_address>
         <size>0x12</size>
         <input_file_ref idref="fl-174"/>
      </object_component>
      <object_component id="oc-1f4">
         <name>.text:PWMOutputState</name>
         <load_address>0xb072</load_address>
         <run_address>0xb072</run_address>
         <size>0x12</size>
         <input_file_ref idref="fl-172"/>
      </object_component>
      <object_component id="oc-467">
         <name>.text:SSIDataGetNonBlocking</name>
         <load_address>0xb084</load_address>
         <run_address>0xb084</run_address>
         <size>0x12</size>
         <input_file_ref idref="fl-171"/>
      </object_component>
      <object_component id="oc-1d6">
         <name>.text:TimerLoadSet</name>
         <load_address>0xb096</load_address>
         <run_address>0xb096</run_address>
         <size>0x12</size>
         <input_file_ref idref="fl-16f"/>
      </object_component>
      <object_component id="oc-1b">
         <name>.text:decompress:ZI</name>
         <load_address>0xb0a8</load_address>
         <run_address>0xb0a8</run_address>
         <size>0x12</size>
         <input_file_ref idref="fl-151"/>
      </object_component>
      <object_component id="oc-3e3">
         <name>.text</name>
         <load_address>0xb0ba</load_address>
         <run_address>0xb0ba</run_address>
         <size>0x12</size>
         <input_file_ref idref="fl-16c"/>
      </object_component>
      <object_component id="oc-97">
         <name>.text:FPUEnable</name>
         <load_address>0xb0cc</load_address>
         <run_address>0xb0cc</run_address>
         <size>0x10</size>
         <input_file_ref idref="fl-175"/>
      </object_component>
      <object_component id="oc-9d">
         <name>.text:FPULazyStackingEnable</name>
         <load_address>0xb0dc</load_address>
         <run_address>0xb0dc</run_address>
         <size>0x10</size>
         <input_file_ref idref="fl-175"/>
      </object_component>
      <object_component id="oc-20c">
         <name>.text:PWMGenPeriodSet</name>
         <load_address>0xb0ec</load_address>
         <run_address>0xb0ec</run_address>
         <size>0x10</size>
         <input_file_ref idref="fl-172"/>
      </object_component>
      <object_component id="oc-af">
         <name>.text:GPIOIntDisable</name>
         <load_address>0xb0fc</load_address>
         <run_address>0xb0fc</run_address>
         <size>0xe</size>
         <input_file_ref idref="fl-174"/>
      </object_component>
      <object_component id="oc-b5">
         <name>.text:GPIOIntStatus</name>
         <load_address>0xb10a</load_address>
         <run_address>0xb10a</run_address>
         <size>0xe</size>
         <input_file_ref idref="fl-174"/>
      </object_component>
      <object_component id="oc-461">
         <name>.text:SSIDataPutNonBlocking</name>
         <load_address>0xb118</load_address>
         <run_address>0xb118</run_address>
         <size>0xe</size>
         <input_file_ref idref="fl-171"/>
      </object_component>
      <object_component id="oc-1dc">
         <name>.text:TimerEnable</name>
         <load_address>0xb126</load_address>
         <run_address>0xb126</run_address>
         <size>0xe</size>
         <input_file_ref idref="fl-16f"/>
      </object_component>
      <object_component id="oc-15">
         <name>.text:decompress:none</name>
         <load_address>0xb134</load_address>
         <run_address>0xb134</run_address>
         <size>0xe</size>
         <input_file_ref idref="fl-14f"/>
      </object_component>
      <object_component id="oc-4e3">
         <name>.text:CPUcpsie</name>
         <load_address>0xb142</load_address>
         <run_address>0xb142</run_address>
         <size>0xc</size>
         <input_file_ref idref="fl-176"/>
      </object_component>
      <object_component id="oc-a9">
         <name>.text:GPIOIntEnable</name>
         <load_address>0xb14e</load_address>
         <run_address>0xb14e</run_address>
         <size>0xc</size>
         <input_file_ref idref="fl-174"/>
      </object_component>
      <object_component id="oc-218">
         <name>.text:PWMGenEnable</name>
         <load_address>0xb15a</load_address>
         <run_address>0xb15a</run_address>
         <size>0xc</size>
         <input_file_ref idref="fl-172"/>
      </object_component>
      <object_component id="oc-28">
         <name>.text</name>
         <load_address>0xb166</load_address>
         <run_address>0xb166</run_address>
         <size>0xc</size>
         <input_file_ref idref="fl-b"/>
      </object_component>
      <object_component id="oc-455">
         <name>.text:IntMasterEnable</name>
         <load_address>0xb172</load_address>
         <run_address>0xb172</run_address>
         <size>0xa</size>
         <input_file_ref idref="fl-173"/>
      </object_component>
      <object_component id="oc-43d">
         <name>.text:SSIEnable</name>
         <load_address>0xb17c</load_address>
         <run_address>0xb17c</run_address>
         <size>0xa</size>
         <input_file_ref idref="fl-171"/>
      </object_component>
      <object_component id="oc-c1">
         <name>.text:UARTIntStatus</name>
         <load_address>0xb186</load_address>
         <run_address>0xb186</run_address>
         <size>0xa</size>
         <input_file_ref idref="fl-16e"/>
      </object_component>
      <object_component id="oc-1e8">
         <name>.text:TimerIntEnable</name>
         <load_address>0xb190</load_address>
         <run_address>0xb190</run_address>
         <size>0x8</size>
         <input_file_ref idref="fl-16f"/>
      </object_component>
      <object_component id="oc-bb">
         <name>.text:GPIOIntClear</name>
         <load_address>0xb198</load_address>
         <run_address>0xb198</run_address>
         <size>0x6</size>
         <input_file_ref idref="fl-174"/>
      </object_component>
      <object_component id="oc-45b">
         <name>.text:GPIOPinWrite</name>
         <load_address>0xb19e</load_address>
         <run_address>0xb19e</run_address>
         <size>0x6</size>
         <input_file_ref idref="fl-174"/>
      </object_component>
      <object_component id="oc-198">
         <name>.text:SysCtlDelay</name>
         <load_address>0xb1a4</load_address>
         <run_address>0xb1a4</run_address>
         <size>0x6</size>
         <input_file_ref idref="fl-170"/>
      </object_component>
      <object_component id="oc-21">
         <name>.text:decompress:rle24</name>
         <load_address>0xb1aa</load_address>
         <run_address>0xb1aa</run_address>
         <size>0x6</size>
         <input_file_ref idref="fl-150"/>
      </object_component>
      <object_component id="oc-f2">
         <name>.text:TimerIntClear</name>
         <load_address>0xb1b0</load_address>
         <run_address>0xb1b0</run_address>
         <size>0x4</size>
         <input_file_ref idref="fl-16f"/>
      </object_component>
      <object_component id="oc-c7">
         <name>.text:UARTIntClear</name>
         <load_address>0xb1b4</load_address>
         <run_address>0xb1b4</run_address>
         <size>0x4</size>
         <input_file_ref idref="fl-16e"/>
      </object_component>
      <object_component id="oc-4ba">
         <name>.const:.string:_ctypes_</name>
         <load_address>0xb1b8</load_address>
         <run_address>0xb1b8</run_address>
         <size>0x102</size>
         <input_file_ref idref="fl-161"/>
      </object_component>
      <object_component id="oc-354">
         <name>.const:$P$T0$1</name>
         <load_address>0xb2bc</load_address>
         <run_address>0xb2bc</run_address>
         <size>0xb0</size>
         <input_file_ref idref="fl-17"/>
      </object_component>
      <object_component id="oc-2f8">
         <name>.const:g_pui32GPIOBaseAddrs</name>
         <load_address>0xb36c</load_address>
         <run_address>0xb36c</run_address>
         <size>0x90</size>
         <input_file_ref idref="fl-174"/>
      </object_component>
      <object_component id="oc-4de">
         <name>.const</name>
         <load_address>0xb3fc</load_address>
         <run_address>0xb3fc</run_address>
         <size>0x70</size>
         <input_file_ref idref="fl-173"/>
      </object_component>
      <object_component id="oc-235">
         <name>.const:g_pui32Xtals</name>
         <load_address>0xb46c</load_address>
         <run_address>0xb46c</run_address>
         <size>0x6c</size>
         <input_file_ref idref="fl-170"/>
      </object_component>
      <object_component id="oc-357">
         <name>.const</name>
         <load_address>0xb4d8</load_address>
         <run_address>0xb4d8</run_address>
         <size>0x3c</size>
         <input_file_ref idref="fl-17"/>
      </object_component>
      <object_component id="oc-427">
         <name>.const:_SlActionLookupTable</name>
         <load_address>0xb514</load_address>
         <run_address>0xb514</run_address>
         <size>0x38</size>
         <input_file_ref idref="fl-f"/>
      </object_component>
      <object_component id="oc-491">
         <name>.const</name>
         <load_address>0xb54c</load_address>
         <run_address>0xb54c</run_address>
         <size>0x34</size>
         <input_file_ref idref="fl-15"/>
      </object_component>
      <object_component id="oc-271">
         <name>.const:$P$T0$1</name>
         <load_address>0xb580</load_address>
         <run_address>0xb580</run_address>
         <size>0x2c</size>
         <input_file_ref idref="fl-8"/>
      </object_component>
      <object_component id="oc-36b">
         <name>.const</name>
         <load_address>0xb5ac</load_address>
         <run_address>0xb5ac</run_address>
         <size>0x28</size>
         <input_file_ref idref="fl-12"/>
      </object_component>
      <object_component id="oc-274">
         <name>.const</name>
         <load_address>0xb5d4</load_address>
         <run_address>0xb5d4</run_address>
         <size>0x20</size>
         <input_file_ref idref="fl-8"/>
      </object_component>
      <object_component id="oc-15d">
         <name>.const:.string</name>
         <load_address>0xb5f4</load_address>
         <run_address>0xb5f4</run_address>
         <size>0x14</size>
         <input_file_ref idref="fl-1d"/>
      </object_component>
      <object_component id="oc-331">
         <name>.const</name>
         <load_address>0xb608</load_address>
         <run_address>0xb608</run_address>
         <size>0x14</size>
         <input_file_ref idref="fl-e"/>
      </object_component>
      <object_component id="oc-424">
         <name>.const</name>
         <load_address>0xb61c</load_address>
         <run_address>0xb61c</run_address>
         <size>0x14</size>
         <input_file_ref idref="fl-f"/>
      </object_component>
      <object_component id="oc-361">
         <name>.const</name>
         <load_address>0xb630</load_address>
         <run_address>0xb630</run_address>
         <size>0x8</size>
         <input_file_ref idref="fl-13"/>
      </object_component>
      <object_component id="oc-2bf">
         <name>.const</name>
         <load_address>0xb638</load_address>
         <run_address>0xb638</run_address>
         <size>0x4</size>
         <input_file_ref idref="fl-1e"/>
      </object_component>
      <object_component id="oc-52a">
         <name>.cinit..data.load</name>
         <load_address>0xb640</load_address>
         <run_address>0xb640</run_address>
         <size>0xae</size>
      </object_component>
      <object_component id="oc-528">
         <name>__TI_handler_table</name>
         <load_address>0xb6f0</load_address>
         <run_address>0xb6f0</run_address>
         <size>0xc</size>
      </object_component>
      <object_component id="oc-52b">
         <name>.cinit..bss.load</name>
         <load_address>0xb700</load_address>
         <run_address>0xb700</run_address>
         <size>0x8</size>
      </object_component>
      <object_component id="oc-529">
         <name>__TI_cinit_table</name>
         <load_address>0xb708</load_address>
         <run_address>0xb708</run_address>
         <size>0x10</size>
      </object_component>
      <object_component id="oc-59">
         <name>.data</name>
         <load_address>0x20005534</load_address>
         <run_address>0x20005534</run_address>
         <size>0x4</size>
         <input_file_ref idref="fl-157"/>
      </object_component>
      <object_component id="oc-84">
         <name>.data</name>
         <load_address>0x2000549c</load_address>
         <run_address>0x2000549c</run_address>
         <size>0x38</size>
         <input_file_ref idref="fl-1d"/>
      </object_component>
      <object_component id="oc-88">
         <name>.data</name>
         <load_address>0x20005530</load_address>
         <run_address>0x20005530</run_address>
         <size>0x4</size>
         <input_file_ref idref="fl-1f"/>
      </object_component>
      <object_component id="oc-cd">
         <name>.data</name>
         <load_address>0x2000552c</load_address>
         <run_address>0x2000552c</run_address>
         <size>0x4</size>
         <input_file_ref idref="fl-19"/>
      </object_component>
      <object_component id="oc-e5">
         <name>.data</name>
         <load_address>0x200054d4</load_address>
         <run_address>0x200054d4</run_address>
         <size>0x1c</size>
         <input_file_ref idref="fl-6"/>
      </object_component>
      <object_component id="oc-104">
         <name>.data</name>
         <load_address>0x20005500</load_address>
         <run_address>0x20005500</run_address>
         <size>0x10</size>
         <input_file_ref idref="fl-7"/>
      </object_component>
      <object_component id="oc-11c">
         <name>.data</name>
         <load_address>0x2000551c</load_address>
         <run_address>0x2000551c</run_address>
         <size>0x8</size>
         <input_file_ref idref="fl-15b"/>
      </object_component>
      <object_component id="oc-11f">
         <name>.data</name>
         <load_address>0x20005524</load_address>
         <run_address>0x20005524</run_address>
         <size>0x8</size>
         <input_file_ref idref="fl-152"/>
      </object_component>
      <object_component id="oc-2bc">
         <name>.data</name>
         <load_address>0x200054f0</load_address>
         <run_address>0x200054f0</run_address>
         <size>0x10</size>
         <input_file_ref idref="fl-1e"/>
      </object_component>
      <object_component id="oc-32e">
         <name>.data</name>
         <load_address>0x20005510</load_address>
         <run_address>0x20005510</run_address>
         <size>0x9</size>
         <input_file_ref idref="fl-f"/>
      </object_component>
      <object_component id="oc-389">
         <name>.data:header</name>
         <load_address>0x20005420</load_address>
         <run_address>0x20005420</run_address>
         <size>0x7a</size>
         <input_file_ref idref="fl-7"/>
      </object_component>
      <object_component id="oc-fe">
         <name>.bss:lightsData</name>
         <uninitialized>true</uninitialized>
         <run_address>0x20004f84</run_address>
         <size>0x84</size>
         <input_file_ref idref="fl-7"/>
      </object_component>
      <object_component id="oc-13f">
         <name>.bss:pxReadyTasksLists</name>
         <uninitialized>true</uninitialized>
         <run_address>0x20005008</run_address>
         <size>0x64</size>
         <input_file_ref idref="fl-1d"/>
      </object_component>
      <object_component id="oc-17d">
         <name>.bss:pcStatusString</name>
         <uninitialized>true</uninitialized>
         <run_address>0x200050bc</run_address>
         <size>0x34</size>
         <input_file_ref idref="fl-1d"/>
      </object_component>
      <object_component id="oc-1bb">
         <name>.bss:xQueueRegistry</name>
         <uninitialized>true</uninitialized>
         <run_address>0x2000506c</run_address>
         <size>0x50</size>
         <input_file_ref idref="fl-1c"/>
      </object_component>
      <object_component id="oc-2c5">
         <name>.bss:ucHeap</name>
         <uninitialized>true</uninitialized>
         <run_address>0x20000000</run_address>
         <size>0x4e20</size>
         <input_file_ref idref="fl-1e"/>
      </object_component>
      <object_component id="oc-34a">
         <name>.bss:g__SlNonOsCB</name>
         <uninitialized>true</uninitialized>
         <run_address>0x200050f0</run_address>
         <size>0x28</size>
         <input_file_ref idref="fl-14"/>
      </object_component>
      <object_component id="oc-421">
         <name>.bss:g_StatMem</name>
         <uninitialized>true</uninitialized>
         <run_address>0x20004e20</run_address>
         <size>0x164</size>
         <input_file_ref idref="fl-f"/>
      </object_component>
      <object_component id="oc-37b">
         <name>.common:IRData</name>
         <uninitialized>true</uninitialized>
         <run_address>0x20005198</run_address>
         <size>0x4</size>
      </object_component>
      <object_component id="oc-e8">
         <name>.common:encLeftCount</name>
         <uninitialized>true</uninitialized>
         <run_address>0x2000519c</run_address>
         <size>0x4</size>
      </object_component>
      <object_component id="oc-eb">
         <name>.common:encRightCount</name>
         <uninitialized>true</uninitialized>
         <run_address>0x200051a0</run_address>
         <size>0x4</size>
      </object_component>
      <object_component id="oc-388">
         <name>.common:data</name>
         <uninitialized>true</uninitialized>
         <run_address>0x20005118</run_address>
         <size>0x14</size>
      </object_component>
      <object_component id="oc-4a1">
         <name>.common:networking_sem</name>
         <uninitialized>true</uninitialized>
         <run_address>0x200051a8</run_address>
         <size>0x4</size>
      </object_component>
      <object_component id="oc-4a0">
         <name>.common:updateLight_sem</name>
         <uninitialized>true</uninitialized>
         <run_address>0x200051c0</run_address>
         <size>0x4</size>
      </object_component>
      <object_component id="oc-31e">
         <name>.common:g_ucUARTBuffer</name>
         <uninitialized>true</uninitialized>
         <run_address>0x200051a4</run_address>
         <size>0x4</size>
      </object_component>
      <object_component id="oc-d0">
         <name>.common:IntIsMasked</name>
         <uninitialized>true</uninitialized>
         <run_address>0x200051c4</run_address>
         <size>0x1</size>
      </object_component>
      <object_component id="oc-178">
         <name>.common:xDelayedTaskList1</name>
         <uninitialized>true</uninitialized>
         <run_address>0x2000512c</run_address>
         <size>0x14</size>
      </object_component>
      <object_component id="oc-179">
         <name>.common:xDelayedTaskList2</name>
         <uninitialized>true</uninitialized>
         <run_address>0x20005140</run_address>
         <size>0x14</size>
      </object_component>
      <object_component id="oc-164">
         <name>.common:pxDelayedTaskList</name>
         <uninitialized>true</uninitialized>
         <run_address>0x200051b8</run_address>
         <size>0x4</size>
      </object_component>
      <object_component id="oc-165">
         <name>.common:pxOverflowDelayedTaskList</name>
         <uninitialized>true</uninitialized>
         <run_address>0x200051bc</run_address>
         <size>0x4</size>
      </object_component>
      <object_component id="oc-171">
         <name>.common:xPendingReadyList</name>
         <uninitialized>true</uninitialized>
         <run_address>0x20005154</run_address>
         <size>0x14</size>
      </object_component>
      <object_component id="oc-17c">
         <name>.common:xTasksWaitingTermination</name>
         <uninitialized>true</uninitialized>
         <run_address>0x2000517c</run_address>
         <size>0x14</size>
      </object_component>
      <object_component id="oc-17b">
         <name>.common:xSuspendedTaskList</name>
         <uninitialized>true</uninitialized>
         <run_address>0x20005168</run_address>
         <size>0x14</size>
      </object_component>
      <object_component id="oc-15a">
         <name>.common:pcTraceBuffer</name>
         <uninitialized>true</uninitialized>
         <run_address>0x200051ac</run_address>
         <size>0x4</size>
      </object_component>
      <object_component id="oc-15b">
         <name>.common:pcTraceBufferStart</name>
         <uninitialized>true</uninitialized>
         <run_address>0x200051b4</run_address>
         <size>0x4</size>
      </object_component>
      <object_component id="oc-15c">
         <name>.common:pcTraceBufferEnd</name>
         <uninitialized>true</uninitialized>
         <run_address>0x200051b0</run_address>
         <size>0x4</size>
      </object_component>
      <object_component id="oc-2c8">
         <name>.common:xStart</name>
         <uninitialized>true</uninitialized>
         <run_address>0x20005190</run_address>
         <size>0x8</size>
      </object_component>
      <object_component id="oc-27">
         <name>.stack</name>
         <uninitialized>true</uninitialized>
         <run_address>0x200051c8</run_address>
         <size>0x0</size>
         <input_file_ref idref="fl-14e"/>
      </object_component>
      <object_component id="oc-52c">
         <name>.stack</name>
         <uninitialized>true</uninitialized>
         <run_address>0x200051c8</run_address>
         <size>0x0</size>
      </object_component>
      <object_component id="oc-e">
         <name>.debug_info</name>
         <load_address>0x0</load_address>
         <run_address>0x0</run_address>
         <size>0xda</size>
         <input_file_ref idref="fl-b"/>
      </object_component>
      <object_component id="oc-11">
         <name>.debug_info</name>
         <load_address>0xda</load_address>
         <run_address>0xda</run_address>
         <size>0xf3</size>
         <input_file_ref idref="fl-14e"/>
      </object_component>
      <object_component id="oc-19">
         <name>.debug_info</name>
         <load_address>0x1cd</load_address>
         <run_address>0x1cd</run_address>
         <size>0x194</size>
         <input_file_ref idref="fl-14f"/>
      </object_component>
      <object_component id="oc-1c">
         <name>.debug_info</name>
         <load_address>0x361</load_address>
         <run_address>0x361</run_address>
         <size>0x16a</size>
         <input_file_ref idref="fl-151"/>
      </object_component>
      <object_component id="oc-23">
         <name>.debug_info</name>
         <load_address>0x4cb</load_address>
         <run_address>0x4cb</run_address>
         <size>0x18e</size>
         <input_file_ref idref="fl-150"/>
      </object_component>
      <object_component id="oc-29">
         <name>.debug_info</name>
         <load_address>0x659</load_address>
         <run_address>0x659</run_address>
         <size>0x205</size>
         <input_file_ref idref="fl-b"/>
      </object_component>
      <object_component id="oc-2f">
         <name>.debug_info</name>
         <load_address>0x85e</load_address>
         <run_address>0x85e</run_address>
         <size>0x163</size>
         <input_file_ref idref="fl-20"/>
      </object_component>
      <object_component id="oc-34">
         <name>.debug_info</name>
         <load_address>0x9c1</load_address>
         <run_address>0x9c1</run_address>
         <size>0x78c</size>
         <input_file_ref idref="fl-1f"/>
      </object_component>
      <object_component id="oc-3a">
         <name>.debug_info</name>
         <load_address>0x114d</load_address>
         <run_address>0x114d</run_address>
         <size>0x6cf</size>
         <input_file_ref idref="fl-19"/>
      </object_component>
      <object_component id="oc-40">
         <name>.debug_info</name>
         <load_address>0x181c</load_address>
         <run_address>0x181c</run_address>
         <size>0x474</size>
         <input_file_ref idref="fl-6"/>
      </object_component>
      <object_component id="oc-47">
         <name>.debug_info</name>
         <load_address>0x1c90</load_address>
         <run_address>0x1c90</run_address>
         <size>0x23a</size>
         <input_file_ref idref="fl-b"/>
      </object_component>
      <object_component id="oc-4b">
         <name>.debug_info</name>
         <load_address>0x1eca</load_address>
         <run_address>0x1eca</run_address>
         <size>0x13d</size>
         <input_file_ref idref="fl-15f"/>
      </object_component>
      <object_component id="oc-51">
         <name>.debug_info</name>
         <load_address>0x2007</load_address>
         <run_address>0x2007</run_address>
         <size>0x11c</size>
         <input_file_ref idref="fl-15d"/>
      </object_component>
      <object_component id="oc-56">
         <name>.debug_info</name>
         <load_address>0x2123</load_address>
         <run_address>0x2123</run_address>
         <size>0x1c2</size>
         <input_file_ref idref="fl-152"/>
      </object_component>
      <object_component id="oc-5a">
         <name>.debug_info</name>
         <load_address>0x22e5</load_address>
         <run_address>0x22e5</run_address>
         <size>0xbe</size>
         <input_file_ref idref="fl-157"/>
      </object_component>
      <object_component id="oc-5f">
         <name>.debug_info</name>
         <load_address>0x23a3</load_address>
         <run_address>0x23a3</run_address>
         <size>0xcc</size>
         <input_file_ref idref="fl-154"/>
      </object_component>
      <object_component id="oc-63">
         <name>.debug_info</name>
         <load_address>0x246f</load_address>
         <run_address>0x246f</run_address>
         <size>0x46</size>
         <input_file_ref idref="fl-14f"/>
      </object_component>
      <object_component id="oc-68">
         <name>.debug_info</name>
         <load_address>0x24b5</load_address>
         <run_address>0x24b5</run_address>
         <size>0xf2</size>
         <input_file_ref idref="fl-14f"/>
      </object_component>
      <object_component id="oc-6a">
         <name>.debug_info</name>
         <load_address>0x25a7</load_address>
         <run_address>0x25a7</run_address>
         <size>0x46</size>
         <input_file_ref idref="fl-151"/>
      </object_component>
      <object_component id="oc-6f">
         <name>.debug_info</name>
         <load_address>0x25ed</load_address>
         <run_address>0x25ed</run_address>
         <size>0xad</size>
         <input_file_ref idref="fl-151"/>
      </object_component>
      <object_component id="oc-71">
         <name>.debug_info</name>
         <load_address>0x269a</load_address>
         <run_address>0x269a</run_address>
         <size>0x1ef</size>
         <input_file_ref idref="fl-150"/>
      </object_component>
      <object_component id="oc-77">
         <name>.debug_info</name>
         <load_address>0x2889</load_address>
         <run_address>0x2889</run_address>
         <size>0xb7</size>
         <input_file_ref idref="fl-150"/>
      </object_component>
      <object_component id="oc-78">
         <name>.debug_info</name>
         <load_address>0x2940</load_address>
         <run_address>0x2940</run_address>
         <size>0x39</size>
         <input_file_ref idref="fl-150"/>
      </object_component>
      <object_component id="oc-7f">
         <name>.debug_info</name>
         <load_address>0x2979</load_address>
         <run_address>0x2979</run_address>
         <size>0x2e82</size>
         <input_file_ref idref="fl-1d"/>
      </object_component>
      <object_component id="oc-85">
         <name>.debug_info</name>
         <load_address>0x57fb</load_address>
         <run_address>0x57fb</run_address>
         <size>0x330</size>
         <input_file_ref idref="fl-1d"/>
      </object_component>
      <object_component id="oc-89">
         <name>.debug_info</name>
         <load_address>0x5b2b</load_address>
         <run_address>0x5b2b</run_address>
         <size>0xfe</size>
         <input_file_ref idref="fl-1f"/>
      </object_component>
      <object_component id="oc-8c">
         <name>.debug_info</name>
         <load_address>0x5c29</load_address>
         <run_address>0x5c29</run_address>
         <size>0x207</size>
         <input_file_ref idref="fl-1f"/>
      </object_component>
      <object_component id="oc-8d">
         <name>.debug_info</name>
         <load_address>0x5e30</load_address>
         <run_address>0x5e30</run_address>
         <size>0x2c</size>
         <input_file_ref idref="fl-3"/>
      </object_component>
      <object_component id="oc-92">
         <name>.debug_info</name>
         <load_address>0x5e5c</load_address>
         <run_address>0x5e5c</run_address>
         <size>0x84</size>
         <input_file_ref idref="fl-2"/>
      </object_component>
      <object_component id="oc-98">
         <name>.debug_info</name>
         <load_address>0x5ee0</load_address>
         <run_address>0x5ee0</run_address>
         <size>0x171</size>
         <input_file_ref idref="fl-175"/>
      </object_component>
      <object_component id="oc-9e">
         <name>.debug_info</name>
         <load_address>0x6051</load_address>
         <run_address>0x6051</run_address>
         <size>0x189</size>
         <input_file_ref idref="fl-175"/>
      </object_component>
      <object_component id="oc-a7">
         <name>.debug_info</name>
         <load_address>0x61da</load_address>
         <run_address>0x61da</run_address>
         <size>0x363</size>
         <input_file_ref idref="fl-170"/>
      </object_component>
      <object_component id="oc-aa">
         <name>.debug_info</name>
         <load_address>0x653d</load_address>
         <run_address>0x653d</run_address>
         <size>0x1f3</size>
         <input_file_ref idref="fl-174"/>
      </object_component>
      <object_component id="oc-b0">
         <name>.debug_info</name>
         <load_address>0x6730</load_address>
         <run_address>0x6730</run_address>
         <size>0x1f5</size>
         <input_file_ref idref="fl-174"/>
      </object_component>
      <object_component id="oc-b6">
         <name>.debug_info</name>
         <load_address>0x6925</load_address>
         <run_address>0x6925</run_address>
         <size>0x1e3</size>
         <input_file_ref idref="fl-174"/>
      </object_component>
      <object_component id="oc-bc">
         <name>.debug_info</name>
         <load_address>0x6b08</load_address>
         <run_address>0x6b08</run_address>
         <size>0x1f1</size>
         <input_file_ref idref="fl-174"/>
      </object_component>
      <object_component id="oc-c5">
         <name>.debug_info</name>
         <load_address>0x6cf9</load_address>
         <run_address>0x6cf9</run_address>
         <size>0x1e3</size>
         <input_file_ref idref="fl-16e"/>
      </object_component>
      <object_component id="oc-cb">
         <name>.debug_info</name>
         <load_address>0x6edc</load_address>
         <run_address>0x6edc</run_address>
         <size>0x1f1</size>
         <input_file_ref idref="fl-16e"/>
      </object_component>
      <object_component id="oc-ce">
         <name>.debug_info</name>
         <load_address>0x70cd</load_address>
         <run_address>0x70cd</run_address>
         <size>0xde</size>
         <input_file_ref idref="fl-19"/>
      </object_component>
      <object_component id="oc-d1">
         <name>.debug_info</name>
         <load_address>0x71ab</load_address>
         <run_address>0x71ab</run_address>
         <size>0x4b8</size>
         <input_file_ref idref="fl-19"/>
      </object_component>
      <object_component id="oc-d4">
         <name>.debug_info</name>
         <load_address>0x7663</load_address>
         <run_address>0x7663</run_address>
         <size>0x2c</size>
         <input_file_ref idref="fl-3"/>
      </object_component>
      <object_component id="oc-da">
         <name>.debug_info</name>
         <load_address>0x768f</load_address>
         <run_address>0x768f</run_address>
         <size>0x1deb</size>
         <input_file_ref idref="fl-1c"/>
      </object_component>
      <object_component id="oc-e0">
         <name>.debug_info</name>
         <load_address>0x947a</load_address>
         <run_address>0x947a</run_address>
         <size>0x8e6</size>
         <input_file_ref idref="fl-3"/>
      </object_component>
      <object_component id="oc-e6">
         <name>.debug_info</name>
         <load_address>0x9d60</load_address>
         <run_address>0x9d60</run_address>
         <size>0x128</size>
         <input_file_ref idref="fl-6"/>
      </object_component>
      <object_component id="oc-e9">
         <name>.debug_info</name>
         <load_address>0x9e88</load_address>
         <run_address>0x9e88</run_address>
         <size>0x5e8</size>
         <input_file_ref idref="fl-6"/>
      </object_component>
      <object_component id="oc-f0">
         <name>.debug_info</name>
         <load_address>0xa470</load_address>
         <run_address>0xa470</run_address>
         <size>0x1e5</size>
         <input_file_ref idref="fl-16f"/>
      </object_component>
      <object_component id="oc-f6">
         <name>.debug_info</name>
         <load_address>0xa655</load_address>
         <run_address>0xa655</run_address>
         <size>0x1f6</size>
         <input_file_ref idref="fl-16f"/>
      </object_component>
      <object_component id="oc-fc">
         <name>.debug_info</name>
         <load_address>0xa84b</load_address>
         <run_address>0xa84b</run_address>
         <size>0x219</size>
         <input_file_ref idref="fl-170"/>
      </object_component>
      <object_component id="oc-ff">
         <name>.debug_info</name>
         <load_address>0xaa64</load_address>
         <run_address>0xaa64</run_address>
         <size>0xd8</size>
         <input_file_ref idref="fl-7"/>
      </object_component>
      <object_component id="oc-102">
         <name>.debug_info</name>
         <load_address>0xab3c</load_address>
         <run_address>0xab3c</run_address>
         <size>0x7bf</size>
         <input_file_ref idref="fl-7"/>
      </object_component>
      <object_component id="oc-105">
         <name>.debug_info</name>
         <load_address>0xb2fb</load_address>
         <run_address>0xb2fb</run_address>
         <size>0x162</size>
         <input_file_ref idref="fl-7"/>
      </object_component>
      <object_component id="oc-108">
         <name>.debug_info</name>
         <load_address>0xb45d</load_address>
         <run_address>0xb45d</run_address>
         <size>0x82b</size>
         <input_file_ref idref="fl-3"/>
      </object_component>
      <object_component id="oc-110">
         <name>.debug_info</name>
         <load_address>0xbc88</load_address>
         <run_address>0xbc88</run_address>
         <size>0x14b</size>
         <input_file_ref idref="fl-160"/>
      </object_component>
      <object_component id="oc-115">
         <name>.debug_info</name>
         <load_address>0xbdd3</load_address>
         <run_address>0xbdd3</run_address>
         <size>0xe5f</size>
         <input_file_ref idref="fl-8"/>
      </object_component>
      <object_component id="oc-11b">
         <name>.debug_info</name>
         <load_address>0xcc32</load_address>
         <run_address>0xcc32</run_address>
         <size>0x11b</size>
         <input_file_ref idref="fl-15d"/>
      </object_component>
      <object_component id="oc-11d">
         <name>.debug_info</name>
         <load_address>0xcd4d</load_address>
         <run_address>0xcd4d</run_address>
         <size>0xc8</size>
         <input_file_ref idref="fl-15b"/>
      </object_component>
      <object_component id="oc-120">
         <name>.debug_info</name>
         <load_address>0xce15</load_address>
         <run_address>0xce15</run_address>
         <size>0xeb</size>
         <input_file_ref idref="fl-152"/>
      </object_component>
      <object_component id="oc-123">
         <name>.debug_info</name>
         <load_address>0xcf00</load_address>
         <run_address>0xcf00</run_address>
         <size>0x146</size>
         <input_file_ref idref="fl-152"/>
      </object_component>
      <object_component id="oc-128">
         <name>.debug_info</name>
         <load_address>0xd046</load_address>
         <run_address>0xd046</run_address>
         <size>0x2c</size>
         <input_file_ref idref="fl-14f"/>
      </object_component>
      <object_component id="oc-12f">
         <name>.debug_info</name>
         <load_address>0xd072</load_address>
         <run_address>0xd072</run_address>
         <size>0x2c</size>
         <input_file_ref idref="fl-3"/>
      </object_component>
      <object_component id="oc-13a">
         <name>.debug_info</name>
         <load_address>0xd09e</load_address>
         <run_address>0xd09e</run_address>
         <size>0x4e6</size>
         <input_file_ref idref="fl-1b"/>
      </object_component>
      <object_component id="oc-140">
         <name>.debug_info</name>
         <load_address>0xd584</load_address>
         <run_address>0xd584</run_address>
         <size>0xe9</size>
         <input_file_ref idref="fl-1d"/>
      </object_component>
      <object_component id="oc-143">
         <name>.debug_info</name>
         <load_address>0xd66d</load_address>
         <run_address>0xd66d</run_address>
         <size>0x835</size>
         <input_file_ref idref="fl-1d"/>
      </object_component>
      <object_component id="oc-14d">
         <name>.debug_info</name>
         <load_address>0xdea2</load_address>
         <run_address>0xdea2</run_address>
         <size>0x189</size>
         <input_file_ref idref="fl-158"/>
      </object_component>
      <object_component id="oc-151">
         <name>.debug_info</name>
         <load_address>0xe02b</load_address>
         <run_address>0xe02b</run_address>
         <size>0x1a0</size>
         <input_file_ref idref="fl-153"/>
      </object_component>
      <object_component id="oc-15f">
         <name>.debug_info</name>
         <load_address>0xe1cb</load_address>
         <run_address>0xe1cb</run_address>
         <size>0x182</size>
         <input_file_ref idref="fl-15a"/>
      </object_component>
      <object_component id="oc-167">
         <name>.debug_info</name>
         <load_address>0xe34d</load_address>
         <run_address>0xe34d</run_address>
         <size>0x7fa</size>
         <input_file_ref idref="fl-1e"/>
      </object_component>
      <object_component id="oc-16d">
         <name>.debug_info</name>
         <load_address>0xeb47</load_address>
         <run_address>0xeb47</run_address>
         <size>0xfc</size>
         <input_file_ref idref="fl-155"/>
      </object_component>
      <object_component id="oc-173">
         <name>.debug_info</name>
         <load_address>0xec43</load_address>
         <run_address>0xec43</run_address>
         <size>0x2b5</size>
         <input_file_ref idref="fl-156"/>
      </object_component>
      <object_component id="oc-17e">
         <name>.debug_info</name>
         <load_address>0xeef8</load_address>
         <run_address>0xeef8</run_address>
         <size>0xe3</size>
         <input_file_ref idref="fl-1d"/>
      </object_component>
      <object_component id="oc-181">
         <name>.debug_info</name>
         <load_address>0xefdb</load_address>
         <run_address>0xefdb</run_address>
         <size>0x16d</size>
         <input_file_ref idref="fl-3"/>
      </object_component>
      <object_component id="oc-186">
         <name>.debug_info</name>
         <load_address>0xf148</load_address>
         <run_address>0xf148</run_address>
         <size>0x2c</size>
         <input_file_ref idref="fl-3"/>
      </object_component>
      <object_component id="oc-191">
         <name>.debug_info</name>
         <load_address>0xf174</load_address>
         <run_address>0xf174</run_address>
         <size>0x14c</size>
         <input_file_ref idref="fl-3"/>
      </object_component>
      <object_component id="oc-19a">
         <name>.debug_info</name>
         <load_address>0xf2c0</load_address>
         <run_address>0xf2c0</run_address>
         <size>0x18b</size>
         <input_file_ref idref="fl-16e"/>
      </object_component>
      <object_component id="oc-19f">
         <name>.debug_info</name>
         <load_address>0xf44b</load_address>
         <run_address>0xf44b</run_address>
         <size>0x226</size>
         <input_file_ref idref="fl-170"/>
      </object_component>
      <object_component id="oc-1a1">
         <name>.debug_info</name>
         <load_address>0xf671</load_address>
         <run_address>0xf671</run_address>
         <size>0x1d7</size>
         <input_file_ref idref="fl-174"/>
      </object_component>
      <object_component id="oc-1a4">
         <name>.debug_info</name>
         <load_address>0xf848</load_address>
         <run_address>0xf848</run_address>
         <size>0x90</size>
         <input_file_ref idref="fl-16e"/>
      </object_component>
      <object_component id="oc-1ab">
         <name>.debug_info</name>
         <load_address>0xf8d8</load_address>
         <run_address>0xf8d8</run_address>
         <size>0x1ce</size>
         <input_file_ref idref="fl-16e"/>
      </object_component>
      <object_component id="oc-1b1">
         <name>.debug_info</name>
         <load_address>0xfaa6</load_address>
         <run_address>0xfaa6</run_address>
         <size>0x60f</size>
         <input_file_ref idref="fl-3"/>
      </object_component>
      <object_component id="oc-1b6">
         <name>.debug_info</name>
         <load_address>0x100b5</load_address>
         <run_address>0x100b5</run_address>
         <size>0x6c8</size>
         <input_file_ref idref="fl-3"/>
      </object_component>
      <object_component id="oc-1bc">
         <name>.debug_info</name>
         <load_address>0x1077d</load_address>
         <run_address>0x1077d</run_address>
         <size>0xe4</size>
         <input_file_ref idref="fl-1c"/>
      </object_component>
      <object_component id="oc-1bf">
         <name>.debug_info</name>
         <load_address>0x10861</load_address>
         <run_address>0x10861</run_address>
         <size>0x174</size>
         <input_file_ref idref="fl-1c"/>
      </object_component>
      <object_component id="oc-1c4">
         <name>.debug_info</name>
         <load_address>0x109d5</load_address>
         <run_address>0x109d5</run_address>
         <size>0x5b3</size>
         <input_file_ref idref="fl-1c"/>
      </object_component>
      <object_component id="oc-1c5">
         <name>.debug_info</name>
         <load_address>0x10f88</load_address>
         <run_address>0x10f88</run_address>
         <size>0x110</size>
         <input_file_ref idref="fl-1b"/>
      </object_component>
      <object_component id="oc-1cb">
         <name>.debug_info</name>
         <load_address>0x11098</load_address>
         <run_address>0x11098</run_address>
         <size>0x9ec</size>
         <input_file_ref idref="fl-4"/>
      </object_component>
      <object_component id="oc-1d1">
         <name>.debug_info</name>
         <load_address>0x11a84</load_address>
         <run_address>0x11a84</run_address>
         <size>0x78d</size>
         <input_file_ref idref="fl-5"/>
      </object_component>
      <object_component id="oc-1da">
         <name>.debug_info</name>
         <load_address>0x12211</load_address>
         <run_address>0x12211</run_address>
         <size>0x21e</size>
         <input_file_ref idref="fl-16f"/>
      </object_component>
      <object_component id="oc-1e0">
         <name>.debug_info</name>
         <load_address>0x1242f</load_address>
         <run_address>0x1242f</run_address>
         <size>0x1e3</size>
         <input_file_ref idref="fl-16f"/>
      </object_component>
      <object_component id="oc-1e6">
         <name>.debug_info</name>
         <load_address>0x12612</load_address>
         <run_address>0x12612</run_address>
         <size>0x1e1</size>
         <input_file_ref idref="fl-170"/>
      </object_component>
      <object_component id="oc-1ec">
         <name>.debug_info</name>
         <load_address>0x127f3</load_address>
         <run_address>0x127f3</run_address>
         <size>0x1f8</size>
         <input_file_ref idref="fl-16f"/>
      </object_component>
      <object_component id="oc-1f2">
         <name>.debug_info</name>
         <load_address>0x129eb</load_address>
         <run_address>0x129eb</run_address>
         <size>0x1f0</size>
         <input_file_ref idref="fl-16f"/>
      </object_component>
      <object_component id="oc-1f8">
         <name>.debug_info</name>
         <load_address>0x12bdb</load_address>
         <run_address>0x12bdb</run_address>
         <size>0x228</size>
         <input_file_ref idref="fl-172"/>
      </object_component>
      <object_component id="oc-1fb">
         <name>.debug_info</name>
         <load_address>0x12e03</load_address>
         <run_address>0x12e03</run_address>
         <size>0x1e4</size>
         <input_file_ref idref="fl-174"/>
      </object_component>
      <object_component id="oc-201">
         <name>.debug_info</name>
         <load_address>0x12fe7</load_address>
         <run_address>0x12fe7</run_address>
         <size>0x1dd</size>
         <input_file_ref idref="fl-174"/>
      </object_component>
      <object_component id="oc-209">
         <name>.debug_info</name>
         <load_address>0x131c4</load_address>
         <run_address>0x131c4</run_address>
         <size>0x217</size>
         <input_file_ref idref="fl-172"/>
      </object_component>
      <object_component id="oc-210">
         <name>.debug_info</name>
         <load_address>0x133db</load_address>
         <run_address>0x133db</run_address>
         <size>0x21a</size>
         <input_file_ref idref="fl-172"/>
      </object_component>
      <object_component id="oc-216">
         <name>.debug_info</name>
         <load_address>0x135f5</load_address>
         <run_address>0x135f5</run_address>
         <size>0x25a</size>
         <input_file_ref idref="fl-172"/>
      </object_component>
      <object_component id="oc-21b">
         <name>.debug_info</name>
         <load_address>0x1384f</load_address>
         <run_address>0x1384f</run_address>
         <size>0x1da</size>
         <input_file_ref idref="fl-172"/>
      </object_component>
      <object_component id="oc-223">
         <name>.debug_info</name>
         <load_address>0x13a29</load_address>
         <run_address>0x13a29</run_address>
         <size>0x141</size>
         <input_file_ref idref="fl-3"/>
      </object_component>
      <object_component id="oc-228">
[...]
         <value>0x26bf</value>
         <object_component_ref idref="oc-7e"/>
      </symbol>
      <symbol id="sm-bd7">
         <name>xTaskGetTickCount</name>
         <value>0x278d</value>
         <object_component_ref idref="oc-7e"/>
      </symbol>
      <symbol id="sm-bd8">
         <name>xTaskGenericCreate</name>
         <value>0x2111</value>
         <object_component_ref idref="oc-7e"/>
      </symbol>
      <symbol id="sm-bd9">
         <name>vTaskDelete</name>
         <value>0x222d</value>
         <object_component_ref idref="oc-7e"/>
      </symbol>
      <symbol id="sm-bda">
         <name>pxCurrentTCB</name>
         <value>0x2000549c</value>
         <object_component_ref idref="oc-84"/>
      </symbol>
      <symbol id="sm-bdb">
         <name>vTaskSuspend</name>
         <value>0x24cd</value>
         <object_component_ref idref="oc-7e"/>
      </symbol>
      <symbol id="sm-bdc">
         <name>vTaskResume</name>
         <value>0x2575</value>
         <object_component_ref idref="oc-7e"/>
      </symbol>
      <symbol id="sm-bdd">
         <name>vTaskSetTimeOutState</name>
         <value>0x2b81</value>
         <object_component_ref idref="oc-7e"/>
      </symbol>
      <symbol id="sm-bde">
         <name>vTaskIncrementTick</name>
         <value>0x28ad</value>
         <object_component_ref idref="oc-7e"/>
      </symbol>
      <symbol id="sm-bdf">
         <name>vTaskSwitchContext</name>
         <value>0x2959</value>
         <object_component_ref idref="oc-7e"/>
      </symbol>
      <symbol id="sm-be0">
         <name>xTaskResumeFromISR</name>
         <value>0x25e5</value>
         <object_component_ref idref="oc-7e"/>
      </symbol>
      <symbol id="sm-be1">
         <name>ulTaskEndTrace</name>
         <value>0x2879</value>
         <object_component_ref idref="oc-7e"/>
      </symbol>
      <symbol id="sm-be2">
         <name>xTaskGetCurrentTaskHandle</name>
         <value>0x2ec1</value>
         <object_component_ref idref="oc-7e"/>
      </symbol>
      <symbol id="sm-be3">
         <name>xTaskRemoveFromEventList</name>
         <value>0x2afd</value>
         <object_component_ref idref="oc-7e"/>
      </symbol>
      <symbol id="sm-be4">
         <name>xTaskIsTaskSuspended</name>
         <value>0x2525</value>
         <object_component_ref idref="oc-7e"/>
      </symbol>
      <symbol id="sm-c38">
         <name>vPortInitialiseBlocks</name>
         <value>0x8b67</value>
         <object_component_ref idref="oc-166"/>
      </symbol>
      <symbol id="sm-c39">
         <name>xPortGetFreeHeapSize</name>
         <value>0x8b5b</value>
         <object_component_ref idref="oc-166"/>
      </symbol>
      <symbol id="sm-c3a">
         <name>pvPortMalloc</name>
         <value>0x89f5</value>
         <object_component_ref idref="oc-166"/>
      </symbol>
      <symbol id="sm-c3b">
         <name>vPortFree</name>
         <value>0x8b05</value>
         <object_component_ref idref="oc-166"/>
      </symbol>
      <symbol id="sm-c3c">
         <name>xPortGetMinimumEverFreeHeapSize</name>
         <value>0x8b61</value>
         <object_component_ref idref="oc-166"/>
      </symbol>
      <symbol id="sm-c5f">
         <name>vPortEndScheduler</name>
         <value>0xa55d</value>
         <object_component_ref idref="oc-33"/>
      </symbol>
      <symbol id="sm-c60">
         <name>xPortSysTickHandler</name>
         <value>0xa58f</value>
         <object_component_ref idref="oc-33"/>
      </symbol>
      <symbol id="sm-c61">
         <name>vPortYieldFromISR</name>
         <value>0xa55f</value>
         <object_component_ref idref="oc-33"/>
      </symbol>
      <symbol id="sm-c62">
         <name>pxPortInitialiseStack</name>
         <value>0xa4ed</value>
         <object_component_ref idref="oc-33"/>
      </symbol>
      <symbol id="sm-c63">
         <name>vPortExitCritical</name>
         <value>0xa579</value>
         <object_component_ref idref="oc-33"/>
      </symbol>
      <symbol id="sm-c64">
         <name>xPortStartScheduler</name>
         <value>0xa535</value>
         <object_component_ref idref="oc-33"/>
      </symbol>
      <symbol id="sm-c65">
         <name>vPortEnterCritical</name>
         <value>0xa569</value>
         <object_component_ref idref="oc-33"/>
      </symbol>
      <symbol id="sm-c76">
         <name>vPortStartFirstTask</name>
         <value>0xa809</value>
         <object_component_ref idref="oc-2e"/>
      </symbol>
      <symbol id="sm-c77">
         <name>xPortPendSVHandler</name>
         <value>0xa7ad</value>
         <object_component_ref idref="oc-2e"/>
      </symbol>
      <symbol id="sm-c78">
         <name>vPortClearInterruptMask</name>
         <value>0xa79f</value>
         <object_component_ref idref="oc-2e"/>
      </symbol>
      <symbol id="sm-c79">
         <name>vPortSetInterruptMask</name>
         <value>0xa791</value>
         <object_component_ref idref="oc-2e"/>
      </symbol>
      <symbol id="sm-c7a">
         <name>vPortSVCHandler</name>
         <value>0xa7e9</value>
         <object_component_ref idref="oc-2e"/>
      </symbol>
      <symbol id="sm-c8a">
         <name>_c_int00</name>
         <value>0xacdd</value>
         <object_component_ref idref="oc-10"/>
      </symbol>
      <symbol id="sm-c8b">
         <name>__stack</name>
         <value>0x200051c8</value>
         <object_component_ref idref="oc-27"/>
      </symbol>
      <symbol id="sm-ca2">
         <name>__TI_decompress_none</name>
         <value>0xb135</value>
         <object_component_ref idref="oc-15"/>
      </symbol>
      <symbol id="sm-cc6">
         <name>__TI_decompress_rle24</name>
         <value>0xb1ab</value>
         <object_component_ref idref="oc-21"/>
      </symbol>
      <symbol id="sm-cda">
         <name>__TI_zero_init</name>
         <value>0xb0a9</value>
         <object_component_ref idref="oc-1b"/>
      </symbol>
      <symbol id="sm-cf9">
         <name>C$$EXIT</name>
         <value>0xadb1</value>
         <object_component_ref idref="oc-53"/>
      </symbol>
      <symbol id="sm-cfa">
         <name>abort</name>
         <value>0xadb5</value>
         <object_component_ref idref="oc-53"/>
      </symbol>
      <symbol id="sm-cfb">
         <name>exit</name>
         <value>0xadbd</value>
         <object_component_ref idref="oc-53"/>
      </symbol>
      <symbol id="sm-cfc">
         <name>__TI_dtors_ptr</name>
         <value>0x20005528</value>
         <object_component_ref idref="oc-11f"/>
      </symbol>
      <symbol id="sm-cfd">
         <name>__TI_cleanup_ptr</name>
         <value>0x20005524</value>
         <object_component_ref idref="oc-11f"/>
      </symbol>
      <symbol id="sm-d0d">
         <name>memcmp</name>
         <value>0xaf5b</value>
         <object_component_ref idref="oc-150"/>
      </symbol>
      <symbol id="sm-d28">
         <name>memcpy</name>
         <value>0xa5d1</value>
         <object_component_ref idref="oc-5d"/>
      </symbol>
      <symbol id="sm-d29">
         <name>__aeabi_memcpy</name>
         <value>0xa5d1</value>
         <object_component_ref idref="oc-5d"/>
      </symbol>
      <symbol id="sm-d2a">
         <name>__aeabi_memcpy8</name>
         <value>0xa5d1</value>
         <object_component_ref idref="oc-5d"/>
      </symbol>
      <symbol id="sm-d2b">
         <name>__aeabi_memcpy4</name>
         <value>0xa5d1</value>
         <object_component_ref idref="oc-5d"/>
      </symbol>
      <symbol id="sm-d3a">
         <name>__aeabi_memset</name>
         <value>0xa9a7</value>
         <object_component_ref idref="oc-16c"/>
      </symbol>
      <symbol id="sm-d3b">
         <name>memset</name>
         <value>0xa9ad</value>
         <object_component_ref idref="oc-16c"/>
      </symbol>
      <symbol id="sm-d3c">
         <name>__aeabi_memset8</name>
         <value>0xa9a7</value>
         <object_component_ref idref="oc-16c"/>
      </symbol>
      <symbol id="sm-d3d">
         <name>__aeabi_memset4</name>
         <value>0xa9a7</value>
         <object_component_ref idref="oc-16c"/>
      </symbol>
      <symbol id="sm-d3e">
         <name>__aeabi_memclr8</name>
         <value>0xa9a5</value>
         <object_component_ref idref="oc-16c"/>
      </symbol>
      <symbol id="sm-d3f">
         <name>__aeabi_memclr4</name>
         <value>0xa9a5</value>
         <object_component_ref idref="oc-16c"/>
      </symbol>
      <symbol id="sm-d40">
         <name>__aeabi_memclr</name>
         <value>0xa9a5</value>
         <object_component_ref idref="oc-16c"/>
      </symbol>
      <symbol id="sm-d59">
         <name>sprintf</name>
         <value>0xaa7d</value>
         <object_component_ref idref="oc-172"/>
      </symbol>
      <symbol id="sm-d61">
         <name>main_func_sp</name>
         <value>0x20005534</value>
         <object_component_ref idref="oc-59"/>
      </symbol>
      <symbol id="sm-d71">
         <name>strcat</name>
         <value>0xafb7</value>
         <object_component_ref idref="oc-149"/>
      </symbol>
      <symbol id="sm-d7f">
         <name>strlen</name>
         <value>0xb029</value>
         <object_component_ref idref="oc-318"/>
      </symbol>
      <symbol id="sm-d8f">
         <name>strncpy</name>
         <value>0xaeb1</value>
         <object_component_ref idref="oc-15e"/>
      </symbol>
      <symbol id="sm-da8">
         <name>_nop</name>
         <value>0xb023</value>
         <object_component_ref idref="oc-298"/>
      </symbol>
      <symbol id="sm-da9">
         <name>_lock</name>
         <value>0x2000551c</value>
         <object_component_ref idref="oc-11c"/>
      </symbol>
      <symbol id="sm-daa">
         <name>_unlock</name>
         <value>0x20005520</value>
         <object_component_ref idref="oc-11c"/>
      </symbol>
      <symbol id="sm-dab">
         <name>_register_lock</name>
         <value>0xb01b</value>
         <object_component_ref idref="oc-298"/>
      </symbol>
      <symbol id="sm-dac">
         <name>_register_unlock</name>
         <value>0xb015</value>
         <object_component_ref idref="oc-298"/>
      </symbol>
      <symbol id="sm-e98">
         <name>__TI_printfi</name>
         <value>0x4a7f</value>
         <object_component_ref idref="oc-2cb"/>
      </symbol>
      <symbol id="sm-eac">
         <name>_args_main</name>
         <value>0xafd1</value>
         <object_component_ref idref="oc-4d"/>
      </symbol>
      <symbol id="sm-ec2">
         <name>atoi</name>
         <value>0xac49</value>
         <object_component_ref idref="oc-3ef"/>
      </symbol>
      <symbol id="sm-edf">
         <name>__TI_auto_init</name>
         <value>0xa66d</value>
         <object_component_ref idref="oc-48"/>
      </symbol>
      <symbol id="sm-ef8">
         <name>copy_in</name>
         <value>0xad6d</value>
         <object_component_ref idref="oc-10d"/>
      </symbol>
      <symbol id="sm-f03">
         <name>_ctypes_</name>
         <value>0xb1b8</value>
         <object_component_ref idref="oc-4ba"/>
      </symbol>
      <symbol id="sm-f1a">
         <name>__aeabi_dsub</name>
         <value>0x983d</value>
         <object_component_ref idref="oc-3de"/>
      </symbol>
      <symbol id="sm-f1b">
         <name>__aeabi_dadd</name>
         <value>0x9847</value>
         <object_component_ref idref="oc-3de"/>
      </symbol>
      <symbol id="sm-f3d">
         <name>__aeabi_cdcmpeq</name>
         <value>0xa817</value>
         <object_component_ref idref="oc-3ba"/>
      </symbol>
      <symbol id="sm-f3e">
         <name>__aeabi_cdcmple</name>
         <value>0xa817</value>
         <object_component_ref idref="oc-3ba"/>
      </symbol>
      <symbol id="sm-f3f">
         <name>__aeabi_cdrcmple</name>
         <value>0xa89d</value>
         <object_component_ref idref="oc-3c9"/>
      </symbol>
      <symbol id="sm-f53">
         <name>__aeabi_ddiv</name>
         <value>0x99f3</value>
         <object_component_ref idref="oc-3c4"/>
      </symbol>
      <symbol id="sm-f5e">
         <name>__aeabi_dmul</name>
         <value>0xa301</value>
         <object_component_ref idref="oc-3bf"/>
      </symbol>
      <symbol id="sm-f68">
         <name>__aeabi_d2iz</name>
         <value>0xad25</value>
         <object_component_ref idref="oc-3ce"/>
      </symbol>
      <symbol id="sm-f72">
         <name>__aeabi_i2d</name>
         <value>0xaee1</value>
         <object_component_ref idref="oc-3d9"/>
      </symbol>
      <symbol id="sm-f7b">
         <name>__aeabi_lmul</name>
         <value>0xafe9</value>
         <object_component_ref idref="oc-3b5"/>
      </symbol>
      <symbol id="sm-f8a">
         <name>ltoa</name>
         <value>0xab99</value>
         <object_component_ref idref="oc-3d3"/>
      </symbol>
      <symbol id="sm-f9a">
         <name>memccpy</name>
         <value>0xaf9b</value>
         <object_component_ref idref="oc-3e9"/>
      </symbol>
      <symbol id="sm-fb6">
         <name>__aeabi_uldivmod</name>
         <value>0x9649</value>
         <object_component_ref idref="oc-3b0"/>
      </symbol>
      <symbol id="sm-fc0">
         <name>_Dclass</name>
         <value>0xb0bb</value>
         <object_component_ref idref="oc-3e3"/>
      </symbol>
      <symbol id="sm-fd2">
         <name>_Dtest</name>
         <value>0xadf5</value>
         <object_component_ref idref="oc-4b1"/>
      </symbol>
      <symbol id="sm-ff1">
         <name>UARTIntClear</name>
         <value>0xb1b5</value>
         <object_component_ref idref="oc-c7"/>
      </symbol>
      <symbol id="sm-ff2">
         <name>UARTIntStatus</name>
         <value>0xb187</value>
         <object_component_ref idref="oc-c1"/>
      </symbol>
      <symbol id="sm-102f">
         <name>TimerLoadSet</name>
         <value>0xb097</value>
         <object_component_ref idref="oc-1d6"/>
      </symbol>
      <symbol id="sm-1030">
         <name>TimerDisable</name>
         <value>0xb001</value>
         <object_component_ref idref="oc-ec"/>
      </symbol>
      <symbol id="sm-1031">
         <name>TimerEnable</name>
         <value>0xb127</value>
         <object_component_ref idref="oc-1dc"/>
      </symbol>
      <symbol id="sm-1032">
         <name>TimerIntEnable</name>
         <value>0xb191</value>
         <object_component_ref idref="oc-1e8"/>
      </symbol>
      <symbol id="sm-1033">
         <name>TimerConfigure</name>
         <value>0xab3d</value>
         <object_component_ref idref="oc-1ee"/>
      </symbol>
      <symbol id="sm-1034">
         <name>TimerIntClear</name>
         <value>0xb1b1</value>
         <object_component_ref idref="oc-f2"/>
      </symbol>
      <symbol id="sm-108f">
         <name>SysCtlClockSet</name>
         <value>0xa3fd</value>
         <object_component_ref idref="oc-a3"/>
      </symbol>
      <symbol id="sm-1090">
         <name>SysCtlDelay</name>
         <value>0xb1a5</value>
         <object_component_ref idref="oc-198"/>
      </symbol>
      <symbol id="sm-1091">
         <name>SysCtlPeripheralEnable</name>
         <value>0xae7d</value>
         <object_component_ref idref="oc-1e2"/>
      </symbol>
      <symbol id="sm-1092">
         <name>SysCtlClockGet</name>
         <value>0x9fd9</value>
         <object_component_ref idref="oc-f8"/>
      </symbol>
      <symbol id="sm-10bc">
         <name>SSIDataGetNonBlocking</name>
         <value>0xb085</value>
         <object_component_ref idref="oc-467"/>
      </symbol>
      <symbol id="sm-10bd">
         <name>SSIDataPutNonBlocking</name>
         <value>0xb119</value>
         <object_component_ref idref="oc-461"/>
      </symbol>
      <symbol id="sm-10be">
         <name>SSIConfigSetExpClk</name>
         <value>0xae39</value>
         <object_component_ref idref="oc-437"/>
      </symbol>
      <symbol id="sm-10bf">
         <name>SSIEnable</name>
         <value>0xb17d</value>
         <object_component_ref idref="oc-43d"/>
      </symbol>
      <symbol id="sm-10ec">
         <name>PWMGenPeriodSet</name>
         <value>0xb0ed</value>
         <object_component_ref idref="oc-20c"/>
      </symbol>
      <symbol id="sm-10ed">
         <name>PWMPulseWidthSet</name>
         <value>0xaf7d</value>
         <object_component_ref idref="oc-212"/>
      </symbol>
      <symbol id="sm-10ee">
         <name>PWMOutputState</name>
         <value>0xb073</value>
         <object_component_ref idref="oc-1f4"/>
      </symbol>
      <symbol id="sm-10ef">
         <name>PWMGenEnable</name>
         <value>0xb15b</value>
         <object_component_ref idref="oc-218"/>
      </symbol>
      <symbol id="sm-10f0">
         <name>PWMGenConfigure</name>
         <value>0xaf39</value>
         <object_component_ref idref="oc-206"/>
      </symbol>
      <symbol id="sm-111e">
         <name>IntEnable</name>
         <value>0xaa1d</value>
         <object_component_ref idref="oc-44f"/>
      </symbol>
      <symbol id="sm-111f">
         <name>IntMasterEnable</name>
         <value>0xb173</value>
         <object_component_ref idref="oc-455"/>
      </symbol>
      <symbol id="sm-1197">
         <name>GPIOPinTypePWM</name>
         <value>0xb04f</value>
         <object_component_ref idref="oc-200"/>
      </symbol>
      <symbol id="sm-1198">
         <name>GPIOPinConfigure</name>
         <value>0xac95</value>
         <object_component_ref idref="oc-1fa"/>
      </symbol>
      <symbol id="sm-1199">
         <name>GPIOIntDisable</name>
         <value>0xb0fd</value>
         <object_component_ref idref="oc-af"/>
      </symbol>
      <symbol id="sm-119a">
         <name>GPIOIntEnable</name>
         <value>0xb14f</value>
         <object_component_ref idref="oc-a9"/>
      </symbol>
      <symbol id="sm-119b">
         <name>GPIOIntTypeSet</name>
         <value>0xabf3</value>
         <object_component_ref idref="oc-449"/>
      </symbol>
      <symbol id="sm-119c">
         <name>GPIOPinTypeGPIOInput</name>
         <value>0xb03d</value>
         <object_component_ref idref="oc-443"/>
      </symbol>
      <symbol id="sm-119d">
         <name>GPIOIntClear</name>
         <value>0xb199</value>
         <object_component_ref idref="oc-bb"/>
      </symbol>
      <symbol id="sm-119e">
         <name>GPIOIntStatus</name>
         <value>0xb10b</value>
         <object_component_ref idref="oc-b5"/>
      </symbol>
      <symbol id="sm-119f">
         <name>GPIODirModeSet</name>
         <value>0xaf0f</value>
         <object_component_ref idref="oc-2fc"/>
      </symbol>
      <symbol id="sm-11a0">
         <name>GPIOPinWrite</name>
         <value>0xb19f</value>
         <object_component_ref idref="oc-45b"/>
      </symbol>
      <symbol id="sm-11a1">
         <name>GPIOPadConfigSet</name>
         <value>0x9b29</value>
         <object_component_ref idref="oc-302"/>
      </symbol>
      <symbol id="sm-11a2">
         <name>GPIOPinTypeSSI</name>
         <value>0xb061</value>
         <object_component_ref idref="oc-431"/>
      </symbol>
      <symbol id="sm-11b8">
         <name>FPULazyStackingEnable</name>
         <value>0xb0dd</value>
         <object_component_ref idref="oc-9d"/>
      </symbol>
      <symbol id="sm-11b9">
         <name>FPUEnable</name>
         <value>0xb0cd</value>
         <object_component_ref idref="oc-97"/>
      </symbol>
      <symbol id="sm-11c3">
         <name>CPUcpsie</name>
         <value>0xb143</value>
         <object_component_ref idref="oc-4e3"/>
      </symbol>
      <symbol id="sm-11c4">
         <name>__TI_static_base__</name>
         <value>0x0</value>
      </symbol>
      <symbol id="sm-11c5">
         <name>__TI_args_main</name>
         <value>0x1</value>
      </symbol>
      <symbol id="sm-11c6">
         <name>SHT$$INIT_ARRAY$$Limit</name>
         <value>0x0</value>
      </symbol>
      <symbol id="sm-11c7">
         <name>SHT$$INIT_ARRAY$$Base</name>
         <value>0x0</value>
      </symbol>
   </symbol_table>
   <title>Link successful</title>
</link_info>
