******************************************************************************
                  TI ARM Linker PC v5.1.6                      
******************************************************************************
>> Linked Mon Apr 27 21:36:56 2015

OUTPUT FILE NAME:   <lumosembedded.out>
ENTRY POINT SYMBOL: "_c_int00"  address: 0000af19


MEMORY CONFIGURATION

         name            origin    length      used     unused   attr    fill
----------------------  --------  ---------  --------  --------  ----  --------
  FLASH                 00000000   00040000  0000b948  000346b8  R  X
  SRAM                  20000000   00010000  0000515d  0000aea3  RW X


SEGMENT ALLOCATION MAP

run origin  load origin   length   init length attrs members
----------  ----------- ---------- ----------- ----- -------
00000000    00000000    0000b948   0000b948    r-x
  00000000    00000000    000000f0   000000f0    r-- .intvecs
  000000f0    000000f0    0000b304   0000b304    r-x .text
  0000b3f4    0000b3f4    00000484   00000484    r-- .const
  0000b878    0000b878    000000d0   000000d0    r-- .cinit
20000000    20000000    00005160   00000000    rw-
  20000000    20000000    00004ded   00000000    rw- .bss
  20004df0    20004df0    00000258   00000000    rw- .stack
  20005048    20005048    00000118   00000000    rw- .data


SECTION ALLOCATION MAP

 output                                  attributes/
section   page    origin      length       input sections
--------  ----  ----------  ----------   ----------------
.intvecs   0    00000000    000000f0     
                  00000000    000000f0     startup_ccs.obj (.intvecs)

.text      0    000000f0    0000b304     
                  000000f0    00002020     driver.obj (.text)
                  00002110    00000ee4     tasks.obj (.text)
                  00002ff4    00000ed4     socket.obj (.text)
                  00003ec8    00000ec0     rtsv7M4_T_le_v4SPD16_eabi.lib : _printfi.obj (.text)
                  00004d88    00000b44     netapp.obj (.text)
                  000058cc    00000ab8     wlan.obj (.text)
                  00006384    00000884     main.obj (.text)
                  00006c08    00000744     lightsManager.obj (.text)
                  0000734c    000006f8     queue.obj (.text)
                  00007a44    000005b4     device.obj (.text)
                  00007ff8    00000514     phone.obj (.text)
                  0000850c    000003b0     externals.obj (.text)
                  000088bc    00000374     interruptHandlers.obj (.text)
                  00008c30    000002dc     heap_4.obj (.text)
                  00008f0c    000002c8     server.obj (.text)
                  000091d4    00000284     gpio.obj (.text)
                  00009458    00000228     i2c.obj (.text)
                  00009680    00000204     spi.obj (.text)
                  00009884    000001f4     rtsv7M4_T_le_v4SPD16_eabi.lib : ull_div_t2.obj (.text)
                  00009a78    000001b6                                   : fd_add_t2.obj (.text)
                  00009c2e    00000136                                   : fd_div_t2.obj (.text)
                  00009d64    00000130     driverlib.lib : gpio.obj (.text:GPIOPadConfigSet)
                  00009e94    00000130     nonos.obj (.text)
                  00009fc4    0000012e     list.obj (.text)
                  0000a0f2    00000002     --HOLE-- [fill = 0]
                  0000a0f4    00000120     cli_uart.obj (.text)
                  0000a214    00000118     driverlib.lib : sysctl.obj (.text:SysCtlClockGet)
                  0000a32c    00000110     netcfg.obj (.text)
                  0000a43c    00000100     board.obj (.text)
                  0000a53c    000000fc     rtsv7M4_T_le_v4SPD16_eabi.lib : fd_mul_t2.obj (.text)
                  0000a638    000000f0     driverlib.lib : sysctl.obj (.text:SysCtlClockSet)
                  0000a728    000000e4     port.obj (.text)
                  0000a80c    0000009c     rtsv7M4_T_le_v4SPD16_eabi.lib : memcpy_t2.obj (.text)
                  0000a8a8    00000094                                   : auto_init.obj (.text)
                  0000a93c    0000008c     wrapper.obj (.text)
                  0000a9c8    0000008a     portasm.obj (.text)
                  0000aa52    00000086     rtsv7M4_T_le_v4SPD16_eabi.lib : fd_cmp_t2.obj (.text:__aeabi_cdcmple)
                  0000aad8    00000086                                   : fd_cmp_t2.obj (.text:__aeabi_cdrcmple)
                  0000ab5e    00000002     --HOLE-- [fill = 0]
                  0000ab60    00000080     flowcont.obj (.text)
                  0000abe0    00000078     rtsv7M4_T_le_v4SPD16_eabi.lib : memset_t2.obj (.text)
                  0000ac58    00000060     driverlib.lib : interrupt.obj (.text:IntEnable)
                  0000acb8    00000060     rtsv7M4_T_le_v4SPD16_eabi.lib : sprintf.obj (.text)
                  0000ad18    0000005e                                   : copy_decompress_rle.obj (.text)
                  0000ad76    00000002     --HOLE-- [fill = 0]
                  0000ad78    0000005c     driverlib.lib : timer.obj (.text:TimerConfigure)
                  0000add4    0000005a     rtsv7M4_T_le_v4SPD16_eabi.lib : ltoa.obj (.text)
                  0000ae2e    00000056     driverlib.lib : gpio.obj (.text:GPIOIntTypeSet)
                  0000ae84    0000004c     rtsv7M4_T_le_v4SPD16_eabi.lib : atoi.obj (.text)
                  0000aed0    00000048     driverlib.lib : gpio.obj (.text:GPIOPinConfigure)
                  0000af18    00000048     rtsv7M4_T_le_v4SPD16_eabi.lib : boot.obj (.text)
                  0000af60    00000048                                   : fd_toi_t2.obj (.text)
                  0000afa8    00000044                                   : cpy_tbl.obj (.text)
                  0000afec    00000044                                   : exit.obj (.text)
                  0000b030    00000044                                   : xdtest.obj (.text)
                  0000b074    00000042     driverlib.lib : ssi.obj (.text:SSIConfigSetExpClk)
                  0000b0b6    00000002     --HOLE-- [fill = 0]
                  0000b0b8    00000034                   : sysctl.obj (.text:SysCtlPeripheralEnable)
                  0000b0ec    00000030     rtsv7M4_T_le_v4SPD16_eabi.lib : strncpy.obj (.text)
                  0000b11c    0000002e                                   : i_tofd_t2.obj (.text)
                  0000b14a    0000002a     driverlib.lib : gpio.obj (.text:GPIODirModeSet)
                  0000b174    00000022                   : pwm.obj (.text:PWMGenConfigure)
                  0000b196    00000022     rtsv7M4_T_le_v4SPD16_eabi.lib : memcmp.obj (.text)
                  0000b1b8    0000001e     driverlib.lib : pwm.obj (.text:PWMPulseWidthSet)
                  0000b1d6    0000001c     rtsv7M4_T_le_v4SPD16_eabi.lib : memccpy.obj (.text)
                  0000b1f2    0000001a                                   : strcat.obj (.text)
                  0000b20c    00000018                                   : args_main.obj (.text)
                  0000b224    00000018                                   : ll_mul_t2.obj (.text)
                  0000b23c    00000014     driverlib.lib : timer.obj (.text:TimerDisable)
                  0000b250    00000014     rtsv7M4_T_le_v4SPD16_eabi.lib : _lock.obj (.text)
                  0000b264    00000014                                   : strlen.obj (.text)
                  0000b278    00000012     driverlib.lib : gpio.obj (.text:GPIOPinTypeGPIOInput)
                  0000b28a    00000012                   : gpio.obj (.text:GPIOPinTypePWM)
                  0000b29c    00000012                   : gpio.obj (.text:GPIOPinTypeSSI)
                  0000b2ae    00000012                   : pwm.obj (.text:PWMOutputState)
                  0000b2c0    00000012                   : ssi.obj (.text:SSIDataGetNonBlocking)
                  0000b2d2    00000012                   : timer.obj (.text:TimerLoadSet)
                  0000b2e4    00000012     rtsv7M4_T_le_v4SPD16_eabi.lib : copy_zero_init.obj (.text:decompress:ZI)
                  0000b2f6    00000012                                   : xdclass.obj (.text)
                  0000b308    00000010     driverlib.lib : fpu.obj (.text:FPUEnable)
                  0000b318    00000010                   : fpu.obj (.text:FPULazyStackingEnable)
                  0000b328    00000010                   : pwm.obj (.text:PWMGenPeriodSet)
                  0000b338    0000000e                   : gpio.obj (.text:GPIOIntDisable)
                  0000b346    0000000e                   : gpio.obj (.text:GPIOIntStatus)
                  0000b354    0000000e                   : ssi.obj (.text:SSIDataPutNonBlocking)
                  0000b362    0000000e                   : timer.obj (.text:TimerEnable)
                  0000b370    0000000e     rtsv7M4_T_le_v4SPD16_eabi.lib : copy_decompress_none.obj (.text:decompress:none)
                  0000b37e    0000000c     driverlib.lib : cpu.obj (.text:CPUcpsie)
                  0000b38a    0000000c                   : gpio.obj (.text:GPIOIntEnable)
                  0000b396    0000000c                   : pwm.obj (.text:PWMGenEnable)
                  0000b3a2    0000000c     startup_ccs.obj (.text)
                  0000b3ae    0000000a     driverlib.lib : interrupt.obj (.text:IntMasterEnable)
                  0000b3b8    0000000a                   : ssi.obj (.text:SSIEnable)
                  0000b3c2    0000000a                   : uart.obj (.text:UARTIntStatus)
                  0000b3cc    00000008                   : timer.obj (.text:TimerIntEnable)
                  0000b3d4    00000006                   : gpio.obj (.text:GPIOIntClear)
                  0000b3da    00000006                   : gpio.obj (.text:GPIOPinWrite)
                  0000b3e0    00000006                   : sysctl.obj (.text:SysCtlDelay)
                  0000b3e6    00000006     rtsv7M4_T_le_v4SPD16_eabi.lib : copy_decompress_rle.obj (.text:decompress:rle24)
                  0000b3ec    00000004     driverlib.lib : timer.obj (.text:TimerIntClear)
                  0000b3f0    00000004                   : uart.obj (.text:UARTIntClear)

.const     0    0000b3f4    00000484     
                  0000b3f4    00000102     rtsv7M4_T_le_v4SPD16_eabi.lib : ctype.obj (.const:.string:_ctypes_)
                  0000b4f6    00000002     --HOLE-- [fill = 0]
                  0000b4f8    000000b0     wlan.obj (.const:$P$T0$1)
                  0000b5a8    00000090     driverlib.lib : gpio.obj (.const:g_pui32GPIOBaseAddrs)
                  0000b638    00000070                   : interrupt.obj (.const)
                  0000b6a8    0000006c                   : sysctl.obj (.const:g_pui32Xtals)
                  0000b714    0000003c     wlan.obj (.const)
                  0000b750    00000038     driver.obj (.const:_SlActionLookupTable)
                  0000b788    00000034     socket.obj (.const)
                  0000b7bc    0000002c     main.obj (.const:$P$T0$1)
                  0000b7e8    00000028     netapp.obj (.const)
                  0000b810    00000020     main.obj (.const)
                  0000b830    00000014     tasks.obj (.const:.string)
                  0000b844    00000014     device.obj (.const)
                  0000b858    00000014     driver.obj (.const)
                  0000b86c    00000008     netcfg.obj (.const)
                  0000b874    00000004     heap_4.obj (.const)

.cinit     0    0000b878    000000d0     
                  0000b878    000000a8     (.cinit..data.load) [load image, compression = rle]
                  0000b920    0000000c     (__TI_handler_table)
                  0000b92c    00000004     --HOLE-- [fill = 0]
                  0000b930    00000008     (.cinit..bss.load) [load image, compression = zero_init]
                  0000b938    00000010     (__TI_cinit_table)

.bss       0    20000000    00004ded     UNINITIALIZED
                  20000000    00004a38     heap_4.obj (.bss:ucHeap)
                  20004a38    00000164     driver.obj (.bss:g_StatMem)
                  20004b9c    00000084     lightsManager.obj (.bss:lightsData)
                  20004c20    00000064     tasks.obj (.bss:pxReadyTasksLists)
                  20004c84    00000050     queue.obj (.bss:xQueueRegistry)
                  20004cd4    00000034     tasks.obj (.bss:pcStatusString)
                  20004d08    00000028     nonos.obj (.bss:g__SlNonOsCB)
                  20004d30    00000014     (.common:data)
                  20004d44    00000014     (.common:xDelayedTaskList1)
                  20004d58    00000014     (.common:xDelayedTaskList2)
                  20004d6c    00000014     (.common:xPendingReadyList)
                  20004d80    00000014     (.common:xSuspendedTaskList)
                  20004d94    00000014     (.common:xTasksWaitingTermination)
                  20004da8    0000000c     (.common:IR)
                  20004db4    00000008     (.common:xStart)
                  20004dbc    00000004     (.common:IRData)
                  20004dc0    00000004     (.common:encLeftCount)
                  20004dc4    00000004     (.common:encRightCount)
                  20004dc8    00000004     (.common:g_ucUARTBuffer)
                  20004dcc    00000004     (.common:networking_sem)
                  20004dd0    00000004     (.common:pcTraceBuffer)
                  20004dd4    00000004     (.common:pcTraceBufferEnd)
                  20004dd8    00000004     (.common:pcTraceBufferStart)
                  20004ddc    00000004     (.common:pxDelayedTaskList)
                  20004de0    00000004     (.common:pxOverflowDelayedTaskList)
                  20004de4    00000004     (.common:relay)
                  20004de8    00000004     (.common:updateLight_sem)
                  20004dec    00000001     (.common:IntIsMasked)

.stack     0    20004df0    00000258     UNINITIALIZED
                  20004df0    00000258     --HOLE--

.data      0    20005048    00000118     UNINITIALIZED
                  20005048    00000078     lightsManager.obj (.data:header)
                  200050c0    00000038     tasks.obj (.data)
                  200050f8    0000001c     interruptHandlers.obj (.data)
                  20005114    00000012     lightsManager.obj (.data)
                  20005126    00000002     --HOLE--
                  20005128    00000010     heap_4.obj (.data)
                  20005138    00000009     driver.obj (.data)
                  20005141    00000003     --HOLE--
                  20005144    00000008     rtsv7M4_T_le_v4SPD16_eabi.lib : _lock.obj (.data)
                  2000514c    00000008                                   : exit.obj (.data)
                  20005154    00000004     board.obj (.data)
                  20005158    00000004     port.obj (.data)
                  2000515c    00000004     rtsv7M4_T_le_v4SPD16_eabi.lib : stkdepth_vars.obj (.data)


LINKER GENERATED COPY TABLES

__TI_cinit_table @ 0000b938 records: 2, size/record: 8, table size: 16
	.data: load addr=0000b878, load size=000000a8 bytes, run addr=20005048, run size=00000118 bytes, compression=rle
	.bss: load addr=0000b930, load size=00000008 bytes, run addr=20000000, run size=00004ded bytes, compression=zero_init


LINKER GENERATED HANDLER TABLE

__TI_handler_table @ 0000b920 records: 3, size/record: 4, table size: 12
	index: 0, handler: __TI_decompress_rle24
	index: 1, handler: __TI_decompress_none
	index: 2, handler: __TI_zero_init


GLOBAL SYMBOLS: SORTED ALPHABETICALLY BY Name 

address    name
--------   ----
0000afed   C$$EXIT
0000a499   CC3100_InterruptDisable
0000a48d   CC3100_InterruptEnable
0000a465   CC3100_disable
0000a479   CC3100_enable
0000a19b   CLI_Configure
0000a0f5   CLI_Read
0000a141   CLI_Write
0000b37f   CPUcpsie
000053e9   CopyPingResultsToReport
0000a4b5   Delay
0000b309   FPUEnable
0000b319   FPULazyStackingEnable
0000a4db   GPIOB_intHandler
0000b14b   GPIODirModeSet
0000b3d5   GPIOIntClear
0000b339   GPIOIntDisable
0000b38b   GPIOIntEnable
0000b347   GPIOIntStatus
0000ae2f   GPIOIntTypeSet
00009d65   GPIOPadConfigSet
0000aed1   GPIOPinConfigure
0000b279   GPIOPinTypeGPIOInput
0000b28b   GPIOPinTypePWM
0000b29d   GPIOPinTypeSSI
0000b3db   GPIOPinWrite
00008757   GetADCval
00009579   I2CMasterAdrAck
00009559   I2CMasterBusy
0000959d   I2CMasterDatAck
20004da8   IR
20004dbc   IRData
20005124   IREnable
2000511c   IRRunning
0000ac59   IntEnable
20004dec   IntIsMasked
0000b3af   IntMasterEnable
20005116   Lights_ID
0000a4a5   MaskIntHdlr
0000b175   PWMGenConfigure
0000b397   PWMGenEnable
0000b329   PWMGenPeriodSet
0000b2af   PWMOutputState
0000b1b9   PWMPulseWidthSet
0000b3a3   ResetISR
UNDEFED    SHT$$INIT_ARRAY$$Base
UNDEFED    SHT$$INIT_ARRAY$$Limit
00003dcb   SL_FD_CLR
00003df1   SL_FD_ISSET
00003da9   SL_FD_SET
00003e19   SL_FD_ZERO
0000b075   SSIConfigSetExpClk
0000b2c1   SSIDataGetNonBlocking
0000b355   SSIDataPutNonBlocking
0000b3b9   SSIEnable
20005118   Server_ID
00006477   SimpleLinkGeneralEventHandler
00006469   SimpleLinkHttpServerCallback
00006439   SimpleLinkNetAppEventHandler
00006483   SimpleLinkSockEventHandler
000063cd   SimpleLinkWlanEventHandler
0000a215   SysCtlClockGet
0000a639   SysCtlClockSet
0000b3e1   SysCtlDelay
0000b0b9   SysCtlPeripheralEnable
00009043   TcpServerStart
0000898d   Timer0Handler
00008aed   Timer1Handle
0000ad79   TimerConfigure
0000b23d   TimerDisable
0000b363   TimerEnable
0000b3ed   TimerIntClear
0000b3cd   TimerIntEnable
0000b2d3   TimerLoadSet
0000a507   UART1_intHandler
0000b3f1   UARTIntClear
0000b3c3   UARTIntStatus
0000a4ad   UnMaskIntHdlr
0000b2f7   _Dclass
0000b031   _Dtest
0000b79c   _SlAcceptCmdCtrl
0000b750   _SlActionLookupTable
00000fbd   _SlAsyncEventGenericHandler
0000b850   _SlDeviceGetCmdCtrl
0000b854   _SlDeviceSetCmdCtrl
000019cf   _SlDrvBasicCmd
00001685   _SlDrvClassifyRxMsg
000002bb   _SlDrvCmdOp
0000036b   _SlDrvCmdSend
000003c1   _SlDrvDataReadOp
000005c5   _SlDrvDataWriteOp
00007f79   _SlDrvDeviceEventHandler
000001d5   _SlDrvDriverCBDeinit
000000f1   _SlDrvDriverCBInit
0000ab9f   _SlDrvFlowContDeinit
0000ab61   _SlDrvFlowContInit
00000989   _SlDrvMsgRead
000014a1   _SlDrvMsgReadCmdCtx
0000159b   _SlDrvMsgReadSpawnCtx
00000795   _SlDrvMsgWrite
000057b9   _SlDrvNetAppEventHandler
00001ec3   _SlDrvObjDeInit
00001e47   _SlDrvObjInit
00001c3d   _SlDrvReleasePoolObj
000017c9   _SlDrvRxHdrRead
00000279   _SlDrvRxIrqHandler
00001783   _SlDrvShiftDWord
00001a35   _SlDrvWaitForPoolObj
0000b84c   _SlEventMaskGetCmdCtrl
0000b848   _SlEventMaskSetCmdCtrl
00001fa1   _SlFindAndSetActiveObj
0000b7fc   _SlGetHostByNameCtrl
0000b7f8   _SlGetHostByServiceCtrl
0000b7f0   _SlGetServiceListeCtrl
0000b7a8   _SlGetSockOptCmdCtrl
0000b798   _SlListenCmdCtrl
0000b808   _SlNetAppGetCmdCtrl
0000b804   _SlNetAppSendTokenValueCmdCtrl
0000b800   _SlNetAppSetCmdCtrl
0000b7e8   _SlNetAppStartCtrl
0000b7ec   _SlNetAppStopCtrl
0000b870   _SlNetCfgGetCmdCtrl
0000b86c   _SlNetCfgSetCmdCtrl
00009f59   _SlNonOsMainLoopTask
00009ead   _SlNonOsSemGet
00009e95   _SlNonOsSemSet
00009f09   _SlNonOsSpawn
0000b718   _SlPolicyGetCmdCtrl
0000b714   _SlPolicySetCmdCtrl
0000b720   _SlProfileDelCmdCtrl
0000b71c   _SlProfileGetCmdCtrl
0000b7a0   _SlRecvCmdCtrl
0000b790   _SlRecvfomCmdCtrl
0000b7f4   _SlRegisterServiceCtrl
00001ee3   _SlRemoveFromList
0000b728   _SlRxFilterAddtCmdCtrl
0000b730   _SlRxFilterGetCmdCtrl
0000b72c   _SlRxFilterSetCmdCtrl
0000b7ac   _SlSelectCmdCtrl
0000b794   _SlSendCmdCtrl
0000b7a4   _SlSetSockOptCmdCtrl
0000b734   _SlSmartConfigStartCmdCtrl
0000b78c   _SlSockCloseCmdCtrl
0000b788   _SlSockSocketCmdCtrl
0000b844   _SlStopCmdCtrl
0000b740   _SlWlanCfgGetCmdCtrl
0000b73c   _SlWlanCfgSetCmdCtrl
0000b724   _SlWlanGetNetworkListCtrl
0000b738   _SlWlanSetModeCmdCtrl
20005048   __STACK_END
00000258   __STACK_SIZE
20004ef0   __STACK_TOP
0000b938   __TI_CINIT_Base
0000b948   __TI_CINIT_Limit
0000b920   __TI_Handler_Table_Base
0000b92c   __TI_Handler_Table_Limit
00000001   __TI_args_main
0000a8a9   __TI_auto_init
2000514c   __TI_cleanup_ptr
0000b371   __TI_decompress_none
0000b3e7   __TI_decompress_rle24
20005150   __TI_dtors_ptr
00004a7f   __TI_printfi
00000000   __TI_static_base__
0000b2e5   __TI_zero_init
0000aa53   __aeabi_cdcmpeq
0000aa53   __aeabi_cdcmple
0000aad9   __aeabi_cdrcmple
0000af61   __aeabi_d2iz
00009a83   __aeabi_dadd
00009c2f   __aeabi_ddiv
0000a53d   __aeabi_dmul
00009a79   __aeabi_dsub
0000b11d   __aeabi_i2d
0000b225   __aeabi_lmul
0000abe1   __aeabi_memclr
0000abe1   __aeabi_memclr4
0000abe1   __aeabi_memclr8
0000a80d   __aeabi_memcpy
0000a80d   __aeabi_memcpy4
0000a80d   __aeabi_memcpy8
0000abe3   __aeabi_memset
0000abe3   __aeabi_memset4
0000abe3   __aeabi_memset8
00009885   __aeabi_uldivmod
ffffffff   __binit__
ffffffff   __c_args__
20004df0   __stack
0000b20d   _args_main
0000af19   _c_int00
0000b3f4   _ctypes_
20005144   _lock
0000b25f   _nop
0000b257   _register_lock
0000b251   _register_unlock
00002ff5   _sl_BuildAddress
00007a45   _sl_GetStartResponseConvert
00003a09   _sl_HandleAsync_Accept
00003603   _sl_HandleAsync_Connect
000051d1   _sl_HandleAsync_DnsGetHostByAddr
00005325   _sl_HandleAsync_DnsGetHostByName
00005101   _sl_HandleAsync_DnsGetHostByService
00007ba9   _sl_HandleAsync_InitComplete
00005425   _sl_HandleAsync_PingResponse
00003e31   _sl_HandleAsync_Select
00007c5b   _sl_HandleAsync_Stop
0000310d   _sl_ParseAddress
00003045   _sl_TruncatePayloadByProtocol
20005148   _unlock
0000aff1   abort
0000ae85   atoi
ffffffff   binit
200050fc   boolFlag
20005100   buttonBounce
00006f25   connectToLights
00006d99   convertFromNum
00006d41   convertToNum
0000afa9   copy_in
20004d30   data
00006ffd   disconnectLights
20004dc0   encLeftCount
20004dc4   encRightCount
200050f8   encoderFlag
0000aff9   exit
20005140   gFirstCmdMode
0000b860   g_H2NCnysPattern
0000b858   g_H2NSyncPattern
20004a38   g_StatMem
20005114   g_Status
20004d08   g__SlNonOsCB
20005138   g_pCB
00000000   g_pfnVectors
20004dc8   g_ucUARTBuffer
0000845d   getPhoneData
000088bd   gpioHandle
000093bf   gpio_config_alternate_function
00009397   gpio_config_analog_enable
000092cf   gpio_config_digital_enable
0000931f   gpio_config_enable_input
000092f7   gpio_config_enable_output
0000936f   gpio_config_enable_pulldown
00009347   gpio_config_enable_pullup
0000940b   gpio_config_open_drain
000093e7   gpio_config_port_control
00009211   gpio_enable_port
20005048   header
20005122   hueEnable
00009623   i2cGetByte
000095c1   i2cSendByte
00009513   i2cSetSlaveAddr
0000953f   i2cStop
000094e3   i2cVerifyBaseAddr
000085c9   i2c_config
000085a7   i2c_gpio_config
0000a43d   initClk
0000869d   initializeADC
00009459   initializeI2CMaster
00008669   initializeIRTimer
000085d7   initializeTimer0
00008101   inputConvert
000070b5   jsonPut
20004b9c   lightsData
0000add5   ltoa
0000850d   lumosGpioConfig
000068e9   main
2000515c   main_func_sp
0000b1d7   memccpy
0000b197   memcmp
0000a80d   memcpy
0000abe9   memset
20004dcc   networking_sem
00006e95   numChange
00008651   oneShotSet
20005154   pIrqEventHandler
2000513c   pPingCallBackFunc
00008fdf   phoneConnect
00007ff9   phoneWorker
00006d0d   pow
00008c31   pvPortMalloc
00008791   pwmIRStart
0000879f   pwmIRStop
000087ad   pwmInit
200050c0   pxCurrentTCB
0000a729   pxPortInitialiseStack
00006fcd   recvFromLights
0000a451   registerInterruptHandler
20004de4   relay
20005120   relayEnable
00008405   sendPhoneOk
0000a93d   sendWrapper
00008f0d   serverThread
00003805   sl_Accept
000031e7   sl_Bind
000031bd   sl_Close
000034ad   sl_Connect
00007e75   sl_DevGet
00007f13   sl_DevSet
00007e41   sl_EventMaskGet
00007e07   sl_EventMaskSet
00003b89   sl_GetSockOpt
00003987   sl_Htonl
000039c9   sl_Htons
000037c5   sl_Listen
000051e1   sl_NetAppDnsGetHostByName
00004fd1   sl_NetAppDnsGetHostByService
00005729   sl_NetAppGet
00004dd1   sl_NetAppGetServiceList
00004f55   sl_NetAppMDNSRegisterService
00004ea1   sl_NetAppMDNSRegisterUnregisterService
00004f91   sl_NetAppMDNSUnRegisterService
000054e9   sl_NetAppPingStart
000056c5   sl_NetAppSendTokenValue
0000565b   sl_NetAppSet
00004d89   sl_NetAppStart
00004dad   sl_NetAppStop
0000a393   sl_NetCfgGet
0000a32d   sl_NetCfgSet
00003aa1   sl_Recv
0000338b   sl_RecvFrom
00003c23   sl_Select
000036b5   sl_Send
0000326f   sl_SendTo
00003b1d   sl_SetSockOpt
00003167   sl_Socket
00007aa5   sl_Start
00007cdf   sl_Stop
00007a9d   sl_Task
000058cd   sl_WlanConnect
00005aff   sl_WlanDisconnect
000062cd   sl_WlanGet
00005f95   sl_WlanGetNetworkList
00005b75   sl_WlanPolicyGet
00005b0b   sl_WlanPolicySet
00005c19   sl_WlanProfileAdd
00005f67   sl_WlanProfileDel
00005e85   sl_WlanProfileGet
00006007   sl_WlanRxFilterAdd
000060c9   sl_WlanRxFilterGet
00006075   sl_WlanRxFilterSet
00006157   sl_WlanRxStatGet
0000613f   sl_WlanRxStatStart
0000614b   sl_WlanRxStatStop
00006259   sl_WlanSet
00006229   sl_WlanSetMode
0000619d   sl_WlanSmartConfigStart
0000618d   sl_WlanSmartConfigStop
00009681   spi_Close
0000968d   spi_Open
000097e1   spi_Read
00009787   spi_Write
0000acb9   sprintf
00006cbd   startIR
0000a44f   stopWDT
00006395   strCpy
0000b1f3   strcat
0000b265   strlen
0000b0ed   strncpy
00002879   ulTaskEndTrace
20004de8   updateLight_sem
00006c09   updateLights
000077c1   uxQueueMessagesWaiting
000077d7   uxQueueMessagesWaitingFromISR
000027a1   uxTaskGetNumberOfTasks
00002e7f   uxTaskGetStackHighWaterMark
000023a9   uxTaskPriorityGet
00006385   vApplicationIdleHook
00006389   vApplicationMallocFailedHook
0000638b   vApplicationStackOverflowHook
00006387   vApplicationTickHook
00009fc5   vListInitialise
00009ff5   vListInitialiseItem
0000a049   vListInsert
0000a005   vListInsertEnd
0000a0af   vListRemove
0000a9db   vPortClearInterruptMask
0000a799   vPortEndScheduler
0000a7a5   vPortEnterCritical
0000a7b5   vPortExitCritical
00008d41   vPortFree
00008da3   vPortInitialiseBlocks
0000aa25   vPortSVCHandler
0000a9cd   vPortSetInterruptMask
0000aa45   vPortStartFirstTask
0000a79b   vPortYieldFromISR
000079c1   vQueueAddToRegistry
000077e9   vQueueDelete
00002345   vTaskDelay
00002295   vTaskDelayUntil
0000222d   vTaskDelete
000026a3   vTaskEndScheduler
000028ad   vTaskIncrementTick
000027b1   vTaskList
00002c19   vTaskMissedYield
00002a71   vTaskPlaceOnEventList
00002f6d   vTaskPriorityDisinherit
00002ed1   vTaskPriorityInherit
000023e9   vTaskPrioritySet
00002575   vTaskResume
00002b81   vTaskSetTimeOutState
0000265d   vTaskStartScheduler
0000284b   vTaskStartTrace
000024cd   vTaskSuspend
000026b5   vTaskSuspendAll
00002959   vTaskSwitchContext
00008d97   xPortGetFreeHeapSize
00008d9d   xPortGetMinimumEverFreeHeapSize
0000a9e9   xPortPendSVHandler
0000a771   xPortStartScheduler
0000a7cb   xPortSysTickHandler
0000734d   xQueueCreate
000073f3   xQueueCreateMutex
00007625   xQueueGenericReceive
000074d3   xQueueGenericSend
000075bb   xQueueGenericSendFromISR
0000745b   xQueueGiveMutexRecursive
00007969   xQueueIsQueueEmptyFromISR
000079a3   xQueueIsQueueFullFromISR
00007759   xQueueReceiveFromISR
20004c84   xQueueRegistry
00007493   xQueueTakeMutexRecursive
00002ba5   xTaskCheckForTimeOut
00002111   xTaskGenericCreate
00002ec1   xTaskGetCurrentTaskHandle
0000278d   xTaskGetTickCount
00002525   xTaskIsTaskSuspended
00002afd   xTaskRemoveFromEventList
000026bf   xTaskResumeAll
000025e5   xTaskResumeFromISR


GLOBAL SYMBOLS: SORTED BY Symbol Address 

address    name
--------   ----
00000000   __TI_static_base__
00000000   g_pfnVectors
00000001   __TI_args_main
000000f1   _SlDrvDriverCBInit
000001d5   _SlDrvDriverCBDeinit
00000258   __STACK_SIZE
00000279   _SlDrvRxIrqHandler
000002bb   _SlDrvCmdOp
0000036b   _SlDrvCmdSend
000003c1   _SlDrvDataReadOp
000005c5   _SlDrvDataWriteOp
00000795   _SlDrvMsgWrite
00000989   _SlDrvMsgRead
00000fbd   _SlAsyncEventGenericHandler
000014a1   _SlDrvMsgReadCmdCtx
0000159b   _SlDrvMsgReadSpawnCtx
00001685   _SlDrvClassifyRxMsg
00001783   _SlDrvShiftDWord
000017c9   _SlDrvRxHdrRead
000019cf   _SlDrvBasicCmd
00001a35   _SlDrvWaitForPoolObj
00001c3d   _SlDrvReleasePoolObj
00001e47   _SlDrvObjInit
00001ec3   _SlDrvObjDeInit
00001ee3   _SlRemoveFromList
00001fa1   _SlFindAndSetActiveObj
00002111   xTaskGenericCreate
0000222d   vTaskDelete
00002295   vTaskDelayUntil
00002345   vTaskDelay
000023a9   uxTaskPriorityGet
000023e9   vTaskPrioritySet
000024cd   vTaskSuspend
00002525   xTaskIsTaskSuspended
00002575   vTaskResume
000025e5   xTaskResumeFromISR
0000265d   vTaskStartScheduler
000026a3   vTaskEndScheduler
000026b5   vTaskSuspendAll
000026bf   xTaskResumeAll
0000278d   xTaskGetTickCount
000027a1   uxTaskGetNumberOfTasks
000027b1   vTaskList
0000284b   vTaskStartTrace
00002879   ulTaskEndTrace
000028ad   vTaskIncrementTick
00002959   vTaskSwitchContext
00002a71   vTaskPlaceOnEventList
00002afd   xTaskRemoveFromEventList
00002b81   vTaskSetTimeOutState
00002ba5   xTaskCheckForTimeOut
00002c19   vTaskMissedYield
00002e7f   uxTaskGetStackHighWaterMark
00002ec1   xTaskGetCurrentTaskHandle
00002ed1   vTaskPriorityInherit
00002f6d   vTaskPriorityDisinherit
00002ff5   _sl_BuildAddress
00003045   _sl_TruncatePayloadByProtocol
0000310d   _sl_ParseAddress
00003167   sl_Socket
000031bd   sl_Close
000031e7   sl_Bind
0000326f   sl_SendTo
0000338b   sl_RecvFrom
000034ad   sl_Connect
00003603   _sl_HandleAsync_Connect
000036b5   sl_Send
000037c5   sl_Listen
00003805   sl_Accept
00003987   sl_Htonl
000039c9   sl_Htons
00003a09   _sl_HandleAsync_Accept
00003aa1   sl_Recv
00003b1d   sl_SetSockOpt
00003b89   sl_GetSockOpt
00003c23   sl_Select
00003da9   SL_FD_SET
00003dcb   SL_FD_CLR
00003df1   SL_FD_ISSET
00003e19   SL_FD_ZERO
00003e31   _sl_HandleAsync_Select
00004a7f   __TI_printfi
00004d89   sl_NetAppStart
00004dad   sl_NetAppStop
00004dd1   sl_NetAppGetServiceList
00004ea1   sl_NetAppMDNSRegisterUnregisterService
00004f55   sl_NetAppMDNSRegisterService
00004f91   sl_NetAppMDNSUnRegisterService
00004fd1   sl_NetAppDnsGetHostByService
00005101   _sl_HandleAsync_DnsGetHostByService
000051d1   _sl_HandleAsync_DnsGetHostByAddr
000051e1   sl_NetAppDnsGetHostByName
00005325   _sl_HandleAsync_DnsGetHostByName
000053e9   CopyPingResultsToReport
00005425   _sl_HandleAsync_PingResponse
000054e9   sl_NetAppPingStart
0000565b   sl_NetAppSet
000056c5   sl_NetAppSendTokenValue
00005729   sl_NetAppGet
000057b9   _SlDrvNetAppEventHandler
000058cd   sl_WlanConnect
00005aff   sl_WlanDisconnect
00005b0b   sl_WlanPolicySet
00005b75   sl_WlanPolicyGet
00005c19   sl_WlanProfileAdd
00005e85   sl_WlanProfileGet
00005f67   sl_WlanProfileDel
00005f95   sl_WlanGetNetworkList
00006007   sl_WlanRxFilterAdd
00006075   sl_WlanRxFilterSet
000060c9   sl_WlanRxFilterGet
0000613f   sl_WlanRxStatStart
0000614b   sl_WlanRxStatStop
00006157   sl_WlanRxStatGet
0000618d   sl_WlanSmartConfigStop
0000619d   sl_WlanSmartConfigStart
00006229   sl_WlanSetMode
00006259   sl_WlanSet
000062cd   sl_WlanGet
00006385   vApplicationIdleHook
00006387   vApplicationTickHook
00006389   vApplicationMallocFailedHook
0000638b   vApplicationStackOverflowHook
00006395   strCpy
000063cd   SimpleLinkWlanEventHandler
00006439   SimpleLinkNetAppEventHandler
00006469   SimpleLinkHttpServerCallback
00006477   SimpleLinkGeneralEventHandler
00006483   SimpleLinkSockEventHandler
000068e9   main
00006c09   updateLights
00006cbd   startIR
00006d0d   pow
00006d41   convertToNum
00006d99   convertFromNum
00006e95   numChange
00006f25   connectToLights
00006fcd   recvFromLights
00006ffd   disconnectLights
000070b5   jsonPut
0000734d   xQueueCreate
000073f3   xQueueCreateMutex
0000745b   xQueueGiveMutexRecursive
00007493   xQueueTakeMutexRecursive
000074d3   xQueueGenericSend
000075bb   xQueueGenericSendFromISR
00007625   xQueueGenericReceive
00007759   xQueueReceiveFromISR
000077c1   uxQueueMessagesWaiting
000077d7   uxQueueMessagesWaitingFromISR
000077e9   vQueueDelete
00007969   xQueueIsQueueEmptyFromISR
000079a3   xQueueIsQueueFullFromISR
000079c1   vQueueAddToRegistry
00007a45   _sl_GetStartResponseConvert
00007a9d   sl_Task
00007aa5   sl_Start
00007ba9   _sl_HandleAsync_InitComplete
00007c5b   _sl_HandleAsync_Stop
00007cdf   sl_Stop
00007e07   sl_EventMaskSet
00007e41   sl_EventMaskGet
00007e75   sl_DevGet
00007f13   sl_DevSet
00007f79   _SlDrvDeviceEventHandler
00007ff9   phoneWorker
00008101   inputConvert
00008405   sendPhoneOk
0000845d   getPhoneData
0000850d   lumosGpioConfig
000085a7   i2c_gpio_config
000085c9   i2c_config
000085d7   initializeTimer0
00008651   oneShotSet
00008669   initializeIRTimer
0000869d   initializeADC
00008757   GetADCval
00008791   pwmIRStart
0000879f   pwmIRStop
000087ad   pwmInit
000088bd   gpioHandle
0000898d   Timer0Handler
00008aed   Timer1Handle
00008c31   pvPortMalloc
00008d41   vPortFree
00008d97   xPortGetFreeHeapSize
00008d9d   xPortGetMinimumEverFreeHeapSize
00008da3   vPortInitialiseBlocks
00008f0d   serverThread
00008fdf   phoneConnect
00009043   TcpServerStart
00009211   gpio_enable_port
000092cf   gpio_config_digital_enable
000092f7   gpio_config_enable_output
0000931f   gpio_config_enable_input
00009347   gpio_config_enable_pullup
0000936f   gpio_config_enable_pulldown
00009397   gpio_config_analog_enable
000093bf   gpio_config_alternate_function
000093e7   gpio_config_port_control
0000940b   gpio_config_open_drain
00009459   initializeI2CMaster
000094e3   i2cVerifyBaseAddr
00009513   i2cSetSlaveAddr
0000953f   i2cStop
00009559   I2CMasterBusy
00009579   I2CMasterAdrAck
0000959d   I2CMasterDatAck
000095c1   i2cSendByte
00009623   i2cGetByte
00009681   spi_Close
0000968d   spi_Open
00009787   spi_Write
000097e1   spi_Read
00009885   __aeabi_uldivmod
00009a79   __aeabi_dsub
00009a83   __aeabi_dadd
00009c2f   __aeabi_ddiv
00009d65   GPIOPadConfigSet
00009e95   _SlNonOsSemSet
00009ead   _SlNonOsSemGet
00009f09   _SlNonOsSpawn
00009f59   _SlNonOsMainLoopTask
00009fc5   vListInitialise
00009ff5   vListInitialiseItem
0000a005   vListInsertEnd
0000a049   vListInsert
0000a0af   vListRemove
0000a0f5   CLI_Read
0000a141   CLI_Write
0000a19b   CLI_Configure
0000a215   SysCtlClockGet
0000a32d   sl_NetCfgSet
0000a393   sl_NetCfgGet
0000a43d   initClk
0000a44f   stopWDT
0000a451   registerInterruptHandler
0000a465   CC3100_disable
0000a479   CC3100_enable
0000a48d   CC3100_InterruptEnable
0000a499   CC3100_InterruptDisable
0000a4a5   MaskIntHdlr
0000a4ad   UnMaskIntHdlr
0000a4b5   Delay
0000a4db   GPIOB_intHandler
0000a507   UART1_intHandler
0000a53d   __aeabi_dmul
0000a639   SysCtlClockSet
0000a729   pxPortInitialiseStack
0000a771   xPortStartScheduler
0000a799   vPortEndScheduler
0000a79b   vPortYieldFromISR
0000a7a5   vPortEnterCritical
0000a7b5   vPortExitCritical
0000a7cb   xPortSysTickHandler
0000a80d   __aeabi_memcpy
0000a80d   __aeabi_memcpy4
0000a80d   __aeabi_memcpy8
0000a80d   memcpy
0000a8a9   __TI_auto_init
0000a93d   sendWrapper
0000a9cd   vPortSetInterruptMask
0000a9db   vPortClearInterruptMask
0000a9e9   xPortPendSVHandler
0000aa25   vPortSVCHandler
0000aa45   vPortStartFirstTask
0000aa53   __aeabi_cdcmpeq
0000aa53   __aeabi_cdcmple
0000aad9   __aeabi_cdrcmple
0000ab61   _SlDrvFlowContInit
0000ab9f   _SlDrvFlowContDeinit
0000abe1   __aeabi_memclr
0000abe1   __aeabi_memclr4
0000abe1   __aeabi_memclr8
0000abe3   __aeabi_memset
0000abe3   __aeabi_memset4
0000abe3   __aeabi_memset8
0000abe9   memset
0000ac59   IntEnable
0000acb9   sprintf
0000ad79   TimerConfigure
0000add5   ltoa
0000ae2f   GPIOIntTypeSet
0000ae85   atoi
0000aed1   GPIOPinConfigure
0000af19   _c_int00
0000af61   __aeabi_d2iz
0000afa9   copy_in
0000afed   C$$EXIT
0000aff1   abort
0000aff9   exit
0000b031   _Dtest
0000b075   SSIConfigSetExpClk
0000b0b9   SysCtlPeripheralEnable
0000b0ed   strncpy
0000b11d   __aeabi_i2d
0000b14b   GPIODirModeSet
0000b175   PWMGenConfigure
0000b197   memcmp
0000b1b9   PWMPulseWidthSet
0000b1d7   memccpy
0000b1f3   strcat
0000b20d   _args_main
0000b225   __aeabi_lmul
0000b23d   TimerDisable
0000b251   _register_unlock
0000b257   _register_lock
0000b25f   _nop
0000b265   strlen
0000b279   GPIOPinTypeGPIOInput
0000b28b   GPIOPinTypePWM
0000b29d   GPIOPinTypeSSI
0000b2af   PWMOutputState
0000b2c1   SSIDataGetNonBlocking
0000b2d3   TimerLoadSet
0000b2e5   __TI_zero_init
0000b2f7   _Dclass
0000b309   FPUEnable
0000b319   FPULazyStackingEnable
0000b329   PWMGenPeriodSet
0000b339   GPIOIntDisable
0000b347   GPIOIntStatus
0000b355   SSIDataPutNonBlocking
0000b363   TimerEnable
0000b371   __TI_decompress_none
0000b37f   CPUcpsie
0000b38b   GPIOIntEnable
0000b397   PWMGenEnable
0000b3a3   ResetISR
0000b3af   IntMasterEnable
0000b3b9   SSIEnable
0000b3c3   UARTIntStatus
0000b3cd   TimerIntEnable
0000b3d5   GPIOIntClear
0000b3db   GPIOPinWrite
0000b3e1   SysCtlDelay
0000b3e7   __TI_decompress_rle24
0000b3ed   TimerIntClear
0000b3f1   UARTIntClear
0000b3f4   _ctypes_
0000b714   _SlPolicySetCmdCtrl
0000b718   _SlPolicyGetCmdCtrl
0000b71c   _SlProfileGetCmdCtrl
0000b720   _SlProfileDelCmdCtrl
0000b724   _SlWlanGetNetworkListCtrl
0000b728   _SlRxFilterAddtCmdCtrl
0000b72c   _SlRxFilterSetCmdCtrl
0000b730   _SlRxFilterGetCmdCtrl
0000b734   _SlSmartConfigStartCmdCtrl
0000b738   _SlWlanSetModeCmdCtrl
0000b73c   _SlWlanCfgSetCmdCtrl
0000b740   _SlWlanCfgGetCmdCtrl
0000b750   _SlActionLookupTable
0000b788   _SlSockSocketCmdCtrl
0000b78c   _SlSockCloseCmdCtrl
0000b790   _SlRecvfomCmdCtrl
0000b794   _SlSendCmdCtrl
0000b798   _SlListenCmdCtrl
0000b79c   _SlAcceptCmdCtrl
0000b7a0   _SlRecvCmdCtrl
0000b7a4   _SlSetSockOptCmdCtrl
0000b7a8   _SlGetSockOptCmdCtrl
0000b7ac   _SlSelectCmdCtrl
0000b7e8   _SlNetAppStartCtrl
0000b7ec   _SlNetAppStopCtrl
0000b7f0   _SlGetServiceListeCtrl
0000b7f4   _SlRegisterServiceCtrl
0000b7f8   _SlGetHostByServiceCtrl
0000b7fc   _SlGetHostByNameCtrl
0000b800   _SlNetAppSetCmdCtrl
0000b804   _SlNetAppSendTokenValueCmdCtrl
0000b808   _SlNetAppGetCmdCtrl
0000b844   _SlStopCmdCtrl
0000b848   _SlEventMaskSetCmdCtrl
0000b84c   _SlEventMaskGetCmdCtrl
0000b850   _SlDeviceGetCmdCtrl
0000b854   _SlDeviceSetCmdCtrl
0000b858   g_H2NSyncPattern
0000b860   g_H2NCnysPattern
0000b86c   _SlNetCfgSetCmdCtrl
0000b870   _SlNetCfgGetCmdCtrl
0000b920   __TI_Handler_Table_Base
0000b92c   __TI_Handler_Table_Limit
0000b938   __TI_CINIT_Base
0000b948   __TI_CINIT_Limit
20004a38   g_StatMem
20004b9c   lightsData
20004c84   xQueueRegistry
20004d08   g__SlNonOsCB
20004d30   data
20004da8   IR
20004dbc   IRData
20004dc0   encLeftCount
20004dc4   encRightCount
20004dc8   g_ucUARTBuffer
20004dcc   networking_sem
20004de4   relay
20004de8   updateLight_sem
20004dec   IntIsMasked
20004df0   __stack
20004ef0   __STACK_TOP
20005048   __STACK_END
20005048   header
200050c0   pxCurrentTCB
200050f8   encoderFlag
200050fc   boolFlag
20005100   buttonBounce
20005114   g_Status
20005116   Lights_ID
20005118   Server_ID
2000511c   IRRunning
20005120   relayEnable
20005122   hueEnable
20005124   IREnable
20005138   g_pCB
2000513c   pPingCallBackFunc
20005140   gFirstCmdMode
20005144   _lock
20005148   _unlock
2000514c   __TI_cleanup_ptr
20005150   __TI_dtors_ptr
20005154   pIrqEventHandler
2000515c   main_func_sp
ffffffff   __binit__
ffffffff   __c_args__
ffffffff   binit
UNDEFED    SHT$$INIT_ARRAY$$Base
UNDEFED    SHT$$INIT_ARRAY$$Limit

[428 symbols]
